DEVICE: cuda
TRAIN_LOW_DIR : /content/drive/MyDrive/TAPETUM/datasets/LOL-v2/Synthetic/Train/Low
TRAIN_HIGH_DIR: /content/drive/MyDrive/TAPETUM/datasets/LOL-v2/Synthetic/Train/Normal
VAL_LOW_DIR   : /content/drive/MyDrive/TAPETUM/datasets/LOL-v2/Synthetic/Val/Low
VAL_HIGH_DIR  : /content/drive/MyDrive/TAPETUM/datasets/LOL-v2/Synthetic/Val/Normal
CKPT_DIR      : /content/retinextapetum_hpo/projects/lol_v2_synthetic/final/source_profile_baseline_seed_3407/run/checkpoints
USE_TRAIN_VAL_SPLIT: True
VAL_RATIO     : 0.1
SPLIT_SEED    : 42
BASE_CHANNELS : 128
BATCH_SIZE    : 2
EPOCHS        : 120
LR            : 0.00046948014087030786
MIN_LR        : 2.12826357198832e-05
W_LPIPS       : 0.08
BEST_METRIC   : psnr
RESUME        : False
RESUME_CKPT   : last.pth
TRAIN_LOG_INTERVAL: 0
VAL_LOG_INTERVAL  : 0
DRIVE_CKPT_MIRROR_DIR: /content/drive/MyDrive/TAPETUM/HyperparameterSearch/lol_v2_synthetic/final_confirmation/source_profile_baseline/seed_3407
Split manifest: /content/drive/MyDrive/TAPETUM/HyperparameterSearch/lol_v2_synthetic/split_manifest.json
Train split images: 810
Val split images: 90
[Dataset] /content/drive/MyDrive/TAPETUM/datasets/LOL-v2/Synthetic/Train/Low
Mode: train
Split file_list: yes
Paired samples: 810
[Dataset] /content/drive/MyDrive/TAPETUM/datasets/LOL-v2/Synthetic/Train/Low
Mode: val/test
Split file_list: yes
Paired samples: 90
Train batches: 405
Val batches  : 90
Trainable params: 536,463
Setting up [LPIPS] perceptual loss: trunk [alex], v[0.1], spatial [off]
/usr/local/lib/python3.12/dist-packages/torchvision/models/_utils.py:208: UserWarning: The parameter 'pretrained' is deprecated since 0.13 and may be removed in the future, please use 'weights' instead.
  warnings.warn(
/usr/local/lib/python3.12/dist-packages/torchvision/models/_utils.py:223: UserWarning: Arguments other than a weight enum or `None` for 'weights' are deprecated since 0.13 and may be removed in the future. The current behavior is equivalent to passing `weights=AlexNet_Weights.IMAGENET1K_V1`. You can also use `weights=AlexNet_Weights.DEFAULT` to get the most up-to-date weights.
  warnings.warn(msg)
Loading model from: /usr/local/lib/python3.12/dist-packages/lpips/weights/v0.1/alex.pth
LPIPS training loss: enabled (alex, weight=0.08)
Resume disabled: RETINEX_TAPETUM_RESUME=0/config.RESUME_TRAINING=False

===== TRAIN START =====

Epoch 001/120 train start
Epoch 001/120 validation start
Epoch 001 | train_loss 0.4835 | val_loss 0.3529 | val_psnr 17.80 | val_lpips 0.2510 | val_lpips_full 0.3239 | edge 0.0413 | dark_noise 0.0104 | chroma 0.1311 | decomp 0.0962 | smooth_enh 0.0215 | lambda_mean 0.7875 | lambda_min 0.0211 | lambda_max 1.2208
Best model updated -> Epoch: 1, psnr: 17.8039, PSNR: 17.8039, LPIPS@loss: 0.2510, LPIPS full: 0.3239

Epoch 002/120 train start
Epoch 002/120 validation start
Epoch 002 | train_loss 0.3375 | val_loss 0.3075 | val_psnr 18.54 | val_lpips 0.1625 | val_lpips_full 0.2065 | edge 0.0344 | dark_noise 0.0101 | chroma 0.1116 | decomp 0.0898 | smooth_enh 0.0316 | lambda_mean 0.8211 | lambda_min 0.0121 | lambda_max 1.3172
Best model updated -> Epoch: 2, psnr: 18.5412, PSNR: 18.5412, LPIPS@loss: 0.1625, LPIPS full: 0.2065

Epoch 003/120 train start
Epoch 003/120 validation start
Epoch 003 | train_loss 0.2972 | val_loss 0.2728 | val_psnr 18.89 | val_lpips 0.1445 | val_lpips_full 0.1779 | edge 0.0318 | dark_noise 0.0103 | chroma 0.1063 | decomp 0.0641 | smooth_enh 0.0328 | lambda_mean 0.8579 | lambda_min 0.0136 | lambda_max 1.3356
Best model updated -> Epoch: 3, psnr: 18.8898, PSNR: 18.8898, LPIPS@loss: 0.1445, LPIPS full: 0.1779

Epoch 004/120 train start
Epoch 004/120 validation start
Epoch 004 | train_loss 0.2760 | val_loss 0.2576 | val_psnr 19.46 | val_lpips 0.1235 | val_lpips_full 0.1544 | edge 0.0296 | dark_noise 0.0099 | chroma 0.0926 | decomp 0.0632 | smooth_enh 0.0345 | lambda_mean 0.8576 | lambda_min 0.0141 | lambda_max 1.3407
Best model updated -> Epoch: 4, psnr: 19.4633, PSNR: 19.4633, LPIPS@loss: 0.1235, LPIPS full: 0.1544

Epoch 005/120 train start
Epoch 005/120 validation start
Epoch 005 | train_loss 0.2652 | val_loss 0.2553 | val_psnr 20.05 | val_lpips 0.1146 | val_lpips_full 0.1458 | edge 0.0275 | dark_noise 0.0098 | chroma 0.0968 | decomp 0.0753 | smooth_enh 0.0362 | lambda_mean 0.8231 | lambda_min 0.0139 | lambda_max 1.3395
Best model updated -> Epoch: 5, psnr: 20.0518, PSNR: 20.0518, LPIPS@loss: 0.1146, LPIPS full: 0.1458

Epoch 006/120 train start
Epoch 006/120 validation start
Epoch 006 | train_loss 0.2555 | val_loss 0.2396 | val_psnr 20.38 | val_lpips 0.1037 | val_lpips_full 0.1259 | edge 0.0264 | dark_noise 0.0097 | chroma 0.0795 | decomp 0.0679 | smooth_enh 0.0340 | lambda_mean 0.8425 | lambda_min 0.0109 | lambda_max 1.3403
Best model updated -> Epoch: 6, psnr: 20.3793, PSNR: 20.3793, LPIPS@loss: 0.1037, LPIPS full: 0.1259

Epoch 007/120 train start
Epoch 007/120 validation start
Epoch 007 | train_loss 0.2500 | val_loss 0.2550 | val_psnr 20.11 | val_lpips 0.1100 | val_lpips_full 0.1391 | edge 0.0266 | dark_noise 0.0098 | chroma 0.0984 | decomp 0.0781 | smooth_enh 0.0362 | lambda_mean 0.8284 | lambda_min 0.0103 | lambda_max 1.3428

Epoch 008/120 train start
Epoch 008/120 validation start
Epoch 008 | train_loss 0.2429 | val_loss 0.2308 | val_psnr 20.14 | val_lpips 0.0997 | val_lpips_full 0.1227 | edge 0.0262 | dark_noise 0.0096 | chroma 0.0746 | decomp 0.0528 | smooth_enh 0.0341 | lambda_mean 0.8501 | lambda_min 0.0047 | lambda_max 1.3425

Epoch 009/120 train start
Epoch 009/120 validation start
Epoch 009 | train_loss 0.2399 | val_loss 0.2377 | val_psnr 20.37 | val_lpips 0.0947 | val_lpips_full 0.1181 | edge 0.0245 | dark_noise 0.0096 | chroma 0.0832 | decomp 0.0676 | smooth_enh 0.0347 | lambda_mean 0.8224 | lambda_min 0.0060 | lambda_max 1.3406

Epoch 010/120 train start
Epoch 010/120 validation start
Epoch 010 | train_loss 0.2372 | val_loss 0.2349 | val_psnr 20.86 | val_lpips 0.1091 | val_lpips_full 0.1342 | edge 0.0238 | dark_noise 0.0099 | chroma 0.0868 | decomp 0.0713 | smooth_enh 0.0333 | lambda_mean 0.8348 | lambda_min 0.0090 | lambda_max 1.3419
Best model updated -> Epoch: 10, psnr: 20.8639, PSNR: 20.8639, LPIPS@loss: 0.1091, LPIPS full: 0.1342

Epoch 011/120 train start
Epoch 011/120 validation start
Epoch 011 | train_loss 0.2331 | val_loss 0.2217 | val_psnr 20.79 | val_lpips 0.0970 | val_lpips_full 0.1161 | edge 0.0237 | dark_noise 0.0100 | chroma 0.0866 | decomp 0.0578 | smooth_enh 0.0340 | lambda_mean 0.8524 | lambda_min 0.0071 | lambda_max 1.3398

Epoch 012/120 train start
Epoch 012/120 validation start
Epoch 012 | train_loss 0.2297 | val_loss 0.2204 | val_psnr 21.33 | val_lpips 0.0844 | val_lpips_full 0.1043 | edge 0.0228 | dark_noise 0.0096 | chroma 0.0711 | decomp 0.0654 | smooth_enh 0.0321 | lambda_mean 0.8182 | lambda_min 0.0058 | lambda_max 1.3361
Best model updated -> Epoch: 12, psnr: 21.3343, PSNR: 21.3343, LPIPS@loss: 0.0844, LPIPS full: 0.1043

Epoch 013/120 train start
Epoch 013/120 validation start
Epoch 013 | train_loss 0.2311 | val_loss 0.2259 | val_psnr 21.45 | val_lpips 0.0811 | val_lpips_full 0.1018 | edge 0.0228 | dark_noise 0.0096 | chroma 0.0732 | decomp 0.0749 | smooth_enh 0.0344 | lambda_mean 0.8233 | lambda_min 0.0039 | lambda_max 1.3407
Best model updated -> Epoch: 13, psnr: 21.4466, PSNR: 21.4466, LPIPS@loss: 0.0811, LPIPS full: 0.1018

Epoch 014/120 train start
Epoch 014/120 validation start
Epoch 014 | train_loss 0.2265 | val_loss 0.2150 | val_psnr 21.26 | val_lpips 0.0845 | val_lpips_full 0.1017 | edge 0.0227 | dark_noise 0.0095 | chroma 0.0711 | decomp 0.0573 | smooth_enh 0.0311 | lambda_mean 0.8320 | lambda_min 0.0056 | lambda_max 1.3351

Epoch 015/120 train start
Epoch 015/120 validation start
Epoch 015 | train_loss 0.2272 | val_loss 0.2194 | val_psnr 21.80 | val_lpips 0.0820 | val_lpips_full 0.1009 | edge 0.0226 | dark_noise 0.0097 | chroma 0.0735 | decomp 0.0738 | smooth_enh 0.0344 | lambda_mean 0.8218 | lambda_min 0.0054 | lambda_max 1.3373
Best model updated -> Epoch: 15, psnr: 21.8050, PSNR: 21.8050, LPIPS@loss: 0.0820, LPIPS full: 0.1009

Epoch 016/120 train start
Epoch 016/120 validation start
Epoch 016 | train_loss 0.2238 | val_loss 0.2091 | val_psnr 21.60 | val_lpips 0.0849 | val_lpips_full 0.1023 | edge 0.0222 | dark_noise 0.0098 | chroma 0.0750 | decomp 0.0585 | smooth_enh 0.0327 | lambda_mean 0.8392 | lambda_min 0.0043 | lambda_max 1.3357

Epoch 017/120 train start
Epoch 017/120 validation start
Epoch 017 | train_loss 0.2208 | val_loss 0.2144 | val_psnr 21.79 | val_lpips 0.0769 | val_lpips_full 0.0933 | edge 0.0215 | dark_noise 0.0097 | chroma 0.0674 | decomp 0.0700 | smooth_enh 0.0311 | lambda_mean 0.8292 | lambda_min 0.0044 | lambda_max 1.3361

Epoch 018/120 train start
Epoch 018/120 validation start
Epoch 018 | train_loss 0.2211 | val_loss 0.2080 | val_psnr 21.61 | val_lpips 0.0881 | val_lpips_full 0.1051 | edge 0.0217 | dark_noise 0.0096 | chroma 0.0694 | decomp 0.0586 | smooth_enh 0.0307 | lambda_mean 0.8446 | lambda_min 0.0049 | lambda_max 1.3382

Epoch 019/120 train start
Epoch 019/120 validation start
Epoch 019 | train_loss 0.2220 | val_loss 0.2144 | val_psnr 21.03 | val_lpips 0.0868 | val_lpips_full 0.1057 | edge 0.0226 | dark_noise 0.0098 | chroma 0.0798 | decomp 0.0542 | smooth_enh 0.0307 | lambda_mean 0.8313 | lambda_min 0.0035 | lambda_max 1.3382

Epoch 020/120 train start
Epoch 020/120 validation start
Epoch 020 | train_loss 0.2201 | val_loss 0.2025 | val_psnr 22.22 | val_lpips 0.0674 | val_lpips_full 0.0840 | edge 0.0212 | dark_noise 0.0093 | chroma 0.0623 | decomp 0.0638 | smooth_enh 0.0294 | lambda_mean 0.8280 | lambda_min 0.0043 | lambda_max 1.3370
Best model updated -> Epoch: 20, psnr: 22.2233, PSNR: 22.2233, LPIPS@loss: 0.0674, LPIPS full: 0.0840

Epoch 021/120 train start
Epoch 021/120 validation start
Epoch 021 | train_loss 0.2185 | val_loss 0.2042 | val_psnr 22.39 | val_lpips 0.0651 | val_lpips_full 0.0810 | edge 0.0211 | dark_noise 0.0094 | chroma 0.0578 | decomp 0.0682 | smooth_enh 0.0285 | lambda_mean 0.8098 | lambda_min 0.0038 | lambda_max 1.3277
Best model updated -> Epoch: 21, psnr: 22.3930, PSNR: 22.3930, LPIPS@loss: 0.0651, LPIPS full: 0.0810

Epoch 022/120 train start
Epoch 022/120 validation start
Epoch 022 | train_loss 0.2181 | val_loss 0.2176 | val_psnr 21.70 | val_lpips 0.0766 | val_lpips_full 0.0956 | edge 0.0210 | dark_noise 0.0098 | chroma 0.0847 | decomp 0.0676 | smooth_enh 0.0283 | lambda_mean 0.8189 | lambda_min 0.0048 | lambda_max 1.3273

Epoch 023/120 train start
Epoch 023/120 validation start
Epoch 023 | train_loss 0.2167 | val_loss 0.2028 | val_psnr 22.30 | val_lpips 0.0703 | val_lpips_full 0.0852 | edge 0.0210 | dark_noise 0.0095 | chroma 0.0610 | decomp 0.0657 | smooth_enh 0.0271 | lambda_mean 0.8243 | lambda_min 0.0043 | lambda_max 1.3290

Epoch 024/120 train start
Epoch 024/120 validation start
Epoch 024 | train_loss 0.2154 | val_loss 0.2132 | val_psnr 22.08 | val_lpips 0.0689 | val_lpips_full 0.0843 | edge 0.0213 | dark_noise 0.0093 | chroma 0.0635 | decomp 0.0719 | smooth_enh 0.0266 | lambda_mean 0.8249 | lambda_min 0.0053 | lambda_max 1.3294

Epoch 025/120 train start
Epoch 025/120 validation start
Epoch 025 | train_loss 0.2122 | val_loss 0.2027 | val_psnr 21.99 | val_lpips 0.0702 | val_lpips_full 0.0863 | edge 0.0209 | dark_noise 0.0093 | chroma 0.0665 | decomp 0.0574 | smooth_enh 0.0250 | lambda_mean 0.8066 | lambda_min 0.0036 | lambda_max 1.3244

Epoch 026/120 train start
Epoch 026/120 validation start
Epoch 026 | train_loss 0.2108 | val_loss 0.2048 | val_psnr 21.50 | val_lpips 0.0781 | val_lpips_full 0.0933 | edge 0.0212 | dark_noise 0.0093 | chroma 0.0630 | decomp 0.0573 | smooth_enh 0.0258 | lambda_mean 0.8275 | lambda_min 0.0034 | lambda_max 1.3327

Epoch 027/120 train start
Epoch 027/120 validation start
Epoch 027 | train_loss 0.2116 | val_loss 0.2076 | val_psnr 21.34 | val_lpips 0.0815 | val_lpips_full 0.0992 | edge 0.0216 | dark_noise 0.0095 | chroma 0.0764 | decomp 0.0557 | smooth_enh 0.0251 | lambda_mean 0.8377 | lambda_min 0.0030 | lambda_max 1.3314

Epoch 028/120 train start
Epoch 028/120 validation start
Epoch 028 | train_loss 0.2070 | val_loss 0.2025 | val_psnr 22.64 | val_lpips 0.0689 | val_lpips_full 0.0841 | edge 0.0207 | dark_noise 0.0094 | chroma 0.0603 | decomp 0.0677 | smooth_enh 0.0230 | lambda_mean 0.8305 | lambda_min 0.0046 | lambda_max 1.3135
Best model updated -> Epoch: 28, psnr: 22.6383, PSNR: 22.6383, LPIPS@loss: 0.0689, LPIPS full: 0.0841

Epoch 029/120 train start
Epoch 029/120 validation start
Epoch 029 | train_loss 0.2076 | val_loss 0.1883 | val_psnr 22.92 | val_lpips 0.0613 | val_lpips_full 0.0770 | edge 0.0205 | dark_noise 0.0093 | chroma 0.0574 | decomp 0.0589 | smooth_enh 0.0237 | lambda_mean 0.8153 | lambda_min 0.0036 | lambda_max 1.3205
Best model updated -> Epoch: 29, psnr: 22.9219, PSNR: 22.9219, LPIPS@loss: 0.0613, LPIPS full: 0.0770

Epoch 030/120 train start
Epoch 030/120 validation start
Epoch 030 | train_loss 0.2069 | val_loss 0.1902 | val_psnr 23.14 | val_lpips 0.0626 | val_lpips_full 0.0777 | edge 0.0209 | dark_noise 0.0094 | chroma 0.0558 | decomp 0.0623 | smooth_enh 0.0240 | lambda_mean 0.8158 | lambda_min 0.0034 | lambda_max 1.3196
Best model updated -> Epoch: 30, psnr: 23.1411, PSNR: 23.1411, LPIPS@loss: 0.0626, LPIPS full: 0.0777

Epoch 031/120 train start
Epoch 031/120 validation start
Epoch 031 | train_loss 0.2062 | val_loss 0.1967 | val_psnr 22.89 | val_lpips 0.0675 | val_lpips_full 0.0831 | edge 0.0208 | dark_noise 0.0097 | chroma 0.0657 | decomp 0.0646 | smooth_enh 0.0222 | lambda_mean 0.8194 | lambda_min 0.0032 | lambda_max 1.3166

Epoch 032/120 train start
Epoch 032/120 validation start
Epoch 032 | train_loss 0.2067 | val_loss 0.1994 | val_psnr 22.72 | val_lpips 0.0674 | val_lpips_full 0.0842 | edge 0.0204 | dark_noise 0.0095 | chroma 0.0672 | decomp 0.0658 | smooth_enh 0.0236 | lambda_mean 0.8276 | lambda_min 0.0048 | lambda_max 1.3227

Epoch 033/120 train start
Epoch 033/120 validation start
Epoch 033 | train_loss 0.2048 | val_loss 0.1882 | val_psnr 22.97 | val_lpips 0.0659 | val_lpips_full 0.0806 | edge 0.0204 | dark_noise 0.0092 | chroma 0.0623 | decomp 0.0582 | smooth_enh 0.0226 | lambda_mean 0.8284 | lambda_min 0.0039 | lambda_max 1.3201

Epoch 034/120 train start
Epoch 034/120 validation start
Epoch 034 | train_loss 0.2046 | val_loss 0.1909 | val_psnr 23.27 | val_lpips 0.0602 | val_lpips_full 0.0750 | edge 0.0202 | dark_noise 0.0093 | chroma 0.0605 | decomp 0.0651 | smooth_enh 0.0207 | lambda_mean 0.8136 | lambda_min 0.0036 | lambda_max 1.3061
Best model updated -> Epoch: 34, psnr: 23.2687, PSNR: 23.2687, LPIPS@loss: 0.0602, LPIPS full: 0.0750

Epoch 035/120 train start
Epoch 035/120 validation start
Epoch 035 | train_loss 0.2026 | val_loss 0.1916 | val_psnr 22.66 | val_lpips 0.0743 | val_lpips_full 0.0887 | edge 0.0205 | dark_noise 0.0096 | chroma 0.0732 | decomp 0.0590 | smooth_enh 0.0205 | lambda_mean 0.8180 | lambda_min 0.0036 | lambda_max 1.3040

Epoch 036/120 train start
Epoch 036/120 validation start
Epoch 036 | train_loss 0.2004 | val_loss 0.1842 | val_psnr 23.46 | val_lpips 0.0583 | val_lpips_full 0.0736 | edge 0.0201 | dark_noise 0.0092 | chroma 0.0560 | decomp 0.0615 | smooth_enh 0.0208 | lambda_mean 0.8229 | lambda_min 0.0036 | lambda_max 1.3144
Best model updated -> Epoch: 36, psnr: 23.4647, PSNR: 23.4647, LPIPS@loss: 0.0583, LPIPS full: 0.0736

Epoch 037/120 train start
Epoch 037/120 validation start
Epoch 037 | train_loss 0.2022 | val_loss 0.1925 | val_psnr 23.54 | val_lpips 0.0634 | val_lpips_full 0.0795 | edge 0.0202 | dark_noise 0.0095 | chroma 0.0627 | decomp 0.0683 | smooth_enh 0.0205 | lambda_mean 0.8099 | lambda_min 0.0033 | lambda_max 1.3028
Best model updated -> Epoch: 37, psnr: 23.5443, PSNR: 23.5443, LPIPS@loss: 0.0634, LPIPS full: 0.0795

Epoch 038/120 train start
Epoch 038/120 validation start
Epoch 038 | train_loss 0.1985 | val_loss 0.1889 | val_psnr 22.93 | val_lpips 0.0573 | val_lpips_full 0.0721 | edge 0.0199 | dark_noise 0.0091 | chroma 0.0535 | decomp 0.0606 | smooth_enh 0.0204 | lambda_mean 0.8262 | lambda_min 0.0047 | lambda_max 1.3136

Epoch 039/120 train start
Epoch 039/120 validation start
Epoch 039 | train_loss 0.1997 | val_loss 0.1827 | val_psnr 23.06 | val_lpips 0.0584 | val_lpips_full 0.0728 | edge 0.0203 | dark_noise 0.0092 | chroma 0.0553 | decomp 0.0554 | smooth_enh 0.0202 | lambda_mean 0.8207 | lambda_min 0.0030 | lambda_max 1.3099

Epoch 040/120 train start
Epoch 040/120 validation start
Epoch 040 | train_loss 0.1998 | val_loss 0.1836 | val_psnr 23.53 | val_lpips 0.0591 | val_lpips_full 0.0750 | edge 0.0197 | dark_noise 0.0092 | chroma 0.0563 | decomp 0.0607 | smooth_enh 0.0204 | lambda_mean 0.8259 | lambda_min 0.0031 | lambda_max 1.3137

Epoch 041/120 train start
Epoch 041/120 validation start
Epoch 041 | train_loss 0.1991 | val_loss 0.1825 | val_psnr 23.11 | val_lpips 0.0596 | val_lpips_full 0.0740 | edge 0.0203 | dark_noise 0.0092 | chroma 0.0556 | decomp 0.0550 | smooth_enh 0.0204 | lambda_mean 0.8239 | lambda_min 0.0036 | lambda_max 1.3112

Epoch 042/120 train start
Epoch 042/120 validation start
Epoch 042 | train_loss 0.1969 | val_loss 0.1837 | val_psnr 23.21 | val_lpips 0.0635 | val_lpips_full 0.0777 | edge 0.0200 | dark_noise 0.0093 | chroma 0.0608 | decomp 0.0590 | smooth_enh 0.0192 | lambda_mean 0.8226 | lambda_min 0.0031 | lambda_max 1.2893

Epoch 043/120 train start
Epoch 043/120 validation start
Epoch 043 | train_loss 0.1966 | val_loss 0.1834 | val_psnr 22.62 | val_lpips 0.0605 | val_lpips_full 0.0748 | edge 0.0205 | dark_noise 0.0091 | chroma 0.0565 | decomp 0.0506 | smooth_enh 0.0197 | lambda_mean 0.8470 | lambda_min 0.0025 | lambda_max 1.3121

Epoch 044/120 train start
Epoch 044/120 validation start
Epoch 044 | train_loss 0.1953 | val_loss 0.1883 | val_psnr 22.28 | val_lpips 0.0643 | val_lpips_full 0.0772 | edge 0.0209 | dark_noise 0.0091 | chroma 0.0566 | decomp 0.0528 | smooth_enh 0.0190 | lambda_mean 0.8382 | lambda_min 0.0027 | lambda_max 1.3056

Epoch 045/120 train start
Epoch 045/120 validation start
Epoch 045 | train_loss 0.1937 | val_loss 0.1922 | val_psnr 23.10 | val_lpips 0.0608 | val_lpips_full 0.0760 | edge 0.0202 | dark_noise 0.0093 | chroma 0.0669 | decomp 0.0634 | smooth_enh 0.0204 | lambda_mean 0.8282 | lambda_min 0.0038 | lambda_max 1.3031

Epoch 046/120 train start
Epoch 046/120 validation start
Epoch 046 | train_loss 0.1955 | val_loss 0.1808 | val_psnr 23.35 | val_lpips 0.0534 | val_lpips_full 0.0678 | edge 0.0199 | dark_noise 0.0091 | chroma 0.0553 | decomp 0.0578 | smooth_enh 0.0196 | lambda_mean 0.8230 | lambda_min 0.0029 | lambda_max 1.2984

Epoch 047/120 train start
Epoch 047/120 validation start
Epoch 047 | train_loss 0.1937 | val_loss 0.1770 | val_psnr 23.27 | val_lpips 0.0544 | val_lpips_full 0.0686 | edge 0.0198 | dark_noise 0.0090 | chroma 0.0507 | decomp 0.0525 | smooth_enh 0.0198 | lambda_mean 0.8308 | lambda_min 0.0031 | lambda_max 1.3068

Epoch 048/120 train start
Epoch 048/120 validation start
Epoch 048 | train_loss 0.1951 | val_loss 0.1888 | val_psnr 23.00 | val_lpips 0.0613 | val_lpips_full 0.0767 | edge 0.0201 | dark_noise 0.0093 | chroma 0.0572 | decomp 0.0613 | smooth_enh 0.0200 | lambda_mean 0.8328 | lambda_min 0.0037 | lambda_max 1.3085

Epoch 049/120 train start
Epoch 049/120 validation start
Epoch 049 | train_loss 0.1911 | val_loss 0.1871 | val_psnr 23.71 | val_lpips 0.0574 | val_lpips_full 0.0734 | edge 0.0197 | dark_noise 0.0093 | chroma 0.0563 | decomp 0.0676 | smooth_enh 0.0189 | lambda_mean 0.8268 | lambda_min 0.0037 | lambda_max 1.2950
Best model updated -> Epoch: 49, psnr: 23.7056, PSNR: 23.7056, LPIPS@loss: 0.0574, LPIPS full: 0.0734

Epoch 050/120 train start
Epoch 050/120 validation start
Epoch 050 | train_loss 0.1924 | val_loss 0.1925 | val_psnr 22.83 | val_lpips 0.0705 | val_lpips_full 0.0868 | edge 0.0198 | dark_noise 0.0094 | chroma 0.0712 | decomp 0.0617 | smooth_enh 0.0187 | lambda_mean 0.8325 | lambda_min 0.0055 | lambda_max 1.2963

Epoch 051/120 train start
Epoch 051/120 validation start
Epoch 051 | train_loss 0.1931 | val_loss 0.1813 | val_psnr 23.37 | val_lpips 0.0596 | val_lpips_full 0.0746 | edge 0.0197 | dark_noise 0.0092 | chroma 0.0634 | decomp 0.0572 | smooth_enh 0.0182 | lambda_mean 0.8139 | lambda_min 0.0034 | lambda_max 1.2860

Epoch 052/120 train start
Epoch 052/120 validation start
Epoch 052 | train_loss 0.1904 | val_loss 0.1838 | val_psnr 24.02 | val_lpips 0.0536 | val_lpips_full 0.0685 | edge 0.0200 | dark_noise 0.0094 | chroma 0.0516 | decomp 0.0666 | smooth_enh 0.0196 | lambda_mean 0.8192 | lambda_min 0.0043 | lambda_max 1.2918
Best model updated -> Epoch: 52, psnr: 24.0219, PSNR: 24.0219, LPIPS@loss: 0.0536, LPIPS full: 0.0685

Epoch 053/120 train start
Epoch 053/120 validation start
Epoch 053 | train_loss 0.1903 | val_loss 0.1804 | val_psnr 23.16 | val_lpips 0.0581 | val_lpips_full 0.0728 | edge 0.0196 | dark_noise 0.0091 | chroma 0.0560 | decomp 0.0549 | smooth_enh 0.0188 | lambda_mean 0.8292 | lambda_min 0.0033 | lambda_max 1.2939

Epoch 054/120 train start
Epoch 054/120 validation start
Epoch 054 | train_loss 0.1915 | val_loss 0.1780 | val_psnr 23.03 | val_lpips 0.0570 | val_lpips_full 0.0709 | edge 0.0198 | dark_noise 0.0090 | chroma 0.0534 | decomp 0.0517 | smooth_enh 0.0182 | lambda_mean 0.8295 | lambda_min 0.0034 | lambda_max 1.2833

Epoch 055/120 train start
Epoch 055/120 validation start
Epoch 055 | train_loss 0.1897 | val_loss 0.1743 | val_psnr 23.57 | val_lpips 0.0534 | val_lpips_full 0.0681 | edge 0.0197 | dark_noise 0.0091 | chroma 0.0527 | decomp 0.0529 | smooth_enh 0.0186 | lambda_mean 0.8321 | lambda_min 0.0035 | lambda_max 1.2967

Epoch 056/120 train start
Epoch 056/120 validation start
Epoch 056 | train_loss 0.1890 | val_loss 0.1819 | val_psnr 22.76 | val_lpips 0.0565 | val_lpips_full 0.0709 | edge 0.0199 | dark_noise 0.0090 | chroma 0.0550 | decomp 0.0537 | smooth_enh 0.0185 | lambda_mean 0.8346 | lambda_min 0.0039 | lambda_max 1.2940

Epoch 057/120 train start
Epoch 057/120 validation start
Epoch 057 | train_loss 0.1882 | val_loss 0.1798 | val_psnr 23.78 | val_lpips 0.0548 | val_lpips_full 0.0695 | edge 0.0192 | dark_noise 0.0090 | chroma 0.0539 | decomp 0.0630 | smooth_enh 0.0178 | lambda_mean 0.8183 | lambda_min 0.0038 | lambda_max 1.2813

Epoch 058/120 train start
Epoch 058/120 validation start
Epoch 058 | train_loss 0.1874 | val_loss 0.1806 | val_psnr 23.10 | val_lpips 0.0582 | val_lpips_full 0.0723 | edge 0.0201 | dark_noise 0.0091 | chroma 0.0549 | decomp 0.0551 | smooth_enh 0.0182 | lambda_mean 0.8288 | lambda_min 0.0028 | lambda_max 1.2759

Epoch 059/120 train start
Epoch 059/120 validation start
Epoch 059 | train_loss 0.1855 | val_loss 0.1764 | val_psnr 23.95 | val_lpips 0.0529 | val_lpips_full 0.0676 | edge 0.0200 | dark_noise 0.0093 | chroma 0.0550 | decomp 0.0599 | smooth_enh 0.0185 | lambda_mean 0.8375 | lambda_min 0.0038 | lambda_max 1.2853

Epoch 060/120 train start
Epoch 060/120 validation start
Epoch 060 | train_loss 0.1863 | val_loss 0.1749 | val_psnr 23.84 | val_lpips 0.0525 | val_lpips_full 0.0667 | edge 0.0192 | dark_noise 0.0090 | chroma 0.0544 | decomp 0.0570 | smooth_enh 0.0175 | lambda_mean 0.8212 | lambda_min 0.0042 | lambda_max 1.2702

Epoch 061/120 train start
Epoch 061/120 validation start
Epoch 061 | train_loss 0.1859 | val_loss 0.1827 | val_psnr 23.66 | val_lpips 0.0539 | val_lpips_full 0.0693 | edge 0.0196 | dark_noise 0.0092 | chroma 0.0542 | decomp 0.0643 | smooth_enh 0.0175 | lambda_mean 0.8328 | lambda_min 0.0045 | lambda_max 1.2753

Epoch 062/120 train start
Epoch 062/120 validation start
Epoch 062 | train_loss 0.1857 | val_loss 0.1797 | val_psnr 23.46 | val_lpips 0.0523 | val_lpips_full 0.0664 | edge 0.0193 | dark_noise 0.0090 | chroma 0.0529 | decomp 0.0580 | smooth_enh 0.0171 | lambda_mean 0.8212 | lambda_min 0.0040 | lambda_max 1.2650

Epoch 063/120 train start
Epoch 063/120 validation start
Epoch 063 | train_loss 0.1866 | val_loss 0.1789 | val_psnr 23.30 | val_lpips 0.0565 | val_lpips_full 0.0704 | edge 0.0199 | dark_noise 0.0092 | chroma 0.0561 | decomp 0.0538 | smooth_enh 0.0179 | lambda_mean 0.8362 | lambda_min 0.0041 | lambda_max 1.2750

Epoch 064/120 train start
Epoch 064/120 validation start
Epoch 064 | train_loss 0.1850 | val_loss 0.1756 | val_psnr 24.29 | val_lpips 0.0499 | val_lpips_full 0.0644 | edge 0.0195 | dark_noise 0.0092 | chroma 0.0518 | decomp 0.0631 | smooth_enh 0.0178 | lambda_mean 0.8171 | lambda_min 0.0041 | lambda_max 1.2621
Best model updated -> Epoch: 64, psnr: 24.2916, PSNR: 24.2916, LPIPS@loss: 0.0499, LPIPS full: 0.0644

Epoch 065/120 train start
Epoch 065/120 validation start
Epoch 065 | train_loss 0.1834 | val_loss 0.1756 | val_psnr 23.56 | val_lpips 0.0548 | val_lpips_full 0.0701 | edge 0.0196 | dark_noise 0.0091 | chroma 0.0556 | decomp 0.0569 | smooth_enh 0.0172 | lambda_mean 0.8272 | lambda_min 0.0047 | lambda_max 1.2622

Epoch 066/120 train start
Epoch 066/120 validation start
Epoch 066 | train_loss 0.1848 | val_loss 0.1755 | val_psnr 23.85 | val_lpips 0.0516 | val_lpips_full 0.0652 | edge 0.0193 | dark_noise 0.0091 | chroma 0.0515 | decomp 0.0597 | smooth_enh 0.0172 | lambda_mean 0.8203 | lambda_min 0.0057 | lambda_max 1.2501

Epoch 067/120 train start
Epoch 067/120 validation start
Epoch 067 | train_loss 0.1833 | val_loss 0.1762 | val_psnr 23.36 | val_lpips 0.0532 | val_lpips_full 0.0671 | edge 0.0193 | dark_noise 0.0090 | chroma 0.0563 | decomp 0.0537 | smooth_enh 0.0173 | lambda_mean 0.8269 | lambda_min 0.0041 | lambda_max 1.2608

Epoch 068/120 train start
Epoch 068/120 validation start
Epoch 068 | train_loss 0.1832 | val_loss 0.1738 | val_psnr 23.86 | val_lpips 0.0517 | val_lpips_full 0.0654 | edge 0.0197 | dark_noise 0.0090 | chroma 0.0519 | decomp 0.0563 | smooth_enh 0.0179 | lambda_mean 0.8242 | lambda_min 0.0035 | lambda_max 1.2581

Epoch 069/120 train start
Epoch 069/120 validation start
Epoch 069 | train_loss 0.1817 | val_loss 0.1724 | val_psnr 24.07 | val_lpips 0.0505 | val_lpips_full 0.0648 | edge 0.0196 | dark_noise 0.0091 | chroma 0.0507 | decomp 0.0568 | smooth_enh 0.0179 | lambda_mean 0.8293 | lambda_min 0.0038 | lambda_max 1.2648

Epoch 070/120 train start
Epoch 070/120 validation start
Epoch 070 | train_loss 0.1825 | val_loss 0.1749 | val_psnr 24.23 | val_lpips 0.0487 | val_lpips_full 0.0632 | edge 0.0194 | dark_noise 0.0091 | chroma 0.0500 | decomp 0.0615 | smooth_enh 0.0174 | lambda_mean 0.8156 | lambda_min 0.0043 | lambda_max 1.2565

Epoch 071/120 train start
Epoch 071/120 validation start
Epoch 071 | train_loss 0.1810 | val_loss 0.1707 | val_psnr 23.56 | val_lpips 0.0507 | val_lpips_full 0.0643 | edge 0.0197 | dark_noise 0.0090 | chroma 0.0516 | decomp 0.0530 | smooth_enh 0.0169 | lambda_mean 0.8312 | lambda_min 0.0034 | lambda_max 1.2582

Epoch 072/120 train start
Epoch 072/120 validation start
Epoch 072 | train_loss 0.1791 | val_loss 0.1730 | val_psnr 24.33 | val_lpips 0.0475 | val_lpips_full 0.0622 | edge 0.0192 | dark_noise 0.0091 | chroma 0.0495 | decomp 0.0616 | smooth_enh 0.0171 | lambda_mean 0.8314 | lambda_min 0.0053 | lambda_max 1.2603
Best model updated -> Epoch: 72, psnr: 24.3311, PSNR: 24.3311, LPIPS@loss: 0.0475, LPIPS full: 0.0622

Epoch 073/120 train start
Epoch 073/120 validation start
Epoch 073 | train_loss 0.1784 | val_loss 0.1769 | val_psnr 24.21 | val_lpips 0.0484 | val_lpips_full 0.0631 | edge 0.0193 | dark_noise 0.0091 | chroma 0.0510 | decomp 0.0634 | smooth_enh 0.0172 | lambda_mean 0.8317 | lambda_min 0.0050 | lambda_max 1.2588

Epoch 074/120 train start
Epoch 074/120 validation start
Epoch 074 | train_loss 0.1787 | val_loss 0.1747 | val_psnr 23.96 | val_lpips 0.0503 | val_lpips_full 0.0644 | edge 0.0197 | dark_noise 0.0091 | chroma 0.0525 | decomp 0.0592 | smooth_enh 0.0173 | lambda_mean 0.8274 | lambda_min 0.0037 | lambda_max 1.2584

Epoch 075/120 train start
Epoch 075/120 validation start
Epoch 075 | train_loss 0.1788 | val_loss 0.1709 | val_psnr 23.34 | val_lpips 0.0510 | val_lpips_full 0.0642 | edge 0.0196 | dark_noise 0.0089 | chroma 0.0503 | decomp 0.0496 | smooth_enh 0.0172 | lambda_mean 0.8422 | lambda_min 0.0039 | lambda_max 1.2706

Epoch 076/120 train start
Epoch 076/120 validation start
Epoch 076 | train_loss 0.1781 | val_loss 0.1735 | val_psnr 23.79 | val_lpips 0.0486 | val_lpips_full 0.0628 | edge 0.0192 | dark_noise 0.0090 | chroma 0.0504 | decomp 0.0548 | smooth_enh 0.0168 | lambda_mean 0.8368 | lambda_min 0.0044 | lambda_max 1.2611

Epoch 077/120 train start
Epoch 077/120 validation start
Epoch 077 | train_loss 0.1778 | val_loss 0.1705 | val_psnr 23.98 | val_lpips 0.0494 | val_lpips_full 0.0634 | edge 0.0192 | dark_noise 0.0090 | chroma 0.0500 | decomp 0.0559 | smooth_enh 0.0174 | lambda_mean 0.8363 | lambda_min 0.0053 | lambda_max 1.2685

Epoch 078/120 train start
Epoch 078/120 validation start
Epoch 078 | train_loss 0.1773 | val_loss 0.1669 | val_psnr 24.33 | val_lpips 0.0471 | val_lpips_full 0.0611 | edge 0.0193 | dark_noise 0.0090 | chroma 0.0508 | decomp 0.0552 | smooth_enh 0.0170 | lambda_mean 0.8268 | lambda_min 0.0048 | lambda_max 1.2503

Epoch 079/120 train start
Epoch 079/120 validation start
Epoch 079 | train_loss 0.1757 | val_loss 0.1773 | val_psnr 24.28 | val_lpips 0.0502 | val_lpips_full 0.0653 | edge 0.0194 | dark_noise 0.0092 | chroma 0.0536 | decomp 0.0649 | smooth_enh 0.0171 | lambda_mean 0.8194 | lambda_min 0.0057 | lambda_max 1.2434

Epoch 080/120 train start
Epoch 080/120 validation start
Epoch 080 | train_loss 0.1761 | val_loss 0.1686 | val_psnr 24.06 | val_lpips 0.0478 | val_lpips_full 0.0618 | edge 0.0193 | dark_noise 0.0090 | chroma 0.0491 | decomp 0.0548 | smooth_enh 0.0169 | lambda_mean 0.8330 | lambda_min 0.0044 | lambda_max 1.2563

Epoch 081/120 train start
Epoch 081/120 validation start
Epoch 081 | train_loss 0.1772 | val_loss 0.1659 | val_psnr 23.83 | val_lpips 0.0485 | val_lpips_full 0.0618 | edge 0.0192 | dark_noise 0.0090 | chroma 0.0500 | decomp 0.0507 | smooth_enh 0.0170 | lambda_mean 0.8432 | lambda_min 0.0052 | lambda_max 1.2609

Epoch 082/120 train start
Epoch 082/120 validation start
Epoch 082 | train_loss 0.1767 | val_loss 0.1688 | val_psnr 23.75 | val_lpips 0.0495 | val_lpips_full 0.0631 | edge 0.0194 | dark_noise 0.0089 | chroma 0.0497 | decomp 0.0527 | smooth_enh 0.0171 | lambda_mean 0.8439 | lambda_min 0.0056 | lambda_max 1.2626

Epoch 083/120 train start
Epoch 083/120 validation start
Epoch 083 | train_loss 0.1743 | val_loss 0.1696 | val_psnr 24.25 | val_lpips 0.0462 | val_lpips_full 0.0603 | edge 0.0192 | dark_noise 0.0090 | chroma 0.0484 | decomp 0.0574 | smooth_enh 0.0170 | lambda_mean 0.8246 | lambda_min 0.0055 | lambda_max 1.2535

Epoch 084/120 train start
Epoch 084/120 validation start
Epoch 084 | train_loss 0.1760 | val_loss 0.1671 | val_psnr 24.21 | val_lpips 0.0464 | val_lpips_full 0.0603 | edge 0.0192 | dark_noise 0.0090 | chroma 0.0470 | decomp 0.0546 | smooth_enh 0.0170 | lambda_mean 0.8362 | lambda_min 0.0057 | lambda_max 1.2554

Epoch 085/120 train start
Epoch 085/120 validation start
Epoch 085 | train_loss 0.1759 | val_loss 0.1689 | val_psnr 24.10 | val_lpips 0.0482 | val_lpips_full 0.0627 | edge 0.0191 | dark_noise 0.0090 | chroma 0.0499 | decomp 0.0566 | smooth_enh 0.0168 | lambda_mean 0.8390 | lambda_min 0.0062 | lambda_max 1.2541

Epoch 086/120 train start
Epoch 086/120 validation start
Epoch 086 | train_loss 0.1739 | val_loss 0.1659 | val_psnr 24.14 | val_lpips 0.0466 | val_lpips_full 0.0604 | edge 0.0192 | dark_noise 0.0090 | chroma 0.0489 | decomp 0.0550 | smooth_enh 0.0168 | lambda_mean 0.8321 | lambda_min 0.0053 | lambda_max 1.2524

Epoch 087/120 train start
Epoch 087/120 validation start
Epoch 087 | train_loss 0.1745 | val_loss 0.1688 | val_psnr 23.54 | val_lpips 0.0488 | val_lpips_full 0.0622 | edge 0.0194 | dark_noise 0.0089 | chroma 0.0490 | decomp 0.0498 | smooth_enh 0.0166 | lambda_mean 0.8419 | lambda_min 0.0068 | lambda_max 1.2610

Epoch 088/120 train start
Epoch 088/120 validation start
Epoch 088 | train_loss 0.1732 | val_loss 0.1666 | val_psnr 23.93 | val_lpips 0.0487 | val_lpips_full 0.0626 | edge 0.0192 | dark_noise 0.0090 | chroma 0.0501 | decomp 0.0519 | smooth_enh 0.0166 | lambda_mean 0.8419 | lambda_min 0.0056 | lambda_max 1.2619

Epoch 089/120 train start
Epoch 089/120 validation start
Epoch 089 | train_loss 0.1723 | val_loss 0.1649 | val_psnr 24.36 | val_lpips 0.0449 | val_lpips_full 0.0590 | edge 0.0190 | dark_noise 0.0090 | chroma 0.0473 | decomp 0.0549 | smooth_enh 0.0168 | lambda_mean 0.8338 | lambda_min 0.0056 | lambda_max 1.2586
Best model updated -> Epoch: 89, psnr: 24.3611, PSNR: 24.3611, LPIPS@loss: 0.0449, LPIPS full: 0.0590

Epoch 090/120 train start
Epoch 090/120 validation start
Epoch 090 | train_loss 0.1711 | val_loss 0.1660 | val_psnr 24.11 | val_lpips 0.0468 | val_lpips_full 0.0606 | edge 0.0191 | dark_noise 0.0090 | chroma 0.0488 | decomp 0.0534 | smooth_enh 0.0167 | lambda_mean 0.8345 | lambda_min 0.0054 | lambda_max 1.2530

Epoch 091/120 train start
Epoch 091/120 validation start
Epoch 091 | train_loss 0.1727 | val_loss 0.1665 | val_psnr 24.42 | val_lpips 0.0449 | val_lpips_full 0.0592 | edge 0.0190 | dark_noise 0.0090 | chroma 0.0483 | decomp 0.0572 | smooth_enh 0.0168 | lambda_mean 0.8298 | lambda_min 0.0054 | lambda_max 1.2544
Best model updated -> Epoch: 91, psnr: 24.4237, PSNR: 24.4237, LPIPS@loss: 0.0449, LPIPS full: 0.0592

Epoch 092/120 train start
Epoch 092/120 validation start
Epoch 092 | train_loss 0.1729 | val_loss 0.1653 | val_psnr 23.91 | val_lpips 0.0466 | val_lpips_full 0.0603 | edge 0.0191 | dark_noise 0.0089 | chroma 0.0472 | decomp 0.0515 | smooth_enh 0.0166 | lambda_mean 0.8358 | lambda_min 0.0055 | lambda_max 1.2519

Epoch 093/120 train start
Epoch 093/120 validation start
Epoch 093 | train_loss 0.1726 | val_loss 0.1654 | val_psnr 24.53 | val_lpips 0.0450 | val_lpips_full 0.0592 | edge 0.0191 | dark_noise 0.0090 | chroma 0.0475 | decomp 0.0565 | smooth_enh 0.0169 | lambda_mean 0.8326 | lambda_min 0.0053 | lambda_max 1.2553
Best model updated -> Epoch: 93, psnr: 24.5311, PSNR: 24.5311, LPIPS@loss: 0.0450, LPIPS full: 0.0592

Epoch 094/120 train start
Epoch 094/120 validation start
Epoch 094 | train_loss 0.1702 | val_loss 0.1668 | val_psnr 24.51 | val_lpips 0.0447 | val_lpips_full 0.0591 | edge 0.0190 | dark_noise 0.0090 | chroma 0.0483 | decomp 0.0571 | smooth_enh 0.0165 | lambda_mean 0.8313 | lambda_min 0.0065 | lambda_max 1.2496

Epoch 095/120 train start
Epoch 095/120 validation start
Epoch 095 | train_loss 0.1719 | val_loss 0.1650 | val_psnr 24.38 | val_lpips 0.0445 | val_lpips_full 0.0585 | edge 0.0191 | dark_noise 0.0090 | chroma 0.0472 | decomp 0.0547 | smooth_enh 0.0166 | lambda_mean 0.8303 | lambda_min 0.0053 | lambda_max 1.2489

Epoch 096/120 train start
Epoch 096/120 validation start
Epoch 096 | train_loss 0.1716 | val_loss 0.1660 | val_psnr 23.90 | val_lpips 0.0484 | val_lpips_full 0.0619 | edge 0.0192 | dark_noise 0.0090 | chroma 0.0498 | decomp 0.0509 | smooth_enh 0.0162 | lambda_mean 0.8404 | lambda_min 0.0062 | lambda_max 1.2475

Epoch 097/120 train start
Epoch 097/120 validation start
Epoch 097 | train_loss 0.1713 | val_loss 0.1647 | val_psnr 24.04 | val_lpips 0.0459 | val_lpips_full 0.0595 | edge 0.0191 | dark_noise 0.0089 | chroma 0.0463 | decomp 0.0521 | smooth_enh 0.0163 | lambda_mean 0.8372 | lambda_min 0.0064 | lambda_max 1.2495

Epoch 098/120 train start
Epoch 098/120 validation start
Epoch 098 | train_loss 0.1706 | val_loss 0.1664 | val_psnr 24.37 | val_lpips 0.0464 | val_lpips_full 0.0606 | edge 0.0192 | dark_noise 0.0091 | chroma 0.0497 | decomp 0.0563 | smooth_enh 0.0164 | lambda_mean 0.8293 | lambda_min 0.0063 | lambda_max 1.2451

Epoch 099/120 train start
Epoch 099/120 validation start
Epoch 099 | train_loss 0.1699 | val_loss 0.1645 | val_psnr 24.44 | val_lpips 0.0456 | val_lpips_full 0.0598 | edge 0.0189 | dark_noise 0.0090 | chroma 0.0473 | decomp 0.0552 | smooth_enh 0.0165 | lambda_mean 0.8326 | lambda_min 0.0067 | lambda_max 1.2500

Epoch 100/120 train start
Epoch 100/120 validation start
Epoch 100 | train_loss 0.1703 | val_loss 0.1640 | val_psnr 24.17 | val_lpips 0.0453 | val_lpips_full 0.0591 | edge 0.0191 | dark_noise 0.0090 | chroma 0.0469 | decomp 0.0523 | smooth_enh 0.0163 | lambda_mean 0.8347 | lambda_min 0.0068 | lambda_max 1.2503

Epoch 101/120 train start
Epoch 101/120 validation start
Epoch 101 | train_loss 0.1693 | val_loss 0.1647 | val_psnr 24.27 | val_lpips 0.0455 | val_lpips_full 0.0597 | edge 0.0193 | dark_noise 0.0090 | chroma 0.0471 | decomp 0.0535 | smooth_enh 0.0165 | lambda_mean 0.8338 | lambda_min 0.0060 | lambda_max 1.2534

Epoch 102/120 train start
Epoch 102/120 validation start
Epoch 102 | train_loss 0.1696 | val_loss 0.1637 | val_psnr 24.50 | val_lpips 0.0440 | val_lpips_full 0.0581 | edge 0.0192 | dark_noise 0.0090 | chroma 0.0459 | decomp 0.0552 | smooth_enh 0.0167 | lambda_mean 0.8349 | lambda_min 0.0065 | lambda_max 1.2520

Epoch 103/120 train start
Epoch 103/120 validation start
Epoch 103 | train_loss 0.1705 | val_loss 0.1627 | val_psnr 24.47 | val_lpips 0.0445 | val_lpips_full 0.0586 | edge 0.0191 | dark_noise 0.0090 | chroma 0.0461 | decomp 0.0539 | smooth_enh 0.0165 | lambda_mean 0.8355 | lambda_min 0.0065 | lambda_max 1.2482

Epoch 104/120 train start
Epoch 104/120 validation start
Epoch 104 | train_loss 0.1705 | val_loss 0.1649 | val_psnr 24.74 | val_lpips 0.0431 | val_lpips_full 0.0573 | edge 0.0190 | dark_noise 0.0090 | chroma 0.0456 | decomp 0.0580 | smooth_enh 0.0166 | lambda_mean 0.8298 | lambda_min 0.0062 | lambda_max 1.2515
Best model updated -> Epoch: 104, psnr: 24.7432, PSNR: 24.7432, LPIPS@loss: 0.0431, LPIPS full: 0.0573

Epoch 105/120 train start
Epoch 105/120 validation start
Epoch 105 | train_loss 0.1680 | val_loss 0.1642 | val_psnr 24.42 | val_lpips 0.0440 | val_lpips_full 0.0580 | edge 0.0190 | dark_noise 0.0090 | chroma 0.0456 | decomp 0.0551 | smooth_enh 0.0165 | lambda_mean 0.8350 | lambda_min 0.0060 | lambda_max 1.2530

Epoch 106/120 train start
Epoch 106/120 validation start
Epoch 106 | train_loss 0.1694 | val_loss 0.1641 | val_psnr 24.26 | val_lpips 0.0448 | val_lpips_full 0.0587 | edge 0.0192 | dark_noise 0.0090 | chroma 0.0466 | decomp 0.0531 | smooth_enh 0.0165 | lambda_mean 0.8327 | lambda_min 0.0062 | lambda_max 1.2488

Epoch 107/120 train start
Epoch 107/120 validation start
Epoch 107 | train_loss 0.1687 | val_loss 0.1638 | val_psnr 24.60 | val_lpips 0.0434 | val_lpips_full 0.0575 | edge 0.0190 | dark_noise 0.0090 | chroma 0.0452 | decomp 0.0564 | smooth_enh 0.0166 | lambda_mean 0.8308 | lambda_min 0.0065 | lambda_max 1.2509

Epoch 108/120 train start
Epoch 108/120 validation start
Epoch 108 | train_loss 0.1685 | val_loss 0.1649 | val_psnr 23.98 | val_lpips 0.0455 | val_lpips_full 0.0593 | edge 0.0191 | dark_noise 0.0089 | chroma 0.0462 | decomp 0.0510 | smooth_enh 0.0164 | lambda_mean 0.8370 | lambda_min 0.0065 | lambda_max 1.2516

Epoch 109/120 train start
Epoch 109/120 validation start
Epoch 109 | train_loss 0.1690 | val_loss 0.1636 | val_psnr 24.39 | val_lpips 0.0445 | val_lpips_full 0.0584 | edge 0.0190 | dark_noise 0.0090 | chroma 0.0461 | decomp 0.0541 | smooth_enh 0.0163 | lambda_mean 0.8315 | lambda_min 0.0065 | lambda_max 1.2476

Epoch 110/120 train start
Epoch 110/120 validation start
Epoch 110 | train_loss 0.1677 | val_loss 0.1635 | val_psnr 24.49 | val_lpips 0.0442 | val_lpips_full 0.0581 | edge 0.0190 | dark_noise 0.0090 | chroma 0.0453 | decomp 0.0554 | smooth_enh 0.0165 | lambda_mean 0.8351 | lambda_min 0.0059 | lambda_max 1.2521

Epoch 111/120 train start
Epoch 111/120 validation start
Epoch 111 | train_loss 0.1685 | val_loss 0.1629 | val_psnr 24.55 | val_lpips 0.0435 | val_lpips_full 0.0575 | edge 0.0190 | dark_noise 0.0090 | chroma 0.0450 | decomp 0.0552 | smooth_enh 0.0167 | lambda_mean 0.8342 | lambda_min 0.0060 | lambda_max 1.2527

Epoch 112/120 train start
Epoch 112/120 validation start
Epoch 112 | train_loss 0.1682 | val_loss 0.1637 | val_psnr 24.20 | val_lpips 0.0450 | val_lpips_full 0.0587 | edge 0.0193 | dark_noise 0.0090 | chroma 0.0459 | decomp 0.0519 | smooth_enh 0.0166 | lambda_mean 0.8390 | lambda_min 0.0061 | lambda_max 1.2534

Epoch 113/120 train start
Epoch 113/120 validation start
Epoch 113 | train_loss 0.1669 | val_loss 0.1633 | val_psnr 24.28 | val_lpips 0.0442 | val_lpips_full 0.0580 | edge 0.0191 | dark_noise 0.0090 | chroma 0.0455 | decomp 0.0525 | smooth_enh 0.0164 | lambda_mean 0.8356 | lambda_min 0.0062 | lambda_max 1.2501

Epoch 114/120 train start
Epoch 114/120 validation start
Epoch 114 | train_loss 0.1672 | val_loss 0.1641 | val_psnr 24.76 | val_lpips 0.0432 | val_lpips_full 0.0574 | edge 0.0190 | dark_noise 0.0090 | chroma 0.0455 | decomp 0.0578 | smooth_enh 0.0165 | lambda_mean 0.8312 | lambda_min 0.0067 | lambda_max 1.2487
Best model updated -> Epoch: 114, psnr: 24.7639, PSNR: 24.7639, LPIPS@loss: 0.0432, LPIPS full: 0.0574

Epoch 115/120 train start
Epoch 115/120 validation start
Epoch 115 | train_loss 0.1672 | val_loss 0.1635 | val_psnr 24.57 | val_lpips 0.0438 | val_lpips_full 0.0578 | edge 0.0190 | dark_noise 0.0090 | chroma 0.0455 | decomp 0.0561 | smooth_enh 0.0164 | lambda_mean 0.8321 | lambda_min 0.0066 | lambda_max 1.2467

Epoch 116/120 train start
Epoch 116/120 validation start
Epoch 116 | train_loss 0.1682 | val_loss 0.1634 | val_psnr 24.26 | val_lpips 0.0451 | val_lpips_full 0.0587 | edge 0.0191 | dark_noise 0.0090 | chroma 0.0455 | decomp 0.0529 | smooth_enh 0.0164 | lambda_mean 0.8370 | lambda_min 0.0065 | lambda_max 1.2502

Epoch 117/120 train start
Epoch 117/120 validation start
Epoch 117 | train_loss 0.1676 | val_loss 0.1634 | val_psnr 24.53 | val_lpips 0.0435 | val_lpips_full 0.0575 | edge 0.0191 | dark_noise 0.0090 | chroma 0.0453 | decomp 0.0550 | smooth_enh 0.0165 | lambda_mean 0.8341 | lambda_min 0.0064 | lambda_max 1.2499

Epoch 118/120 train start
Epoch 118/120 validation start
Epoch 118 | train_loss 0.1674 | val_loss 0.1640 | val_psnr 24.39 | val_lpips 0.0445 | val_lpips_full 0.0584 | edge 0.0192 | dark_noise 0.0090 | chroma 0.0454 | decomp 0.0542 | smooth_enh 0.0164 | lambda_mean 0.8334 | lambda_min 0.0064 | lambda_max 1.2487

Epoch 119/120 train start
Epoch 119/120 validation start
Epoch 119 | train_loss 0.1679 | val_loss 0.1627 | val_psnr 24.31 | val_lpips 0.0442 | val_lpips_full 0.0579 | edge 0.0191 | dark_noise 0.0089 | chroma 0.0451 | decomp 0.0526 | smooth_enh 0.0163 | lambda_mean 0.8361 | lambda_min 0.0061 | lambda_max 1.2491

Epoch 120/120 train start
Epoch 120/120 validation start
Epoch 120 | train_loss 0.1672 | val_loss 0.1629 | val_psnr 24.58 | val_lpips 0.0436 | val_lpips_full 0.0576 | edge 0.0190 | dark_noise 0.0090 | chroma 0.0465 | decomp 0.0552 | smooth_enh 0.0163 | lambda_mean 0.8346 | lambda_min 0.0065 | lambda_max 1.2464
===== TRAIN FINISHED =====
Best epoch: 114
Best psnr: 24.763862552665557
Best PSNR: 24.763862552665557
Best LPIPS@loss: 0.04323496026918292
Best LPIPS full: 0.05735841325173775
Best checkpoint: /content/retinextapetum_hpo/projects/lol_v2_synthetic/final/source_profile_baseline_seed_3407/run/checkpoints/best.pth
Last checkpoint: /content/retinextapetum_hpo/projects/lol_v2_synthetic/final/source_profile_baseline_seed_3407/run/checkpoints/last.pth
