

===== PROCESS START 2026-08-10T11:35:56+00:00 =====
COMMAND: /usr/bin/python3 -u train.py
DEVICE: cuda
TRAIN_LOW_DIR : /content/drive/MyDrive/TAPETUM/datasets/LOL-v2/Real_captured/Train/Low
TRAIN_HIGH_DIR: /content/drive/MyDrive/TAPETUM/datasets/LOL-v2/Real_captured/Train/Normal
VAL_LOW_DIR   : /content/drive/MyDrive/TAPETUM/datasets/LOL-v2/Real_captured/Val/Low
VAL_HIGH_DIR  : /content/drive/MyDrive/TAPETUM/datasets/LOL-v2/Real_captured/Val/Normal
CKPT_DIR      : /content/retinextapetum_lambda_boundary/lambda_2p30/checkpoints
USE_TRAIN_VAL_SPLIT: True
VAL_RATIO     : 0.1
SPLIT_SEED    : 42
BASE_CHANNELS : 128
BATCH_SIZE    : 2
EPOCHS        : 30
LR            : 0.0006620890956705852
MIN_LR        : 4.082960740748955e-05
W_LPIPS       : 0.08
BEST_METRIC   : psnr
RESUME        : True
RESUME_CKPT   : last.pth
TRAIN_LOG_INTERVAL: 0
VAL_LOG_INTERVAL  : 0
WARNING: When changing train/validation split settings, use RETINEX_TAPETUM_RESUME=0 for a clean experimental run.
DRIVE_CKPT_MIRROR_DIR: /content/drive/MyDrive/TAPETUM/HyperparameterSearch/lol_v2_real/lambda_boundary/lambda_2p30/checkpoints
Total paired train images: 689
Train split images: 620
Val split images: 69
VAL_RATIO: 0.10
SPLIT_SEED: 42
[Dataset] /content/drive/MyDrive/TAPETUM/datasets/LOL-v2/Real_captured/Train/Low
Mode: train
Split file_list: yes
Paired samples: 620
[Dataset] /content/drive/MyDrive/TAPETUM/datasets/LOL-v2/Real_captured/Train/Low
Mode: val/test
Split file_list: yes
Paired samples: 69
Train batches: 310
Val batches  : 69
Trainable params: 536,463
Setting up [LPIPS] perceptual loss: trunk [alex], v[0.1], spatial [off]
/usr/local/lib/python3.12/dist-packages/torchvision/models/_utils.py:208: UserWarning: The parameter 'pretrained' is deprecated since 0.13 and may be removed in the future, please use 'weights' instead.
  warnings.warn(
/usr/local/lib/python3.12/dist-packages/torchvision/models/_utils.py:223: UserWarning: Arguments other than a weight enum or `None` for 'weights' are deprecated since 0.13 and may be removed in the future. The current behavior is equivalent to passing `weights=AlexNet_Weights.IMAGENET1K_V1`. You can also use `weights=AlexNet_Weights.DEFAULT` to get the most up-to-date weights.
  warnings.warn(msg)
Loading model from: /usr/local/lib/python3.12/dist-packages/lpips/weights/v0.1/alex.pth
LPIPS training loss: enabled (alex, weight=0.08)
Loading resume checkpoint: /content/retinextapetum_lambda_boundary/lambda_2p30/checkpoints/last.pth
Resume state -> completed_epoch: 25, next_epoch: 26, best_epoch: 0, best_psnr: -1.0000, no_improve: 0

===== TRAIN START =====

Epoch 026/030 train start
Epoch 026/030 validation start
Epoch 026 | train_loss 0.2931 | val_loss 0.2816 | val_psnr 20.09 | val_lpips 0.1601 | val_lpips_full 0.2341 | edge 0.0315 | dark_noise 0.0129 | chroma 0.0968 | decomp 0.0763 | smooth_enh 0.0186 | lambda_mean 2.0416 | lambda_min 1.2760 | lambda_max 2.2884
Best model updated -> Epoch: 26, psnr: 20.0924, PSNR: 20.0924, LPIPS@loss: 0.1601, LPIPS full: 0.2341

Epoch 027/030 train start
Epoch 027/030 validation start
Epoch 027 | train_loss 0.2909 | val_loss 0.2982 | val_psnr 20.78 | val_lpips 0.1431 | val_lpips_full 0.2147 | edge 0.0321 | dark_noise 0.0130 | chroma 0.0899 | decomp 0.1032 | smooth_enh 0.0216 | lambda_mean 1.9953 | lambda_min 1.1671 | lambda_max 2.2755
Best model updated -> Epoch: 27, psnr: 20.7761, PSNR: 20.7761, LPIPS@loss: 0.1431, LPIPS full: 0.2147

Epoch 028/030 train start
Epoch 028/030 validation start
Epoch 028 | train_loss 0.2888 | val_loss 0.2786 | val_psnr 20.22 | val_lpips 0.1593 | val_lpips_full 0.2333 | edge 0.0312 | dark_noise 0.0129 | chroma 0.0967 | decomp 0.0746 | smooth_enh 0.0179 | lambda_mean 2.0492 | lambda_min 1.2775 | lambda_max 2.2925

Epoch 029/030 train start
Epoch 029/030 validation start
Epoch 029 | train_loss 0.2843 | val_loss 0.2748 | val_psnr 20.41 | val_lpips 0.1377 | val_lpips_full 0.2095 | edge 0.0313 | dark_noise 0.0129 | chroma 0.0885 | decomp 0.0782 | smooth_enh 0.0197 | lambda_mean 2.0365 | lambda_min 1.2316 | lambda_max 2.2900

Epoch 030/030 train start
Epoch 030/030 validation start
Epoch 030 | train_loss 0.2806 | val_loss 0.2825 | val_psnr 20.83 | val_lpips 0.1445 | val_lpips_full 0.2141 | edge 0.0312 | dark_noise 0.0129 | chroma 0.0918 | decomp 0.0891 | smooth_enh 0.0197 | lambda_mean 2.0088 | lambda_min 1.2112 | lambda_max 2.2827
Best model updated -> Epoch: 30, psnr: 20.8305, PSNR: 20.8305, LPIPS@loss: 0.1445, LPIPS full: 0.2141
===== TRAIN FINISHED =====
Best epoch: 30
Best psnr: 20.830544977828385
Best PSNR: 20.830544977828385
Best LPIPS@loss: 0.14450983929893244
Best LPIPS full: 0.2141118475060532
Best checkpoint: /content/retinextapetum_lambda_boundary/lambda_2p30/checkpoints/best.pth
Last checkpoint: /content/retinextapetum_lambda_boundary/lambda_2p30/checkpoints/last.pth
===== PROCESS END 2026-08-10T11:47:48+00:00 | return_code=0 =====


===== PROCESS START 2026-08-10T11:47:48+00:00 =====
COMMAND: /usr/bin/python3 -u lambda_boundary_diagnostics.py
Total paired train images: 689
Train split images: 620
Val split images: 69
VAL_RATIO: 0.10
SPLIT_SEED: 42
[Dataset] /content/drive/MyDrive/TAPETUM/datasets/LOL-v2/Real_captured/Train/Low
Mode: val/test
Split file_list: yes
Paired samples: 69
BOUNDARY_DIAGNOSTICS_JSON={"blue_bias": -0.0017679945069729633, "checkpoint_epoch": 30, "green_bias": -0.0035798201820200675, "lambda_max_configured": 2.3, "lambda_utilization": 0.8733792115700045, "luminance_bias": -0.004134591236926507, "luminance_mae": 0.0825458046156859, "output_high_clip_ratio": 0.005781018547939153, "output_low_clip_ratio": 0.0, "red_bias": -0.006804585706550574, "rgb_mae": 0.08736209336506284, "target_high_clip_ratio": 0.008495752830429516, "validation_images": 69}
===== PROCESS END 2026-08-10T11:48:02+00:00 | return_code=0 =====
