DEVICE: cuda
TRAIN_LOW_DIR : /content/drive/MyDrive/TAPETUM/datasets/UHD-LL down4/Train/Low
TRAIN_HIGH_DIR: /content/drive/MyDrive/TAPETUM/datasets/UHD-LL down4/Train/Normal
VAL_LOW_DIR   : /content/drive/MyDrive/TAPETUM/datasets/UHD-LL down4/Val/Low
VAL_HIGH_DIR  : /content/drive/MyDrive/TAPETUM/datasets/UHD-LL down4/Val/Normal
CKPT_DIR      : /content/retinextapetum_hpo/projects/uhd_ll_down4/final/source_profile_baseline_seed_42/run/checkpoints
USE_TRAIN_VAL_SPLIT: True
VAL_RATIO     : 0.05
SPLIT_SEED    : 42
BASE_CHANNELS : 128
BATCH_SIZE    : 2
EPOCHS        : 120
LR            : 0.00046948014087030786
MIN_LR        : 2.12826357198832e-05
W_LPIPS       : 0.08
BEST_METRIC   : psnr
RESUME        : False
RESUME_CKPT   : last.pth
TRAIN_LOG_INTERVAL: 0
VAL_LOG_INTERVAL  : 0
DRIVE_CKPT_MIRROR_DIR: /content/drive/MyDrive/TAPETUM/HyperparameterSearch/uhd_ll_down4/final_confirmation/source_profile_baseline/seed_42
Split manifest: /content/drive/MyDrive/TAPETUM/HyperparameterSearch/uhd_ll_down4/split_manifest.json
Train split images: 1884
Val split images: 116
[Dataset] /content/drive/MyDrive/TAPETUM/datasets/UHD-LL down4/Train/Low
Mode: train
Split file_list: yes
Paired samples: 1884
[Dataset] /content/drive/MyDrive/TAPETUM/datasets/UHD-LL down4/Train/Low
Mode: val/test
Split file_list: yes
Paired samples: 116
Train batches: 942
Val batches  : 116
Trainable params: 536,463
Setting up [LPIPS] perceptual loss: trunk [alex], v[0.1], spatial [off]
/usr/local/lib/python3.12/dist-packages/torchvision/models/_utils.py:208: UserWarning: The parameter 'pretrained' is deprecated since 0.13 and may be removed in the future, please use 'weights' instead.
  warnings.warn(
/usr/local/lib/python3.12/dist-packages/torchvision/models/_utils.py:223: UserWarning: Arguments other than a weight enum or `None` for 'weights' are deprecated since 0.13 and may be removed in the future. The current behavior is equivalent to passing `weights=AlexNet_Weights.IMAGENET1K_V1`. You can also use `weights=AlexNet_Weights.DEFAULT` to get the most up-to-date weights.
  warnings.warn(msg)
Downloading: "https://download.pytorch.org/models/alexnet-owt-7be5be79.pth" to /root/.cache/torch/hub/checkpoints/alexnet-owt-7be5be79.pth

  0%|          | 0.00/233M [00:00<?, ?B/s]
  3%|▎         | 6.00M/233M [00:00<00:03, 62.1MB/s]
  8%|▊         | 18.4M/233M [00:00<00:02, 101MB/s] 
 14%|█▍        | 33.4M/233M [00:00<00:01, 126MB/s]
 23%|██▎       | 53.6M/233M [00:00<00:01, 160MB/s]
 32%|███▏      | 75.5M/233M [00:00<00:00, 185MB/s]
 40%|████      | 93.2M/233M [00:00<00:00, 159MB/s]
 47%|████▋     | 110M/233M [00:00<00:00, 163MB/s] 
 54%|█████▍    | 126M/233M [00:00<00:00, 164MB/s]
 61%|██████    | 142M/233M [00:00<00:00, 162MB/s]
 68%|██████▊   | 158M/233M [00:01<00:00, 162MB/s]
 75%|███████▍  | 175M/233M [00:01<00:00, 167MB/s]
 82%|████████▏ | 191M/233M [00:01<00:00, 168MB/s]
 89%|████████▉ | 207M/233M [00:01<00:00, 170MB/s]
 96%|█████████▌| 224M/233M [00:01<00:00, 165MB/s]
100%|██████████| 233M/233M [00:01<00:00, 159MB/s]
Loading model from: /usr/local/lib/python3.12/dist-packages/lpips/weights/v0.1/alex.pth
LPIPS training loss: enabled (alex, weight=0.08)
Resume disabled: RETINEX_TAPETUM_RESUME=0/config.RESUME_TRAINING=False

===== TRAIN START =====

Epoch 001/120 train start
Epoch 001/120 validation start
Epoch 001 | train_loss 0.3250 | val_loss 0.2333 | val_psnr 21.12 | val_lpips 0.1265 | val_lpips_full 0.1742 | edge 0.0240 | dark_noise 0.0041 | chroma 0.0679 | decomp 0.0603 | smooth_enh 0.0199 | lambda_mean 0.9694 | lambda_min 0.3260 | lambda_max 1.3331
Best model updated -> Epoch: 1, psnr: 21.1208, PSNR: 21.1208, LPIPS@loss: 0.1265, LPIPS full: 0.1742

Epoch 002/120 train start
Epoch 002/120 validation start
Epoch 002 | train_loss 0.2474 | val_loss 0.2350 | val_psnr 20.62 | val_lpips 0.1052 | val_lpips_full 0.1487 | edge 0.0231 | dark_noise 0.0041 | chroma 0.0558 | decomp 0.0658 | smooth_enh 0.0186 | lambda_mean 0.9564 | lambda_min 0.3457 | lambda_max 1.3285

Epoch 003/120 train start
Epoch 003/120 validation start
Epoch 003 | train_loss 0.2308 | val_loss 0.2097 | val_psnr 21.32 | val_lpips 0.0931 | val_lpips_full 0.1349 | edge 0.0228 | dark_noise 0.0042 | chroma 0.0533 | decomp 0.0461 | smooth_enh 0.0201 | lambda_mean 0.9858 | lambda_min 0.3815 | lambda_max 1.3372
Best model updated -> Epoch: 3, psnr: 21.3225, PSNR: 21.3225, LPIPS@loss: 0.0931, LPIPS full: 0.1349

Epoch 004/120 train start
Epoch 004/120 validation start
Epoch 004 | train_loss 0.2176 | val_loss 0.1956 | val_psnr 22.95 | val_lpips 0.0821 | val_lpips_full 0.1217 | edge 0.0217 | dark_noise 0.0043 | chroma 0.0571 | decomp 0.0543 | smooth_enh 0.0177 | lambda_mean 0.9725 | lambda_min 0.4377 | lambda_max 1.3358
Best model updated -> Epoch: 4, psnr: 22.9523, PSNR: 22.9523, LPIPS@loss: 0.0821, LPIPS full: 0.1217

Epoch 005/120 train start
Epoch 005/120 validation start
Epoch 005 | train_loss 0.2099 | val_loss 0.1792 | val_psnr 24.76 | val_lpips 0.0743 | val_lpips_full 0.1110 | edge 0.0208 | dark_noise 0.0042 | chroma 0.0526 | decomp 0.0586 | smooth_enh 0.0159 | lambda_mean 1.0118 | lambda_min 0.5035 | lambda_max 1.3357
Best model updated -> Epoch: 5, psnr: 24.7560, PSNR: 24.7560, LPIPS@loss: 0.0743, LPIPS full: 0.1110

Epoch 006/120 train start
Epoch 006/120 validation start
Epoch 006 | train_loss 0.2031 | val_loss 0.1884 | val_psnr 23.32 | val_lpips 0.0770 | val_lpips_full 0.1149 | edge 0.0206 | dark_noise 0.0041 | chroma 0.0526 | decomp 0.0533 | smooth_enh 0.0151 | lambda_mean 1.0273 | lambda_min 0.5110 | lambda_max 1.3355

Epoch 007/120 train start
Epoch 007/120 validation start
Epoch 007 | train_loss 0.1985 | val_loss 0.1837 | val_psnr 24.54 | val_lpips 0.0685 | val_lpips_full 0.1111 | edge 0.0204 | dark_noise 0.0041 | chroma 0.0479 | decomp 0.0614 | smooth_enh 0.0136 | lambda_mean 1.0332 | lambda_min 0.5245 | lambda_max 1.3337

Epoch 008/120 train start
Epoch 008/120 validation start
Epoch 008 | train_loss 0.1963 | val_loss 0.1767 | val_psnr 25.62 | val_lpips 0.0661 | val_lpips_full 0.1034 | edge 0.0209 | dark_noise 0.0043 | chroma 0.0497 | decomp 0.0648 | smooth_enh 0.0175 | lambda_mean 1.0370 | lambda_min 0.5107 | lambda_max 1.3437
Best model updated -> Epoch: 8, psnr: 25.6159, PSNR: 25.6159, LPIPS@loss: 0.0661, LPIPS full: 0.1034

Epoch 009/120 train start
Epoch 009/120 validation start
Epoch 009 | train_loss 0.1937 | val_loss 0.1789 | val_psnr 24.73 | val_lpips 0.0676 | val_lpips_full 0.1038 | edge 0.0209 | dark_noise 0.0042 | chroma 0.0494 | decomp 0.0563 | smooth_enh 0.0172 | lambda_mean 1.0471 | lambda_min 0.4966 | lambda_max 1.3424

Epoch 010/120 train start
Epoch 010/120 validation start
Epoch 010 | train_loss 0.1924 | val_loss 0.1761 | val_psnr 23.41 | val_lpips 0.0639 | val_lpips_full 0.0995 | edge 0.0205 | dark_noise 0.0041 | chroma 0.0462 | decomp 0.0416 | smooth_enh 0.0158 | lambda_mean 1.0653 | lambda_min 0.5083 | lambda_max 1.3423

Epoch 011/120 train start
Epoch 011/120 validation start
Epoch 011 | train_loss 0.1925 | val_loss 0.1666 | val_psnr 25.89 | val_lpips 0.0568 | val_lpips_full 0.0935 | edge 0.0198 | dark_noise 0.0041 | chroma 0.0463 | decomp 0.0616 | smooth_enh 0.0151 | lambda_mean 1.0372 | lambda_min 0.4980 | lambda_max 1.3415
Best model updated -> Epoch: 11, psnr: 25.8905, PSNR: 25.8905, LPIPS@loss: 0.0568, LPIPS full: 0.0935

Epoch 012/120 train start
Epoch 012/120 validation start
Epoch 012 | train_loss 0.1883 | val_loss 0.1713 | val_psnr 24.22 | val_lpips 0.0629 | val_lpips_full 0.0988 | edge 0.0198 | dark_noise 0.0041 | chroma 0.0458 | decomp 0.0478 | smooth_enh 0.0145 | lambda_mean 1.0539 | lambda_min 0.5105 | lambda_max 1.3431

Epoch 013/120 train start
Epoch 013/120 validation start
Epoch 013 | train_loss 0.1866 | val_loss 0.1700 | val_psnr 25.16 | val_lpips 0.0605 | val_lpips_full 0.0936 | edge 0.0201 | dark_noise 0.0041 | chroma 0.0451 | decomp 0.0588 | smooth_enh 0.0158 | lambda_mean 1.0507 | lambda_min 0.4972 | lambda_max 1.3408

Epoch 014/120 train start
Epoch 014/120 validation start
Epoch 014 | train_loss 0.1883 | val_loss 0.1643 | val_psnr 25.96 | val_lpips 0.0546 | val_lpips_full 0.0903 | edge 0.0197 | dark_noise 0.0041 | chroma 0.0429 | decomp 0.0586 | smooth_enh 0.0148 | lambda_mean 1.0422 | lambda_min 0.4802 | lambda_max 1.3428
Best model updated -> Epoch: 14, psnr: 25.9554, PSNR: 25.9554, LPIPS@loss: 0.0546, LPIPS full: 0.0903

Epoch 015/120 train start
Epoch 015/120 validation start
Epoch 015 | train_loss 0.1885 | val_loss 0.1682 | val_psnr 24.39 | val_lpips 0.0591 | val_lpips_full 0.0930 | edge 0.0197 | dark_noise 0.0040 | chroma 0.0428 | decomp 0.0467 | smooth_enh 0.0138 | lambda_mean 1.0588 | lambda_min 0.5126 | lambda_max 1.3415

Epoch 016/120 train start
Epoch 016/120 validation start
Epoch 016 | train_loss 0.1839 | val_loss 0.1650 | val_psnr 25.11 | val_lpips 0.0556 | val_lpips_full 0.0888 | edge 0.0197 | dark_noise 0.0040 | chroma 0.0426 | decomp 0.0507 | smooth_enh 0.0139 | lambda_mean 1.0540 | lambda_min 0.5042 | lambda_max 1.3412

Epoch 017/120 train start
Epoch 017/120 validation start
Epoch 017 | train_loss 0.1851 | val_loss 0.1648 | val_psnr 25.23 | val_lpips 0.0591 | val_lpips_full 0.0943 | edge 0.0198 | dark_noise 0.0040 | chroma 0.0441 | decomp 0.0529 | smooth_enh 0.0147 | lambda_mean 1.0539 | lambda_min 0.4949 | lambda_max 1.3417

Epoch 018/120 train start
Epoch 018/120 validation start
Epoch 018 | train_loss 0.1861 | val_loss 0.1639 | val_psnr 24.67 | val_lpips 0.0561 | val_lpips_full 0.0888 | edge 0.0198 | dark_noise 0.0040 | chroma 0.0434 | decomp 0.0466 | smooth_enh 0.0142 | lambda_mean 1.0590 | lambda_min 0.4949 | lambda_max 1.3430

Epoch 019/120 train start
Epoch 019/120 validation start
Epoch 019 | train_loss 0.1827 | val_loss 0.1690 | val_psnr 24.15 | val_lpips 0.0592 | val_lpips_full 0.0937 | edge 0.0196 | dark_noise 0.0040 | chroma 0.0439 | decomp 0.0464 | smooth_enh 0.0131 | lambda_mean 1.0586 | lambda_min 0.5065 | lambda_max 1.3405

Epoch 020/120 train start
Epoch 020/120 validation start
Epoch 020 | train_loss 0.1835 | val_loss 0.1703 | val_psnr 23.69 | val_lpips 0.0566 | val_lpips_full 0.0889 | edge 0.0196 | dark_noise 0.0040 | chroma 0.0391 | decomp 0.0444 | smooth_enh 0.0136 | lambda_mean 1.0629 | lambda_min 0.5130 | lambda_max 1.3420

Epoch 021/120 train start
Epoch 021/120 validation start
Epoch 021 | train_loss 0.1823 | val_loss 0.1642 | val_psnr 24.79 | val_lpips 0.0544 | val_lpips_full 0.0867 | edge 0.0199 | dark_noise 0.0041 | chroma 0.0419 | decomp 0.0479 | smooth_enh 0.0147 | lambda_mean 1.0589 | lambda_min 0.4873 | lambda_max 1.3434

Epoch 022/120 train start
Epoch 022/120 validation start
Epoch 022 | train_loss 0.1812 | val_loss 0.1655 | val_psnr 24.46 | val_lpips 0.0554 | val_lpips_full 0.0874 | edge 0.0196 | dark_noise 0.0040 | chroma 0.0406 | decomp 0.0465 | smooth_enh 0.0136 | lambda_mean 1.0681 | lambda_min 0.5045 | lambda_max 1.3425

Epoch 023/120 train start
Epoch 023/120 validation start
Epoch 023 | train_loss 0.1806 | val_loss 0.1657 | val_psnr 24.89 | val_lpips 0.0532 | val_lpips_full 0.0850 | edge 0.0195 | dark_noise 0.0040 | chroma 0.0405 | decomp 0.0516 | smooth_enh 0.0137 | lambda_mean 1.0607 | lambda_min 0.5183 | lambda_max 1.3431

Epoch 024/120 train start
Epoch 024/120 validation start
Epoch 024 | train_loss 0.1796 | val_loss 0.1622 | val_psnr 24.60 | val_lpips 0.0546 | val_lpips_full 0.0874 | edge 0.0195 | dark_noise 0.0040 | chroma 0.0406 | decomp 0.0442 | smooth_enh 0.0138 | lambda_mean 1.0639 | lambda_min 0.4931 | lambda_max 1.3444

Epoch 025/120 train start
Epoch 025/120 validation start
Epoch 025 | train_loss 0.1775 | val_loss 0.1590 | val_psnr 25.23 | val_lpips 0.0513 | val_lpips_full 0.0849 | edge 0.0194 | dark_noise 0.0040 | chroma 0.0389 | decomp 0.0489 | smooth_enh 0.0136 | lambda_mean 1.0561 | lambda_min 0.4889 | lambda_max 1.3432

Epoch 026/120 train start
Epoch 026/120 validation start
Epoch 026 | train_loss 0.1793 | val_loss 0.1632 | val_psnr 25.12 | val_lpips 0.0527 | val_lpips_full 0.0863 | edge 0.0197 | dark_noise 0.0041 | chroma 0.0416 | decomp 0.0505 | smooth_enh 0.0146 | lambda_mean 1.0570 | lambda_min 0.4696 | lambda_max 1.3436

Epoch 027/120 train start
Epoch 027/120 validation start
Epoch 027 | train_loss 0.1787 | val_loss 0.1594 | val_psnr 25.27 | val_lpips 0.0498 | val_lpips_full 0.0811 | edge 0.0195 | dark_noise 0.0041 | chroma 0.0385 | decomp 0.0489 | smooth_enh 0.0140 | lambda_mean 1.0592 | lambda_min 0.4937 | lambda_max 1.3413

Epoch 028/120 train start
Epoch 028/120 validation start
Epoch 028 | train_loss 0.1810 | val_loss 0.1605 | val_psnr 25.10 | val_lpips 0.0517 | val_lpips_full 0.0842 | edge 0.0192 | dark_noise 0.0040 | chroma 0.0401 | decomp 0.0507 | smooth_enh 0.0128 | lambda_mean 1.0548 | lambda_min 0.5059 | lambda_max 1.3402

Epoch 029/120 train start
Epoch 029/120 validation start
Epoch 029 | train_loss 0.1787 | val_loss 0.1605 | val_psnr 25.48 | val_lpips 0.0498 | val_lpips_full 0.0807 | edge 0.0195 | dark_noise 0.0041 | chroma 0.0394 | decomp 0.0545 | smooth_enh 0.0145 | lambda_mean 1.0491 | lambda_min 0.4860 | lambda_max 1.3433

Epoch 030/120 train start
Epoch 030/120 validation start
Epoch 030 | train_loss 0.1762 | val_loss 0.1650 | val_psnr 25.93 | val_lpips 0.0513 | val_lpips_full 0.0819 | edge 0.0192 | dark_noise 0.0041 | chroma 0.0427 | decomp 0.0632 | smooth_enh 0.0137 | lambda_mean 1.0416 | lambda_min 0.4881 | lambda_max 1.3429

Epoch 031/120 train start
Epoch 031/120 validation start
Epoch 031 | train_loss 0.1777 | val_loss 0.1632 | val_psnr 25.38 | val_lpips 0.0502 | val_lpips_full 0.0828 | edge 0.0191 | dark_noise 0.0040 | chroma 0.0390 | decomp 0.0539 | smooth_enh 0.0134 | lambda_mean 1.0592 | lambda_min 0.4830 | lambda_max 1.3433

Epoch 032/120 train start
Epoch 032/120 validation start
Epoch 032 | train_loss 0.1758 | val_loss 0.1627 | val_psnr 24.67 | val_lpips 0.0522 | val_lpips_full 0.0828 | edge 0.0194 | dark_noise 0.0040 | chroma 0.0403 | decomp 0.0460 | smooth_enh 0.0139 | lambda_mean 1.0638 | lambda_min 0.5088 | lambda_max 1.3434

Epoch 033/120 train start
Epoch 033/120 validation start
Epoch 033 | train_loss 0.1770 | val_loss 0.1629 | val_psnr 26.03 | val_lpips 0.0472 | val_lpips_full 0.0755 | edge 0.0194 | dark_noise 0.0040 | chroma 0.0395 | decomp 0.0625 | smooth_enh 0.0147 | lambda_mean 1.0416 | lambda_min 0.4691 | lambda_max 1.3412
Best model updated -> Epoch: 33, psnr: 26.0276, PSNR: 26.0276, LPIPS@loss: 0.0472, LPIPS full: 0.0755

Epoch 034/120 train start
Epoch 034/120 validation start
Epoch 034 | train_loss 0.1750 | val_loss 0.1712 | val_psnr 23.37 | val_lpips 0.0588 | val_lpips_full 0.0928 | edge 0.0193 | dark_noise 0.0039 | chroma 0.0400 | decomp 0.0407 | smooth_enh 0.0125 | lambda_mean 1.0789 | lambda_min 0.5176 | lambda_max 1.3429

Epoch 035/120 train start
Epoch 035/120 validation start
Epoch 035 | train_loss 0.1755 | val_loss 0.1631 | val_psnr 26.01 | val_lpips 0.0473 | val_lpips_full 0.0776 | edge 0.0191 | dark_noise 0.0040 | chroma 0.0384 | decomp 0.0616 | smooth_enh 0.0137 | lambda_mean 1.0420 | lambda_min 0.4731 | lambda_max 1.3428

Epoch 036/120 train start
Epoch 036/120 validation start
Epoch 036 | train_loss 0.1759 | val_loss 0.1599 | val_psnr 25.41 | val_lpips 0.0523 | val_lpips_full 0.0818 | edge 0.0193 | dark_noise 0.0040 | chroma 0.0399 | decomp 0.0510 | smooth_enh 0.0134 | lambda_mean 1.0595 | lambda_min 0.4949 | lambda_max 1.3419

Epoch 037/120 train start
Epoch 037/120 validation start
Epoch 037 | train_loss 0.1744 | val_loss 0.1615 | val_psnr 25.61 | val_lpips 0.0480 | val_lpips_full 0.0793 | edge 0.0189 | dark_noise 0.0040 | chroma 0.0380 | decomp 0.0570 | smooth_enh 0.0136 | lambda_mean 1.0519 | lambda_min 0.4781 | lambda_max 1.3439

Epoch 038/120 train start
Epoch 038/120 validation start
Epoch 038 | train_loss 0.1752 | val_loss 0.1578 | val_psnr 25.53 | val_lpips 0.0483 | val_lpips_full 0.0762 | edge 0.0196 | dark_noise 0.0040 | chroma 0.0400 | decomp 0.0514 | smooth_enh 0.0144 | lambda_mean 1.0526 | lambda_min 0.4805 | lambda_max 1.3417

Epoch 039/120 train start
Epoch 039/120 validation start
Epoch 039 | train_loss 0.1778 | val_loss 0.1559 | val_psnr 25.56 | val_lpips 0.0471 | val_lpips_full 0.0757 | edge 0.0194 | dark_noise 0.0040 | chroma 0.0370 | decomp 0.0500 | smooth_enh 0.0142 | lambda_mean 1.0573 | lambda_min 0.4771 | lambda_max 1.3428

Epoch 040/120 train start
Epoch 040/120 validation start
Epoch 040 | train_loss 0.1742 | val_loss 0.1625 | val_psnr 24.56 | val_lpips 0.0503 | val_lpips_full 0.0796 | edge 0.0193 | dark_noise 0.0040 | chroma 0.0388 | decomp 0.0467 | smooth_enh 0.0134 | lambda_mean 1.0646 | lambda_min 0.4905 | lambda_max 1.3423

Epoch 041/120 train start
Epoch 041/120 validation start
Epoch 041 | train_loss 0.1726 | val_loss 0.1579 | val_psnr 25.92 | val_lpips 0.0475 | val_lpips_full 0.0763 | edge 0.0191 | dark_noise 0.0040 | chroma 0.0392 | decomp 0.0551 | smooth_enh 0.0138 | lambda_mean 1.0555 | lambda_min 0.4741 | lambda_max 1.3423

Epoch 042/120 train start
Epoch 042/120 validation start
Epoch 042 | train_loss 0.1727 | val_loss 0.1574 | val_psnr 25.86 | val_lpips 0.0464 | val_lpips_full 0.0745 | edge 0.0192 | dark_noise 0.0040 | chroma 0.0379 | decomp 0.0530 | smooth_enh 0.0136 | lambda_mean 1.0528 | lambda_min 0.4850 | lambda_max 1.3420

Epoch 043/120 train start
Epoch 043/120 validation start
Epoch 043 | train_loss 0.1726 | val_loss 0.1580 | val_psnr 25.33 | val_lpips 0.0461 | val_lpips_full 0.0746 | edge 0.0193 | dark_noise 0.0041 | chroma 0.0366 | decomp 0.0516 | smooth_enh 0.0138 | lambda_mean 1.0556 | lambda_min 0.4894 | lambda_max 1.3421

Epoch 044/120 train start
Epoch 044/120 validation start
Epoch 044 | train_loss 0.1742 | val_loss 0.1563 | val_psnr 25.71 | val_lpips 0.0458 | val_lpips_full 0.0739 | edge 0.0191 | dark_noise 0.0039 | chroma 0.0375 | decomp 0.0528 | smooth_enh 0.0138 | lambda_mean 1.0567 | lambda_min 0.4884 | lambda_max 1.3425

Epoch 045/120 train start
Epoch 045/120 validation start
Epoch 045 | train_loss 0.1723 | val_loss 0.1552 | val_psnr 25.78 | val_lpips 0.0464 | val_lpips_full 0.0738 | edge 0.0192 | dark_noise 0.0040 | chroma 0.0381 | decomp 0.0513 | smooth_enh 0.0139 | lambda_mean 1.0564 | lambda_min 0.4885 | lambda_max 1.3421

Epoch 046/120 train start
Epoch 046/120 validation start
Epoch 046 | train_loss 0.1736 | val_loss 0.1566 | val_psnr 25.43 | val_lpips 0.0473 | val_lpips_full 0.0769 | edge 0.0191 | dark_noise 0.0040 | chroma 0.0377 | decomp 0.0493 | smooth_enh 0.0137 | lambda_mean 1.0602 | lambda_min 0.4833 | lambda_max 1.3433

Epoch 047/120 train start
Epoch 047/120 validation start
Epoch 047 | train_loss 0.1713 | val_loss 0.1561 | val_psnr 25.96 | val_lpips 0.0444 | val_lpips_full 0.0731 | edge 0.0190 | dark_noise 0.0040 | chroma 0.0368 | decomp 0.0551 | smooth_enh 0.0139 | lambda_mean 1.0522 | lambda_min 0.4889 | lambda_max 1.3437

Epoch 048/120 train start
Epoch 048/120 validation start
Epoch 048 | train_loss 0.1707 | val_loss 0.1567 | val_psnr 26.06 | val_lpips 0.0446 | val_lpips_full 0.0748 | edge 0.0188 | dark_noise 0.0040 | chroma 0.0368 | decomp 0.0549 | smooth_enh 0.0133 | lambda_mean 1.0512 | lambda_min 0.4872 | lambda_max 1.3422
Best model updated -> Epoch: 48, psnr: 26.0604, PSNR: 26.0604, LPIPS@loss: 0.0446, LPIPS full: 0.0748

Epoch 049/120 train start
Epoch 049/120 validation start
Epoch 049 | train_loss 0.1729 | val_loss 0.1549 | val_psnr 26.16 | val_lpips 0.0443 | val_lpips_full 0.0717 | edge 0.0192 | dark_noise 0.0040 | chroma 0.0371 | decomp 0.0549 | smooth_enh 0.0139 | lambda_mean 1.0492 | lambda_min 0.4842 | lambda_max 1.3435
Best model updated -> Epoch: 49, psnr: 26.1582, PSNR: 26.1582, LPIPS@loss: 0.0443, LPIPS full: 0.0717

Epoch 050/120 train start
Epoch 050/120 validation start
Epoch 050 | train_loss 0.1717 | val_loss 0.1624 | val_psnr 24.29 | val_lpips 0.0500 | val_lpips_full 0.0783 | edge 0.0192 | dark_noise 0.0040 | chroma 0.0386 | decomp 0.0424 | smooth_enh 0.0134 | lambda_mean 1.0728 | lambda_min 0.5132 | lambda_max 1.3439

Epoch 051/120 train start
Epoch 051/120 validation start
Epoch 051 | train_loss 0.1712 | val_loss 0.1575 | val_psnr 26.50 | val_lpips 0.0437 | val_lpips_full 0.0725 | edge 0.0190 | dark_noise 0.0041 | chroma 0.0374 | decomp 0.0600 | smooth_enh 0.0141 | lambda_mean 1.0432 | lambda_min 0.4701 | lambda_max 1.3437
Best model updated -> Epoch: 51, psnr: 26.4973, PSNR: 26.4973, LPIPS@loss: 0.0437, LPIPS full: 0.0725

Epoch 052/120 train start
Epoch 052/120 validation start
Epoch 052 | train_loss 0.1709 | val_loss 0.1560 | val_psnr 26.30 | val_lpips 0.0446 | val_lpips_full 0.0744 | edge 0.0190 | dark_noise 0.0040 | chroma 0.0366 | decomp 0.0573 | smooth_enh 0.0134 | lambda_mean 1.0471 | lambda_min 0.4746 | lambda_max 1.3428

Epoch 053/120 train start
Epoch 053/120 validation start
Epoch 053 | train_loss 0.1692 | val_loss 0.1568 | val_psnr 25.41 | val_lpips 0.0468 | val_lpips_full 0.0756 | edge 0.0189 | dark_noise 0.0040 | chroma 0.0361 | decomp 0.0475 | smooth_enh 0.0132 | lambda_mean 1.0621 | lambda_min 0.4857 | lambda_max 1.3429

Epoch 054/120 train start
Epoch 054/120 validation start
Epoch 054 | train_loss 0.1689 | val_loss 0.1577 | val_psnr 25.40 | val_lpips 0.0479 | val_lpips_full 0.0787 | edge 0.0188 | dark_noise 0.0040 | chroma 0.0414 | decomp 0.0482 | smooth_enh 0.0127 | lambda_mean 1.0571 | lambda_min 0.4717 | lambda_max 1.3429

Epoch 055/120 train start
Epoch 055/120 validation start
Epoch 055 | train_loss 0.1703 | val_loss 0.1560 | val_psnr 26.12 | val_lpips 0.0441 | val_lpips_full 0.0707 | edge 0.0191 | dark_noise 0.0040 | chroma 0.0364 | decomp 0.0533 | smooth_enh 0.0139 | lambda_mean 1.0481 | lambda_min 0.4541 | lambda_max 1.3432

Epoch 056/120 train start
Epoch 056/120 validation start
Epoch 056 | train_loss 0.1696 | val_loss 0.1547 | val_psnr 26.11 | val_lpips 0.0445 | val_lpips_full 0.0720 | edge 0.0190 | dark_noise 0.0040 | chroma 0.0378 | decomp 0.0528 | smooth_enh 0.0139 | lambda_mean 1.0547 | lambda_min 0.4655 | lambda_max 1.3444

Epoch 057/120 train start
Epoch 057/120 validation start
Epoch 057 | train_loss 0.1690 | val_loss 0.1584 | val_psnr 24.69 | val_lpips 0.0470 | val_lpips_full 0.0755 | edge 0.0190 | dark_noise 0.0040 | chroma 0.0375 | decomp 0.0433 | smooth_enh 0.0138 | lambda_mean 1.0654 | lambda_min 0.4723 | lambda_max 1.3442

Epoch 058/120 train start
Epoch 058/120 validation start
Epoch 058 | train_loss 0.1682 | val_loss 0.1547 | val_psnr 26.35 | val_lpips 0.0441 | val_lpips_full 0.0705 | edge 0.0192 | dark_noise 0.0040 | chroma 0.0369 | decomp 0.0548 | smooth_enh 0.0148 | lambda_mean 1.0489 | lambda_min 0.4373 | lambda_max 1.3434

Epoch 059/120 train start
Epoch 059/120 validation start
Epoch 059 | train_loss 0.1690 | val_loss 0.1574 | val_psnr 24.98 | val_lpips 0.0482 | val_lpips_full 0.0785 | edge 0.0190 | dark_noise 0.0039 | chroma 0.0371 | decomp 0.0456 | smooth_enh 0.0130 | lambda_mean 1.0625 | lambda_min 0.4647 | lambda_max 1.3420

Epoch 060/120 train start
Epoch 060/120 validation start
Epoch 060 | train_loss 0.1682 | val_loss 0.1599 | val_psnr 24.61 | val_lpips 0.0503 | val_lpips_full 0.0785 | edge 0.0190 | dark_noise 0.0039 | chroma 0.0396 | decomp 0.0430 | smooth_enh 0.0138 | lambda_mean 1.0688 | lambda_min 0.4694 | lambda_max 1.3434

Epoch 061/120 train start
Epoch 061/120 validation start
Epoch 061 | train_loss 0.1687 | val_loss 0.1570 | val_psnr 26.57 | val_lpips 0.0428 | val_lpips_full 0.0699 | edge 0.0189 | dark_noise 0.0040 | chroma 0.0376 | decomp 0.0599 | smooth_enh 0.0146 | lambda_mean 1.0410 | lambda_min 0.4223 | lambda_max 1.3429
Best model updated -> Epoch: 61, psnr: 26.5729, PSNR: 26.5729, LPIPS@loss: 0.0428, LPIPS full: 0.0699

Epoch 062/120 train start
Epoch 062/120 validation start
Epoch 062 | train_loss 0.1672 | val_loss 0.1612 | val_psnr 24.70 | val_lpips 0.0486 | val_lpips_full 0.0776 | edge 0.0190 | dark_noise 0.0040 | chroma 0.0373 | decomp 0.0438 | smooth_enh 0.0132 | lambda_mean 1.0596 | lambda_min 0.4590 | lambda_max 1.3439

Epoch 063/120 train start
Epoch 063/120 validation start
Epoch 063 | train_loss 0.1671 | val_loss 0.1554 | val_psnr 26.06 | val_lpips 0.0441 | val_lpips_full 0.0717 | edge 0.0189 | dark_noise 0.0040 | chroma 0.0366 | decomp 0.0517 | smooth_enh 0.0140 | lambda_mean 1.0498 | lambda_min 0.4330 | lambda_max 1.3430

Epoch 064/120 train start
Epoch 064/120 validation start
Epoch 064 | train_loss 0.1685 | val_loss 0.1556 | val_psnr 25.38 | val_lpips 0.0465 | val_lpips_full 0.0750 | edge 0.0188 | dark_noise 0.0039 | chroma 0.0365 | decomp 0.0465 | smooth_enh 0.0136 | lambda_mean 1.0600 | lambda_min 0.4477 | lambda_max 1.3433

Epoch 065/120 train start
Epoch 065/120 validation start
Epoch 065 | train_loss 0.1672 | val_loss 0.1551 | val_psnr 25.71 | val_lpips 0.0449 | val_lpips_full 0.0731 | edge 0.0188 | dark_noise 0.0040 | chroma 0.0373 | decomp 0.0479 | smooth_enh 0.0138 | lambda_mean 1.0552 | lambda_min 0.4380 | lambda_max 1.3443

Epoch 066/120 train start
Epoch 066/120 validation start
Epoch 066 | train_loss 0.1670 | val_loss 0.1528 | val_psnr 26.03 | val_lpips 0.0426 | val_lpips_full 0.0691 | edge 0.0189 | dark_noise 0.0040 | chroma 0.0362 | decomp 0.0501 | smooth_enh 0.0145 | lambda_mean 1.0558 | lambda_min 0.4399 | lambda_max 1.3444

Epoch 067/120 train start
Epoch 067/120 validation start
Epoch 067 | train_loss 0.1666 | val_loss 0.1536 | val_psnr 26.45 | val_lpips 0.0426 | val_lpips_full 0.0715 | edge 0.0187 | dark_noise 0.0040 | chroma 0.0350 | decomp 0.0551 | smooth_enh 0.0138 | lambda_mean 1.0458 | lambda_min 0.4272 | lambda_max 1.3427

Epoch 068/120 train start
Epoch 068/120 validation start
Epoch 068 | train_loss 0.1677 | val_loss 0.1558 | val_psnr 25.43 | val_lpips 0.0448 | val_lpips_full 0.0709 | edge 0.0189 | dark_noise 0.0039 | chroma 0.0356 | decomp 0.0456 | smooth_enh 0.0143 | lambda_mean 1.0616 | lambda_min 0.4493 | lambda_max 1.3438

Epoch 069/120 train start
Epoch 069/120 validation start
Epoch 069 | train_loss 0.1645 | val_loss 0.1557 | val_psnr 26.41 | val_lpips 0.0428 | val_lpips_full 0.0705 | edge 0.0187 | dark_noise 0.0039 | chroma 0.0353 | decomp 0.0570 | smooth_enh 0.0137 | lambda_mean 1.0383 | lambda_min 0.4235 | lambda_max 1.3429

Epoch 070/120 train start
Epoch 070/120 validation start
Epoch 070 | train_loss 0.1649 | val_loss 0.1559 | val_psnr 26.69 | val_lpips 0.0416 | val_lpips_full 0.0678 | edge 0.0189 | dark_noise 0.0041 | chroma 0.0360 | decomp 0.0581 | smooth_enh 0.0150 | lambda_mean 1.0430 | lambda_min 0.4243 | lambda_max 1.3436
Best model updated -> Epoch: 70, psnr: 26.6882, PSNR: 26.6882, LPIPS@loss: 0.0416, LPIPS full: 0.0678

Epoch 071/120 train start
Epoch 071/120 validation start
Epoch 071 | train_loss 0.1648 | val_loss 0.1552 | val_psnr 26.47 | val_lpips 0.0416 | val_lpips_full 0.0680 | edge 0.0189 | dark_noise 0.0040 | chroma 0.0356 | decomp 0.0573 | smooth_enh 0.0145 | lambda_mean 1.0387 | lambda_min 0.4124 | lambda_max 1.3426

Epoch 072/120 train start
Epoch 072/120 validation start
Epoch 072 | train_loss 0.1667 | val_loss 0.1530 | val_psnr 26.10 | val_lpips 0.0427 | val_lpips_full 0.0698 | edge 0.0188 | dark_noise 0.0039 | chroma 0.0352 | decomp 0.0500 | smooth_enh 0.0140 | lambda_mean 1.0540 | lambda_min 0.4369 | lambda_max 1.3430

Epoch 073/120 train start
Epoch 073/120 validation start
Epoch 073 | train_loss 0.1658 | val_loss 0.1547 | val_psnr 26.47 | val_lpips 0.0421 | val_lpips_full 0.0690 | edge 0.0188 | dark_noise 0.0040 | chroma 0.0368 | decomp 0.0568 | smooth_enh 0.0145 | lambda_mean 1.0434 | lambda_min 0.4122 | lambda_max 1.3424

Epoch 074/120 train start
Epoch 074/120 validation start
Epoch 074 | train_loss 0.1653 | val_loss 0.1537 | val_psnr 26.50 | val_lpips 0.0414 | val_lpips_full 0.0672 | edge 0.0188 | dark_noise 0.0039 | chroma 0.0365 | decomp 0.0557 | smooth_enh 0.0145 | lambda_mean 1.0459 | lambda_min 0.4244 | lambda_max 1.3429

Epoch 075/120 train start
Epoch 075/120 validation start
Epoch 075 | train_loss 0.1650 | val_loss 0.1539 | val_psnr 26.41 | val_lpips 0.0413 | val_lpips_full 0.0678 | edge 0.0187 | dark_noise 0.0039 | chroma 0.0353 | decomp 0.0552 | smooth_enh 0.0144 | lambda_mean 1.0474 | lambda_min 0.4303 | lambda_max 1.3426

Epoch 076/120 train start
Epoch 076/120 validation start
Epoch 076 | train_loss 0.1649 | val_loss 0.1537 | val_psnr 26.37 | val_lpips 0.0420 | val_lpips_full 0.0681 | edge 0.0189 | dark_noise 0.0039 | chroma 0.0353 | decomp 0.0540 | smooth_enh 0.0145 | lambda_mean 1.0487 | lambda_min 0.4174 | lambda_max 1.3423

Epoch 077/120 train start
Epoch 077/120 validation start
Epoch 077 | train_loss 0.1641 | val_loss 0.1550 | val_psnr 26.49 | val_lpips 0.0414 | val_lpips_full 0.0674 | edge 0.0189 | dark_noise 0.0040 | chroma 0.0379 | decomp 0.0566 | smooth_enh 0.0151 | lambda_mean 1.0466 | lambda_min 0.4281 | lambda_max 1.3442

Epoch 078/120 train start
Epoch 078/120 validation start
Epoch 078 | train_loss 0.1653 | val_loss 0.1594 | val_psnr 26.38 | val_lpips 0.0408 | val_lpips_full 0.0666 | edge 0.0189 | dark_noise 0.0040 | chroma 0.0367 | decomp 0.0616 | smooth_enh 0.0149 | lambda_mean 1.0386 | lambda_min 0.4185 | lambda_max 1.3429

Epoch 079/120 train start
Epoch 079/120 validation start
Epoch 079 | train_loss 0.1634 | val_loss 0.1554 | val_psnr 26.63 | val_lpips 0.0403 | val_lpips_full 0.0666 | edge 0.0188 | dark_noise 0.0040 | chroma 0.0352 | decomp 0.0587 | smooth_enh 0.0148 | lambda_mean 1.0420 | lambda_min 0.4241 | lambda_max 1.3434

Epoch 080/120 train start
Epoch 080/120 validation start
Epoch 080 | train_loss 0.1641 | val_loss 0.1520 | val_psnr 26.20 | val_lpips 0.0419 | val_lpips_full 0.0676 | edge 0.0188 | dark_noise 0.0039 | chroma 0.0357 | decomp 0.0507 | smooth_enh 0.0145 | lambda_mean 1.0557 | lambda_min 0.4412 | lambda_max 1.3438

Epoch 081/120 train start
Epoch 081/120 validation start
Epoch 081 | train_loss 0.1644 | val_loss 0.1537 | val_psnr 26.55 | val_lpips 0.0415 | val_lpips_full 0.0681 | edge 0.0187 | dark_noise 0.0039 | chroma 0.0349 | decomp 0.0555 | smooth_enh 0.0143 | lambda_mean 1.0426 | lambda_min 0.4191 | lambda_max 1.3427

Epoch 082/120 train start
Epoch 082/120 validation start
Epoch 082 | train_loss 0.1628 | val_loss 0.1524 | val_psnr 26.37 | val_lpips 0.0410 | val_lpips_full 0.0670 | edge 0.0187 | dark_noise 0.0040 | chroma 0.0357 | decomp 0.0517 | smooth_enh 0.0144 | lambda_mean 1.0504 | lambda_min 0.4275 | lambda_max 1.3435

Epoch 083/120 train start
Epoch 083/120 validation start
Epoch 083 | train_loss 0.1641 | val_loss 0.1562 | val_psnr 26.51 | val_lpips 0.0408 | val_lpips_full 0.0671 | edge 0.0187 | dark_noise 0.0040 | chroma 0.0350 | decomp 0.0596 | smooth_enh 0.0145 | lambda_mean 1.0388 | lambda_min 0.4148 | lambda_max 1.3433

Epoch 084/120 train start
Epoch 084/120 validation start
Epoch 084 | train_loss 0.1639 | val_loss 0.1523 | val_psnr 26.60 | val_lpips 0.0396 | val_lpips_full 0.0644 | edge 0.0190 | dark_noise 0.0040 | chroma 0.0344 | decomp 0.0544 | smooth_enh 0.0154 | lambda_mean 1.0454 | lambda_min 0.4171 | lambda_max 1.3439

Epoch 085/120 train start
Epoch 085/120 validation start
Epoch 085 | train_loss 0.1620 | val_loss 0.1533 | val_psnr 26.61 | val_lpips 0.0399 | val_lpips_full 0.0653 | edge 0.0188 | dark_noise 0.0040 | chroma 0.0348 | decomp 0.0558 | smooth_enh 0.0149 | lambda_mean 1.0442 | lambda_min 0.4183 | lambda_max 1.3434

Epoch 086/120 train start
Epoch 086/120 validation start
Epoch 086 | train_loss 0.1629 | val_loss 0.1514 | val_psnr 26.57 | val_lpips 0.0398 | val_lpips_full 0.0653 | edge 0.0189 | dark_noise 0.0040 | chroma 0.0348 | decomp 0.0529 | smooth_enh 0.0150 | lambda_mean 1.0497 | lambda_min 0.4291 | lambda_max 1.3436

Epoch 087/120 train start
Epoch 087/120 validation start
Epoch 087 | train_loss 0.1645 | val_loss 0.1556 | val_psnr 26.69 | val_lpips 0.0396 | val_lpips_full 0.0659 | edge 0.0188 | dark_noise 0.0040 | chroma 0.0346 | decomp 0.0599 | smooth_enh 0.0148 | lambda_mean 1.0386 | lambda_min 0.4117 | lambda_max 1.3435
Best model updated -> Epoch: 87, psnr: 26.6894, PSNR: 26.6894, LPIPS@loss: 0.0396, LPIPS full: 0.0659

Epoch 088/120 train start
Epoch 088/120 validation start
Epoch 088 | train_loss 0.1623 | val_loss 0.1532 | val_psnr 26.63 | val_lpips 0.0393 | val_lpips_full 0.0641 | edge 0.0188 | dark_noise 0.0040 | chroma 0.0347 | decomp 0.0570 | smooth_enh 0.0150 | lambda_mean 1.0423 | lambda_min 0.4119 | lambda_max 1.3428

Epoch 089/120 train start
Epoch 089/120 validation start
Epoch 089 | train_loss 0.1620 | val_loss 0.1527 | val_psnr 26.60 | val_lpips 0.0396 | val_lpips_full 0.0648 | edge 0.0188 | dark_noise 0.0040 | chroma 0.0346 | decomp 0.0556 | smooth_enh 0.0148 | lambda_mean 1.0437 | lambda_min 0.4173 | lambda_max 1.3436

Epoch 090/120 train start
Epoch 090/120 validation start
Epoch 090 | train_loss 0.1627 | val_loss 0.1542 | val_psnr 26.61 | val_lpips 0.0404 | val_lpips_full 0.0669 | edge 0.0187 | dark_noise 0.0040 | chroma 0.0347 | decomp 0.0563 | smooth_enh 0.0146 | lambda_mean 1.0434 | lambda_min 0.4179 | lambda_max 1.3438

Epoch 091/120 train start
Epoch 091/120 validation start
Epoch 091 | train_loss 0.1617 | val_loss 0.1539 | val_psnr 26.69 | val_lpips 0.0395 | val_lpips_full 0.0646 | edge 0.0187 | dark_noise 0.0039 | chroma 0.0347 | decomp 0.0575 | smooth_enh 0.0147 | lambda_mean 1.0430 | lambda_min 0.4182 | lambda_max 1.3431
Best model updated -> Epoch: 91, psnr: 26.6909, PSNR: 26.6909, LPIPS@loss: 0.0395, LPIPS full: 0.0646

Epoch 092/120 train start
Epoch 092/120 validation start
Epoch 092 | train_loss 0.1618 | val_loss 0.1533 | val_psnr 26.60 | val_lpips 0.0392 | val_lpips_full 0.0644 | edge 0.0188 | dark_noise 0.0040 | chroma 0.0344 | decomp 0.0562 | smooth_enh 0.0149 | lambda_mean 1.0451 | lambda_min 0.4230 | lambda_max 1.3434

Epoch 093/120 train start
Epoch 093/120 validation start
Epoch 093 | train_loss 0.1612 | val_loss 0.1520 | val_psnr 26.39 | val_lpips 0.0400 | val_lpips_full 0.0655 | edge 0.0187 | dark_noise 0.0040 | chroma 0.0346 | decomp 0.0529 | smooth_enh 0.0146 | lambda_mean 1.0498 | lambda_min 0.4324 | lambda_max 1.3437

Epoch 094/120 train start
Epoch 094/120 validation start
Epoch 094 | train_loss 0.1634 | val_loss 0.1528 | val_psnr 26.82 | val_lpips 0.0398 | val_lpips_full 0.0649 | edge 0.0187 | dark_noise 0.0040 | chroma 0.0349 | decomp 0.0572 | smooth_enh 0.0148 | lambda_mean 1.0422 | lambda_min 0.4167 | lambda_max 1.3436
Best model updated -> Epoch: 94, psnr: 26.8240, PSNR: 26.8240, LPIPS@loss: 0.0398, LPIPS full: 0.0649

Epoch 095/120 train start
Epoch 095/120 validation start
Epoch 095 | train_loss 0.1623 | val_loss 0.1525 | val_psnr 26.74 | val_lpips 0.0392 | val_lpips_full 0.0647 | edge 0.0187 | dark_noise 0.0040 | chroma 0.0344 | decomp 0.0565 | smooth_enh 0.0148 | lambda_mean 1.0439 | lambda_min 0.4200 | lambda_max 1.3430

Epoch 096/120 train start
Epoch 096/120 validation start
Epoch 096 | train_loss 0.1627 | val_loss 0.1552 | val_psnr 26.64 | val_lpips 0.0391 | val_lpips_full 0.0640 | edge 0.0188 | dark_noise 0.0040 | chroma 0.0346 | decomp 0.0585 | smooth_enh 0.0152 | lambda_mean 1.0392 | lambda_min 0.4088 | lambda_max 1.3436

Epoch 097/120 train start
Epoch 097/120 validation start
Epoch 097 | train_loss 0.1602 | val_loss 0.1562 | val_psnr 26.76 | val_lpips 0.0394 | val_lpips_full 0.0649 | edge 0.0187 | dark_noise 0.0040 | chroma 0.0347 | decomp 0.0610 | smooth_enh 0.0147 | lambda_mean 1.0362 | lambda_min 0.4081 | lambda_max 1.3429

Epoch 098/120 train start
Epoch 098/120 validation start
Epoch 098 | train_loss 0.1612 | val_loss 0.1539 | val_psnr 26.66 | val_lpips 0.0390 | val_lpips_full 0.0635 | edge 0.0188 | dark_noise 0.0040 | chroma 0.0349 | decomp 0.0574 | smooth_enh 0.0153 | lambda_mean 1.0427 | lambda_min 0.4123 | lambda_max 1.3438

Epoch 099/120 train start
Epoch 099/120 validation start
Epoch 099 | train_loss 0.1609 | val_loss 0.1549 | val_psnr 26.70 | val_lpips 0.0394 | val_lpips_full 0.0648 | edge 0.0187 | dark_noise 0.0040 | chroma 0.0345 | decomp 0.0586 | smooth_enh 0.0147 | lambda_mean 1.0396 | lambda_min 0.4137 | lambda_max 1.3429

Epoch 100/120 train start
Epoch 100/120 validation start
Epoch 100 | train_loss 0.1611 | val_loss 0.1538 | val_psnr 26.74 | val_lpips 0.0394 | val_lpips_full 0.0649 | edge 0.0186 | dark_noise 0.0040 | chroma 0.0344 | decomp 0.0578 | smooth_enh 0.0146 | lambda_mean 1.0417 | lambda_min 0.4199 | lambda_max 1.3436

Epoch 101/120 train start
Epoch 101/120 validation start
Epoch 101 | train_loss 0.1611 | val_loss 0.1552 | val_psnr 26.69 | val_lpips 0.0394 | val_lpips_full 0.0646 | edge 0.0187 | dark_noise 0.0040 | chroma 0.0343 | decomp 0.0593 | smooth_enh 0.0148 | lambda_mean 1.0386 | lambda_min 0.4082 | lambda_max 1.3425

Epoch 102/120 train start
Epoch 102/120 validation start
Epoch 102 | train_loss 0.1603 | val_loss 0.1548 | val_psnr 26.63 | val_lpips 0.0390 | val_lpips_full 0.0640 | edge 0.0187 | dark_noise 0.0040 | chroma 0.0341 | decomp 0.0589 | smooth_enh 0.0148 | lambda_mean 1.0392 | lambda_min 0.4131 | lambda_max 1.3426

Epoch 103/120 train start
Epoch 103/120 validation start
Epoch 103 | train_loss 0.1609 | val_loss 0.1568 | val_psnr 26.66 | val_lpips 0.0399 | val_lpips_full 0.0659 | edge 0.0186 | dark_noise 0.0040 | chroma 0.0346 | decomp 0.0608 | smooth_enh 0.0146 | lambda_mean 1.0364 | lambda_min 0.4089 | lambda_max 1.3433

Epoch 104/120 train start
Epoch 104/120 validation start
Epoch 104 | train_loss 0.1609 | val_loss 0.1576 | val_psnr 26.68 | val_lpips 0.0391 | val_lpips_full 0.0636 | edge 0.0187 | dark_noise 0.0040 | chroma 0.0345 | decomp 0.0625 | smooth_enh 0.0148 | lambda_mean 1.0332 | lambda_min 0.4027 | lambda_max 1.3426

Epoch 105/120 train start
Epoch 105/120 validation start
Epoch 105 | train_loss 0.1587 | val_loss 0.1544 | val_psnr 26.69 | val_lpips 0.0388 | val_lpips_full 0.0637 | edge 0.0187 | dark_noise 0.0040 | chroma 0.0344 | decomp 0.0585 | smooth_enh 0.0149 | lambda_mean 1.0403 | lambda_min 0.4108 | lambda_max 1.3432

Epoch 106/120 train start
Epoch 106/120 validation start
Epoch 106 | train_loss 0.1603 | val_loss 0.1528 | val_psnr 26.72 | val_lpips 0.0391 | val_lpips_full 0.0646 | edge 0.0186 | dark_noise 0.0040 | chroma 0.0343 | decomp 0.0561 | smooth_enh 0.0146 | lambda_mean 1.0441 | lambda_min 0.4128 | lambda_max 1.3434

Epoch 107/120 train start
Epoch 107/120 validation start
Epoch 107 | train_loss 0.1595 | val_loss 0.1556 | val_psnr 26.66 | val_lpips 0.0385 | val_lpips_full 0.0630 | edge 0.0187 | dark_noise 0.0040 | chroma 0.0344 | decomp 0.0598 | smooth_enh 0.0151 | lambda_mean 1.0398 | lambda_min 0.4128 | lambda_max 1.3430

Epoch 108/120 train start
Epoch 108/120 validation start
Epoch 108 | train_loss 0.1593 | val_loss 0.1563 | val_psnr 26.71 | val_lpips 0.0392 | val_lpips_full 0.0647 | edge 0.0187 | dark_noise 0.0040 | chroma 0.0345 | decomp 0.0604 | smooth_enh 0.0149 | lambda_mean 1.0366 | lambda_min 0.4084 | lambda_max 1.3432

Epoch 109/120 train start
Epoch 109/120 validation start
Epoch 109 | train_loss 0.1601 | val_loss 0.1543 | val_psnr 26.68 | val_lpips 0.0389 | val_lpips_full 0.0637 | edge 0.0187 | dark_noise 0.0040 | chroma 0.0341 | decomp 0.0580 | smooth_enh 0.0148 | lambda_mean 1.0413 | lambda_min 0.4141 | lambda_max 1.3432

Epoch 110/120 train start
Epoch 110/120 validation start
Epoch 110 | train_loss 0.1606 | val_loss 0.1547 | val_psnr 26.66 | val_lpips 0.0385 | val_lpips_full 0.0631 | edge 0.0187 | dark_noise 0.0040 | chroma 0.0340 | decomp 0.0586 | smooth_enh 0.0150 | lambda_mean 1.0400 | lambda_min 0.4122 | lambda_max 1.3431

Epoch 111/120 train start
Epoch 111/120 validation start
Epoch 111 | train_loss 0.1596 | val_loss 0.1539 | val_psnr 26.66 | val_lpips 0.0387 | val_lpips_full 0.0635 | edge 0.0187 | dark_noise 0.0040 | chroma 0.0343 | decomp 0.0573 | smooth_enh 0.0148 | lambda_mean 1.0430 | lambda_min 0.4148 | lambda_max 1.3431

Epoch 112/120 train start
Epoch 112/120 validation start
Epoch 112 | train_loss 0.1595 | val_loss 0.1544 | val_psnr 26.60 | val_lpips 0.0387 | val_lpips_full 0.0637 | edge 0.0187 | dark_noise 0.0040 | chroma 0.0343 | decomp 0.0576 | smooth_enh 0.0150 | lambda_mean 1.0424 | lambda_min 0.4115 | lambda_max 1.3433

Epoch 113/120 train start
Epoch 113/120 validation start
Epoch 113 | train_loss 0.1599 | val_loss 0.1548 | val_psnr 26.67 | val_lpips 0.0388 | val_lpips_full 0.0632 | edge 0.0187 | dark_noise 0.0040 | chroma 0.0345 | decomp 0.0587 | smooth_enh 0.0149 | lambda_mean 1.0381 | lambda_min 0.4050 | lambda_max 1.3431

Epoch 114/120 train start
Epoch 114/120 validation start
Epoch 114 | train_loss 0.1610 | val_loss 0.1561 | val_psnr 26.63 | val_lpips 0.0388 | val_lpips_full 0.0641 | edge 0.0186 | dark_noise 0.0040 | chroma 0.0342 | decomp 0.0601 | smooth_enh 0.0149 | lambda_mean 1.0384 | lambda_min 0.4080 | lambda_max 1.3433

Epoch 115/120 train start
Epoch 115/120 validation start
Epoch 115 | train_loss 0.1619 | val_loss 0.1541 | val_psnr 26.67 | val_lpips 0.0387 | val_lpips_full 0.0631 | edge 0.0187 | dark_noise 0.0040 | chroma 0.0345 | decomp 0.0575 | smooth_enh 0.0149 | lambda_mean 1.0410 | lambda_min 0.4133 | lambda_max 1.3432

Epoch 116/120 train start
Epoch 116/120 validation start
Epoch 116 | train_loss 0.1598 | val_loss 0.1565 | val_psnr 26.67 | val_lpips 0.0385 | val_lpips_full 0.0633 | edge 0.0187 | dark_noise 0.0040 | chroma 0.0343 | decomp 0.0609 | smooth_enh 0.0151 | lambda_mean 1.0359 | lambda_min 0.4064 | lambda_max 1.3431

Epoch 117/120 train start
Epoch 117/120 validation start
Epoch 117 | train_loss 0.1599 | val_loss 0.1544 | val_psnr 26.68 | val_lpips 0.0389 | val_lpips_full 0.0638 | edge 0.0187 | dark_noise 0.0040 | chroma 0.0344 | decomp 0.0580 | smooth_enh 0.0149 | lambda_mean 1.0408 | lambda_min 0.4107 | lambda_max 1.3432

Epoch 118/120 train start
Epoch 118/120 validation start
Epoch 118 | train_loss 0.1595 | val_loss 0.1583 | val_psnr 26.64 | val_lpips 0.0384 | val_lpips_full 0.0628 | edge 0.0187 | dark_noise 0.0040 | chroma 0.0342 | decomp 0.0629 | smooth_enh 0.0152 | lambda_mean 1.0334 | lambda_min 0.4048 | lambda_max 1.3430

Epoch 119/120 train start
Epoch 119/120 validation start
Epoch 119 | train_loss 0.1602 | val_loss 0.1542 | val_psnr 26.64 | val_lpips 0.0391 | val_lpips_full 0.0642 | edge 0.0186 | dark_noise 0.0040 | chroma 0.0342 | decomp 0.0570 | smooth_enh 0.0148 | lambda_mean 1.0415 | lambda_min 0.4137 | lambda_max 1.3433

Epoch 120/120 train start
Epoch 120/120 validation start
Epoch 120 | train_loss 0.1612 | val_loss 0.1554 | val_psnr 26.64 | val_lpips 0.0389 | val_lpips_full 0.0637 | edge 0.0187 | dark_noise 0.0040 | chroma 0.0343 | decomp 0.0593 | smooth_enh 0.0149 | lambda_mean 1.0391 | lambda_min 0.4106 | lambda_max 1.3432
===== TRAIN FINISHED =====
Best epoch: 94
Best psnr: 26.8239653145613
Best PSNR: 26.8239653145613
Best LPIPS@loss: 0.03976655342005964
Best LPIPS full: 0.06494354237481181
Best checkpoint: /content/retinextapetum_hpo/projects/uhd_ll_down4/final/source_profile_baseline_seed_42/run/checkpoints/best.pth
Last checkpoint: /content/retinextapetum_hpo/projects/uhd_ll_down4/final/source_profile_baseline_seed_42/run/checkpoints/last.pth
