

===== PROCESS START 2026-08-10T11:48:03+00:00 =====
COMMAND: /usr/bin/python3 -u train.py
DEVICE: cuda
TRAIN_LOW_DIR : /content/drive/MyDrive/TAPETUM/datasets/LOL-v2/Real_captured/Train/Low
TRAIN_HIGH_DIR: /content/drive/MyDrive/TAPETUM/datasets/LOL-v2/Real_captured/Train/Normal
VAL_LOW_DIR   : /content/drive/MyDrive/TAPETUM/datasets/LOL-v2/Real_captured/Val/Low
VAL_HIGH_DIR  : /content/drive/MyDrive/TAPETUM/datasets/LOL-v2/Real_captured/Val/Normal
CKPT_DIR      : /content/retinextapetum_lambda_boundary/lambda_2p40/checkpoints
USE_TRAIN_VAL_SPLIT: True
VAL_RATIO     : 0.1
SPLIT_SEED    : 42
BASE_CHANNELS : 128
BATCH_SIZE    : 2
EPOCHS        : 30
LR            : 0.0006620890956705852
MIN_LR        : 4.082960740748955e-05
W_LPIPS       : 0.08
BEST_METRIC   : psnr
RESUME        : True
RESUME_CKPT   : last.pth
TRAIN_LOG_INTERVAL: 0
VAL_LOG_INTERVAL  : 0
WARNING: When changing train/validation split settings, use RETINEX_TAPETUM_RESUME=0 for a clean experimental run.
DRIVE_CKPT_MIRROR_DIR: /content/drive/MyDrive/TAPETUM/HyperparameterSearch/lol_v2_real/lambda_boundary/lambda_2p40/checkpoints
Total paired train images: 689
Train split images: 620
Val split images: 69
VAL_RATIO: 0.10
SPLIT_SEED: 42
[Dataset] /content/drive/MyDrive/TAPETUM/datasets/LOL-v2/Real_captured/Train/Low
Mode: train
Split file_list: yes
Paired samples: 620
[Dataset] /content/drive/MyDrive/TAPETUM/datasets/LOL-v2/Real_captured/Train/Low
Mode: val/test
Split file_list: yes
Paired samples: 69
Train batches: 310
Val batches  : 69
Trainable params: 536,463
Setting up [LPIPS] perceptual loss: trunk [alex], v[0.1], spatial [off]
/usr/local/lib/python3.12/dist-packages/torchvision/models/_utils.py:208: UserWarning: The parameter 'pretrained' is deprecated since 0.13 and may be removed in the future, please use 'weights' instead.
  warnings.warn(
/usr/local/lib/python3.12/dist-packages/torchvision/models/_utils.py:223: UserWarning: Arguments other than a weight enum or `None` for 'weights' are deprecated since 0.13 and may be removed in the future. The current behavior is equivalent to passing `weights=AlexNet_Weights.IMAGENET1K_V1`. You can also use `weights=AlexNet_Weights.DEFAULT` to get the most up-to-date weights.
  warnings.warn(msg)
Loading model from: /usr/local/lib/python3.12/dist-packages/lpips/weights/v0.1/alex.pth
LPIPS training loss: enabled (alex, weight=0.08)
Loading resume checkpoint: /content/retinextapetum_lambda_boundary/lambda_2p40/checkpoints/last.pth
Resume state -> completed_epoch: 25, next_epoch: 26, best_epoch: 0, best_psnr: -1.0000, no_improve: 0

===== TRAIN START =====

Epoch 026/030 train start
Epoch 026/030 validation start
Epoch 026 | train_loss 0.2906 | val_loss 0.2805 | val_psnr 20.00 | val_lpips 0.1615 | val_lpips_full 0.2306 | edge 0.0316 | dark_noise 0.0129 | chroma 0.0974 | decomp 0.0742 | smooth_enh 0.0191 | lambda_mean 2.1406 | lambda_min 1.3484 | lambda_max 2.3901
Best model updated -> Epoch: 26, psnr: 20.0007, PSNR: 20.0007, LPIPS@loss: 0.1615, LPIPS full: 0.2306

Epoch 027/030 train start
Epoch 027/030 validation start
Epoch 027 | train_loss 0.2876 | val_loss 0.2990 | val_psnr 20.70 | val_lpips 0.1440 | val_lpips_full 0.2170 | edge 0.0322 | dark_noise 0.0130 | chroma 0.0902 | decomp 0.1021 | smooth_enh 0.0218 | lambda_mean 2.0875 | lambda_min 1.2280 | lambda_max 2.3754
Best model updated -> Epoch: 27, psnr: 20.7028, PSNR: 20.7028, LPIPS@loss: 0.1440, LPIPS full: 0.2170

Epoch 028/030 train start
Epoch 028/030 validation start
Epoch 028 | train_loss 0.2854 | val_loss 0.2729 | val_psnr 20.34 | val_lpips 0.1524 | val_lpips_full 0.2256 | edge 0.0313 | dark_noise 0.0129 | chroma 0.0928 | decomp 0.0728 | smooth_enh 0.0185 | lambda_mean 2.1381 | lambda_min 1.3458 | lambda_max 2.3904

Epoch 029/030 train start
Epoch 029/030 validation start
Epoch 029 | train_loss 0.2810 | val_loss 0.2716 | val_psnr 20.45 | val_lpips 0.1393 | val_lpips_full 0.2114 | edge 0.0313 | dark_noise 0.0129 | chroma 0.0889 | decomp 0.0755 | smooth_enh 0.0199 | lambda_mean 2.1300 | lambda_min 1.2982 | lambda_max 2.3889

Epoch 030/030 train start
Epoch 030/030 validation start
Epoch 030 | train_loss 0.2783 | val_loss 0.2796 | val_psnr 20.85 | val_lpips 0.1446 | val_lpips_full 0.2144 | edge 0.0313 | dark_noise 0.0129 | chroma 0.0923 | decomp 0.0867 | smooth_enh 0.0200 | lambda_mean 2.1029 | lambda_min 1.2815 | lambda_max 2.3832
Best model updated -> Epoch: 30, psnr: 20.8500, PSNR: 20.8500, LPIPS@loss: 0.1446, LPIPS full: 0.2144
===== TRAIN FINISHED =====
Best epoch: 30
Best psnr: 20.849986716195723
Best PSNR: 20.849986716195723
Best LPIPS@loss: 0.14461583827716717
Best LPIPS full: 0.2143798939127853
Best checkpoint: /content/retinextapetum_lambda_boundary/lambda_2p40/checkpoints/best.pth
Last checkpoint: /content/retinextapetum_lambda_boundary/lambda_2p40/checkpoints/last.pth
===== PROCESS END 2026-08-10T11:59:54+00:00 | return_code=0 =====


===== PROCESS START 2026-08-10T11:59:54+00:00 =====
COMMAND: /usr/bin/python3 -u lambda_boundary_diagnostics.py
Total paired train images: 689
Train split images: 620
Val split images: 69
VAL_RATIO: 0.10
SPLIT_SEED: 42
[Dataset] /content/drive/MyDrive/TAPETUM/datasets/LOL-v2/Real_captured/Train/Low
Mode: val/test
Split file_list: yes
Paired samples: 69
BOUNDARY_DIAGNOSTICS_JSON={"blue_bias": -0.0015151653172232318, "checkpoint_epoch": 30, "green_bias": 0.00021696659952294135, "lambda_max_configured": 2.4, "lambda_utilization": 0.8761967207498597, "luminance_bias": -0.0010232410353163014, "luminance_mae": 0.08177161243730698, "output_high_clip_ratio": 0.006066566130792363, "output_low_clip_ratio": 0.0, "red_bias": -0.005028320901581775, "rgb_mae": 0.08677172623034837, "target_high_clip_ratio": 0.008495752830429516, "validation_images": 69}
===== PROCESS END 2026-08-10T12:00:08+00:00 | return_code=0 =====
