DEVICE: cuda
TRAIN_LOW_DIR : /content/drive/MyDrive/TAPETUM/datasets/LOL-v2/Real_captured/Train/Low
TRAIN_HIGH_DIR: /content/drive/MyDrive/TAPETUM/datasets/LOL-v2/Real_captured/Train/Normal
VAL_LOW_DIR   : /content/drive/MyDrive/TAPETUM/datasets/LOL-v2/Real_captured/Val/Low
VAL_HIGH_DIR  : /content/drive/MyDrive/TAPETUM/datasets/LOL-v2/Real_captured/Val/Normal
CKPT_DIR      : /content/retinextapetum_hpo/projects/lol_v2_real/final/source_profile_baseline_seed_3407/run/checkpoints
USE_TRAIN_VAL_SPLIT: True
VAL_RATIO     : 0.1
SPLIT_SEED    : 42
BASE_CHANNELS : 128
BATCH_SIZE    : 2
EPOCHS        : 120
LR            : 0.00046948014087030786
MIN_LR        : 2.12826357198832e-05
W_LPIPS       : 0.08
BEST_METRIC   : psnr
RESUME        : False
RESUME_CKPT   : last.pth
TRAIN_LOG_INTERVAL: 0
VAL_LOG_INTERVAL  : 0
Split manifest: /content/drive/MyDrive/TAPETUM/HyperparameterSearch/lol_v2_real/split_manifest.json
Train split images: 620
Val split images: 69
[Dataset] /content/drive/MyDrive/TAPETUM/datasets/LOL-v2/Real_captured/Train/Low
Mode: train
Split file_list: yes
Paired samples: 620
[Dataset] /content/drive/MyDrive/TAPETUM/datasets/LOL-v2/Real_captured/Train/Low
Mode: val/test
Split file_list: yes
Paired samples: 69
Train batches: 310
Val batches  : 69
Trainable params: 536,463
Setting up [LPIPS] perceptual loss: trunk [alex], v[0.1], spatial [off]
/usr/local/lib/python3.12/dist-packages/torchvision/models/_utils.py:208: UserWarning: The parameter 'pretrained' is deprecated since 0.13 and may be removed in the future, please use 'weights' instead.
  warnings.warn(
/usr/local/lib/python3.12/dist-packages/torchvision/models/_utils.py:223: UserWarning: Arguments other than a weight enum or `None` for 'weights' are deprecated since 0.13 and may be removed in the future. The current behavior is equivalent to passing `weights=AlexNet_Weights.IMAGENET1K_V1`. You can also use `weights=AlexNet_Weights.DEFAULT` to get the most up-to-date weights.
  warnings.warn(msg)
Loading model from: /usr/local/lib/python3.12/dist-packages/lpips/weights/v0.1/alex.pth
LPIPS training loss: enabled (alex, weight=0.08)
Resume disabled: RETINEX_TAPETUM_RESUME=0/config.RESUME_TRAINING=False

===== TRAIN START =====

Epoch 001/120 train start
Epoch 001/120 validation start
Epoch 001 | train_loss 0.5809 | val_loss 0.4786 | val_psnr 14.77 | val_lpips 0.4484 | val_lpips_full 0.5285 | edge 0.0371 | dark_noise 0.0131 | chroma 0.1234 | decomp 0.1136 | smooth_enh 0.0098 | lambda_mean 1.1360 | lambda_min 0.7841 | lambda_max 1.2259
Best model updated -> Epoch: 1, psnr: 14.7660, PSNR: 14.7660, LPIPS@loss: 0.4484, LPIPS full: 0.5285

Epoch 002/120 train start
Epoch 002/120 validation start
Epoch 002 | train_loss 0.4736 | val_loss 0.4372 | val_psnr 17.19 | val_lpips 0.3791 | val_lpips_full 0.4790 | edge 0.0375 | dark_noise 0.0133 | chroma 0.1328 | decomp 0.1303 | smooth_enh 0.0161 | lambda_mean 1.1457 | lambda_min 0.6671 | lambda_max 1.3089
Best model updated -> Epoch: 2, psnr: 17.1863, PSNR: 17.1863, LPIPS@loss: 0.3791, LPIPS full: 0.4790

Epoch 003/120 train start
Epoch 003/120 validation start
Epoch 003 | train_loss 0.4407 | val_loss 0.4087 | val_psnr 17.75 | val_lpips 0.3351 | val_lpips_full 0.4396 | edge 0.0372 | dark_noise 0.0133 | chroma 0.1117 | decomp 0.1167 | smooth_enh 0.0171 | lambda_mean 1.1519 | lambda_min 0.6731 | lambda_max 1.3282
Best model updated -> Epoch: 3, psnr: 17.7545, PSNR: 17.7545, LPIPS@loss: 0.3351, LPIPS full: 0.4396

Epoch 004/120 train start
Epoch 004/120 validation start
Epoch 004 | train_loss 0.4276 | val_loss 0.4041 | val_psnr 17.09 | val_lpips 0.3313 | val_lpips_full 0.4299 | edge 0.0368 | dark_noise 0.0133 | chroma 0.1186 | decomp 0.1007 | smooth_enh 0.0150 | lambda_mean 1.1634 | lambda_min 0.7501 | lambda_max 1.3189

Epoch 005/120 train start
Epoch 005/120 validation start
Epoch 005 | train_loss 0.4196 | val_loss 0.3996 | val_psnr 17.85 | val_lpips 0.3104 | val_lpips_full 0.4101 | edge 0.0367 | dark_noise 0.0134 | chroma 0.1079 | decomp 0.1123 | smooth_enh 0.0162 | lambda_mean 1.1610 | lambda_min 0.7133 | lambda_max 1.3297
Best model updated -> Epoch: 5, psnr: 17.8490, PSNR: 17.8490, LPIPS@loss: 0.3104, LPIPS full: 0.4101

Epoch 006/120 train start
Epoch 006/120 validation start
Epoch 006 | train_loss 0.4074 | val_loss 0.3869 | val_psnr 18.05 | val_lpips 0.3083 | val_lpips_full 0.4093 | edge 0.0372 | dark_noise 0.0134 | chroma 0.1089 | decomp 0.1049 | smooth_enh 0.0175 | lambda_mean 1.1550 | lambda_min 0.7053 | lambda_max 1.3354
Best model updated -> Epoch: 6, psnr: 18.0533, PSNR: 18.0533, LPIPS@loss: 0.3083, LPIPS full: 0.4093

Epoch 007/120 train start
Epoch 007/120 validation start
Epoch 007 | train_loss 0.4064 | val_loss 0.3862 | val_psnr 18.34 | val_lpips 0.2961 | val_lpips_full 0.3943 | edge 0.0374 | dark_noise 0.0135 | chroma 0.1060 | decomp 0.1159 | smooth_enh 0.0177 | lambda_mean 1.1415 | lambda_min 0.7195 | lambda_max 1.3312
Best model updated -> Epoch: 7, psnr: 18.3430, PSNR: 18.3430, LPIPS@loss: 0.2961, LPIPS full: 0.3943

Epoch 008/120 train start
Epoch 008/120 validation start
Epoch 008 | train_loss 0.4043 | val_loss 0.3925 | val_psnr 18.95 | val_lpips 0.2927 | val_lpips_full 0.3903 | edge 0.0374 | dark_noise 0.0134 | chroma 0.1055 | decomp 0.1324 | smooth_enh 0.0183 | lambda_mean 1.1280 | lambda_min 0.6895 | lambda_max 1.3251
Best model updated -> Epoch: 8, psnr: 18.9503, PSNR: 18.9503, LPIPS@loss: 0.2927, LPIPS full: 0.3903

Epoch 009/120 train start
Epoch 009/120 validation start
Epoch 009 | train_loss 0.3954 | val_loss 0.3815 | val_psnr 18.31 | val_lpips 0.2892 | val_lpips_full 0.3850 | edge 0.0367 | dark_noise 0.0133 | chroma 0.1070 | decomp 0.1104 | smooth_enh 0.0176 | lambda_mean 1.1560 | lambda_min 0.7255 | lambda_max 1.3374

Epoch 010/120 train start
Epoch 010/120 validation start
Epoch 010 | train_loss 0.3925 | val_loss 0.3836 | val_psnr 19.11 | val_lpips 0.2766 | val_lpips_full 0.3778 | edge 0.0368 | dark_noise 0.0133 | chroma 0.1075 | decomp 0.1274 | smooth_enh 0.0195 | lambda_mean 1.1314 | lambda_min 0.6717 | lambda_max 1.3352
Best model updated -> Epoch: 10, psnr: 19.1123, PSNR: 19.1123, LPIPS@loss: 0.2766, LPIPS full: 0.3778

Epoch 011/120 train start
Epoch 011/120 validation start
Epoch 011 | train_loss 0.3892 | val_loss 0.3733 | val_psnr 19.12 | val_lpips 0.2737 | val_lpips_full 0.3732 | edge 0.0367 | dark_noise 0.0133 | chroma 0.1144 | decomp 0.1233 | smooth_enh 0.0198 | lambda_mean 1.1332 | lambda_min 0.6751 | lambda_max 1.3387
Best model updated -> Epoch: 11, psnr: 19.1231, PSNR: 19.1231, LPIPS@loss: 0.2737, LPIPS full: 0.3732

Epoch 012/120 train start
Epoch 012/120 validation start
Epoch 012 | train_loss 0.3805 | val_loss 0.3833 | val_psnr 17.78 | val_lpips 0.2794 | val_lpips_full 0.3633 | edge 0.0351 | dark_noise 0.0132 | chroma 0.1216 | decomp 0.1060 | smooth_enh 0.0161 | lambda_mean 1.1729 | lambda_min 0.7133 | lambda_max 1.3438

Epoch 013/120 train start
Epoch 013/120 validation start
Epoch 013 | train_loss 0.3733 | val_loss 0.3568 | val_psnr 18.97 | val_lpips 0.2406 | val_lpips_full 0.3210 | edge 0.0352 | dark_noise 0.0132 | chroma 0.1111 | decomp 0.1113 | smooth_enh 0.0181 | lambda_mean 1.1519 | lambda_min 0.6562 | lambda_max 1.3413

Epoch 014/120 train start
Epoch 014/120 validation start
Epoch 014 | train_loss 0.3694 | val_loss 0.3659 | val_psnr 18.99 | val_lpips 0.2326 | val_lpips_full 0.3066 | edge 0.0351 | dark_noise 0.0132 | chroma 0.1075 | decomp 0.1212 | smooth_enh 0.0188 | lambda_mean 1.1449 | lambda_min 0.6287 | lambda_max 1.3403

Epoch 015/120 train start
Epoch 015/120 validation start
Epoch 015 | train_loss 0.3631 | val_loss 0.3490 | val_psnr 19.60 | val_lpips 0.2124 | val_lpips_full 0.2908 | edge 0.0353 | dark_noise 0.0133 | chroma 0.0998 | decomp 0.1186 | smooth_enh 0.0205 | lambda_mean 1.1414 | lambda_min 0.6283 | lambda_max 1.3422
Best model updated -> Epoch: 15, psnr: 19.5952, PSNR: 19.5952, LPIPS@loss: 0.2124, LPIPS full: 0.2908

Epoch 016/120 train start
Epoch 016/120 validation start
Epoch 016 | train_loss 0.3597 | val_loss 0.3667 | val_psnr 18.10 | val_lpips 0.2352 | val_lpips_full 0.3091 | edge 0.0346 | dark_noise 0.0136 | chroma 0.1105 | decomp 0.0988 | smooth_enh 0.0176 | lambda_mean 1.1760 | lambda_min 0.6851 | lambda_max 1.3487

Epoch 017/120 train start
Epoch 017/120 validation start
Epoch 017 | train_loss 0.3546 | val_loss 0.3648 | val_psnr 20.08 | val_lpips 0.2072 | val_lpips_full 0.2823 | edge 0.0352 | dark_noise 0.0133 | chroma 0.0993 | decomp 0.1439 | smooth_enh 0.0214 | lambda_mean 1.1048 | lambda_min 0.5918 | lambda_max 1.3378
Best model updated -> Epoch: 17, psnr: 20.0773, PSNR: 20.0773, LPIPS@loss: 0.2072, LPIPS full: 0.2823

Epoch 018/120 train start
Epoch 018/120 validation start
Epoch 018 | train_loss 0.3533 | val_loss 0.3461 | val_psnr 19.36 | val_lpips 0.2056 | val_lpips_full 0.2757 | edge 0.0341 | dark_noise 0.0131 | chroma 0.1050 | decomp 0.1171 | smooth_enh 0.0191 | lambda_mean 1.1480 | lambda_min 0.6613 | lambda_max 1.3435

Epoch 019/120 train start
Epoch 019/120 validation start
Epoch 019 | train_loss 0.3548 | val_loss 0.3368 | val_psnr 19.81 | val_lpips 0.1945 | val_lpips_full 0.2645 | edge 0.0338 | dark_noise 0.0131 | chroma 0.0965 | decomp 0.1147 | smooth_enh 0.0190 | lambda_mean 1.1428 | lambda_min 0.6439 | lambda_max 1.3428

Epoch 020/120 train start
Epoch 020/120 validation start
Epoch 020 | train_loss 0.3494 | val_loss 0.3444 | val_psnr 19.45 | val_lpips 0.2046 | val_lpips_full 0.2716 | edge 0.0342 | dark_noise 0.0131 | chroma 0.1026 | decomp 0.1152 | smooth_enh 0.0202 | lambda_mean 1.1476 | lambda_min 0.6291 | lambda_max 1.3433

Epoch 021/120 train start
Epoch 021/120 validation start
Epoch 021 | train_loss 0.3465 | val_loss 0.3527 | val_psnr 18.22 | val_lpips 0.2091 | val_lpips_full 0.2796 | edge 0.0345 | dark_noise 0.0135 | chroma 0.1084 | decomp 0.0928 | smooth_enh 0.0198 | lambda_mean 1.1820 | lambda_min 0.7026 | lambda_max 1.3478

Epoch 022/120 train start
Epoch 022/120 validation start
Epoch 022 | train_loss 0.3456 | val_loss 0.3409 | val_psnr 20.19 | val_lpips 0.1926 | val_lpips_full 0.2585 | edge 0.0335 | dark_noise 0.0131 | chroma 0.1002 | decomp 0.1261 | smooth_enh 0.0193 | lambda_mean 1.1292 | lambda_min 0.6130 | lambda_max 1.3379
Best model updated -> Epoch: 22, psnr: 20.1900, PSNR: 20.1900, LPIPS@loss: 0.1926, LPIPS full: 0.2585

Epoch 023/120 train start
Epoch 023/120 validation start
Epoch 023 | train_loss 0.3410 | val_loss 0.3316 | val_psnr 19.85 | val_lpips 0.1884 | val_lpips_full 0.2531 | edge 0.0335 | dark_noise 0.0130 | chroma 0.0965 | decomp 0.1151 | smooth_enh 0.0199 | lambda_mean 1.1397 | lambda_min 0.6169 | lambda_max 1.3435

Epoch 024/120 train start
Epoch 024/120 validation start
Epoch 024 | train_loss 0.3424 | val_loss 0.3558 | val_psnr 19.88 | val_lpips 0.1896 | val_lpips_full 0.2586 | edge 0.0332 | dark_noise 0.0131 | chroma 0.1006 | decomp 0.1353 | smooth_enh 0.0197 | lambda_mean 1.1271 | lambda_min 0.6192 | lambda_max 1.3330

Epoch 025/120 train start
Epoch 025/120 validation start
Epoch 025 | train_loss 0.3408 | val_loss 0.3341 | val_psnr 20.00 | val_lpips 0.1827 | val_lpips_full 0.2486 | edge 0.0329 | dark_noise 0.0130 | chroma 0.0933 | decomp 0.1182 | smooth_enh 0.0187 | lambda_mean 1.1444 | lambda_min 0.6309 | lambda_max 1.3429

Epoch 026/120 train start
Epoch 026/120 validation start
Epoch 026 | train_loss 0.3407 | val_loss 0.3322 | val_psnr 19.82 | val_lpips 0.1821 | val_lpips_full 0.2444 | edge 0.0328 | dark_noise 0.0131 | chroma 0.0933 | decomp 0.1128 | smooth_enh 0.0177 | lambda_mean 1.1494 | lambda_min 0.6786 | lambda_max 1.3419

Epoch 027/120 train start
Epoch 027/120 validation start
Epoch 027 | train_loss 0.3385 | val_loss 0.3286 | val_psnr 20.18 | val_lpips 0.1733 | val_lpips_full 0.2366 | edge 0.0332 | dark_noise 0.0131 | chroma 0.0939 | decomp 0.1180 | smooth_enh 0.0206 | lambda_mean 1.1399 | lambda_min 0.6016 | lambda_max 1.3441

Epoch 028/120 train start
Epoch 028/120 validation start
Epoch 028 | train_loss 0.3348 | val_loss 0.3317 | val_psnr 20.37 | val_lpips 0.1741 | val_lpips_full 0.2380 | edge 0.0327 | dark_noise 0.0130 | chroma 0.0922 | decomp 0.1255 | smooth_enh 0.0189 | lambda_mean 1.1280 | lambda_min 0.6222 | lambda_max 1.3412
Best model updated -> Epoch: 28, psnr: 20.3688, PSNR: 20.3688, LPIPS@loss: 0.1741, LPIPS full: 0.2380

Epoch 029/120 train start
Epoch 029/120 validation start
Epoch 029 | train_loss 0.3358 | val_loss 0.3338 | val_psnr 20.17 | val_lpips 0.1717 | val_lpips_full 0.2370 | edge 0.0327 | dark_noise 0.0129 | chroma 0.0939 | decomp 0.1246 | smooth_enh 0.0198 | lambda_mean 1.1325 | lambda_min 0.6066 | lambda_max 1.3408

Epoch 030/120 train start
Epoch 030/120 validation start
Epoch 030 | train_loss 0.3334 | val_loss 0.3279 | val_psnr 19.61 | val_lpips 0.1764 | val_lpips_full 0.2400 | edge 0.0325 | dark_noise 0.0130 | chroma 0.0953 | decomp 0.1099 | smooth_enh 0.0190 | lambda_mean 1.1507 | lambda_min 0.6498 | lambda_max 1.3459

Epoch 031/120 train start
Epoch 031/120 validation start
Epoch 031 | train_loss 0.3347 | val_loss 0.3307 | val_psnr 19.47 | val_lpips 0.1771 | val_lpips_full 0.2394 | edge 0.0325 | dark_noise 0.0130 | chroma 0.0935 | decomp 0.1072 | smooth_enh 0.0189 | lambda_mean 1.1581 | lambda_min 0.6501 | lambda_max 1.3449

Epoch 032/120 train start
Epoch 032/120 validation start
Epoch 032 | train_loss 0.3309 | val_loss 0.3247 | val_psnr 19.63 | val_lpips 0.1694 | val_lpips_full 0.2298 | edge 0.0323 | dark_noise 0.0128 | chroma 0.0901 | decomp 0.1074 | smooth_enh 0.0186 | lambda_mean 1.1547 | lambda_min 0.6367 | lambda_max 1.3442

Epoch 033/120 train start
Epoch 033/120 validation start
Epoch 033 | train_loss 0.3319 | val_loss 0.3243 | val_psnr 19.78 | val_lpips 0.1675 | val_lpips_full 0.2306 | edge 0.0323 | dark_noise 0.0131 | chroma 0.0962 | decomp 0.1091 | smooth_enh 0.0196 | lambda_mean 1.1504 | lambda_min 0.6367 | lambda_max 1.3453

Epoch 034/120 train start
Epoch 034/120 validation start
Epoch 034 | train_loss 0.3263 | val_loss 0.3228 | val_psnr 19.49 | val_lpips 0.1676 | val_lpips_full 0.2301 | edge 0.0325 | dark_noise 0.0131 | chroma 0.0909 | decomp 0.1020 | smooth_enh 0.0200 | lambda_mean 1.1584 | lambda_min 0.6481 | lambda_max 1.3467

Epoch 035/120 train start
Epoch 035/120 validation start
Epoch 035 | train_loss 0.3295 | val_loss 0.3257 | val_psnr 20.19 | val_lpips 0.1679 | val_lpips_full 0.2300 | edge 0.0320 | dark_noise 0.0130 | chroma 0.0937 | decomp 0.1180 | smooth_enh 0.0187 | lambda_mean 1.1428 | lambda_min 0.6283 | lambda_max 1.3441

Epoch 036/120 train start
Epoch 036/120 validation start
Epoch 036 | train_loss 0.3280 | val_loss 0.3246 | val_psnr 20.47 | val_lpips 0.1585 | val_lpips_full 0.2197 | edge 0.0323 | dark_noise 0.0130 | chroma 0.0879 | decomp 0.1232 | smooth_enh 0.0203 | lambda_mean 1.1323 | lambda_min 0.5975 | lambda_max 1.3417
Best model updated -> Epoch: 36, psnr: 20.4727, PSNR: 20.4727, LPIPS@loss: 0.1585, LPIPS full: 0.2197

Epoch 037/120 train start
Epoch 037/120 validation start
Epoch 037 | train_loss 0.3280 | val_loss 0.3239 | val_psnr 19.40 | val_lpips 0.1714 | val_lpips_full 0.2345 | edge 0.0326 | dark_noise 0.0131 | chroma 0.0918 | decomp 0.0998 | smooth_enh 0.0200 | lambda_mean 1.1609 | lambda_min 0.6337 | lambda_max 1.3476

Epoch 038/120 train start
Epoch 038/120 validation start
Epoch 038 | train_loss 0.3271 | val_loss 0.3216 | val_psnr 20.05 | val_lpips 0.1591 | val_lpips_full 0.2214 | edge 0.0319 | dark_noise 0.0130 | chroma 0.0878 | decomp 0.1120 | smooth_enh 0.0190 | lambda_mean 1.1505 | lambda_min 0.6308 | lambda_max 1.3434

Epoch 039/120 train start
Epoch 039/120 validation start
Epoch 039 | train_loss 0.3241 | val_loss 0.3269 | val_psnr 20.49 | val_lpips 0.1602 | val_lpips_full 0.2242 | edge 0.0322 | dark_noise 0.0131 | chroma 0.0906 | decomp 0.1258 | smooth_enh 0.0203 | lambda_mean 1.1252 | lambda_min 0.5856 | lambda_max 1.3407
Best model updated -> Epoch: 39, psnr: 20.4939, PSNR: 20.4939, LPIPS@loss: 0.1602, LPIPS full: 0.2242

Epoch 040/120 train start
Epoch 040/120 validation start
Epoch 040 | train_loss 0.3240 | val_loss 0.3207 | val_psnr 20.39 | val_lpips 0.1564 | val_lpips_full 0.2175 | edge 0.0321 | dark_noise 0.0130 | chroma 0.0862 | decomp 0.1189 | smooth_enh 0.0201 | lambda_mean 1.1361 | lambda_min 0.5973 | lambda_max 1.3451

Epoch 041/120 train start
Epoch 041/120 validation start
Epoch 041 | train_loss 0.3241 | val_loss 0.3149 | val_psnr 20.39 | val_lpips 0.1532 | val_lpips_full 0.2150 | edge 0.0321 | dark_noise 0.0129 | chroma 0.0857 | decomp 0.1116 | smooth_enh 0.0201 | lambda_mean 1.1450 | lambda_min 0.5919 | lambda_max 1.3443

Epoch 042/120 train start
Epoch 042/120 validation start
Epoch 042 | train_loss 0.3236 | val_loss 0.3233 | val_psnr 20.59 | val_lpips 0.1535 | val_lpips_full 0.2154 | edge 0.0318 | dark_noise 0.0129 | chroma 0.0866 | decomp 0.1246 | smooth_enh 0.0198 | lambda_mean 1.1277 | lambda_min 0.6095 | lambda_max 1.3403
Best model updated -> Epoch: 42, psnr: 20.5924, PSNR: 20.5924, LPIPS@loss: 0.1535, LPIPS full: 0.2154

Epoch 043/120 train start
Epoch 043/120 validation start
Epoch 043 | train_loss 0.3222 | val_loss 0.3189 | val_psnr 19.79 | val_lpips 0.1561 | val_lpips_full 0.2169 | edge 0.0316 | dark_noise 0.0128 | chroma 0.0876 | decomp 0.1067 | smooth_enh 0.0189 | lambda_mean 1.1522 | lambda_min 0.6287 | lambda_max 1.3444

Epoch 044/120 train start
Epoch 044/120 validation start
Epoch 044 | train_loss 0.3177 | val_loss 0.3138 | val_psnr 19.86 | val_lpips 0.1535 | val_lpips_full 0.2120 | edge 0.0318 | dark_noise 0.0129 | chroma 0.0852 | decomp 0.1063 | smooth_enh 0.0196 | lambda_mean 1.1503 | lambda_min 0.6390 | lambda_max 1.3454

Epoch 045/120 train start
Epoch 045/120 validation start
Epoch 045 | train_loss 0.3228 | val_loss 0.3140 | val_psnr 19.75 | val_lpips 0.1588 | val_lpips_full 0.2183 | edge 0.0316 | dark_noise 0.0128 | chroma 0.0897 | decomp 0.1023 | smooth_enh 0.0185 | lambda_mean 1.1606 | lambda_min 0.6367 | lambda_max 1.3455

Epoch 046/120 train start
Epoch 046/120 validation start
Epoch 046 | train_loss 0.3201 | val_loss 0.3178 | val_psnr 19.93 | val_lpips 0.1573 | val_lpips_full 0.2154 | edge 0.0317 | dark_noise 0.0129 | chroma 0.0906 | decomp 0.1072 | smooth_enh 0.0197 | lambda_mean 1.1537 | lambda_min 0.6085 | lambda_max 1.3455

Epoch 047/120 train start
Epoch 047/120 validation start
Epoch 047 | train_loss 0.3211 | val_loss 0.3114 | val_psnr 20.38 | val_lpips 0.1529 | val_lpips_full 0.2112 | edge 0.0315 | dark_noise 0.0128 | chroma 0.0863 | decomp 0.1115 | smooth_enh 0.0193 | lambda_mean 1.1459 | lambda_min 0.6015 | lambda_max 1.3444

Epoch 048/120 train start
Epoch 048/120 validation start
Epoch 048 | train_loss 0.3205 | val_loss 0.3210 | val_psnr 20.11 | val_lpips 0.1525 | val_lpips_full 0.2119 | edge 0.0319 | dark_noise 0.0129 | chroma 0.0870 | decomp 0.1147 | smooth_enh 0.0202 | lambda_mean 1.1410 | lambda_min 0.6141 | lambda_max 1.3391

Epoch 049/120 train start
Epoch 049/120 validation start
Epoch 049 | train_loss 0.3182 | val_loss 0.3158 | val_psnr 20.78 | val_lpips 0.1481 | val_lpips_full 0.2082 | edge 0.0319 | dark_noise 0.0130 | chroma 0.0864 | decomp 0.1201 | smooth_enh 0.0205 | lambda_mean 1.1319 | lambda_min 0.5919 | lambda_max 1.3438
Best model updated -> Epoch: 49, psnr: 20.7827, PSNR: 20.7827, LPIPS@loss: 0.1481, LPIPS full: 0.2082

Epoch 050/120 train start
Epoch 050/120 validation start
Epoch 050 | train_loss 0.3194 | val_loss 0.3123 | val_psnr 20.31 | val_lpips 0.1465 | val_lpips_full 0.2062 | edge 0.0318 | dark_noise 0.0129 | chroma 0.0833 | decomp 0.1100 | smooth_enh 0.0199 | lambda_mean 1.1496 | lambda_min 0.6272 | lambda_max 1.3443

Epoch 051/120 train start
Epoch 051/120 validation start
Epoch 051 | train_loss 0.3186 | val_loss 0.3105 | val_psnr 20.01 | val_lpips 0.1503 | val_lpips_full 0.2128 | edge 0.0318 | dark_noise 0.0129 | chroma 0.0834 | decomp 0.1044 | smooth_enh 0.0198 | lambda_mean 1.1550 | lambda_min 0.6189 | lambda_max 1.3459

Epoch 052/120 train start
Epoch 052/120 validation start
Epoch 052 | train_loss 0.3141 | val_loss 0.3126 | val_psnr 20.80 | val_lpips 0.1448 | val_lpips_full 0.2030 | edge 0.0317 | dark_noise 0.0128 | chroma 0.0837 | decomp 0.1209 | smooth_enh 0.0199 | lambda_mean 1.1311 | lambda_min 0.6025 | lambda_max 1.3432
Best model updated -> Epoch: 52, psnr: 20.7987, PSNR: 20.7987, LPIPS@loss: 0.1448, LPIPS full: 0.2030

Epoch 053/120 train start
Epoch 053/120 validation start
Epoch 053 | train_loss 0.3155 | val_loss 0.3108 | val_psnr 20.53 | val_lpips 0.1527 | val_lpips_full 0.2144 | edge 0.0317 | dark_noise 0.0131 | chroma 0.0846 | decomp 0.1128 | smooth_enh 0.0196 | lambda_mean 1.1413 | lambda_min 0.6189 | lambda_max 1.3459

Epoch 054/120 train start
Epoch 054/120 validation start
Epoch 054 | train_loss 0.3182 | val_loss 0.3113 | val_psnr 20.33 | val_lpips 0.1496 | val_lpips_full 0.2058 | edge 0.0314 | dark_noise 0.0128 | chroma 0.0838 | decomp 0.1132 | smooth_enh 0.0193 | lambda_mean 1.1452 | lambda_min 0.6336 | lambda_max 1.3441

Epoch 055/120 train start
Epoch 055/120 validation start
Epoch 055 | train_loss 0.3143 | val_loss 0.3109 | val_psnr 20.80 | val_lpips 0.1444 | val_lpips_full 0.2052 | edge 0.0320 | dark_noise 0.0130 | chroma 0.0845 | decomp 0.1186 | smooth_enh 0.0211 | lambda_mean 1.1329 | lambda_min 0.5868 | lambda_max 1.3435

Epoch 056/120 train start
Epoch 056/120 validation start
Epoch 056 | train_loss 0.3129 | val_loss 0.3086 | val_psnr 20.08 | val_lpips 0.1458 | val_lpips_full 0.2046 | edge 0.0312 | dark_noise 0.0127 | chroma 0.0840 | decomp 0.1044 | smooth_enh 0.0188 | lambda_mean 1.1522 | lambda_min 0.6417 | lambda_max 1.3432

Epoch 057/120 train start
Epoch 057/120 validation start
Epoch 057 | train_loss 0.3136 | val_loss 0.3119 | val_psnr 20.59 | val_lpips 0.1428 | val_lpips_full 0.2016 | edge 0.0314 | dark_noise 0.0128 | chroma 0.0834 | decomp 0.1178 | smooth_enh 0.0198 | lambda_mean 1.1353 | lambda_min 0.6094 | lambda_max 1.3422

Epoch 058/120 train start
Epoch 058/120 validation start
Epoch 058 | train_loss 0.3123 | val_loss 0.3073 | val_psnr 20.14 | val_lpips 0.1446 | val_lpips_full 0.2039 | edge 0.0314 | dark_noise 0.0128 | chroma 0.0836 | decomp 0.1048 | smooth_enh 0.0190 | lambda_mean 1.1507 | lambda_min 0.6339 | lambda_max 1.3441

Epoch 059/120 train start
Epoch 059/120 validation start
Epoch 059 | train_loss 0.3133 | val_loss 0.3078 | val_psnr 20.56 | val_lpips 0.1427 | val_lpips_full 0.2027 | edge 0.0314 | dark_noise 0.0128 | chroma 0.0826 | decomp 0.1111 | smooth_enh 0.0196 | lambda_mean 1.1430 | lambda_min 0.6087 | lambda_max 1.3429

Epoch 060/120 train start
Epoch 060/120 validation start
Epoch 060 | train_loss 0.3109 | val_loss 0.3103 | val_psnr 20.16 | val_lpips 0.1428 | val_lpips_full 0.2029 | edge 0.0312 | dark_noise 0.0129 | chroma 0.0832 | decomp 0.1062 | smooth_enh 0.0189 | lambda_mean 1.1524 | lambda_min 0.6408 | lambda_max 1.3434

Epoch 061/120 train start
Epoch 061/120 validation start
Epoch 061 | train_loss 0.3091 | val_loss 0.3156 | val_psnr 20.76 | val_lpips 0.1450 | val_lpips_full 0.2042 | edge 0.0314 | dark_noise 0.0128 | chroma 0.0834 | decomp 0.1233 | smooth_enh 0.0201 | lambda_mean 1.1276 | lambda_min 0.5709 | lambda_max 1.3422

Epoch 062/120 train start
Epoch 062/120 validation start
Epoch 062 | train_loss 0.3101 | val_loss 0.3085 | val_psnr 20.75 | val_lpips 0.1447 | val_lpips_full 0.2032 | edge 0.0315 | dark_noise 0.0129 | chroma 0.0840 | decomp 0.1165 | smooth_enh 0.0202 | lambda_mean 1.1369 | lambda_min 0.6023 | lambda_max 1.3446

Epoch 063/120 train start
Epoch 063/120 validation start
Epoch 063 | train_loss 0.3072 | val_loss 0.3096 | val_psnr 20.01 | val_lpips 0.1455 | val_lpips_full 0.2039 | edge 0.0310 | dark_noise 0.0127 | chroma 0.0833 | decomp 0.1048 | smooth_enh 0.0187 | lambda_mean 1.1546 | lambda_min 0.6288 | lambda_max 1.3427

Epoch 064/120 train start
Epoch 064/120 validation start
Epoch 064 | train_loss 0.3079 | val_loss 0.3081 | val_psnr 20.63 | val_lpips 0.1376 | val_lpips_full 0.1960 | edge 0.0314 | dark_noise 0.0128 | chroma 0.0814 | decomp 0.1140 | smooth_enh 0.0199 | lambda_mean 1.1405 | lambda_min 0.6180 | lambda_max 1.3429

Epoch 065/120 train start
Epoch 065/120 validation start
Epoch 065 | train_loss 0.3078 | val_loss 0.3066 | val_psnr 20.58 | val_lpips 0.1381 | val_lpips_full 0.1967 | edge 0.0313 | dark_noise 0.0128 | chroma 0.0817 | decomp 0.1125 | smooth_enh 0.0196 | lambda_mean 1.1397 | lambda_min 0.6045 | lambda_max 1.3426

Epoch 066/120 train start
Epoch 066/120 validation start
Epoch 066 | train_loss 0.3066 | val_loss 0.3078 | val_psnr 20.49 | val_lpips 0.1399 | val_lpips_full 0.2013 | edge 0.0315 | dark_noise 0.0130 | chroma 0.0818 | decomp 0.1136 | smooth_enh 0.0199 | lambda_mean 1.1390 | lambda_min 0.6391 | lambda_max 1.3427

Epoch 067/120 train start
Epoch 067/120 validation start
Epoch 067 | train_loss 0.3054 | val_loss 0.3112 | val_psnr 20.50 | val_lpips 0.1415 | val_lpips_full 0.1997 | edge 0.0312 | dark_noise 0.0128 | chroma 0.0830 | decomp 0.1153 | smooth_enh 0.0197 | lambda_mean 1.1416 | lambda_min 0.6021 | lambda_max 1.3435

Epoch 068/120 train start
Epoch 068/120 validation start
Epoch 068 | train_loss 0.3065 | val_loss 0.3059 | val_psnr 20.44 | val_lpips 0.1390 | val_lpips_full 0.1954 | edge 0.0313 | dark_noise 0.0127 | chroma 0.0822 | decomp 0.1109 | smooth_enh 0.0198 | lambda_mean 1.1447 | lambda_min 0.6260 | lambda_max 1.3438

Epoch 069/120 train start
Epoch 069/120 validation start
Epoch 069 | train_loss 0.3080 | val_loss 0.3045 | val_psnr 20.30 | val_lpips 0.1396 | val_lpips_full 0.1964 | edge 0.0316 | dark_noise 0.0128 | chroma 0.0813 | decomp 0.1063 | smooth_enh 0.0205 | lambda_mean 1.1489 | lambda_min 0.6232 | lambda_max 1.3452

Epoch 070/120 train start
Epoch 070/120 validation start
Epoch 070 | train_loss 0.3095 | val_loss 0.3053 | val_psnr 20.82 | val_lpips 0.1346 | val_lpips_full 0.1943 | edge 0.0315 | dark_noise 0.0130 | chroma 0.0796 | decomp 0.1160 | smooth_enh 0.0205 | lambda_mean 1.1343 | lambda_min 0.5982 | lambda_max 1.3436
Best model updated -> Epoch: 70, psnr: 20.8212, PSNR: 20.8212, LPIPS@loss: 0.1346, LPIPS full: 0.1943

Epoch 071/120 train start
Epoch 071/120 validation start
Epoch 071 | train_loss 0.3053 | val_loss 0.3050 | val_psnr 20.02 | val_lpips 0.1410 | val_lpips_full 0.1979 | edge 0.0313 | dark_noise 0.0128 | chroma 0.0811 | decomp 0.1017 | smooth_enh 0.0192 | lambda_mean 1.1561 | lambda_min 0.6414 | lambda_max 1.3455

Epoch 072/120 train start
Epoch 072/120 validation start
Epoch 072 | train_loss 0.3070 | val_loss 0.3094 | val_psnr 20.75 | val_lpips 0.1354 | val_lpips_full 0.1931 | edge 0.0313 | dark_noise 0.0128 | chroma 0.0813 | decomp 0.1187 | smooth_enh 0.0198 | lambda_mean 1.1312 | lambda_min 0.5945 | lambda_max 1.3413

Epoch 073/120 train start
Epoch 073/120 validation start
Epoch 073 | train_loss 0.3062 | val_loss 0.3106 | val_psnr 20.79 | val_lpips 0.1358 | val_lpips_full 0.1944 | edge 0.0312 | dark_noise 0.0129 | chroma 0.0819 | decomp 0.1198 | smooth_enh 0.0197 | lambda_mean 1.1302 | lambda_min 0.6080 | lambda_max 1.3398

Epoch 074/120 train start
Epoch 074/120 validation start
Epoch 074 | train_loss 0.3048 | val_loss 0.3088 | val_psnr 20.97 | val_lpips 0.1347 | val_lpips_full 0.1935 | edge 0.0311 | dark_noise 0.0128 | chroma 0.0814 | decomp 0.1235 | smooth_enh 0.0195 | lambda_mean 1.1246 | lambda_min 0.6007 | lambda_max 1.3417
Best model updated -> Epoch: 74, psnr: 20.9709, PSNR: 20.9709, LPIPS@loss: 0.1347, LPIPS full: 0.1935

Epoch 075/120 train start
Epoch 075/120 validation start
Epoch 075 | train_loss 0.3040 | val_loss 0.3063 | val_psnr 20.88 | val_lpips 0.1338 | val_lpips_full 0.1908 | edge 0.0313 | dark_noise 0.0128 | chroma 0.0811 | decomp 0.1175 | smooth_enh 0.0202 | lambda_mean 1.1326 | lambda_min 0.5938 | lambda_max 1.3406

Epoch 076/120 train start
Epoch 076/120 validation start
Epoch 076 | train_loss 0.3057 | val_loss 0.3012 | val_psnr 20.20 | val_lpips 0.1361 | val_lpips_full 0.1931 | edge 0.0310 | dark_noise 0.0127 | chroma 0.0795 | decomp 0.1035 | smooth_enh 0.0192 | lambda_mean 1.1515 | lambda_min 0.6276 | lambda_max 1.3442

Epoch 077/120 train start
Epoch 077/120 validation start
Epoch 077 | train_loss 0.3045 | val_loss 0.3049 | val_psnr 20.21 | val_lpips 0.1382 | val_lpips_full 0.1977 | edge 0.0313 | dark_noise 0.0128 | chroma 0.0803 | decomp 0.1059 | smooth_enh 0.0199 | lambda_mean 1.1495 | lambda_min 0.6251 | lambda_max 1.3451

Epoch 078/120 train start
Epoch 078/120 validation start
Epoch 078 | train_loss 0.3041 | val_loss 0.3018 | val_psnr 20.92 | val_lpips 0.1324 | val_lpips_full 0.1918 | edge 0.0313 | dark_noise 0.0129 | chroma 0.0792 | decomp 0.1155 | smooth_enh 0.0203 | lambda_mean 1.1354 | lambda_min 0.6115 | lambda_max 1.3438

Epoch 079/120 train start
Epoch 079/120 validation start
Epoch 079 | train_loss 0.3020 | val_loss 0.3022 | val_psnr 20.44 | val_lpips 0.1352 | val_lpips_full 0.1923 | edge 0.0311 | dark_noise 0.0127 | chroma 0.0797 | decomp 0.1073 | smooth_enh 0.0193 | lambda_mean 1.1463 | lambda_min 0.6248 | lambda_max 1.3434

Epoch 080/120 train start
Epoch 080/120 validation start
Epoch 080 | train_loss 0.3017 | val_loss 0.3020 | val_psnr 20.65 | val_lpips 0.1332 | val_lpips_full 0.1895 | edge 0.0312 | dark_noise 0.0128 | chroma 0.0794 | decomp 0.1119 | smooth_enh 0.0200 | lambda_mean 1.1405 | lambda_min 0.6118 | lambda_max 1.3437

Epoch 081/120 train start
Epoch 081/120 validation start
Epoch 081 | train_loss 0.3058 | val_loss 0.3021 | val_psnr 20.33 | val_lpips 0.1348 | val_lpips_full 0.1932 | edge 0.0312 | dark_noise 0.0128 | chroma 0.0795 | decomp 0.1049 | smooth_enh 0.0196 | lambda_mean 1.1498 | lambda_min 0.6247 | lambda_max 1.3440

Epoch 082/120 train start
Epoch 082/120 validation start
Epoch 082 | train_loss 0.3037 | val_loss 0.3021 | val_psnr 20.56 | val_lpips 0.1332 | val_lpips_full 0.1909 | edge 0.0312 | dark_noise 0.0128 | chroma 0.0801 | decomp 0.1097 | smooth_enh 0.0200 | lambda_mean 1.1440 | lambda_min 0.6202 | lambda_max 1.3441

Epoch 083/120 train start
Epoch 083/120 validation start
Epoch 083 | train_loss 0.3032 | val_loss 0.3023 | val_psnr 20.78 | val_lpips 0.1313 | val_lpips_full 0.1887 | edge 0.0311 | dark_noise 0.0128 | chroma 0.0787 | decomp 0.1138 | smooth_enh 0.0201 | lambda_mean 1.1385 | lambda_min 0.6089 | lambda_max 1.3435

Epoch 084/120 train start
Epoch 084/120 validation start
Epoch 084 | train_loss 0.3020 | val_loss 0.3035 | val_psnr 20.98 | val_lpips 0.1301 | val_lpips_full 0.1877 | edge 0.0312 | dark_noise 0.0129 | chroma 0.0790 | decomp 0.1179 | smooth_enh 0.0203 | lambda_mean 1.1319 | lambda_min 0.6033 | lambda_max 1.3426
Best model updated -> Epoch: 84, psnr: 20.9845, PSNR: 20.9845, LPIPS@loss: 0.1301, LPIPS full: 0.1877

Epoch 085/120 train start
Epoch 085/120 validation start
Epoch 085 | train_loss 0.3016 | val_loss 0.3038 | val_psnr 21.10 | val_lpips 0.1299 | val_lpips_full 0.1880 | edge 0.0311 | dark_noise 0.0128 | chroma 0.0792 | decomp 0.1209 | smooth_enh 0.0202 | lambda_mean 1.1270 | lambda_min 0.5846 | lambda_max 1.3425
Best model updated -> Epoch: 85, psnr: 21.1006, PSNR: 21.1006, LPIPS@loss: 0.1299, LPIPS full: 0.1880

Epoch 086/120 train start
Epoch 086/120 validation start
Epoch 086 | train_loss 0.2985 | val_loss 0.3034 | val_psnr 20.94 | val_lpips 0.1300 | val_lpips_full 0.1866 | edge 0.0311 | dark_noise 0.0128 | chroma 0.0794 | decomp 0.1170 | smooth_enh 0.0198 | lambda_mean 1.1325 | lambda_min 0.6082 | lambda_max 1.3414

Epoch 087/120 train start
Epoch 087/120 validation start
Epoch 087 | train_loss 0.3004 | val_loss 0.3035 | val_psnr 20.81 | val_lpips 0.1293 | val_lpips_full 0.1874 | edge 0.0312 | dark_noise 0.0128 | chroma 0.0779 | decomp 0.1153 | smooth_enh 0.0203 | lambda_mean 1.1360 | lambda_min 0.6067 | lambda_max 1.3429

Epoch 088/120 train start
Epoch 088/120 validation start
Epoch 088 | train_loss 0.3022 | val_loss 0.2989 | val_psnr 20.62 | val_lpips 0.1312 | val_lpips_full 0.1905 | edge 0.0312 | dark_noise 0.0128 | chroma 0.0771 | decomp 0.1079 | smooth_enh 0.0199 | lambda_mean 1.1453 | lambda_min 0.6180 | lambda_max 1.3449

Epoch 089/120 train start
Epoch 089/120 validation start
Epoch 089 | train_loss 0.2989 | val_loss 0.3010 | val_psnr 20.61 | val_lpips 0.1300 | val_lpips_full 0.1867 | edge 0.0309 | dark_noise 0.0127 | chroma 0.0786 | decomp 0.1100 | smooth_enh 0.0195 | lambda_mean 1.1433 | lambda_min 0.6220 | lambda_max 1.3429

Epoch 090/120 train start
Epoch 090/120 validation start
Epoch 090 | train_loss 0.3007 | val_loss 0.2996 | val_psnr 20.57 | val_lpips 0.1304 | val_lpips_full 0.1885 | edge 0.0311 | dark_noise 0.0128 | chroma 0.0780 | decomp 0.1074 | smooth_enh 0.0198 | lambda_mean 1.1471 | lambda_min 0.6180 | lambda_max 1.3442

Epoch 091/120 train start
Epoch 091/120 validation start
Epoch 091 | train_loss 0.3018 | val_loss 0.3011 | val_psnr 20.96 | val_lpips 0.1281 | val_lpips_full 0.1852 | edge 0.0310 | dark_noise 0.0128 | chroma 0.0780 | decomp 0.1166 | smooth_enh 0.0200 | lambda_mean 1.1329 | lambda_min 0.6119 | lambda_max 1.3422

Epoch 092/120 train start
Epoch 092/120 validation start
Epoch 092 | train_loss 0.3004 | val_loss 0.3023 | val_psnr 20.68 | val_lpips 0.1300 | val_lpips_full 0.1877 | edge 0.0309 | dark_noise 0.0127 | chroma 0.0788 | decomp 0.1122 | smooth_enh 0.0195 | lambda_mean 1.1400 | lambda_min 0.6087 | lambda_max 1.3427

Epoch 093/120 train start
Epoch 093/120 validation start
Epoch 093 | train_loss 0.2992 | val_loss 0.3006 | val_psnr 20.52 | val_lpips 0.1308 | val_lpips_full 0.1884 | edge 0.0309 | dark_noise 0.0127 | chroma 0.0788 | decomp 0.1073 | smooth_enh 0.0195 | lambda_mean 1.1459 | lambda_min 0.6220 | lambda_max 1.3436

Epoch 094/120 train start
Epoch 094/120 validation start
Epoch 094 | train_loss 0.3013 | val_loss 0.3014 | val_psnr 20.81 | val_lpips 0.1297 | val_lpips_full 0.1875 | edge 0.0311 | dark_noise 0.0129 | chroma 0.0791 | decomp 0.1139 | smooth_enh 0.0201 | lambda_mean 1.1359 | lambda_min 0.6134 | lambda_max 1.3431

Epoch 095/120 train start
Epoch 095/120 validation start
Epoch 095 | train_loss 0.2989 | val_loss 0.2988 | val_psnr 20.47 | val_lpips 0.1305 | val_lpips_full 0.1878 | edge 0.0311 | dark_noise 0.0128 | chroma 0.0772 | decomp 0.1055 | smooth_enh 0.0197 | lambda_mean 1.1496 | lambda_min 0.6265 | lambda_max 1.3444

Epoch 096/120 train start
Epoch 096/120 validation start
Epoch 096 | train_loss 0.2982 | val_loss 0.3012 | val_psnr 21.01 | val_lpips 0.1272 | val_lpips_full 0.1856 | edge 0.0312 | dark_noise 0.0129 | chroma 0.0778 | decomp 0.1168 | smooth_enh 0.0206 | lambda_mean 1.1322 | lambda_min 0.5995 | lambda_max 1.3430

Epoch 097/120 train start
Epoch 097/120 validation start
Epoch 097 | train_loss 0.2996 | val_loss 0.2989 | val_psnr 20.55 | val_lpips 0.1290 | val_lpips_full 0.1860 | edge 0.0310 | dark_noise 0.0127 | chroma 0.0774 | decomp 0.1066 | smooth_enh 0.0195 | lambda_mean 1.1469 | lambda_min 0.6223 | lambda_max 1.3437

Epoch 098/120 train start
Epoch 098/120 validation start
Epoch 098 | train_loss 0.3004 | val_loss 0.3010 | val_psnr 20.46 | val_lpips 0.1292 | val_lpips_full 0.1866 | edge 0.0309 | dark_noise 0.0127 | chroma 0.0779 | decomp 0.1081 | smooth_enh 0.0195 | lambda_mean 1.1456 | lambda_min 0.6260 | lambda_max 1.3440

Epoch 099/120 train start
Epoch 099/120 validation start
Epoch 099 | train_loss 0.2989 | val_loss 0.2991 | val_psnr 20.60 | val_lpips 0.1285 | val_lpips_full 0.1870 | edge 0.0309 | dark_noise 0.0128 | chroma 0.0777 | decomp 0.1088 | smooth_enh 0.0195 | lambda_mean 1.1444 | lambda_min 0.6178 | lambda_max 1.3439

Epoch 100/120 train start
Epoch 100/120 validation start
Epoch 100 | train_loss 0.2980 | val_loss 0.2992 | val_psnr 20.57 | val_lpips 0.1277 | val_lpips_full 0.1849 | edge 0.0309 | dark_noise 0.0127 | chroma 0.0776 | decomp 0.1082 | smooth_enh 0.0196 | lambda_mean 1.1437 | lambda_min 0.6205 | lambda_max 1.3431

Epoch 101/120 train start
Epoch 101/120 validation start
Epoch 101 | train_loss 0.2988 | val_loss 0.2993 | val_psnr 20.78 | val_lpips 0.1269 | val_lpips_full 0.1843 | edge 0.0309 | dark_noise 0.0128 | chroma 0.0768 | decomp 0.1118 | smooth_enh 0.0197 | lambda_mean 1.1399 | lambda_min 0.6152 | lambda_max 1.3429

Epoch 102/120 train start
Epoch 102/120 validation start
Epoch 102 | train_loss 0.2953 | val_loss 0.2981 | val_psnr 20.72 | val_lpips 0.1274 | val_lpips_full 0.1845 | edge 0.0311 | dark_noise 0.0128 | chroma 0.0772 | decomp 0.1094 | smooth_enh 0.0201 | lambda_mean 1.1435 | lambda_min 0.6111 | lambda_max 1.3439

Epoch 103/120 train start
Epoch 103/120 validation start
Epoch 103 | train_loss 0.2976 | val_loss 0.2979 | val_psnr 20.53 | val_lpips 0.1283 | val_lpips_full 0.1857 | edge 0.0309 | dark_noise 0.0127 | chroma 0.0769 | decomp 0.1061 | smooth_enh 0.0195 | lambda_mean 1.1475 | lambda_min 0.6242 | lambda_max 1.3441

Epoch 104/120 train start
Epoch 104/120 validation start
Epoch 104 | train_loss 0.3000 | val_loss 0.2974 | val_psnr 20.69 | val_lpips 0.1264 | val_lpips_full 0.1839 | edge 0.0309 | dark_noise 0.0128 | chroma 0.0764 | decomp 0.1085 | smooth_enh 0.0196 | lambda_mean 1.1439 | lambda_min 0.6206 | lambda_max 1.3439

Epoch 105/120 train start
Epoch 105/120 validation start
Epoch 105 | train_loss 0.2949 | val_loss 0.2996 | val_psnr 20.88 | val_lpips 0.1249 | val_lpips_full 0.1821 | edge 0.0309 | dark_noise 0.0128 | chroma 0.0771 | decomp 0.1144 | smooth_enh 0.0198 | lambda_mean 1.1356 | lambda_min 0.6134 | lambda_max 1.3425

Epoch 106/120 train start
Epoch 106/120 validation start
Epoch 106 | train_loss 0.2987 | val_loss 0.2998 | val_psnr 21.04 | val_lpips 0.1249 | val_lpips_full 0.1830 | edge 0.0312 | dark_noise 0.0129 | chroma 0.0768 | decomp 0.1169 | smooth_enh 0.0209 | lambda_mean 1.1318 | lambda_min 0.5980 | lambda_max 1.3435

Epoch 107/120 train start
Epoch 107/120 validation start
Epoch 107 | train_loss 0.2962 | val_loss 0.2984 | val_psnr 20.60 | val_lpips 0.1265 | val_lpips_full 0.1833 | edge 0.0310 | dark_noise 0.0128 | chroma 0.0767 | decomp 0.1077 | smooth_enh 0.0198 | lambda_mean 1.1452 | lambda_min 0.6169 | lambda_max 1.3441

Epoch 108/120 train start
Epoch 108/120 validation start
Epoch 108 | train_loss 0.2934 | val_loss 0.3000 | val_psnr 20.80 | val_lpips 0.1252 | val_lpips_full 0.1828 | edge 0.0311 | dark_noise 0.0128 | chroma 0.0768 | decomp 0.1127 | smooth_enh 0.0202 | lambda_mean 1.1384 | lambda_min 0.6072 | lambda_max 1.3432

Epoch 109/120 train start
Epoch 109/120 validation start
Epoch 109 | train_loss 0.2943 | val_loss 0.2975 | val_psnr 20.62 | val_lpips 0.1257 | val_lpips_full 0.1829 | edge 0.0308 | dark_noise 0.0127 | chroma 0.0767 | decomp 0.1077 | smooth_enh 0.0195 | lambda_mean 1.1455 | lambda_min 0.6198 | lambda_max 1.3437

Epoch 110/120 train start
Epoch 110/120 validation start
Epoch 110 | train_loss 0.2960 | val_loss 0.3001 | val_psnr 20.73 | val_lpips 0.1252 | val_lpips_full 0.1826 | edge 0.0309 | dark_noise 0.0127 | chroma 0.0768 | decomp 0.1117 | smooth_enh 0.0197 | lambda_mean 1.1399 | lambda_min 0.6098 | lambda_max 1.3428

Epoch 111/120 train start
Epoch 111/120 validation start
Epoch 111 | train_loss 0.2982 | val_loss 0.2986 | val_psnr 20.76 | val_lpips 0.1248 | val_lpips_full 0.1814 | edge 0.0309 | dark_noise 0.0128 | chroma 0.0767 | decomp 0.1110 | smooth_enh 0.0198 | lambda_mean 1.1404 | lambda_min 0.6163 | lambda_max 1.3431

Epoch 112/120 train start
Epoch 112/120 validation start
Epoch 112 | train_loss 0.2931 | val_loss 0.2985 | val_psnr 20.74 | val_lpips 0.1251 | val_lpips_full 0.1814 | edge 0.0309 | dark_noise 0.0128 | chroma 0.0767 | decomp 0.1108 | smooth_enh 0.0198 | lambda_mean 1.1407 | lambda_min 0.6146 | lambda_max 1.3431

Epoch 113/120 train start
Epoch 113/120 validation start
Epoch 113 | train_loss 0.2951 | val_loss 0.2989 | val_psnr 20.84 | val_lpips 0.1248 | val_lpips_full 0.1821 | edge 0.0309 | dark_noise 0.0128 | chroma 0.0767 | decomp 0.1130 | smooth_enh 0.0200 | lambda_mean 1.1380 | lambda_min 0.6143 | lambda_max 1.3432

Epoch 114/120 train start
Epoch 114/120 validation start
Epoch 114 | train_loss 0.2956 | val_loss 0.2985 | val_psnr 20.79 | val_lpips 0.1242 | val_lpips_full 0.1810 | edge 0.0309 | dark_noise 0.0127 | chroma 0.0765 | decomp 0.1116 | smooth_enh 0.0198 | lambda_mean 1.1394 | lambda_min 0.6134 | lambda_max 1.3430

Epoch 115/120 train start
Epoch 115/120 validation start
Epoch 115 | train_loss 0.2943 | val_loss 0.2978 | val_psnr 20.88 | val_lpips 0.1237 | val_lpips_full 0.1807 | edge 0.0310 | dark_noise 0.0128 | chroma 0.0760 | decomp 0.1121 | smooth_enh 0.0203 | lambda_mean 1.1387 | lambda_min 0.6066 | lambda_max 1.3437

Epoch 116/120 train start
Epoch 116/120 validation start
Epoch 116 | train_loss 0.2964 | val_loss 0.2977 | val_psnr 20.78 | val_lpips 0.1248 | val_lpips_full 0.1823 | edge 0.0310 | dark_noise 0.0128 | chroma 0.0766 | decomp 0.1104 | smooth_enh 0.0200 | lambda_mean 1.1414 | lambda_min 0.6150 | lambda_max 1.3440

Epoch 117/120 train start
Epoch 117/120 validation start
Epoch 117 | train_loss 0.2978 | val_loss 0.2982 | val_psnr 20.85 | val_lpips 0.1241 | val_lpips_full 0.1812 | edge 0.0310 | dark_noise 0.0128 | chroma 0.0761 | decomp 0.1122 | smooth_enh 0.0201 | lambda_mean 1.1381 | lambda_min 0.6104 | lambda_max 1.3434

Epoch 118/120 train start
Epoch 118/120 validation start
Epoch 118 | train_loss 0.2958 | val_loss 0.2975 | val_psnr 20.76 | val_lpips 0.1242 | val_lpips_full 0.1813 | edge 0.0310 | dark_noise 0.0128 | chroma 0.0759 | decomp 0.1100 | smooth_enh 0.0199 | lambda_mean 1.1420 | lambda_min 0.6177 | lambda_max 1.3436

Epoch 119/120 train start
Epoch 119/120 validation start
Epoch 119 | train_loss 0.2963 | val_loss 0.2981 | val_psnr 20.70 | val_lpips 0.1253 | val_lpips_full 0.1836 | edge 0.0309 | dark_noise 0.0128 | chroma 0.0767 | decomp 0.1091 | smooth_enh 0.0197 | lambda_mean 1.1431 | lambda_min 0.6185 | lambda_max 1.3440

Epoch 120/120 train start
Epoch 120/120 validation start
Epoch 120 | train_loss 0.2963 | val_loss 0.2989 | val_psnr 20.91 | val_lpips 0.1236 | val_lpips_full 0.1809 | edge 0.0309 | dark_noise 0.0128 | chroma 0.0762 | decomp 0.1140 | smooth_enh 0.0200 | lambda_mean 1.1359 | lambda_min 0.6090 | lambda_max 1.3427
===== TRAIN FINISHED =====
Best epoch: 85
Best psnr: 21.100626650177478
Best PSNR: 21.100626650177478
Best LPIPS@loss: 0.1299353599872278
Best LPIPS full: 0.18804247353387915
Best checkpoint: /content/retinextapetum_hpo/projects/lol_v2_real/final/source_profile_baseline_seed_3407/run/checkpoints/best.pth
Last checkpoint: /content/retinextapetum_hpo/projects/lol_v2_real/final/source_profile_baseline_seed_3407/run/checkpoints/last.pth
