DEVICE: cuda
TRAIN_LOW_DIR : /content/drive/MyDrive/TAPETUM/datasets/LOL-v2/Synthetic/Train/Low
TRAIN_HIGH_DIR: /content/drive/MyDrive/TAPETUM/datasets/LOL-v2/Synthetic/Train/Normal
VAL_LOW_DIR   : /content/drive/MyDrive/TAPETUM/datasets/LOL-v2/Synthetic/Val/Low
VAL_HIGH_DIR  : /content/drive/MyDrive/TAPETUM/datasets/LOL-v2/Synthetic/Val/Normal
CKPT_DIR      : /content/retinextapetum_hpo/projects/lol_v2_synthetic/final/hpo_candidate_02_trial_0011_804c8e49a2_seed_123/run/checkpoints
USE_TRAIN_VAL_SPLIT: True
VAL_RATIO     : 0.1
SPLIT_SEED    : 42
BASE_CHANNELS : 128
BATCH_SIZE    : 2
EPOCHS        : 120
LR            : 0.0006991561452271401
MIN_LR        : 5.0237973942179794e-05
W_LPIPS       : 0.08
BEST_METRIC   : psnr
RESUME        : False
RESUME_CKPT   : last.pth
TRAIN_LOG_INTERVAL: 0
VAL_LOG_INTERVAL  : 0
DRIVE_CKPT_MIRROR_DIR: /content/drive/MyDrive/TAPETUM/HyperparameterSearch/lol_v2_synthetic/final_confirmation/hpo_candidate_02_trial_0011_804c8e49a2/seed_123
Split manifest: /content/drive/MyDrive/TAPETUM/HyperparameterSearch/lol_v2_synthetic/split_manifest.json
Train split images: 810
Val split images: 90
[Dataset] /content/drive/MyDrive/TAPETUM/datasets/LOL-v2/Synthetic/Train/Low
Mode: train
Split file_list: yes
Paired samples: 810
[Dataset] /content/drive/MyDrive/TAPETUM/datasets/LOL-v2/Synthetic/Train/Low
Mode: val/test
Split file_list: yes
Paired samples: 90
Train batches: 405
Val batches  : 90
Trainable params: 536,463
Setting up [LPIPS] perceptual loss: trunk [alex], v[0.1], spatial [off]
/usr/local/lib/python3.12/dist-packages/torchvision/models/_utils.py:208: UserWarning: The parameter 'pretrained' is deprecated since 0.13 and may be removed in the future, please use 'weights' instead.
  warnings.warn(
/usr/local/lib/python3.12/dist-packages/torchvision/models/_utils.py:223: UserWarning: Arguments other than a weight enum or `None` for 'weights' are deprecated since 0.13 and may be removed in the future. The current behavior is equivalent to passing `weights=AlexNet_Weights.IMAGENET1K_V1`. You can also use `weights=AlexNet_Weights.DEFAULT` to get the most up-to-date weights.
  warnings.warn(msg)
Loading model from: /usr/local/lib/python3.12/dist-packages/lpips/weights/v0.1/alex.pth
LPIPS training loss: enabled (alex, weight=0.08)
Resume disabled: RETINEX_TAPETUM_RESUME=0/config.RESUME_TRAINING=False

===== TRAIN START =====

Epoch 001/120 train start
Epoch 001/120 validation start
Epoch 001 | train_loss 0.5505 | val_loss 0.3879 | val_psnr 18.62 | val_lpips 0.1888 | val_lpips_full 0.2504 | edge 0.0382 | dark_noise 0.0104 | chroma 0.1221 | decomp 0.1015 | smooth_enh 0.0335 | lambda_mean 0.7818 | lambda_min 0.0222 | lambda_max 1.2757
Best model updated -> Epoch: 1, psnr: 18.6188, PSNR: 18.6188, LPIPS@loss: 0.1888, LPIPS full: 0.2504

Epoch 002/120 train start
Epoch 002/120 validation start
Epoch 002 | train_loss 0.3680 | val_loss 0.3612 | val_psnr 18.96 | val_lpips 0.1598 | val_lpips_full 0.1967 | edge 0.0308 | dark_noise 0.0101 | chroma 0.1226 | decomp 0.1067 | smooth_enh 0.0358 | lambda_mean 0.7841 | lambda_min 0.0215 | lambda_max 1.2841
Best model updated -> Epoch: 2, psnr: 18.9623, PSNR: 18.9623, LPIPS@loss: 0.1598, LPIPS full: 0.1967

Epoch 003/120 train start
Epoch 003/120 validation start
Epoch 003 | train_loss 0.3323 | val_loss 0.3242 | val_psnr 19.77 | val_lpips 0.1231 | val_lpips_full 0.1486 | edge 0.0273 | dark_noise 0.0097 | chroma 0.0976 | decomp 0.0926 | smooth_enh 0.0351 | lambda_mean 0.7654 | lambda_min 0.0133 | lambda_max 1.2874
Best model updated -> Epoch: 3, psnr: 19.7659, PSNR: 19.7659, LPIPS@loss: 0.1231, LPIPS full: 0.1486

Epoch 004/120 train start
Epoch 004/120 validation start
Epoch 004 | train_loss 0.3147 | val_loss 0.3172 | val_psnr 19.45 | val_lpips 0.1264 | val_lpips_full 0.1533 | edge 0.0260 | dark_noise 0.0099 | chroma 0.1177 | decomp 0.0836 | smooth_enh 0.0373 | lambda_mean 0.8000 | lambda_min 0.0091 | lambda_max 1.2931

Epoch 005/120 train start
Epoch 005/120 validation start
Epoch 005 | train_loss 0.3018 | val_loss 0.2851 | val_psnr 20.01 | val_lpips 0.1100 | val_lpips_full 0.1300 | edge 0.0250 | dark_noise 0.0096 | chroma 0.0892 | decomp 0.0607 | smooth_enh 0.0356 | lambda_mean 0.8034 | lambda_min 0.0069 | lambda_max 1.2921
Best model updated -> Epoch: 5, psnr: 20.0084, PSNR: 20.0084, LPIPS@loss: 0.1100, LPIPS full: 0.1300

Epoch 006/120 train start
Epoch 006/120 validation start
Epoch 006 | train_loss 0.2938 | val_loss 0.2787 | val_psnr 20.32 | val_lpips 0.0997 | val_lpips_full 0.1187 | edge 0.0246 | dark_noise 0.0096 | chroma 0.0885 | decomp 0.0671 | smooth_enh 0.0374 | lambda_mean 0.8407 | lambda_min 0.0115 | lambda_max 1.2934
Best model updated -> Epoch: 6, psnr: 20.3234, PSNR: 20.3234, LPIPS@loss: 0.0997, LPIPS full: 0.1187

Epoch 007/120 train start
Epoch 007/120 validation start
Epoch 007 | train_loss 0.2869 | val_loss 0.2853 | val_psnr 20.86 | val_lpips 0.0977 | val_lpips_full 0.1179 | edge 0.0230 | dark_noise 0.0097 | chroma 0.0797 | decomp 0.0873 | smooth_enh 0.0359 | lambda_mean 0.7681 | lambda_min 0.0070 | lambda_max 1.2871
Best model updated -> Epoch: 7, psnr: 20.8550, PSNR: 20.8550, LPIPS@loss: 0.0977, LPIPS full: 0.1179

Epoch 008/120 train start
Epoch 008/120 validation start
Epoch 008 | train_loss 0.2823 | val_loss 0.2965 | val_psnr 20.62 | val_lpips 0.0987 | val_lpips_full 0.1191 | edge 0.0244 | dark_noise 0.0099 | chroma 0.0918 | decomp 0.0893 | smooth_enh 0.0372 | lambda_mean 0.7977 | lambda_min 0.0070 | lambda_max 1.2934

Epoch 009/120 train start
Epoch 009/120 validation start
Epoch 009 | train_loss 0.2807 | val_loss 0.2655 | val_psnr 21.06 | val_lpips 0.0865 | val_lpips_full 0.1076 | edge 0.0227 | dark_noise 0.0096 | chroma 0.0774 | decomp 0.0726 | smooth_enh 0.0345 | lambda_mean 0.7941 | lambda_min 0.0049 | lambda_max 1.2928
Best model updated -> Epoch: 9, psnr: 21.0618, PSNR: 21.0618, LPIPS@loss: 0.0865, LPIPS full: 0.1076

Epoch 010/120 train start
Epoch 010/120 validation start
Epoch 010 | train_loss 0.2708 | val_loss 0.2692 | val_psnr 20.84 | val_lpips 0.0934 | val_lpips_full 0.1105 | edge 0.0219 | dark_noise 0.0099 | chroma 0.0820 | decomp 0.0772 | smooth_enh 0.0332 | lambda_mean 0.8095 | lambda_min 0.0050 | lambda_max 1.2910

Epoch 011/120 train start
Epoch 011/120 validation start
Epoch 011 | train_loss 0.2652 | val_loss 0.2535 | val_psnr 21.84 | val_lpips 0.0790 | val_lpips_full 0.0965 | edge 0.0216 | dark_noise 0.0094 | chroma 0.0671 | decomp 0.0770 | smooth_enh 0.0308 | lambda_mean 0.7770 | lambda_min 0.0052 | lambda_max 1.2867
Best model updated -> Epoch: 11, psnr: 21.8368, PSNR: 21.8368, LPIPS@loss: 0.0790, LPIPS full: 0.0965

Epoch 012/120 train start
Epoch 012/120 validation start
Epoch 012 | train_loss 0.2650 | val_loss 0.2663 | val_psnr 21.19 | val_lpips 0.1022 | val_lpips_full 0.1221 | edge 0.0232 | dark_noise 0.0103 | chroma 0.0893 | decomp 0.0755 | smooth_enh 0.0353 | lambda_mean 0.8283 | lambda_min 0.0068 | lambda_max 1.2942

Epoch 013/120 train start
Epoch 013/120 validation start
Epoch 013 | train_loss 0.2651 | val_loss 0.2539 | val_psnr 21.26 | val_lpips 0.0853 | val_lpips_full 0.1019 | edge 0.0219 | dark_noise 0.0099 | chroma 0.0766 | decomp 0.0647 | smooth_enh 0.0327 | lambda_mean 0.8089 | lambda_min 0.0035 | lambda_max 1.2927

Epoch 014/120 train start
Epoch 014/120 validation start
Epoch 014 | train_loss 0.2573 | val_loss 0.2648 | val_psnr 21.20 | val_lpips 0.0778 | val_lpips_full 0.0945 | edge 0.0216 | dark_noise 0.0096 | chroma 0.0683 | decomp 0.0773 | smooth_enh 0.0306 | lambda_mean 0.7856 | lambda_min 0.0030 | lambda_max 1.2855

Epoch 015/120 train start
Epoch 015/120 validation start
Epoch 015 | train_loss 0.2577 | val_loss 0.2520 | val_psnr 22.25 | val_lpips 0.0765 | val_lpips_full 0.0937 | edge 0.0213 | dark_noise 0.0094 | chroma 0.0709 | decomp 0.0797 | smooth_enh 0.0297 | lambda_mean 0.7747 | lambda_min 0.0038 | lambda_max 1.2880
Best model updated -> Epoch: 15, psnr: 22.2451, PSNR: 22.2451, LPIPS@loss: 0.0765, LPIPS full: 0.0937

Epoch 016/120 train start
Epoch 016/120 validation start
Epoch 016 | train_loss 0.2553 | val_loss 0.2362 | val_psnr 22.00 | val_lpips 0.0700 | val_lpips_full 0.0855 | edge 0.0207 | dark_noise 0.0093 | chroma 0.0631 | decomp 0.0662 | smooth_enh 0.0299 | lambda_mean 0.7976 | lambda_min 0.0051 | lambda_max 1.2904

Epoch 017/120 train start
Epoch 017/120 validation start
Epoch 017 | train_loss 0.2484 | val_loss 0.2381 | val_psnr 22.12 | val_lpips 0.0743 | val_lpips_full 0.0910 | edge 0.0209 | dark_noise 0.0094 | chroma 0.0623 | decomp 0.0701 | smooth_enh 0.0287 | lambda_mean 0.8147 | lambda_min 0.0050 | lambda_max 1.2890

Epoch 018/120 train start
Epoch 018/120 validation start
Epoch 018 | train_loss 0.2519 | val_loss 0.2370 | val_psnr 22.36 | val_lpips 0.0753 | val_lpips_full 0.0915 | edge 0.0207 | dark_noise 0.0095 | chroma 0.0705 | decomp 0.0702 | smooth_enh 0.0287 | lambda_mean 0.7932 | lambda_min 0.0034 | lambda_max 1.2863
Best model updated -> Epoch: 18, psnr: 22.3632, PSNR: 22.3632, LPIPS@loss: 0.0753, LPIPS full: 0.0915

Epoch 019/120 train start
Epoch 019/120 validation start
Epoch 019 | train_loss 0.2506 | val_loss 0.2339 | val_psnr 22.44 | val_lpips 0.0679 | val_lpips_full 0.0832 | edge 0.0207 | dark_noise 0.0094 | chroma 0.0613 | decomp 0.0707 | smooth_enh 0.0284 | lambda_mean 0.8163 | lambda_min 0.0067 | lambda_max 1.2895
Best model updated -> Epoch: 19, psnr: 22.4390, PSNR: 22.4390, LPIPS@loss: 0.0679, LPIPS full: 0.0832

Epoch 020/120 train start
Epoch 020/120 validation start
Epoch 020 | train_loss 0.2468 | val_loss 0.2295 | val_psnr 22.17 | val_lpips 0.0682 | val_lpips_full 0.0838 | edge 0.0206 | dark_noise 0.0092 | chroma 0.0634 | decomp 0.0616 | smooth_enh 0.0284 | lambda_mean 0.8164 | lambda_min 0.0042 | lambda_max 1.2895

Epoch 021/120 train start
Epoch 021/120 validation start
Epoch 021 | train_loss 0.2468 | val_loss 0.2311 | val_psnr 22.40 | val_lpips 0.0715 | val_lpips_full 0.0869 | edge 0.0208 | dark_noise 0.0093 | chroma 0.0688 | decomp 0.0655 | smooth_enh 0.0280 | lambda_mean 0.8276 | lambda_min 0.0084 | lambda_max 1.2855

Epoch 022/120 train start
Epoch 022/120 validation start
Epoch 022 | train_loss 0.2423 | val_loss 0.2352 | val_psnr 22.03 | val_lpips 0.0700 | val_lpips_full 0.0863 | edge 0.0204 | dark_noise 0.0094 | chroma 0.0748 | decomp 0.0651 | smooth_enh 0.0283 | lambda_mean 0.8075 | lambda_min 0.0070 | lambda_max 1.2887

Epoch 023/120 train start
Epoch 023/120 validation start
Epoch 023 | train_loss 0.2428 | val_loss 0.2277 | val_psnr 22.65 | val_lpips 0.0735 | val_lpips_full 0.0892 | edge 0.0205 | dark_noise 0.0093 | chroma 0.0689 | decomp 0.0676 | smooth_enh 0.0275 | lambda_mean 0.8013 | lambda_min 0.0065 | lambda_max 1.2831
Best model updated -> Epoch: 23, psnr: 22.6466, PSNR: 22.6466, LPIPS@loss: 0.0735, LPIPS full: 0.0892

Epoch 024/120 train start
Epoch 024/120 validation start
Epoch 024 | train_loss 0.2408 | val_loss 0.2325 | val_psnr 22.28 | val_lpips 0.0685 | val_lpips_full 0.0844 | edge 0.0204 | dark_noise 0.0092 | chroma 0.0626 | decomp 0.0697 | smooth_enh 0.0270 | lambda_mean 0.7986 | lambda_min 0.0059 | lambda_max 1.2859

Epoch 025/120 train start
Epoch 025/120 validation start
Epoch 025 | train_loss 0.2428 | val_loss 0.2357 | val_psnr 22.77 | val_lpips 0.0715 | val_lpips_full 0.0877 | edge 0.0211 | dark_noise 0.0094 | chroma 0.0645 | decomp 0.0772 | smooth_enh 0.0283 | lambda_mean 0.8077 | lambda_min 0.0062 | lambda_max 1.2863
Best model updated -> Epoch: 25, psnr: 22.7730, PSNR: 22.7730, LPIPS@loss: 0.0715, LPIPS full: 0.0877

Epoch 026/120 train start
Epoch 026/120 validation start
Epoch 026 | train_loss 0.2354 | val_loss 0.2316 | val_psnr 23.22 | val_lpips 0.0622 | val_lpips_full 0.0777 | edge 0.0209 | dark_noise 0.0095 | chroma 0.0557 | decomp 0.0781 | smooth_enh 0.0277 | lambda_mean 0.8036 | lambda_min 0.0068 | lambda_max 1.2885
Best model updated -> Epoch: 26, psnr: 23.2179, PSNR: 23.2179, LPIPS@loss: 0.0622, LPIPS full: 0.0777

Epoch 027/120 train start
Epoch 027/120 validation start
Epoch 027 | train_loss 0.2369 | val_loss 0.2228 | val_psnr 22.86 | val_lpips 0.0636 | val_lpips_full 0.0793 | edge 0.0199 | dark_noise 0.0092 | chroma 0.0597 | decomp 0.0683 | smooth_enh 0.0255 | lambda_mean 0.8049 | lambda_min 0.0072 | lambda_max 1.2859

Epoch 028/120 train start
Epoch 028/120 validation start
Epoch 028 | train_loss 0.2361 | val_loss 0.2248 | val_psnr 22.94 | val_lpips 0.0661 | val_lpips_full 0.0814 | edge 0.0202 | dark_noise 0.0093 | chroma 0.0631 | decomp 0.0697 | smooth_enh 0.0250 | lambda_mean 0.8125 | lambda_min 0.0069 | lambda_max 1.2863

Epoch 029/120 train start
Epoch 029/120 validation start
Epoch 029 | train_loss 0.2345 | val_loss 0.2190 | val_psnr 22.91 | val_lpips 0.0665 | val_lpips_full 0.0819 | edge 0.0203 | dark_noise 0.0092 | chroma 0.0594 | decomp 0.0607 | smooth_enh 0.0258 | lambda_mean 0.8153 | lambda_min 0.0065 | lambda_max 1.2862

Epoch 030/120 train start
Epoch 030/120 validation start
Epoch 030 | train_loss 0.2310 | val_loss 0.2151 | val_psnr 22.85 | val_lpips 0.0606 | val_lpips_full 0.0746 | edge 0.0198 | dark_noise 0.0090 | chroma 0.0565 | decomp 0.0593 | smooth_enh 0.0237 | lambda_mean 0.8240 | lambda_min 0.0061 | lambda_max 1.2874

Epoch 031/120 train start
Epoch 031/120 validation start
Epoch 031 | train_loss 0.2328 | val_loss 0.2324 | val_psnr 22.40 | val_lpips 0.0753 | val_lpips_full 0.0911 | edge 0.0206 | dark_noise 0.0093 | chroma 0.0770 | decomp 0.0701 | smooth_enh 0.0253 | lambda_mean 0.8237 | lambda_min 0.0050 | lambda_max 1.2898

Epoch 032/120 train start
Epoch 032/120 validation start
Epoch 032 | train_loss 0.2282 | val_loss 0.2207 | val_psnr 22.98 | val_lpips 0.0623 | val_lpips_full 0.0776 | edge 0.0206 | dark_noise 0.0094 | chroma 0.0641 | decomp 0.0640 | smooth_enh 0.0249 | lambda_mean 0.8213 | lambda_min 0.0085 | lambda_max 1.2866

Epoch 033/120 train start
Epoch 033/120 validation start
Epoch 033 | train_loss 0.2314 | val_loss 0.2102 | val_psnr 23.53 | val_lpips 0.0581 | val_lpips_full 0.0730 | edge 0.0198 | dark_noise 0.0090 | chroma 0.0563 | decomp 0.0614 | smooth_enh 0.0233 | lambda_mean 0.8281 | lambda_min 0.0081 | lambda_max 1.2880
Best model updated -> Epoch: 33, psnr: 23.5255, PSNR: 23.5255, LPIPS@loss: 0.0581, LPIPS full: 0.0730

Epoch 034/120 train start
Epoch 034/120 validation start
Epoch 034 | train_loss 0.2300 | val_loss 0.2305 | val_psnr 23.02 | val_lpips 0.0643 | val_lpips_full 0.0808 | edge 0.0202 | dark_noise 0.0091 | chroma 0.0631 | decomp 0.0742 | smooth_enh 0.0246 | lambda_mean 0.8156 | lambda_min 0.0094 | lambda_max 1.2867

Epoch 035/120 train start
Epoch 035/120 validation start
Epoch 035 | train_loss 0.2263 | val_loss 0.2101 | val_psnr 23.27 | val_lpips 0.0577 | val_lpips_full 0.0726 | edge 0.0197 | dark_noise 0.0090 | chroma 0.0550 | decomp 0.0613 | smooth_enh 0.0237 | lambda_mean 0.8334 | lambda_min 0.0102 | lambda_max 1.2871

Epoch 036/120 train start
Epoch 036/120 validation start
Epoch 036 | train_loss 0.2280 | val_loss 0.2220 | val_psnr 22.53 | val_lpips 0.0686 | val_lpips_full 0.0827 | edge 0.0206 | dark_noise 0.0092 | chroma 0.0610 | decomp 0.0610 | smooth_enh 0.0228 | lambda_mean 0.8395 | lambda_min 0.0094 | lambda_max 1.2829

Epoch 037/120 train start
Epoch 037/120 validation start
Epoch 037 | train_loss 0.2300 | val_loss 0.2177 | val_psnr 23.76 | val_lpips 0.0541 | val_lpips_full 0.0686 | edge 0.0194 | dark_noise 0.0090 | chroma 0.0524 | decomp 0.0739 | smooth_enh 0.0230 | lambda_mean 0.8061 | lambda_min 0.0053 | lambda_max 1.2823
Best model updated -> Epoch: 37, psnr: 23.7641, PSNR: 23.7641, LPIPS@loss: 0.0541, LPIPS full: 0.0686

Epoch 038/120 train start
Epoch 038/120 validation start
Epoch 038 | train_loss 0.2246 | val_loss 0.2445 | val_psnr 21.28 | val_lpips 0.0800 | val_lpips_full 0.0955 | edge 0.0217 | dark_noise 0.0093 | chroma 0.0716 | decomp 0.0518 | smooth_enh 0.0227 | lambda_mean 0.8456 | lambda_min 0.0082 | lambda_max 1.2867

Epoch 039/120 train start
Epoch 039/120 validation start
Epoch 039 | train_loss 0.2220 | val_loss 0.2168 | val_psnr 23.35 | val_lpips 0.0602 | val_lpips_full 0.0744 | edge 0.0194 | dark_noise 0.0091 | chroma 0.0604 | decomp 0.0679 | smooth_enh 0.0229 | lambda_mean 0.8271 | lambda_min 0.0085 | lambda_max 1.2844

Epoch 040/120 train start
Epoch 040/120 validation start
Epoch 040 | train_loss 0.2239 | val_loss 0.2120 | val_psnr 23.68 | val_lpips 0.0586 | val_lpips_full 0.0748 | edge 0.0197 | dark_noise 0.0091 | chroma 0.0551 | decomp 0.0671 | smooth_enh 0.0238 | lambda_mean 0.8203 | lambda_min 0.0078 | lambda_max 1.2852

Epoch 041/120 train start
Epoch 041/120 validation start
Epoch 041 | train_loss 0.2210 | val_loss 0.2157 | val_psnr 23.42 | val_lpips 0.0557 | val_lpips_full 0.0701 | edge 0.0194 | dark_noise 0.0090 | chroma 0.0591 | decomp 0.0661 | smooth_enh 0.0222 | lambda_mean 0.8268 | lambda_min 0.0133 | lambda_max 1.2817

Epoch 042/120 train start
Epoch 042/120 validation start
Epoch 042 | train_loss 0.2203 | val_loss 0.2124 | val_psnr 22.95 | val_lpips 0.0555 | val_lpips_full 0.0699 | edge 0.0198 | dark_noise 0.0090 | chroma 0.0551 | decomp 0.0593 | smooth_enh 0.0223 | lambda_mean 0.8419 | lambda_min 0.0136 | lambda_max 1.2831

Epoch 043/120 train start
Epoch 043/120 validation start
Epoch 043 | train_loss 0.2222 | val_loss 0.2100 | val_psnr 23.38 | val_lpips 0.0542 | val_lpips_full 0.0688 | edge 0.0195 | dark_noise 0.0090 | chroma 0.0523 | decomp 0.0649 | smooth_enh 0.0226 | lambda_mean 0.8267 | lambda_min 0.0109 | lambda_max 1.2848

Epoch 044/120 train start
Epoch 044/120 validation start
Epoch 044 | train_loss 0.2206 | val_loss 0.2182 | val_psnr 23.47 | val_lpips 0.0563 | val_lpips_full 0.0711 | edge 0.0197 | dark_noise 0.0091 | chroma 0.0536 | decomp 0.0734 | smooth_enh 0.0230 | lambda_mean 0.8052 | lambda_min 0.0069 | lambda_max 1.2818

Epoch 045/120 train start
Epoch 045/120 validation start
Epoch 045 | train_loss 0.2172 | val_loss 0.2073 | val_psnr 24.16 | val_lpips 0.0515 | val_lpips_full 0.0660 | edge 0.0196 | dark_noise 0.0090 | chroma 0.0500 | decomp 0.0676 | smooth_enh 0.0229 | lambda_mean 0.8217 | lambda_min 0.0104 | lambda_max 1.2842
Best model updated -> Epoch: 45, psnr: 24.1597, PSNR: 24.1597, LPIPS@loss: 0.0515, LPIPS full: 0.0660

Epoch 046/120 train start
Epoch 046/120 validation start
Epoch 046 | train_loss 0.2200 | val_loss 0.2131 | val_psnr 23.41 | val_lpips 0.0609 | val_lpips_full 0.0769 | edge 0.0192 | dark_noise 0.0090 | chroma 0.0664 | decomp 0.0666 | smooth_enh 0.0222 | lambda_mean 0.8216 | lambda_min 0.0081 | lambda_max 1.2808

Epoch 047/120 train start
Epoch 047/120 validation start
Epoch 047 | train_loss 0.2151 | val_loss 0.2179 | val_psnr 23.00 | val_lpips 0.0577 | val_lpips_full 0.0720 | edge 0.0202 | dark_noise 0.0091 | chroma 0.0568 | decomp 0.0653 | smooth_enh 0.0226 | lambda_mean 0.8373 | lambda_min 0.0182 | lambda_max 1.2848

Epoch 048/120 train start
Epoch 048/120 validation start
Epoch 048 | train_loss 0.2135 | val_loss 0.2013 | val_psnr 23.80 | val_lpips 0.0500 | val_lpips_full 0.0639 | edge 0.0195 | dark_noise 0.0089 | chroma 0.0517 | decomp 0.0590 | smooth_enh 0.0230 | lambda_mean 0.8355 | lambda_min 0.0105 | lambda_max 1.2854

Epoch 049/120 train start
Epoch 049/120 validation start
Epoch 049 | train_loss 0.2103 | val_loss 0.2121 | val_psnr 23.91 | val_lpips 0.0541 | val_lpips_full 0.0685 | edge 0.0199 | dark_noise 0.0090 | chroma 0.0513 | decomp 0.0692 | smooth_enh 0.0227 | lambda_mean 0.8218 | lambda_min 0.0070 | lambda_max 1.2802

Epoch 050/120 train start
Epoch 050/120 validation start
Epoch 050 | train_loss 0.2136 | val_loss 0.2126 | val_psnr 23.28 | val_lpips 0.0544 | val_lpips_full 0.0681 | edge 0.0195 | dark_noise 0.0088 | chroma 0.0557 | decomp 0.0637 | smooth_enh 0.0212 | lambda_mean 0.8369 | lambda_min 0.0110 | lambda_max 1.2797

Epoch 051/120 train start
Epoch 051/120 validation start
Epoch 051 | train_loss 0.2134 | val_loss 0.2089 | val_psnr 23.07 | val_lpips 0.0588 | val_lpips_full 0.0735 | edge 0.0196 | dark_noise 0.0089 | chroma 0.0541 | decomp 0.0569 | smooth_enh 0.0211 | lambda_mean 0.8299 | lambda_min 0.0116 | lambda_max 1.2794

Epoch 052/120 train start
Epoch 052/120 validation start
Epoch 052 | train_loss 0.2131 | val_loss 0.2093 | val_psnr 23.88 | val_lpips 0.0507 | val_lpips_full 0.0653 | edge 0.0193 | dark_noise 0.0090 | chroma 0.0506 | decomp 0.0673 | smooth_enh 0.0224 | lambda_mean 0.8291 | lambda_min 0.0110 | lambda_max 1.2811

Epoch 053/120 train start
Epoch 053/120 validation start
Epoch 053 | train_loss 0.2091 | val_loss 0.2045 | val_psnr 22.83 | val_lpips 0.0529 | val_lpips_full 0.0655 | edge 0.0197 | dark_noise 0.0088 | chroma 0.0506 | decomp 0.0523 | smooth_enh 0.0214 | lambda_mean 0.8491 | lambda_min 0.0094 | lambda_max 1.2807

Epoch 054/120 train start
Epoch 054/120 validation start
Epoch 054 | train_loss 0.2098 | val_loss 0.2134 | val_psnr 23.61 | val_lpips 0.0609 | val_lpips_full 0.0759 | edge 0.0194 | dark_noise 0.0091 | chroma 0.0563 | decomp 0.0648 | smooth_enh 0.0221 | lambda_mean 0.8272 | lambda_min 0.0096 | lambda_max 1.2720

Epoch 055/120 train start
Epoch 055/120 validation start
Epoch 055 | train_loss 0.2085 | val_loss 0.2045 | val_psnr 24.07 | val_lpips 0.0501 | val_lpips_full 0.0641 | edge 0.0192 | dark_noise 0.0089 | chroma 0.0503 | decomp 0.0668 | smooth_enh 0.0218 | lambda_mean 0.8330 | lambda_min 0.0140 | lambda_max 1.2756

Epoch 056/120 train start
Epoch 056/120 validation start
Epoch 056 | train_loss 0.2079 | val_loss 0.2004 | val_psnr 23.49 | val_lpips 0.0502 | val_lpips_full 0.0629 | edge 0.0196 | dark_noise 0.0089 | chroma 0.0495 | decomp 0.0549 | smooth_enh 0.0214 | lambda_mean 0.8426 | lambda_min 0.0138 | lambda_max 1.2776

Epoch 057/120 train start
Epoch 057/120 validation start
Epoch 057 | train_loss 0.2090 | val_loss 0.2488 | val_psnr 20.63 | val_lpips 0.0779 | val_lpips_full 0.0912 | edge 0.0224 | dark_noise 0.0091 | chroma 0.0592 | decomp 0.0456 | smooth_enh 0.0210 | lambda_mean 0.8405 | lambda_min 0.0083 | lambda_max 1.2816

Epoch 058/120 train start
Epoch 058/120 validation start
Epoch 058 | train_loss 0.2106 | val_loss 0.2025 | val_psnr 23.64 | val_lpips 0.0497 | val_lpips_full 0.0631 | edge 0.0194 | dark_noise 0.0089 | chroma 0.0498 | decomp 0.0614 | smooth_enh 0.0220 | lambda_mean 0.8399 | lambda_min 0.0141 | lambda_max 1.2811

Epoch 059/120 train start
Epoch 059/120 validation start
Epoch 059 | train_loss 0.2044 | val_loss 0.2160 | val_psnr 24.01 | val_lpips 0.0513 | val_lpips_full 0.0659 | edge 0.0193 | dark_noise 0.0089 | chroma 0.0541 | decomp 0.0771 | smooth_enh 0.0217 | lambda_mean 0.8238 | lambda_min 0.0073 | lambda_max 1.2749

Epoch 060/120 train start
Epoch 060/120 validation start
Epoch 060 | train_loss 0.2047 | val_loss 0.1982 | val_psnr 24.10 | val_lpips 0.0505 | val_lpips_full 0.0641 | edge 0.0192 | dark_noise 0.0089 | chroma 0.0480 | decomp 0.0605 | smooth_enh 0.0215 | lambda_mean 0.8347 | lambda_min 0.0099 | lambda_max 1.2761

Epoch 061/120 train start
Epoch 061/120 validation start
Epoch 061 | train_loss 0.2062 | val_loss 0.2006 | val_psnr 23.66 | val_lpips 0.0520 | val_lpips_full 0.0657 | edge 0.0197 | dark_noise 0.0089 | chroma 0.0513 | decomp 0.0596 | smooth_enh 0.0222 | lambda_mean 0.8513 | lambda_min 0.0173 | lambda_max 1.2820

Epoch 062/120 train start
Epoch 062/120 validation start
Epoch 062 | train_loss 0.2069 | val_loss 0.2073 | val_psnr 23.31 | val_lpips 0.0503 | val_lpips_full 0.0640 | edge 0.0196 | dark_noise 0.0089 | chroma 0.0510 | decomp 0.0612 | smooth_enh 0.0215 | lambda_mean 0.8313 | lambda_min 0.0109 | lambda_max 1.2723

Epoch 063/120 train start
Epoch 063/120 validation start
Epoch 063 | train_loss 0.2040 | val_loss 0.2007 | val_psnr 24.19 | val_lpips 0.0495 | val_lpips_full 0.0636 | edge 0.0194 | dark_noise 0.0089 | chroma 0.0505 | decomp 0.0623 | smooth_enh 0.0214 | lambda_mean 0.8295 | lambda_min 0.0109 | lambda_max 1.2779
Best model updated -> Epoch: 63, psnr: 24.1948, PSNR: 24.1948, LPIPS@loss: 0.0495, LPIPS full: 0.0636

Epoch 064/120 train start
Epoch 064/120 validation start
Epoch 064 | train_loss 0.2048 | val_loss 0.1981 | val_psnr 24.07 | val_lpips 0.0491 | val_lpips_full 0.0632 | edge 0.0196 | dark_noise 0.0089 | chroma 0.0492 | decomp 0.0626 | smooth_enh 0.0226 | lambda_mean 0.8359 | lambda_min 0.0095 | lambda_max 1.2789

Epoch 065/120 train start
Epoch 065/120 validation start
Epoch 065 | train_loss 0.2005 | val_loss 0.1960 | val_psnr 23.95 | val_lpips 0.0480 | val_lpips_full 0.0611 | edge 0.0194 | dark_noise 0.0088 | chroma 0.0475 | decomp 0.0583 | smooth_enh 0.0213 | lambda_mean 0.8381 | lambda_min 0.0116 | lambda_max 1.2726

Epoch 066/120 train start
Epoch 066/120 validation start
Epoch 066 | train_loss 0.2025 | val_loss 0.1990 | val_psnr 24.10 | val_lpips 0.0503 | val_lpips_full 0.0642 | edge 0.0195 | dark_noise 0.0089 | chroma 0.0501 | decomp 0.0620 | smooth_enh 0.0221 | lambda_mean 0.8329 | lambda_min 0.0107 | lambda_max 1.2785

Epoch 067/120 train start
Epoch 067/120 validation start
Epoch 067 | train_loss 0.2007 | val_loss 0.1992 | val_psnr 24.09 | val_lpips 0.0516 | val_lpips_full 0.0655 | edge 0.0193 | dark_noise 0.0090 | chroma 0.0543 | decomp 0.0592 | smooth_enh 0.0214 | lambda_mean 0.8331 | lambda_min 0.0114 | lambda_max 1.2739

Epoch 068/120 train start
Epoch 068/120 validation start
Epoch 068 | train_loss 0.1986 | val_loss 0.2002 | val_psnr 23.88 | val_lpips 0.0572 | val_lpips_full 0.0715 | edge 0.0197 | dark_noise 0.0090 | chroma 0.0577 | decomp 0.0586 | smooth_enh 0.0210 | lambda_mean 0.8386 | lambda_min 0.0105 | lambda_max 1.2719

Epoch 069/120 train start
Epoch 069/120 validation start
Epoch 069 | train_loss 0.1998 | val_loss 0.2019 | val_psnr 24.33 | val_lpips 0.0476 | val_lpips_full 0.0623 | edge 0.0194 | dark_noise 0.0089 | chroma 0.0507 | decomp 0.0689 | smooth_enh 0.0218 | lambda_mean 0.8299 | lambda_min 0.0108 | lambda_max 1.2750
Best model updated -> Epoch: 69, psnr: 24.3339, PSNR: 24.3339, LPIPS@loss: 0.0476, LPIPS full: 0.0623

Epoch 070/120 train start
Epoch 070/120 validation start
Epoch 070 | train_loss 0.1986 | val_loss 0.1961 | val_psnr 23.84 | val_lpips 0.0489 | val_lpips_full 0.0624 | edge 0.0195 | dark_noise 0.0088 | chroma 0.0475 | decomp 0.0560 | smooth_enh 0.0214 | lambda_mean 0.8422 | lambda_min 0.0128 | lambda_max 1.2789

Epoch 071/120 train start
Epoch 071/120 validation start
Epoch 071 | train_loss 0.1969 | val_loss 0.2031 | val_psnr 24.44 | val_lpips 0.0503 | val_lpips_full 0.0646 | edge 0.0193 | dark_noise 0.0090 | chroma 0.0492 | decomp 0.0697 | smooth_enh 0.0221 | lambda_mean 0.8286 | lambda_min 0.0162 | lambda_max 1.2720
Best model updated -> Epoch: 71, psnr: 24.4396, PSNR: 24.4396, LPIPS@loss: 0.0503, LPIPS full: 0.0646

Epoch 072/120 train start
Epoch 072/120 validation start
Epoch 072 | train_loss 0.1970 | val_loss 0.1929 | val_psnr 24.81 | val_lpips 0.0449 | val_lpips_full 0.0586 | edge 0.0189 | dark_noise 0.0088 | chroma 0.0454 | decomp 0.0633 | smooth_enh 0.0209 | lambda_mean 0.8321 | lambda_min 0.0120 | lambda_max 1.2742
Best model updated -> Epoch: 72, psnr: 24.8090, PSNR: 24.8090, LPIPS@loss: 0.0449, LPIPS full: 0.0586

Epoch 073/120 train start
Epoch 073/120 validation start
Epoch 073 | train_loss 0.1957 | val_loss 0.1955 | val_psnr 23.84 | val_lpips 0.0488 | val_lpips_full 0.0622 | edge 0.0193 | dark_noise 0.0088 | chroma 0.0477 | decomp 0.0576 | smooth_enh 0.0210 | lambda_mean 0.8388 | lambda_min 0.0126 | lambda_max 1.2754

Epoch 074/120 train start
Epoch 074/120 validation start
Epoch 074 | train_loss 0.1942 | val_loss 0.1954 | val_psnr 24.06 | val_lpips 0.0512 | val_lpips_full 0.0645 | edge 0.0195 | dark_noise 0.0088 | chroma 0.0507 | decomp 0.0586 | smooth_enh 0.0212 | lambda_mean 0.8377 | lambda_min 0.0115 | lambda_max 1.2719

Epoch 075/120 train start
Epoch 075/120 validation start
Epoch 075 | train_loss 0.1973 | val_loss 0.1912 | val_psnr 23.77 | val_lpips 0.0495 | val_lpips_full 0.0624 | edge 0.0196 | dark_noise 0.0088 | chroma 0.0466 | decomp 0.0528 | smooth_enh 0.0215 | lambda_mean 0.8424 | lambda_min 0.0112 | lambda_max 1.2751

Epoch 076/120 train start
Epoch 076/120 validation start
Epoch 076 | train_loss 0.1952 | val_loss 0.2006 | val_psnr 23.70 | val_lpips 0.0531 | val_lpips_full 0.0671 | edge 0.0195 | dark_noise 0.0088 | chroma 0.0499 | decomp 0.0606 | smooth_enh 0.0209 | lambda_mean 0.8365 | lambda_min 0.0110 | lambda_max 1.2720

Epoch 077/120 train start
Epoch 077/120 validation start
Epoch 077 | train_loss 0.1932 | val_loss 0.1989 | val_psnr 23.58 | val_lpips 0.0541 | val_lpips_full 0.0671 | edge 0.0199 | dark_noise 0.0089 | chroma 0.0512 | decomp 0.0543 | smooth_enh 0.0210 | lambda_mean 0.8469 | lambda_min 0.0111 | lambda_max 1.2724

Epoch 078/120 train start
Epoch 078/120 validation start
Epoch 078 | train_loss 0.1927 | val_loss 0.1925 | val_psnr 24.56 | val_lpips 0.0447 | val_lpips_full 0.0583 | edge 0.0191 | dark_noise 0.0088 | chroma 0.0454 | decomp 0.0647 | smooth_enh 0.0211 | lambda_mean 0.8361 | lambda_min 0.0158 | lambda_max 1.2722

Epoch 079/120 train start
Epoch 079/120 validation start
Epoch 079 | train_loss 0.1925 | val_loss 0.1907 | val_psnr 24.42 | val_lpips 0.0459 | val_lpips_full 0.0591 | edge 0.0190 | dark_noise 0.0088 | chroma 0.0471 | decomp 0.0598 | smooth_enh 0.0211 | lambda_mean 0.8372 | lambda_min 0.0133 | lambda_max 1.2719

Epoch 080/120 train start
Epoch 080/120 validation start
Epoch 080 | train_loss 0.1904 | val_loss 0.1934 | val_psnr 23.74 | val_lpips 0.0482 | val_lpips_full 0.0613 | edge 0.0194 | dark_noise 0.0087 | chroma 0.0472 | decomp 0.0538 | smooth_enh 0.0211 | lambda_mean 0.8449 | lambda_min 0.0105 | lambda_max 1.2773

Epoch 081/120 train start
Epoch 081/120 validation start
Epoch 081 | train_loss 0.1894 | val_loss 0.1947 | val_psnr 24.99 | val_lpips 0.0451 | val_lpips_full 0.0589 | edge 0.0191 | dark_noise 0.0088 | chroma 0.0456 | decomp 0.0678 | smooth_enh 0.0208 | lambda_mean 0.8241 | lambda_min 0.0139 | lambda_max 1.2635
Best model updated -> Epoch: 81, psnr: 24.9917, PSNR: 24.9917, LPIPS@loss: 0.0451, LPIPS full: 0.0589

Epoch 082/120 train start
Epoch 082/120 validation start
Epoch 082 | train_loss 0.1903 | val_loss 0.1860 | val_psnr 24.69 | val_lpips 0.0439 | val_lpips_full 0.0573 | edge 0.0190 | dark_noise 0.0088 | chroma 0.0439 | decomp 0.0596 | smooth_enh 0.0211 | lambda_mean 0.8387 | lambda_min 0.0150 | lambda_max 1.2728

Epoch 083/120 train start
Epoch 083/120 validation start
Epoch 083 | train_loss 0.1881 | val_loss 0.1863 | val_psnr 24.19 | val_lpips 0.0444 | val_lpips_full 0.0576 | edge 0.0189 | dark_noise 0.0087 | chroma 0.0443 | decomp 0.0553 | smooth_enh 0.0208 | lambda_mean 0.8365 | lambda_min 0.0131 | lambda_max 1.2713

Epoch 084/120 train start
Epoch 084/120 validation start
Epoch 084 | train_loss 0.1896 | val_loss 0.1870 | val_psnr 24.72 | val_lpips 0.0445 | val_lpips_full 0.0578 | edge 0.0189 | dark_noise 0.0087 | chroma 0.0460 | decomp 0.0606 | smooth_enh 0.0210 | lambda_mean 0.8365 | lambda_min 0.0136 | lambda_max 1.2701

Epoch 085/120 train start
Epoch 085/120 validation start
Epoch 085 | train_loss 0.1886 | val_loss 0.1861 | val_psnr 24.80 | val_lpips 0.0439 | val_lpips_full 0.0575 | edge 0.0188 | dark_noise 0.0087 | chroma 0.0448 | decomp 0.0613 | smooth_enh 0.0209 | lambda_mean 0.8392 | lambda_min 0.0134 | lambda_max 1.2717

Epoch 086/120 train start
Epoch 086/120 validation start
Epoch 086 | train_loss 0.1871 | val_loss 0.1840 | val_psnr 24.65 | val_lpips 0.0441 | val_lpips_full 0.0574 | edge 0.0189 | dark_noise 0.0087 | chroma 0.0442 | decomp 0.0578 | smooth_enh 0.0211 | lambda_mean 0.8356 | lambda_min 0.0121 | lambda_max 1.2722

Epoch 087/120 train start
Epoch 087/120 validation start
Epoch 087 | train_loss 0.1860 | val_loss 0.1894 | val_psnr 25.10 | val_lpips 0.0433 | val_lpips_full 0.0570 | edge 0.0189 | dark_noise 0.0088 | chroma 0.0437 | decomp 0.0655 | smooth_enh 0.0205 | lambda_mean 0.8242 | lambda_min 0.0135 | lambda_max 1.2655
Best model updated -> Epoch: 87, psnr: 25.0997, PSNR: 25.0997, LPIPS@loss: 0.0433, LPIPS full: 0.0570

Epoch 088/120 train start
Epoch 088/120 validation start
Epoch 088 | train_loss 0.1864 | val_loss 0.1880 | val_psnr 24.18 | val_lpips 0.0456 | val_lpips_full 0.0586 | edge 0.0194 | dark_noise 0.0088 | chroma 0.0443 | decomp 0.0551 | smooth_enh 0.0206 | lambda_mean 0.8368 | lambda_min 0.0149 | lambda_max 1.2714

Epoch 089/120 train start
Epoch 089/120 validation start
Epoch 089 | train_loss 0.1865 | val_loss 0.1922 | val_psnr 24.57 | val_lpips 0.0449 | val_lpips_full 0.0584 | edge 0.0191 | dark_noise 0.0088 | chroma 0.0446 | decomp 0.0657 | smooth_enh 0.0207 | lambda_mean 0.8280 | lambda_min 0.0138 | lambda_max 1.2660

Epoch 090/120 train start
Epoch 090/120 validation start
Epoch 090 | train_loss 0.1857 | val_loss 0.1895 | val_psnr 24.56 | val_lpips 0.0454 | val_lpips_full 0.0589 | edge 0.0190 | dark_noise 0.0088 | chroma 0.0460 | decomp 0.0596 | smooth_enh 0.0201 | lambda_mean 0.8362 | lambda_min 0.0135 | lambda_max 1.2654

Epoch 091/120 train start
Epoch 091/120 validation start
Epoch 091 | train_loss 0.1875 | val_loss 0.1849 | val_psnr 24.92 | val_lpips 0.0440 | val_lpips_full 0.0574 | edge 0.0191 | dark_noise 0.0088 | chroma 0.0447 | decomp 0.0602 | smooth_enh 0.0203 | lambda_mean 0.8295 | lambda_min 0.0139 | lambda_max 1.2659

Epoch 092/120 train start
Epoch 092/120 validation start
Epoch 092 | train_loss 0.1851 | val_loss 0.1882 | val_psnr 24.37 | val_lpips 0.0438 | val_lpips_full 0.0570 | edge 0.0191 | dark_noise 0.0087 | chroma 0.0436 | decomp 0.0580 | smooth_enh 0.0203 | lambda_mean 0.8336 | lambda_min 0.0123 | lambda_max 1.2691

Epoch 093/120 train start
Epoch 093/120 validation start
Epoch 093 | train_loss 0.1853 | val_loss 0.1915 | val_psnr 24.88 | val_lpips 0.0444 | val_lpips_full 0.0580 | edge 0.0192 | dark_noise 0.0088 | chroma 0.0435 | decomp 0.0651 | smooth_enh 0.0205 | lambda_mean 0.8242 | lambda_min 0.0130 | lambda_max 1.2621

Epoch 094/120 train start
Epoch 094/120 validation start
Epoch 094 | train_loss 0.1833 | val_loss 0.1884 | val_psnr 24.11 | val_lpips 0.0463 | val_lpips_full 0.0595 | edge 0.0191 | dark_noise 0.0087 | chroma 0.0462 | decomp 0.0545 | smooth_enh 0.0204 | lambda_mean 0.8373 | lambda_min 0.0129 | lambda_max 1.2700

Epoch 095/120 train start
Epoch 095/120 validation start
Epoch 095 | train_loss 0.1835 | val_loss 0.1897 | val_psnr 23.70 | val_lpips 0.0453 | val_lpips_full 0.0581 | edge 0.0190 | dark_noise 0.0086 | chroma 0.0438 | decomp 0.0539 | smooth_enh 0.0200 | lambda_mean 0.8358 | lambda_min 0.0135 | lambda_max 1.2671

Epoch 096/120 train start
Epoch 096/120 validation start
Epoch 096 | train_loss 0.1841 | val_loss 0.1842 | val_psnr 24.89 | val_lpips 0.0426 | val_lpips_full 0.0559 | edge 0.0189 | dark_noise 0.0087 | chroma 0.0428 | decomp 0.0606 | smooth_enh 0.0202 | lambda_mean 0.8327 | lambda_min 0.0133 | lambda_max 1.2656

Epoch 097/120 train start
Epoch 097/120 validation start
Epoch 097 | train_loss 0.1817 | val_loss 0.1863 | val_psnr 24.07 | val_lpips 0.0442 | val_lpips_full 0.0568 | edge 0.0191 | dark_noise 0.0087 | chroma 0.0437 | decomp 0.0537 | smooth_enh 0.0201 | lambda_mean 0.8391 | lambda_min 0.0124 | lambda_max 1.2686

Epoch 098/120 train start
Epoch 098/120 validation start
Epoch 098 | train_loss 0.1833 | val_loss 0.1882 | val_psnr 23.96 | val_lpips 0.0451 | val_lpips_full 0.0580 | edge 0.0192 | dark_noise 0.0087 | chroma 0.0432 | decomp 0.0545 | smooth_enh 0.0200 | lambda_mean 0.8359 | lambda_min 0.0118 | lambda_max 1.2670

Epoch 099/120 train start
Epoch 099/120 validation start
Epoch 099 | train_loss 0.1809 | val_loss 0.1856 | val_psnr 25.10 | val_lpips 0.0434 | val_lpips_full 0.0567 | edge 0.0190 | dark_noise 0.0088 | chroma 0.0439 | decomp 0.0626 | smooth_enh 0.0203 | lambda_mean 0.8304 | lambda_min 0.0123 | lambda_max 1.2609

Epoch 100/120 train start
Epoch 100/120 validation start
Epoch 100 | train_loss 0.1812 | val_loss 0.1848 | val_psnr 24.14 | val_lpips 0.0444 | val_lpips_full 0.0569 | edge 0.0192 | dark_noise 0.0087 | chroma 0.0442 | decomp 0.0539 | smooth_enh 0.0200 | lambda_mean 0.8392 | lambda_min 0.0136 | lambda_max 1.2641

Epoch 101/120 train start
Epoch 101/120 validation start
Epoch 101 | train_loss 0.1815 | val_loss 0.1828 | val_psnr 24.49 | val_lpips 0.0437 | val_lpips_full 0.0567 | edge 0.0190 | dark_noise 0.0087 | chroma 0.0428 | decomp 0.0554 | smooth_enh 0.0201 | lambda_mean 0.8393 | lambda_min 0.0126 | lambda_max 1.2673

Epoch 102/120 train start
Epoch 102/120 validation start
Epoch 102 | train_loss 0.1819 | val_loss 0.1831 | val_psnr 24.66 | val_lpips 0.0428 | val_lpips_full 0.0558 | edge 0.0189 | dark_noise 0.0087 | chroma 0.0438 | decomp 0.0580 | smooth_enh 0.0202 | lambda_mean 0.8357 | lambda_min 0.0126 | lambda_max 1.2648

Epoch 103/120 train start
Epoch 103/120 validation start
Epoch 103 | train_loss 0.1815 | val_loss 0.1856 | val_psnr 24.50 | val_lpips 0.0431 | val_lpips_full 0.0559 | edge 0.0192 | dark_noise 0.0087 | chroma 0.0419 | decomp 0.0577 | smooth_enh 0.0203 | lambda_mean 0.8334 | lambda_min 0.0121 | lambda_max 1.2654

Epoch 104/120 train start
Epoch 104/120 validation start
Epoch 104 | train_loss 0.1809 | val_loss 0.1864 | val_psnr 23.97 | val_lpips 0.0447 | val_lpips_full 0.0569 | edge 0.0191 | dark_noise 0.0087 | chroma 0.0430 | decomp 0.0537 | smooth_enh 0.0200 | lambda_mean 0.8390 | lambda_min 0.0146 | lambda_max 1.2647

Epoch 105/120 train start
Epoch 105/120 validation start
Epoch 105 | train_loss 0.1806 | val_loss 0.1850 | val_psnr 24.68 | val_lpips 0.0438 | val_lpips_full 0.0569 | edge 0.0189 | dark_noise 0.0087 | chroma 0.0432 | decomp 0.0584 | smooth_enh 0.0200 | lambda_mean 0.8315 | lambda_min 0.0127 | lambda_max 1.2613

Epoch 106/120 train start
Epoch 106/120 validation start
Epoch 106 | train_loss 0.1800 | val_loss 0.1847 | val_psnr 24.03 | val_lpips 0.0439 | val_lpips_full 0.0563 | edge 0.0190 | dark_noise 0.0087 | chroma 0.0432 | decomp 0.0530 | smooth_enh 0.0199 | lambda_mean 0.8390 | lambda_min 0.0133 | lambda_max 1.2646

Epoch 107/120 train start
Epoch 107/120 validation start
Epoch 107 | train_loss 0.1794 | val_loss 0.1843 | val_psnr 24.03 | val_lpips 0.0447 | val_lpips_full 0.0572 | edge 0.0191 | dark_noise 0.0086 | chroma 0.0431 | decomp 0.0525 | smooth_enh 0.0200 | lambda_mean 0.8386 | lambda_min 0.0118 | lambda_max 1.2671

Epoch 108/120 train start
Epoch 108/120 validation start
Epoch 108 | train_loss 0.1795 | val_loss 0.1837 | val_psnr 24.32 | val_lpips 0.0434 | val_lpips_full 0.0562 | edge 0.0190 | dark_noise 0.0087 | chroma 0.0428 | decomp 0.0547 | smooth_enh 0.0200 | lambda_mean 0.8351 | lambda_min 0.0129 | lambda_max 1.2636

Epoch 109/120 train start
Epoch 109/120 validation start
Epoch 109 | train_loss 0.1786 | val_loss 0.1859 | val_psnr 23.91 | val_lpips 0.0442 | val_lpips_full 0.0567 | edge 0.0192 | dark_noise 0.0086 | chroma 0.0420 | decomp 0.0516 | smooth_enh 0.0199 | lambda_mean 0.8390 | lambda_min 0.0116 | lambda_max 1.2675

Epoch 110/120 train start
Epoch 110/120 validation start
Epoch 110 | train_loss 0.1769 | val_loss 0.1824 | val_psnr 24.60 | val_lpips 0.0432 | val_lpips_full 0.0558 | edge 0.0191 | dark_noise 0.0087 | chroma 0.0432 | decomp 0.0559 | smooth_enh 0.0201 | lambda_mean 0.8346 | lambda_min 0.0119 | lambda_max 1.2629

Epoch 111/120 train start
Epoch 111/120 validation start
Epoch 111 | train_loss 0.1785 | val_loss 0.1839 | val_psnr 24.69 | val_lpips 0.0426 | val_lpips_full 0.0556 | edge 0.0190 | dark_noise 0.0087 | chroma 0.0416 | decomp 0.0581 | smooth_enh 0.0201 | lambda_mean 0.8300 | lambda_min 0.0126 | lambda_max 1.2616

Epoch 112/120 train start
Epoch 112/120 validation start
Epoch 112 | train_loss 0.1779 | val_loss 0.1835 | val_psnr 24.50 | val_lpips 0.0425 | val_lpips_full 0.0553 | edge 0.0190 | dark_noise 0.0087 | chroma 0.0417 | decomp 0.0568 | smooth_enh 0.0199 | lambda_mean 0.8342 | lambda_min 0.0133 | lambda_max 1.2642

Epoch 113/120 train start
Epoch 113/120 validation start
Epoch 113 | train_loss 0.1774 | val_loss 0.1840 | val_psnr 24.09 | val_lpips 0.0434 | val_lpips_full 0.0557 | edge 0.0190 | dark_noise 0.0087 | chroma 0.0432 | decomp 0.0528 | smooth_enh 0.0198 | lambda_mean 0.8402 | lambda_min 0.0133 | lambda_max 1.2633

Epoch 114/120 train start
Epoch 114/120 validation start
Epoch 114 | train_loss 0.1763 | val_loss 0.1832 | val_psnr 24.40 | val_lpips 0.0428 | val_lpips_full 0.0555 | edge 0.0190 | dark_noise 0.0087 | chroma 0.0423 | decomp 0.0556 | smooth_enh 0.0201 | lambda_mean 0.8347 | lambda_min 0.0134 | lambda_max 1.2661

Epoch 115/120 train start
Epoch 115/120 validation start
Epoch 115 | train_loss 0.1771 | val_loss 0.1803 | val_psnr 24.76 | val_lpips 0.0421 | val_lpips_full 0.0547 | edge 0.0189 | dark_noise 0.0087 | chroma 0.0421 | decomp 0.0565 | smooth_enh 0.0200 | lambda_mean 0.8357 | lambda_min 0.0134 | lambda_max 1.2636

Epoch 116/120 train start
Epoch 116/120 validation start
Epoch 116 | train_loss 0.1778 | val_loss 0.1847 | val_psnr 24.20 | val_lpips 0.0434 | val_lpips_full 0.0558 | edge 0.0191 | dark_noise 0.0087 | chroma 0.0430 | decomp 0.0549 | smooth_enh 0.0197 | lambda_mean 0.8365 | lambda_min 0.0136 | lambda_max 1.2614

Epoch 117/120 train start
Epoch 117/120 validation start
Epoch 117 | train_loss 0.1779 | val_loss 0.1821 | val_psnr 24.43 | val_lpips 0.0424 | val_lpips_full 0.0550 | edge 0.0190 | dark_noise 0.0087 | chroma 0.0424 | decomp 0.0545 | smooth_enh 0.0197 | lambda_mean 0.8340 | lambda_min 0.0134 | lambda_max 1.2603

Epoch 118/120 train start
Epoch 118/120 validation start
Epoch 118 | train_loss 0.1786 | val_loss 0.1837 | val_psnr 24.50 | val_lpips 0.0425 | val_lpips_full 0.0551 | edge 0.0189 | dark_noise 0.0087 | chroma 0.0418 | decomp 0.0569 | smooth_enh 0.0199 | lambda_mean 0.8334 | lambda_min 0.0128 | lambda_max 1.2629

Epoch 119/120 train start
Epoch 119/120 validation start
Epoch 119 | train_loss 0.1784 | val_loss 0.1825 | val_psnr 24.71 | val_lpips 0.0425 | val_lpips_full 0.0553 | edge 0.0190 | dark_noise 0.0087 | chroma 0.0421 | decomp 0.0574 | smooth_enh 0.0200 | lambda_mean 0.8307 | lambda_min 0.0136 | lambda_max 1.2612

Epoch 120/120 train start
Epoch 120/120 validation start
Epoch 120 | train_loss 0.1780 | val_loss 0.1818 | val_psnr 24.59 | val_lpips 0.0421 | val_lpips_full 0.0549 | edge 0.0190 | dark_noise 0.0087 | chroma 0.0415 | decomp 0.0560 | smooth_enh 0.0200 | lambda_mean 0.8341 | lambda_min 0.0128 | lambda_max 1.2629
===== TRAIN FINISHED =====
Best epoch: 87
Best psnr: 25.099713992565682
Best PSNR: 25.099713992565682
Best LPIPS@loss: 0.043278754854367836
Best LPIPS full: 0.05699235742083854
Best checkpoint: /content/retinextapetum_hpo/projects/lol_v2_synthetic/final/hpo_candidate_02_trial_0011_804c8e49a2_seed_123/run/checkpoints/best.pth
Last checkpoint: /content/retinextapetum_hpo/projects/lol_v2_synthetic/final/hpo_candidate_02_trial_0011_804c8e49a2_seed_123/run/checkpoints/last.pth
