DEVICE: cuda
TRAIN_LOW_DIR : /content/drive/MyDrive/TAPETUM/datasets/LOL-v1/Train/Low
TRAIN_HIGH_DIR: /content/drive/MyDrive/TAPETUM/datasets/LOL-v1/Train/Normal
VAL_LOW_DIR   : /content/drive/MyDrive/TAPETUM/datasets/LOL-v1/Val/Low
VAL_HIGH_DIR  : /content/drive/MyDrive/TAPETUM/datasets/LOL-v1/Val/Normal
CKPT_DIR      : /content/retinextapetum_hpo/projects/lol_v1/final/hpo_candidate_02_trial_0002_f1bfd5bf87_seed_42/run/checkpoints
USE_TRAIN_VAL_SPLIT: True
VAL_RATIO     : 0.1
SPLIT_SEED    : 42
BASE_CHANNELS : 128
BATCH_SIZE    : 2
EPOCHS        : 120
LR            : 0.0006906348306112025
MIN_LR        : 1.4628463833389233e-05
W_LPIPS       : 0.1
BEST_METRIC   : psnr
RESUME        : False
RESUME_CKPT   : last.pth
TRAIN_LOG_INTERVAL: 0
VAL_LOG_INTERVAL  : 0
Split manifest: /content/drive/MyDrive/TAPETUM/HyperparameterSearch/lol_v1/split_manifest.json
Train split images: 437
Val split images: 48
[Dataset] /content/drive/MyDrive/TAPETUM/datasets/LOL-v1/Train/Low
Mode: train
Split file_list: yes
Paired samples: 437
[Dataset] /content/drive/MyDrive/TAPETUM/datasets/LOL-v1/Train/Low
Mode: val/test
Split file_list: yes
Paired samples: 48
Train batches: 219
Val batches  : 48
Trainable params: 536,463
Setting up [LPIPS] perceptual loss: trunk [alex], v[0.1], spatial [off]
/usr/local/lib/python3.12/dist-packages/torchvision/models/_utils.py:208: UserWarning: The parameter 'pretrained' is deprecated since 0.13 and may be removed in the future, please use 'weights' instead.
  warnings.warn(
/usr/local/lib/python3.12/dist-packages/torchvision/models/_utils.py:223: UserWarning: Arguments other than a weight enum or `None` for 'weights' are deprecated since 0.13 and may be removed in the future. The current behavior is equivalent to passing `weights=AlexNet_Weights.IMAGENET1K_V1`. You can also use `weights=AlexNet_Weights.DEFAULT` to get the most up-to-date weights.
  warnings.warn(msg)
Loading model from: /usr/local/lib/python3.12/dist-packages/lpips/weights/v0.1/alex.pth
LPIPS training loss: enabled (alex, weight=0.1)
Resume disabled: RETINEX_TAPETUM_RESUME=0/config.RESUME_TRAINING=False

===== TRAIN START =====

Epoch 001/120 train start
Epoch 001/120 validation start
Epoch 001 | train_loss 0.6021 | val_loss 0.4690 | val_psnr 17.31 | val_lpips 0.3364 | val_lpips_full 0.4201 | edge 0.0355 | dark_noise 0.0135 | chroma 0.1120 | decomp 0.1547 | smooth_enh 0.0154 | lambda_mean 1.5059 | lambda_min 0.8579 | lambda_max 1.7027
Best model updated -> Epoch: 1, psnr: 17.3069, PSNR: 17.3069, LPIPS@loss: 0.3364, LPIPS full: 0.4201

Epoch 002/120 train start
Epoch 002/120 validation start
Epoch 002 | train_loss 0.4349 | val_loss 0.3721 | val_psnr 18.56 | val_lpips 0.2641 | val_lpips_full 0.3633 | edge 0.0350 | dark_noise 0.0136 | chroma 0.1092 | decomp 0.0926 | smooth_enh 0.0226 | lambda_mean 1.5574 | lambda_min 0.8023 | lambda_max 1.7749
Best model updated -> Epoch: 2, psnr: 18.5625, PSNR: 18.5625, LPIPS@loss: 0.2641, LPIPS full: 0.3633

Epoch 003/120 train start
Epoch 003/120 validation start
Epoch 003 | train_loss 0.3971 | val_loss 0.3624 | val_psnr 19.74 | val_lpips 0.2163 | val_lpips_full 0.2942 | edge 0.0343 | dark_noise 0.0135 | chroma 0.0931 | decomp 0.1237 | smooth_enh 0.0242 | lambda_mean 1.5045 | lambda_min 0.8038 | lambda_max 1.7717
Best model updated -> Epoch: 3, psnr: 19.7382, PSNR: 19.7382, LPIPS@loss: 0.2163, LPIPS full: 0.2942

Epoch 004/120 train start
Epoch 004/120 validation start
Epoch 004 | train_loss 0.3796 | val_loss 0.3428 | val_psnr 19.80 | val_lpips 0.1985 | val_lpips_full 0.2709 | edge 0.0341 | dark_noise 0.0135 | chroma 0.0904 | decomp 0.1080 | smooth_enh 0.0243 | lambda_mean 1.5240 | lambda_min 0.8349 | lambda_max 1.7715
Best model updated -> Epoch: 4, psnr: 19.7988, PSNR: 19.7988, LPIPS@loss: 0.1985, LPIPS full: 0.2709

Epoch 005/120 train start
Epoch 005/120 validation start
Epoch 005 | train_loss 0.3703 | val_loss 0.3548 | val_psnr 18.39 | val_lpips 0.2049 | val_lpips_full 0.2698 | edge 0.0333 | dark_noise 0.0133 | chroma 0.0841 | decomp 0.0743 | smooth_enh 0.0202 | lambda_mean 1.5985 | lambda_min 0.8977 | lambda_max 1.7900

Epoch 006/120 train start
Epoch 006/120 validation start
Epoch 006 | train_loss 0.3691 | val_loss 0.3457 | val_psnr 18.67 | val_lpips 0.2156 | val_lpips_full 0.2800 | edge 0.0329 | dark_noise 0.0134 | chroma 0.0998 | decomp 0.0789 | smooth_enh 0.0212 | lambda_mean 1.5821 | lambda_min 0.8786 | lambda_max 1.7814

Epoch 007/120 train start
Epoch 007/120 validation start
Epoch 007 | train_loss 0.3605 | val_loss 0.3400 | val_psnr 20.03 | val_lpips 0.1949 | val_lpips_full 0.2519 | edge 0.0325 | dark_noise 0.0134 | chroma 0.0890 | decomp 0.1117 | smooth_enh 0.0223 | lambda_mean 1.5319 | lambda_min 0.8227 | lambda_max 1.7686
Best model updated -> Epoch: 7, psnr: 20.0290, PSNR: 20.0290, LPIPS@loss: 0.1949, LPIPS full: 0.2519

Epoch 008/120 train start
Epoch 008/120 validation start
Epoch 008 | train_loss 0.3488 | val_loss 0.3263 | val_psnr 20.59 | val_lpips 0.1611 | val_lpips_full 0.2163 | edge 0.0322 | dark_noise 0.0135 | chroma 0.0808 | decomp 0.1127 | smooth_enh 0.0247 | lambda_mean 1.5245 | lambda_min 0.7580 | lambda_max 1.7882
Best model updated -> Epoch: 8, psnr: 20.5913, PSNR: 20.5913, LPIPS@loss: 0.1611, LPIPS full: 0.2163

Epoch 009/120 train start
Epoch 009/120 validation start
Epoch 009 | train_loss 0.3408 | val_loss 0.3231 | val_psnr 19.66 | val_lpips 0.1615 | val_lpips_full 0.2098 | edge 0.0322 | dark_noise 0.0136 | chroma 0.0912 | decomp 0.0926 | smooth_enh 0.0244 | lambda_mean 1.5658 | lambda_min 0.7928 | lambda_max 1.7908

Epoch 010/120 train start
Epoch 010/120 validation start
Epoch 010 | train_loss 0.3402 | val_loss 0.3163 | val_psnr 20.42 | val_lpips 0.1493 | val_lpips_full 0.1998 | edge 0.0311 | dark_noise 0.0133 | chroma 0.0776 | decomp 0.1042 | smooth_enh 0.0220 | lambda_mean 1.5299 | lambda_min 0.7990 | lambda_max 1.7691

Epoch 011/120 train start
Epoch 011/120 validation start
Epoch 011 | train_loss 0.3370 | val_loss 0.3212 | val_psnr 20.06 | val_lpips 0.1467 | val_lpips_full 0.1975 | edge 0.0319 | dark_noise 0.0135 | chroma 0.0747 | decomp 0.0965 | smooth_enh 0.0249 | lambda_mean 1.5617 | lambda_min 0.8048 | lambda_max 1.7942

Epoch 012/120 train start
Epoch 012/120 validation start
Epoch 012 | train_loss 0.3331 | val_loss 0.3045 | val_psnr 20.08 | val_lpips 0.1444 | val_lpips_full 0.1913 | edge 0.0314 | dark_noise 0.0135 | chroma 0.0760 | decomp 0.0820 | smooth_enh 0.0236 | lambda_mean 1.5733 | lambda_min 0.8351 | lambda_max 1.7960

Epoch 013/120 train start
Epoch 013/120 validation start
Epoch 013 | train_loss 0.3317 | val_loss 0.3078 | val_psnr 20.86 | val_lpips 0.1358 | val_lpips_full 0.1832 | edge 0.0313 | dark_noise 0.0135 | chroma 0.0776 | decomp 0.1071 | smooth_enh 0.0254 | lambda_mean 1.5311 | lambda_min 0.7818 | lambda_max 1.7892
Best model updated -> Epoch: 13, psnr: 20.8646, PSNR: 20.8646, LPIPS@loss: 0.1358, LPIPS full: 0.1832

Epoch 014/120 train start
Epoch 014/120 validation start
Epoch 014 | train_loss 0.3262 | val_loss 0.3106 | val_psnr 21.00 | val_lpips 0.1287 | val_lpips_full 0.1751 | edge 0.0312 | dark_noise 0.0135 | chroma 0.0735 | decomp 0.1146 | smooth_enh 0.0256 | lambda_mean 1.5193 | lambda_min 0.7859 | lambda_max 1.7902
Best model updated -> Epoch: 14, psnr: 21.0005, PSNR: 21.0005, LPIPS@loss: 0.1287, LPIPS full: 0.1751

Epoch 015/120 train start
Epoch 015/120 validation start
Epoch 015 | train_loss 0.3279 | val_loss 0.3078 | val_psnr 20.52 | val_lpips 0.1401 | val_lpips_full 0.1921 | edge 0.0306 | dark_noise 0.0136 | chroma 0.0773 | decomp 0.0937 | smooth_enh 0.0223 | lambda_mean 1.5587 | lambda_min 0.8271 | lambda_max 1.7980

Epoch 016/120 train start
Epoch 016/120 validation start
Epoch 016 | train_loss 0.3196 | val_loss 0.2926 | val_psnr 21.16 | val_lpips 0.1275 | val_lpips_full 0.1725 | edge 0.0303 | dark_noise 0.0134 | chroma 0.0738 | decomp 0.0979 | smooth_enh 0.0238 | lambda_mean 1.5484 | lambda_min 0.8397 | lambda_max 1.7947
Best model updated -> Epoch: 16, psnr: 21.1610, PSNR: 21.1610, LPIPS@loss: 0.1275, LPIPS full: 0.1725

Epoch 017/120 train start
Epoch 017/120 validation start
Epoch 017 | train_loss 0.3205 | val_loss 0.2986 | val_psnr 20.97 | val_lpips 0.1278 | val_lpips_full 0.1739 | edge 0.0298 | dark_noise 0.0133 | chroma 0.0729 | decomp 0.1011 | smooth_enh 0.0228 | lambda_mean 1.5376 | lambda_min 0.8312 | lambda_max 1.7958

Epoch 018/120 train start
Epoch 018/120 validation start
Epoch 018 | train_loss 0.3239 | val_loss 0.3065 | val_psnr 20.62 | val_lpips 0.1293 | val_lpips_full 0.1766 | edge 0.0300 | dark_noise 0.0134 | chroma 0.0738 | decomp 0.1023 | smooth_enh 0.0234 | lambda_mean 1.5419 | lambda_min 0.8397 | lambda_max 1.7942

Epoch 019/120 train start
Epoch 019/120 validation start
Epoch 019 | train_loss 0.3137 | val_loss 0.2880 | val_psnr 21.05 | val_lpips 0.1203 | val_lpips_full 0.1670 | edge 0.0297 | dark_noise 0.0134 | chroma 0.0754 | decomp 0.0914 | smooth_enh 0.0221 | lambda_mean 1.5549 | lambda_min 0.8403 | lambda_max 1.7942

Epoch 020/120 train start
Epoch 020/120 validation start
Epoch 020 | train_loss 0.3092 | val_loss 0.2890 | val_psnr 21.30 | val_lpips 0.1135 | val_lpips_full 0.1547 | edge 0.0296 | dark_noise 0.0133 | chroma 0.0700 | decomp 0.0987 | smooth_enh 0.0231 | lambda_mean 1.5477 | lambda_min 0.8388 | lambda_max 1.7927
Best model updated -> Epoch: 20, psnr: 21.3011, PSNR: 21.3011, LPIPS@loss: 0.1135, LPIPS full: 0.1547

Epoch 021/120 train start
Epoch 021/120 validation start
Epoch 021 | train_loss 0.3130 | val_loss 0.2840 | val_psnr 21.22 | val_lpips 0.1173 | val_lpips_full 0.1582 | edge 0.0293 | dark_noise 0.0133 | chroma 0.0685 | decomp 0.0899 | smooth_enh 0.0218 | lambda_mean 1.5550 | lambda_min 0.8408 | lambda_max 1.7977

Epoch 022/120 train start
Epoch 022/120 validation start
Epoch 022 | train_loss 0.3156 | val_loss 0.2841 | val_psnr 21.23 | val_lpips 0.1135 | val_lpips_full 0.1560 | edge 0.0296 | dark_noise 0.0134 | chroma 0.0684 | decomp 0.0893 | smooth_enh 0.0232 | lambda_mean 1.5620 | lambda_min 0.8184 | lambda_max 1.7960

Epoch 023/120 train start
Epoch 023/120 validation start
Epoch 023 | train_loss 0.3131 | val_loss 0.3028 | val_psnr 20.15 | val_lpips 0.1296 | val_lpips_full 0.1745 | edge 0.0295 | dark_noise 0.0133 | chroma 0.0690 | decomp 0.0812 | smooth_enh 0.0194 | lambda_mean 1.5863 | lambda_min 0.8544 | lambda_max 1.7965

Epoch 024/120 train start
Epoch 024/120 validation start
Epoch 024 | train_loss 0.3119 | val_loss 0.3135 | val_psnr 19.60 | val_lpips 0.1461 | val_lpips_full 0.1940 | edge 0.0301 | dark_noise 0.0137 | chroma 0.0919 | decomp 0.0770 | smooth_enh 0.0232 | lambda_mean 1.5819 | lambda_min 0.8456 | lambda_max 1.7992

Epoch 025/120 train start
Epoch 025/120 validation start
Epoch 025 | train_loss 0.3146 | val_loss 0.2945 | val_psnr 20.76 | val_lpips 0.1180 | val_lpips_full 0.1621 | edge 0.0291 | dark_noise 0.0134 | chroma 0.0786 | decomp 0.0937 | smooth_enh 0.0208 | lambda_mean 1.5543 | lambda_min 0.8900 | lambda_max 1.7947

Epoch 026/120 train start
Epoch 026/120 validation start
Epoch 026 | train_loss 0.3094 | val_loss 0.2891 | val_psnr 21.26 | val_lpips 0.1142 | val_lpips_full 0.1566 | edge 0.0295 | dark_noise 0.0133 | chroma 0.0700 | decomp 0.0979 | smooth_enh 0.0236 | lambda_mean 1.5516 | lambda_min 0.8180 | lambda_max 1.7860

Epoch 027/120 train start
Epoch 027/120 validation start
Epoch 027 | train_loss 0.3085 | val_loss 0.2844 | val_psnr 21.45 | val_lpips 0.1112 | val_lpips_full 0.1562 | edge 0.0289 | dark_noise 0.0133 | chroma 0.0704 | decomp 0.1006 | smooth_enh 0.0219 | lambda_mean 1.5367 | lambda_min 0.8088 | lambda_max 1.7945
Best model updated -> Epoch: 27, psnr: 21.4482, PSNR: 21.4482, LPIPS@loss: 0.1112, LPIPS full: 0.1562

Epoch 028/120 train start
Epoch 028/120 validation start
Epoch 028 | train_loss 0.3074 | val_loss 0.2871 | val_psnr 21.53 | val_lpips 0.1013 | val_lpips_full 0.1425 | edge 0.0290 | dark_noise 0.0133 | chroma 0.0650 | decomp 0.1027 | smooth_enh 0.0227 | lambda_mean 1.5400 | lambda_min 0.8102 | lambda_max 1.7935
Best model updated -> Epoch: 28, psnr: 21.5290, PSNR: 21.5290, LPIPS@loss: 0.1013, LPIPS full: 0.1425

Epoch 029/120 train start
Epoch 029/120 validation start
Epoch 029 | train_loss 0.3136 | val_loss 0.2939 | val_psnr 20.57 | val_lpips 0.1184 | val_lpips_full 0.1607 | edge 0.0294 | dark_noise 0.0133 | chroma 0.0713 | decomp 0.0871 | smooth_enh 0.0227 | lambda_mean 1.5668 | lambda_min 0.8096 | lambda_max 1.7920

Epoch 030/120 train start
Epoch 030/120 validation start
Epoch 030 | train_loss 0.3065 | val_loss 0.2850 | val_psnr 21.21 | val_lpips 0.1096 | val_lpips_full 0.1510 | edge 0.0289 | dark_noise 0.0134 | chroma 0.0709 | decomp 0.0967 | smooth_enh 0.0225 | lambda_mean 1.5480 | lambda_min 0.8318 | lambda_max 1.7929

Epoch 031/120 train start
Epoch 031/120 validation start
Epoch 031 | train_loss 0.3029 | val_loss 0.2900 | val_psnr 20.16 | val_lpips 0.1171 | val_lpips_full 0.1600 | edge 0.0290 | dark_noise 0.0132 | chroma 0.0717 | decomp 0.0742 | smooth_enh 0.0215 | lambda_mean 1.5843 | lambda_min 0.8625 | lambda_max 1.7944

Epoch 032/120 train start
Epoch 032/120 validation start
Epoch 032 | train_loss 0.3052 | val_loss 0.2832 | val_psnr 21.20 | val_lpips 0.1047 | val_lpips_full 0.1458 | edge 0.0287 | dark_noise 0.0132 | chroma 0.0674 | decomp 0.0921 | smooth_enh 0.0216 | lambda_mean 1.5558 | lambda_min 0.8478 | lambda_max 1.7963

Epoch 033/120 train start
Epoch 033/120 validation start
Epoch 033 | train_loss 0.3063 | val_loss 0.2863 | val_psnr 21.37 | val_lpips 0.1027 | val_lpips_full 0.1450 | edge 0.0287 | dark_noise 0.0133 | chroma 0.0660 | decomp 0.0986 | smooth_enh 0.0223 | lambda_mean 1.5547 | lambda_min 0.8544 | lambda_max 1.7939

Epoch 034/120 train start
Epoch 034/120 validation start
Epoch 034 | train_loss 0.3017 | val_loss 0.2803 | val_psnr 21.25 | val_lpips 0.1035 | val_lpips_full 0.1437 | edge 0.0294 | dark_noise 0.0132 | chroma 0.0630 | decomp 0.0881 | smooth_enh 0.0244 | lambda_mean 1.5582 | lambda_min 0.8167 | lambda_max 1.7961

Epoch 035/120 train start
Epoch 035/120 validation start
Epoch 035 | train_loss 0.3055 | val_loss 0.2839 | val_psnr 21.27 | val_lpips 0.1055 | val_lpips_full 0.1460 | edge 0.0289 | dark_noise 0.0132 | chroma 0.0659 | decomp 0.0954 | smooth_enh 0.0230 | lambda_mean 1.5483 | lambda_min 0.8553 | lambda_max 1.7952

Epoch 036/120 train start
Epoch 036/120 validation start
Epoch 036 | train_loss 0.2989 | val_loss 0.2802 | val_psnr 20.95 | val_lpips 0.1025 | val_lpips_full 0.1466 | edge 0.0284 | dark_noise 0.0133 | chroma 0.0663 | decomp 0.0842 | smooth_enh 0.0208 | lambda_mean 1.5679 | lambda_min 0.8709 | lambda_max 1.7945

Epoch 037/120 train start
Epoch 037/120 validation start
Epoch 037 | train_loss 0.3016 | val_loss 0.2938 | val_psnr 20.50 | val_lpips 0.1035 | val_lpips_full 0.1458 | edge 0.0287 | dark_noise 0.0132 | chroma 0.0644 | decomp 0.0881 | smooth_enh 0.0219 | lambda_mean 1.5791 | lambda_min 0.8540 | lambda_max 1.7964

Epoch 038/120 train start
Epoch 038/120 validation start
Epoch 038 | train_loss 0.2990 | val_loss 0.2799 | val_psnr 21.72 | val_lpips 0.0954 | val_lpips_full 0.1358 | edge 0.0283 | dark_noise 0.0132 | chroma 0.0619 | decomp 0.1015 | smooth_enh 0.0219 | lambda_mean 1.5345 | lambda_min 0.8417 | lambda_max 1.7937
Best model updated -> Epoch: 38, psnr: 21.7214, PSNR: 21.7214, LPIPS@loss: 0.0954, LPIPS full: 0.1358

Epoch 039/120 train start
Epoch 039/120 validation start
Epoch 039 | train_loss 0.3013 | val_loss 0.2820 | val_psnr 21.57 | val_lpips 0.0990 | val_lpips_full 0.1403 | edge 0.0287 | dark_noise 0.0131 | chroma 0.0641 | decomp 0.1000 | smooth_enh 0.0233 | lambda_mean 1.5380 | lambda_min 0.8186 | lambda_max 1.7948

Epoch 040/120 train start
Epoch 040/120 validation start
Epoch 040 | train_loss 0.2986 | val_loss 0.2875 | val_psnr 20.19 | val_lpips 0.1096 | val_lpips_full 0.1516 | edge 0.0293 | dark_noise 0.0133 | chroma 0.0669 | decomp 0.0740 | smooth_enh 0.0231 | lambda_mean 1.5893 | lambda_min 0.8610 | lambda_max 1.7972

Epoch 041/120 train start
Epoch 041/120 validation start
Epoch 041 | train_loss 0.2974 | val_loss 0.2788 | val_psnr 21.63 | val_lpips 0.0960 | val_lpips_full 0.1337 | edge 0.0289 | dark_noise 0.0132 | chroma 0.0638 | decomp 0.0994 | smooth_enh 0.0240 | lambda_mean 1.5364 | lambda_min 0.8294 | lambda_max 1.7947

Epoch 042/120 train start
Epoch 042/120 validation start
Epoch 042 | train_loss 0.2989 | val_loss 0.2932 | val_psnr 20.09 | val_lpips 0.1067 | val_lpips_full 0.1449 | edge 0.0290 | dark_noise 0.0132 | chroma 0.0643 | decomp 0.0808 | smooth_enh 0.0214 | lambda_mean 1.5860 | lambda_min 0.9000 | lambda_max 1.7961

Epoch 043/120 train start
Epoch 043/120 validation start
Epoch 043 | train_loss 0.2976 | val_loss 0.2800 | val_psnr 21.24 | val_lpips 0.1005 | val_lpips_full 0.1406 | edge 0.0286 | dark_noise 0.0131 | chroma 0.0655 | decomp 0.0910 | smooth_enh 0.0225 | lambda_mean 1.5593 | lambda_min 0.8651 | lambda_max 1.7958

Epoch 044/120 train start
Epoch 044/120 validation start
Epoch 044 | train_loss 0.2972 | val_loss 0.2793 | val_psnr 20.98 | val_lpips 0.1006 | val_lpips_full 0.1405 | edge 0.0286 | dark_noise 0.0132 | chroma 0.0624 | decomp 0.0821 | smooth_enh 0.0220 | lambda_mean 1.5683 | lambda_min 0.8571 | lambda_max 1.7961

Epoch 045/120 train start
Epoch 045/120 validation start
Epoch 045 | train_loss 0.3028 | val_loss 0.2754 | val_psnr 20.82 | val_lpips 0.0976 | val_lpips_full 0.1379 | edge 0.0290 | dark_noise 0.0132 | chroma 0.0616 | decomp 0.0775 | smooth_enh 0.0237 | lambda_mean 1.5753 | lambda_min 0.8550 | lambda_max 1.7965

Epoch 046/120 train start
Epoch 046/120 validation start
Epoch 046 | train_loss 0.2976 | val_loss 0.2875 | val_psnr 19.98 | val_lpips 0.1063 | val_lpips_full 0.1456 | edge 0.0285 | dark_noise 0.0131 | chroma 0.0670 | decomp 0.0710 | smooth_enh 0.0212 | lambda_mean 1.5918 | lambda_min 0.8691 | lambda_max 1.7970

Epoch 047/120 train start
Epoch 047/120 validation start
Epoch 047 | train_loss 0.2995 | val_loss 0.2711 | val_psnr 21.78 | val_lpips 0.0911 | val_lpips_full 0.1281 | edge 0.0283 | dark_noise 0.0131 | chroma 0.0614 | decomp 0.0935 | smooth_enh 0.0225 | lambda_mean 1.5472 | lambda_min 0.8296 | lambda_max 1.7941
Best model updated -> Epoch: 47, psnr: 21.7827, PSNR: 21.7827, LPIPS@loss: 0.0911, LPIPS full: 0.1281

Epoch 048/120 train start
Epoch 048/120 validation start
Epoch 048 | train_loss 0.2965 | val_loss 0.2718 | val_psnr 21.76 | val_lpips 0.0915 | val_lpips_full 0.1297 | edge 0.0283 | dark_noise 0.0132 | chroma 0.0623 | decomp 0.0944 | smooth_enh 0.0225 | lambda_mean 1.5459 | lambda_min 0.8257 | lambda_max 1.7946

Epoch 049/120 train start
Epoch 049/120 validation start
Epoch 049 | train_loss 0.2961 | val_loss 0.2746 | val_psnr 21.48 | val_lpips 0.0949 | val_lpips_full 0.1348 | edge 0.0283 | dark_noise 0.0131 | chroma 0.0623 | decomp 0.0880 | smooth_enh 0.0221 | lambda_mean 1.5586 | lambda_min 0.8400 | lambda_max 1.7943

Epoch 050/120 train start
Epoch 050/120 validation start
Epoch 050 | train_loss 0.2923 | val_loss 0.2724 | val_psnr 21.41 | val_lpips 0.0937 | val_lpips_full 0.1335 | edge 0.0288 | dark_noise 0.0132 | chroma 0.0615 | decomp 0.0856 | smooth_enh 0.0240 | lambda_mean 1.5627 | lambda_min 0.8365 | lambda_max 1.7965

Epoch 051/120 train start
Epoch 051/120 validation start
Epoch 051 | train_loss 0.2913 | val_loss 0.2742 | val_psnr 21.35 | val_lpips 0.0947 | val_lpips_full 0.1349 | edge 0.0282 | dark_noise 0.0130 | chroma 0.0609 | decomp 0.0868 | smooth_enh 0.0218 | lambda_mean 1.5598 | lambda_min 0.8792 | lambda_max 1.7972

Epoch 052/120 train start
Epoch 052/120 validation start
Epoch 052 | train_loss 0.2966 | val_loss 0.2764 | val_psnr 21.53 | val_lpips 0.0964 | val_lpips_full 0.1386 | edge 0.0295 | dark_noise 0.0131 | chroma 0.0629 | decomp 0.0931 | smooth_enh 0.0257 | lambda_mean 1.5509 | lambda_min 0.8256 | lambda_max 1.7949

Epoch 053/120 train start
Epoch 053/120 validation start
Epoch 053 | train_loss 0.2918 | val_loss 0.2783 | val_psnr 21.34 | val_lpips 0.0945 | val_lpips_full 0.1362 | edge 0.0283 | dark_noise 0.0130 | chroma 0.0613 | decomp 0.0913 | smooth_enh 0.0221 | lambda_mean 1.5536 | lambda_min 0.8728 | lambda_max 1.7962

Epoch 054/120 train start
Epoch 054/120 validation start
Epoch 054 | train_loss 0.2931 | val_loss 0.2757 | val_psnr 21.57 | val_lpips 0.0927 | val_lpips_full 0.1314 | edge 0.0281 | dark_noise 0.0131 | chroma 0.0605 | decomp 0.0931 | smooth_enh 0.0216 | lambda_mean 1.5474 | lambda_min 0.8508 | lambda_max 1.7951

Epoch 055/120 train start
Epoch 055/120 validation start
Epoch 055 | train_loss 0.2924 | val_loss 0.2753 | val_psnr 21.32 | val_lpips 0.0945 | val_lpips_full 0.1329 | edge 0.0283 | dark_noise 0.0130 | chroma 0.0616 | decomp 0.0884 | smooth_enh 0.0228 | lambda_mean 1.5566 | lambda_min 0.8607 | lambda_max 1.7965

Epoch 056/120 train start
Epoch 056/120 validation start
Epoch 056 | train_loss 0.2927 | val_loss 0.2748 | val_psnr 20.99 | val_lpips 0.0940 | val_lpips_full 0.1331 | edge 0.0281 | dark_noise 0.0129 | chroma 0.0619 | decomp 0.0820 | smooth_enh 0.0214 | lambda_mean 1.5684 | lambda_min 0.8731 | lambda_max 1.7955

Epoch 057/120 train start
Epoch 057/120 validation start
Epoch 057 | train_loss 0.2907 | val_loss 0.2735 | val_psnr 21.66 | val_lpips 0.0898 | val_lpips_full 0.1288 | edge 0.0284 | dark_noise 0.0131 | chroma 0.0605 | decomp 0.0937 | smooth_enh 0.0234 | lambda_mean 1.5475 | lambda_min 0.8540 | lambda_max 1.7958

Epoch 058/120 train start
Epoch 058/120 validation start
Epoch 058 | train_loss 0.2972 | val_loss 0.2725 | val_psnr 21.61 | val_lpips 0.0903 | val_lpips_full 0.1280 | edge 0.0284 | dark_noise 0.0131 | chroma 0.0617 | decomp 0.0919 | smooth_enh 0.0235 | lambda_mean 1.5534 | lambda_min 0.8367 | lambda_max 1.7955

Epoch 059/120 train start
Epoch 059/120 validation start
Epoch 059 | train_loss 0.2867 | val_loss 0.2744 | val_psnr 21.34 | val_lpips 0.0931 | val_lpips_full 0.1302 | edge 0.0288 | dark_noise 0.0130 | chroma 0.0617 | decomp 0.0880 | smooth_enh 0.0236 | lambda_mean 1.5624 | lambda_min 0.8480 | lambda_max 1.7952

Epoch 060/120 train start
Epoch 060/120 validation start
Epoch 060 | train_loss 0.2928 | val_loss 0.2692 | val_psnr 21.51 | val_lpips 0.0924 | val_lpips_full 0.1288 | edge 0.0281 | dark_noise 0.0130 | chroma 0.0630 | decomp 0.0872 | smooth_enh 0.0222 | lambda_mean 1.5587 | lambda_min 0.8607 | lambda_max 1.7956

Epoch 061/120 train start
Epoch 061/120 validation start
Epoch 061 | train_loss 0.2957 | val_loss 0.2716 | val_psnr 21.31 | val_lpips 0.0920 | val_lpips_full 0.1300 | edge 0.0283 | dark_noise 0.0130 | chroma 0.0609 | decomp 0.0815 | smooth_enh 0.0230 | lambda_mean 1.5672 | lambda_min 0.8593 | lambda_max 1.7970

Epoch 062/120 train start
Epoch 062/120 validation start
Epoch 062 | train_loss 0.2894 | val_loss 0.2800 | val_psnr 20.95 | val_lpips 0.0961 | val_lpips_full 0.1354 | edge 0.0285 | dark_noise 0.0130 | chroma 0.0608 | decomp 0.0834 | smooth_enh 0.0226 | lambda_mean 1.5652 | lambda_min 0.8775 | lambda_max 1.7974

Epoch 063/120 train start
Epoch 063/120 validation start
Epoch 063 | train_loss 0.2894 | val_loss 0.2724 | val_psnr 21.49 | val_lpips 0.0937 | val_lpips_full 0.1327 | edge 0.0280 | dark_noise 0.0130 | chroma 0.0619 | decomp 0.0890 | smooth_enh 0.0221 | lambda_mean 1.5550 | lambda_min 0.8561 | lambda_max 1.7963

Epoch 064/120 train start
Epoch 064/120 validation start
Epoch 064 | train_loss 0.2884 | val_loss 0.2663 | val_psnr 21.50 | val_lpips 0.0901 | val_lpips_full 0.1274 | edge 0.0279 | dark_noise 0.0129 | chroma 0.0593 | decomp 0.0835 | smooth_enh 0.0216 | lambda_mean 1.5622 | lambda_min 0.8642 | lambda_max 1.7966

Epoch 065/120 train start
Epoch 065/120 validation start
Epoch 065 | train_loss 0.2851 | val_loss 0.2693 | val_psnr 21.66 | val_lpips 0.0888 | val_lpips_full 0.1265 | edge 0.0284 | dark_noise 0.0130 | chroma 0.0613 | decomp 0.0923 | smooth_enh 0.0234 | lambda_mean 1.5534 | lambda_min 0.8632 | lambda_max 1.7948

Epoch 066/120 train start
Epoch 066/120 validation start
Epoch 066 | train_loss 0.2941 | val_loss 0.2719 | val_psnr 21.61 | val_lpips 0.0898 | val_lpips_full 0.1268 | edge 0.0283 | dark_noise 0.0130 | chroma 0.0599 | decomp 0.0942 | smooth_enh 0.0230 | lambda_mean 1.5483 | lambda_min 0.8528 | lambda_max 1.7951

Epoch 067/120 train start
Epoch 067/120 validation start
Epoch 067 | train_loss 0.2909 | val_loss 0.2693 | val_psnr 21.10 | val_lpips 0.0914 | val_lpips_full 0.1286 | edge 0.0282 | dark_noise 0.0129 | chroma 0.0625 | decomp 0.0795 | smooth_enh 0.0221 | lambda_mean 1.5714 | lambda_min 0.8531 | lambda_max 1.7966

Epoch 068/120 train start
Epoch 068/120 validation start
Epoch 068 | train_loss 0.2860 | val_loss 0.2693 | val_psnr 21.73 | val_lpips 0.0885 | val_lpips_full 0.1294 | edge 0.0280 | dark_noise 0.0129 | chroma 0.0583 | decomp 0.0938 | smooth_enh 0.0220 | lambda_mean 1.5451 | lambda_min 0.8517 | lambda_max 1.7963

Epoch 069/120 train start
Epoch 069/120 validation start
Epoch 069 | train_loss 0.2859 | val_loss 0.2711 | val_psnr 20.91 | val_lpips 0.0928 | val_lpips_full 0.1316 | edge 0.0283 | dark_noise 0.0130 | chroma 0.0604 | decomp 0.0771 | smooth_enh 0.0226 | lambda_mean 1.5775 | lambda_min 0.8701 | lambda_max 1.7969

Epoch 070/120 train start
Epoch 070/120 validation start
Epoch 070 | train_loss 0.2875 | val_loss 0.2705 | val_psnr 21.71 | val_lpips 0.0889 | val_lpips_full 0.1286 | edge 0.0283 | dark_noise 0.0131 | chroma 0.0606 | decomp 0.0931 | smooth_enh 0.0234 | lambda_mean 1.5458 | lambda_min 0.8479 | lambda_max 1.7953

Epoch 071/120 train start
Epoch 071/120 validation start
Epoch 071 | train_loss 0.2864 | val_loss 0.2682 | val_psnr 21.59 | val_lpips 0.0884 | val_lpips_full 0.1258 | edge 0.0282 | dark_noise 0.0129 | chroma 0.0586 | decomp 0.0881 | smooth_enh 0.0226 | lambda_mean 1.5578 | lambda_min 0.8535 | lambda_max 1.7946

Epoch 072/120 train start
Epoch 072/120 validation start
Epoch 072 | train_loss 0.2835 | val_loss 0.2670 | val_psnr 21.41 | val_lpips 0.0895 | val_lpips_full 0.1279 | edge 0.0282 | dark_noise 0.0129 | chroma 0.0600 | decomp 0.0845 | smooth_enh 0.0223 | lambda_mean 1.5635 | lambda_min 0.8534 | lambda_max 1.7946

Epoch 073/120 train start
Epoch 073/120 validation start
Epoch 073 | train_loss 0.2842 | val_loss 0.2697 | val_psnr 21.67 | val_lpips 0.0857 | val_lpips_full 0.1236 | edge 0.0279 | dark_noise 0.0129 | chroma 0.0600 | decomp 0.0937 | smooth_enh 0.0223 | lambda_mean 1.5461 | lambda_min 0.8521 | lambda_max 1.7932

Epoch 074/120 train start
Epoch 074/120 validation start
Epoch 074 | train_loss 0.2830 | val_loss 0.2676 | val_psnr 21.28 | val_lpips 0.0894 | val_lpips_full 0.1287 | edge 0.0281 | dark_noise 0.0129 | chroma 0.0594 | decomp 0.0836 | smooth_enh 0.0219 | lambda_mean 1.5626 | lambda_min 0.8692 | lambda_max 1.7945

Epoch 075/120 train start
Epoch 075/120 validation start
Epoch 075 | train_loss 0.2830 | val_loss 0.2685 | val_psnr 21.13 | val_lpips 0.0926 | val_lpips_full 0.1284 | edge 0.0281 | dark_noise 0.0129 | chroma 0.0601 | decomp 0.0786 | smooth_enh 0.0222 | lambda_mean 1.5732 | lambda_min 0.8534 | lambda_max 1.7958

Epoch 076/120 train start
Epoch 076/120 validation start
Epoch 076 | train_loss 0.2820 | val_loss 0.2799 | val_psnr 20.53 | val_lpips 0.0975 | val_lpips_full 0.1358 | edge 0.0283 | dark_noise 0.0129 | chroma 0.0608 | decomp 0.0741 | smooth_enh 0.0220 | lambda_mean 1.5803 | lambda_min 0.8746 | lambda_max 1.7967

Epoch 077/120 train start
Epoch 077/120 validation start
Epoch 077 | train_loss 0.2839 | val_loss 0.2684 | val_psnr 21.30 | val_lpips 0.0894 | val_lpips_full 0.1283 | edge 0.0283 | dark_noise 0.0130 | chroma 0.0595 | decomp 0.0836 | smooth_enh 0.0232 | lambda_mean 1.5633 | lambda_min 0.8546 | lambda_max 1.7956

Epoch 078/120 train start
Epoch 078/120 validation start
Epoch 078 | train_loss 0.2819 | val_loss 0.2655 | val_psnr 21.74 | val_lpips 0.0870 | val_lpips_full 0.1251 | edge 0.0281 | dark_noise 0.0130 | chroma 0.0581 | decomp 0.0893 | smooth_enh 0.0227 | lambda_mean 1.5534 | lambda_min 0.8544 | lambda_max 1.7955

Epoch 079/120 train start
Epoch 079/120 validation start
Epoch 079 | train_loss 0.2818 | val_loss 0.2656 | val_psnr 21.56 | val_lpips 0.0883 | val_lpips_full 0.1268 | edge 0.0282 | dark_noise 0.0130 | chroma 0.0596 | decomp 0.0853 | smooth_enh 0.0228 | lambda_mean 1.5590 | lambda_min 0.8498 | lambda_max 1.7939

Epoch 080/120 train start
Epoch 080/120 validation start
Epoch 080 | train_loss 0.2812 | val_loss 0.2665 | val_psnr 21.83 | val_lpips 0.0868 | val_lpips_full 0.1229 | edge 0.0279 | dark_noise 0.0129 | chroma 0.0596 | decomp 0.0942 | smooth_enh 0.0222 | lambda_mean 1.5436 | lambda_min 0.8348 | lambda_max 1.7930
Best model updated -> Epoch: 80, psnr: 21.8346, PSNR: 21.8346, LPIPS@loss: 0.0868, LPIPS full: 0.1229

Epoch 081/120 train start
Epoch 081/120 validation start
Epoch 081 | train_loss 0.2842 | val_loss 0.2660 | val_psnr 21.54 | val_lpips 0.0877 | val_lpips_full 0.1241 | edge 0.0281 | dark_noise 0.0129 | chroma 0.0590 | decomp 0.0856 | smooth_enh 0.0227 | lambda_mean 1.5591 | lambda_min 0.8444 | lambda_max 1.7953

Epoch 082/120 train start
Epoch 082/120 validation start
Epoch 082 | train_loss 0.2805 | val_loss 0.2696 | val_psnr 21.04 | val_lpips 0.0913 | val_lpips_full 0.1288 | edge 0.0281 | dark_noise 0.0129 | chroma 0.0594 | decomp 0.0770 | smooth_enh 0.0219 | lambda_mean 1.5749 | lambda_min 0.8699 | lambda_max 1.7951

Epoch 083/120 train start
Epoch 083/120 validation start
Epoch 083 | train_loss 0.2826 | val_loss 0.2696 | val_psnr 21.86 | val_lpips 0.0843 | val_lpips_full 0.1210 | edge 0.0279 | dark_noise 0.0129 | chroma 0.0580 | decomp 0.0965 | smooth_enh 0.0227 | lambda_mean 1.5395 | lambda_min 0.8369 | lambda_max 1.7920
Best model updated -> Epoch: 83, psnr: 21.8638, PSNR: 21.8638, LPIPS@loss: 0.0843, LPIPS full: 0.1210

Epoch 084/120 train start
Epoch 084/120 validation start
Epoch 084 | train_loss 0.2822 | val_loss 0.2658 | val_psnr 21.47 | val_lpips 0.0884 | val_lpips_full 0.1251 | edge 0.0282 | dark_noise 0.0129 | chroma 0.0593 | decomp 0.0835 | smooth_enh 0.0227 | lambda_mean 1.5631 | lambda_min 0.8533 | lambda_max 1.7949

Epoch 085/120 train start
Epoch 085/120 validation start
Epoch 085 | train_loss 0.2796 | val_loss 0.2646 | val_psnr 21.64 | val_lpips 0.0872 | val_lpips_full 0.1246 | edge 0.0281 | dark_noise 0.0129 | chroma 0.0588 | decomp 0.0880 | smooth_enh 0.0226 | lambda_mean 1.5553 | lambda_min 0.8543 | lambda_max 1.7945

Epoch 086/120 train start
Epoch 086/120 validation start
Epoch 086 | train_loss 0.2805 | val_loss 0.2669 | val_psnr 21.70 | val_lpips 0.0861 | val_lpips_full 0.1238 | edge 0.0279 | dark_noise 0.0129 | chroma 0.0575 | decomp 0.0877 | smooth_enh 0.0221 | lambda_mean 1.5552 | lambda_min 0.8542 | lambda_max 1.7936

Epoch 087/120 train start
Epoch 087/120 validation start
Epoch 087 | train_loss 0.2811 | val_loss 0.2689 | val_psnr 21.13 | val_lpips 0.0926 | val_lpips_full 0.1294 | edge 0.0282 | dark_noise 0.0129 | chroma 0.0592 | decomp 0.0771 | smooth_enh 0.0224 | lambda_mean 1.5744 | lambda_min 0.8705 | lambda_max 1.7956

Epoch 088/120 train start
Epoch 088/120 validation start
Epoch 088 | train_loss 0.2779 | val_loss 0.2713 | val_psnr 22.01 | val_lpips 0.0822 | val_lpips_full 0.1185 | edge 0.0280 | dark_noise 0.0129 | chroma 0.0577 | decomp 0.1011 | smooth_enh 0.0232 | lambda_mean 1.5308 | lambda_min 0.8255 | lambda_max 1.7914
Best model updated -> Epoch: 88, psnr: 22.0090, PSNR: 22.0090, LPIPS@loss: 0.0822, LPIPS full: 0.1185

Epoch 089/120 train start
Epoch 089/120 validation start
Epoch 089 | train_loss 0.2790 | val_loss 0.2703 | val_psnr 21.06 | val_lpips 0.0914 | val_lpips_full 0.1283 | edge 0.0280 | dark_noise 0.0129 | chroma 0.0593 | decomp 0.0789 | smooth_enh 0.0216 | lambda_mean 1.5717 | lambda_min 0.8689 | lambda_max 1.7951

Epoch 090/120 train start
Epoch 090/120 validation start
Epoch 090 | train_loss 0.2802 | val_loss 0.2679 | val_psnr 21.37 | val_lpips 0.0898 | val_lpips_full 0.1265 | edge 0.0282 | dark_noise 0.0129 | chroma 0.0590 | decomp 0.0824 | smooth_enh 0.0230 | lambda_mean 1.5649 | lambda_min 0.8503 | lambda_max 1.7955

Epoch 091/120 train start
Epoch 091/120 validation start
Epoch 091 | train_loss 0.2746 | val_loss 0.2670 | val_psnr 21.38 | val_lpips 0.0880 | val_lpips_full 0.1240 | edge 0.0280 | dark_noise 0.0129 | chroma 0.0580 | decomp 0.0837 | smooth_enh 0.0223 | lambda_mean 1.5615 | lambda_min 0.8484 | lambda_max 1.7942

Epoch 092/120 train start
Epoch 092/120 validation start
Epoch 092 | train_loss 0.2829 | val_loss 0.2663 | val_psnr 21.56 | val_lpips 0.0875 | val_lpips_full 0.1236 | edge 0.0280 | dark_noise 0.0129 | chroma 0.0590 | decomp 0.0861 | smooth_enh 0.0226 | lambda_mean 1.5580 | lambda_min 0.8498 | lambda_max 1.7941

Epoch 093/120 train start
Epoch 093/120 validation start
Epoch 093 | train_loss 0.2766 | val_loss 0.2674 | val_psnr 21.73 | val_lpips 0.0846 | val_lpips_full 0.1229 | edge 0.0280 | dark_noise 0.0130 | chroma 0.0573 | decomp 0.0911 | smooth_enh 0.0227 | lambda_mean 1.5486 | lambda_min 0.8449 | lambda_max 1.7944

Epoch 094/120 train start
Epoch 094/120 validation start
Epoch 094 | train_loss 0.2753 | val_loss 0.2656 | val_psnr 21.69 | val_lpips 0.0849 | val_lpips_full 0.1216 | edge 0.0280 | dark_noise 0.0129 | chroma 0.0579 | decomp 0.0900 | smooth_enh 0.0229 | lambda_mean 1.5506 | lambda_min 0.8368 | lambda_max 1.7944

Epoch 095/120 train start
Epoch 095/120 validation start
Epoch 095 | train_loss 0.2778 | val_loss 0.2665 | val_psnr 21.78 | val_lpips 0.0847 | val_lpips_full 0.1217 | edge 0.0281 | dark_noise 0.0129 | chroma 0.0571 | decomp 0.0924 | smooth_enh 0.0232 | lambda_mean 1.5454 | lambda_min 0.8350 | lambda_max 1.7942

Epoch 096/120 train start
Epoch 096/120 validation start
Epoch 096 | train_loss 0.2758 | val_loss 0.2678 | val_psnr 21.63 | val_lpips 0.0856 | val_lpips_full 0.1238 | edge 0.0282 | dark_noise 0.0130 | chroma 0.0580 | decomp 0.0897 | smooth_enh 0.0233 | lambda_mean 1.5513 | lambda_min 0.8290 | lambda_max 1.7945

Epoch 097/120 train start
Epoch 097/120 validation start
Epoch 097 | train_loss 0.2754 | val_loss 0.2655 | val_psnr 21.61 | val_lpips 0.0861 | val_lpips_full 0.1227 | edge 0.0280 | dark_noise 0.0129 | chroma 0.0583 | decomp 0.0862 | smooth_enh 0.0225 | lambda_mean 1.5565 | lambda_min 0.8422 | lambda_max 1.7935

Epoch 098/120 train start
Epoch 098/120 validation start
Epoch 098 | train_loss 0.2758 | val_loss 0.2660 | val_psnr 21.50 | val_lpips 0.0860 | val_lpips_full 0.1228 | edge 0.0280 | dark_noise 0.0129 | chroma 0.0573 | decomp 0.0861 | smooth_enh 0.0224 | lambda_mean 1.5568 | lambda_min 0.8478 | lambda_max 1.7945

Epoch 099/120 train start
Epoch 099/120 validation start
Epoch 099 | train_loss 0.2773 | val_loss 0.2643 | val_psnr 21.83 | val_lpips 0.0842 | val_lpips_full 0.1217 | edge 0.0280 | dark_noise 0.0129 | chroma 0.0574 | decomp 0.0906 | smooth_enh 0.0228 | lambda_mean 1.5492 | lambda_min 0.8329 | lambda_max 1.7938

Epoch 100/120 train start
Epoch 100/120 validation start
Epoch 100 | train_loss 0.2769 | val_loss 0.2671 | val_psnr 21.32 | val_lpips 0.0880 | val_lpips_full 0.1258 | edge 0.0282 | dark_noise 0.0129 | chroma 0.0577 | decomp 0.0819 | smooth_enh 0.0227 | lambda_mean 1.5645 | lambda_min 0.8441 | lambda_max 1.7946

Epoch 101/120 train start
Epoch 101/120 validation start
Epoch 101 | train_loss 0.2723 | val_loss 0.2656 | val_psnr 21.51 | val_lpips 0.0862 | val_lpips_full 0.1226 | edge 0.0280 | dark_noise 0.0129 | chroma 0.0573 | decomp 0.0841 | smooth_enh 0.0224 | lambda_mean 1.5603 | lambda_min 0.8423 | lambda_max 1.7939

Epoch 102/120 train start
Epoch 102/120 validation start
Epoch 102 | train_loss 0.2736 | val_loss 0.2659 | val_psnr 21.63 | val_lpips 0.0854 | val_lpips_full 0.1218 | edge 0.0281 | dark_noise 0.0129 | chroma 0.0572 | decomp 0.0883 | smooth_enh 0.0231 | lambda_mean 1.5534 | lambda_min 0.8286 | lambda_max 1.7943

Epoch 103/120 train start
Epoch 103/120 validation start
Epoch 103 | train_loss 0.2724 | val_loss 0.2684 | val_psnr 21.61 | val_lpips 0.0853 | val_lpips_full 0.1223 | edge 0.0279 | dark_noise 0.0129 | chroma 0.0578 | decomp 0.0896 | smooth_enh 0.0224 | lambda_mean 1.5508 | lambda_min 0.8413 | lambda_max 1.7930

Epoch 104/120 train start
Epoch 104/120 validation start
Epoch 104 | train_loss 0.2748 | val_loss 0.2665 | val_psnr 21.47 | val_lpips 0.0869 | val_lpips_full 0.1242 | edge 0.0280 | dark_noise 0.0129 | chroma 0.0576 | decomp 0.0836 | smooth_enh 0.0224 | lambda_mean 1.5612 | lambda_min 0.8476 | lambda_max 1.7938

Epoch 105/120 train start
Epoch 105/120 validation start
Epoch 105 | train_loss 0.2748 | val_loss 0.2663 | val_psnr 21.64 | val_lpips 0.0850 | val_lpips_full 0.1221 | edge 0.0280 | dark_noise 0.0129 | chroma 0.0574 | decomp 0.0884 | smooth_enh 0.0225 | lambda_mean 1.5525 | lambda_min 0.8373 | lambda_max 1.7932

Epoch 106/120 train start
Epoch 106/120 validation start
Epoch 106 | train_loss 0.2738 | val_loss 0.2674 | val_psnr 21.71 | val_lpips 0.0849 | val_lpips_full 0.1224 | edge 0.0280 | dark_noise 0.0129 | chroma 0.0571 | decomp 0.0909 | smooth_enh 0.0227 | lambda_mean 1.5482 | lambda_min 0.8343 | lambda_max 1.7929

Epoch 107/120 train start
Epoch 107/120 validation start
Epoch 107 | train_loss 0.2771 | val_loss 0.2670 | val_psnr 21.62 | val_lpips 0.0859 | val_lpips_full 0.1228 | edge 0.0279 | dark_noise 0.0129 | chroma 0.0575 | decomp 0.0889 | smooth_enh 0.0221 | lambda_mean 1.5520 | lambda_min 0.8398 | lambda_max 1.7931

Epoch 108/120 train start
Epoch 108/120 validation start
Epoch 108 | train_loss 0.2710 | val_loss 0.2696 | val_psnr 21.51 | val_lpips 0.0858 | val_lpips_full 0.1222 | edge 0.0280 | dark_noise 0.0129 | chroma 0.0582 | decomp 0.0898 | smooth_enh 0.0227 | lambda_mean 1.5505 | lambda_min 0.8331 | lambda_max 1.7926

Epoch 109/120 train start
Epoch 109/120 validation start
Epoch 109 | train_loss 0.2735 | val_loss 0.2673 | val_psnr 21.52 | val_lpips 0.0864 | val_lpips_full 0.1239 | edge 0.0280 | dark_noise 0.0129 | chroma 0.0581 | decomp 0.0861 | smooth_enh 0.0225 | lambda_mean 1.5573 | lambda_min 0.8412 | lambda_max 1.7937

Epoch 110/120 train start
Epoch 110/120 validation start
Epoch 110 | train_loss 0.2705 | val_loss 0.2667 | val_psnr 21.56 | val_lpips 0.0861 | val_lpips_full 0.1235 | edge 0.0280 | dark_noise 0.0129 | chroma 0.0573 | decomp 0.0869 | smooth_enh 0.0225 | lambda_mean 1.5554 | lambda_min 0.8380 | lambda_max 1.7935

Epoch 111/120 train start
Epoch 111/120 validation start
Epoch 111 | train_loss 0.2712 | val_loss 0.2675 | val_psnr 21.53 | val_lpips 0.0860 | val_lpips_full 0.1225 | edge 0.0281 | dark_noise 0.0129 | chroma 0.0575 | decomp 0.0871 | smooth_enh 0.0228 | lambda_mean 1.5551 | lambda_min 0.8394 | lambda_max 1.7934

Epoch 112/120 train start
Epoch 112/120 validation start
Epoch 112 | train_loss 0.2722 | val_loss 0.2676 | val_psnr 21.62 | val_lpips 0.0854 | val_lpips_full 0.1228 | edge 0.0280 | dark_noise 0.0129 | chroma 0.0570 | decomp 0.0894 | smooth_enh 0.0228 | lambda_mean 1.5507 | lambda_min 0.8332 | lambda_max 1.7939

Epoch 113/120 train start
Epoch 113/120 validation start
Epoch 113 | train_loss 0.2759 | val_loss 0.2666 | val_psnr 21.51 | val_lpips 0.0865 | val_lpips_full 0.1232 | edge 0.0280 | dark_noise 0.0129 | chroma 0.0576 | decomp 0.0847 | smooth_enh 0.0225 | lambda_mean 1.5594 | lambda_min 0.8415 | lambda_max 1.7939

Epoch 114/120 train start
Epoch 114/120 validation start
Epoch 114 | train_loss 0.2734 | val_loss 0.2664 | val_psnr 21.58 | val_lpips 0.0859 | val_lpips_full 0.1227 | edge 0.0280 | dark_noise 0.0129 | chroma 0.0575 | decomp 0.0867 | smooth_enh 0.0225 | lambda_mean 1.5558 | lambda_min 0.8385 | lambda_max 1.7937

Epoch 115/120 train start
Epoch 115/120 validation start
Epoch 115 | train_loss 0.2723 | val_loss 0.2666 | val_psnr 21.61 | val_lpips 0.0857 | val_lpips_full 0.1225 | edge 0.0280 | dark_noise 0.0129 | chroma 0.0573 | decomp 0.0881 | smooth_enh 0.0226 | lambda_mean 1.5532 | lambda_min 0.8392 | lambda_max 1.7934

Epoch 116/120 train start
Epoch 116/120 validation start
Epoch 116 | train_loss 0.2743 | val_loss 0.2663 | val_psnr 21.56 | val_lpips 0.0860 | val_lpips_full 0.1230 | edge 0.0280 | dark_noise 0.0129 | chroma 0.0574 | decomp 0.0859 | smooth_enh 0.0225 | lambda_mean 1.5571 | lambda_min 0.8419 | lambda_max 1.7935

Epoch 117/120 train start
Epoch 117/120 validation start
Epoch 117 | train_loss 0.2748 | val_loss 0.2671 | val_psnr 21.54 | val_lpips 0.0860 | val_lpips_full 0.1233 | edge 0.0280 | dark_noise 0.0129 | chroma 0.0575 | decomp 0.0867 | smooth_enh 0.0226 | lambda_mean 1.5557 | lambda_min 0.8418 | lambda_max 1.7938

Epoch 118/120 train start
Epoch 118/120 validation start
Epoch 118 | train_loss 0.2732 | val_loss 0.2671 | val_psnr 21.59 | val_lpips 0.0855 | val_lpips_full 0.1224 | edge 0.0280 | dark_noise 0.0129 | chroma 0.0573 | decomp 0.0883 | smooth_enh 0.0226 | lambda_mean 1.5530 | lambda_min 0.8378 | lambda_max 1.7935

Epoch 119/120 train start
Epoch 119/120 validation start
Epoch 119 | train_loss 0.2759 | val_loss 0.2673 | val_psnr 21.59 | val_lpips 0.0855 | val_lpips_full 0.1231 | edge 0.0281 | dark_noise 0.0129 | chroma 0.0570 | decomp 0.0882 | smooth_enh 0.0228 | lambda_mean 1.5529 | lambda_min 0.8360 | lambda_max 1.7938

Epoch 120/120 train start
Epoch 120/120 validation start
Epoch 120 | train_loss 0.2744 | val_loss 0.2671 | val_psnr 21.63 | val_lpips 0.0851 | val_lpips_full 0.1224 | edge 0.0280 | dark_noise 0.0129 | chroma 0.0572 | decomp 0.0893 | smooth_enh 0.0227 | lambda_mean 1.5511 | lambda_min 0.8364 | lambda_max 1.7936
===== TRAIN FINISHED =====
Best epoch: 88
Best psnr: 22.009026048499706
Best PSNR: 22.009026048499706
Best LPIPS@loss: 0.08221451903227717
Best LPIPS full: 0.11854713984454672
Best checkpoint: /content/retinextapetum_hpo/projects/lol_v1/final/hpo_candidate_02_trial_0002_f1bfd5bf87_seed_42/run/checkpoints/best.pth
Last checkpoint: /content/retinextapetum_hpo/projects/lol_v1/final/hpo_candidate_02_trial_0002_f1bfd5bf87_seed_42/run/checkpoints/last.pth
