DEVICE: cuda
TRAIN_LOW_DIR : /content/drive/MyDrive/TAPETUM/datasets/UHD-LL down4/Train/Low
TRAIN_HIGH_DIR: /content/drive/MyDrive/TAPETUM/datasets/UHD-LL down4/Train/Normal
VAL_LOW_DIR   : /content/drive/MyDrive/TAPETUM/datasets/UHD-LL down4/Val/Low
VAL_HIGH_DIR  : /content/drive/MyDrive/TAPETUM/datasets/UHD-LL down4/Val/Normal
CKPT_DIR      : /content/retinextapetum_hpo/projects/uhd_ll_down4/final/hpo_candidate_01_trial_0012_fac8898781_seed_42/run/checkpoints
USE_TRAIN_VAL_SPLIT: True
VAL_RATIO     : 0.05
SPLIT_SEED    : 42
BASE_CHANNELS : 128
BATCH_SIZE    : 2
EPOCHS        : 120
LR            : 0.0007873952428969634
MIN_LR        : 1.667796398728883e-05
W_LPIPS       : 0.05
BEST_METRIC   : psnr
RESUME        : True
RESUME_CKPT   : last.pth
TRAIN_LOG_INTERVAL: 0
VAL_LOG_INTERVAL  : 0
WARNING: When changing train/validation split settings, use RETINEX_TAPETUM_RESUME=0 for a clean experimental run.
DRIVE_CKPT_MIRROR_DIR: /content/drive/MyDrive/TAPETUM/HyperparameterSearch/uhd_ll_down4/final_confirmation/hpo_candidate_01_trial_0012_fac8898781/seed_42
Split manifest: /content/drive/MyDrive/TAPETUM/HyperparameterSearch/uhd_ll_down4/split_manifest.json
Train split images: 1884
Val split images: 116
[Dataset] /content/drive/MyDrive/TAPETUM/datasets/UHD-LL down4/Train/Low
Mode: train
Split file_list: yes
Paired samples: 1884
[Dataset] /content/drive/MyDrive/TAPETUM/datasets/UHD-LL down4/Train/Low
Mode: val/test
Split file_list: yes
Paired samples: 116
Train batches: 942
Val batches  : 116
Trainable params: 536,463
Setting up [LPIPS] perceptual loss: trunk [alex], v[0.1], spatial [off]
/usr/local/lib/python3.12/dist-packages/torchvision/models/_utils.py:208: UserWarning: The parameter 'pretrained' is deprecated since 0.13 and may be removed in the future, please use 'weights' instead.
  warnings.warn(
/usr/local/lib/python3.12/dist-packages/torchvision/models/_utils.py:223: UserWarning: Arguments other than a weight enum or `None` for 'weights' are deprecated since 0.13 and may be removed in the future. The current behavior is equivalent to passing `weights=AlexNet_Weights.IMAGENET1K_V1`. You can also use `weights=AlexNet_Weights.DEFAULT` to get the most up-to-date weights.
  warnings.warn(msg)
Downloading: "https://download.pytorch.org/models/alexnet-owt-7be5be79.pth" to /root/.cache/torch/hub/checkpoints/alexnet-owt-7be5be79.pth

  0%|          | 0.00/233M [00:00<?, ?B/s]
  3%|▎         | 7.50M/233M [00:00<00:03, 78.1MB/s]
 11%|█         | 24.8M/233M [00:00<00:01, 138MB/s] 
 18%|█▊        | 41.4M/233M [00:00<00:01, 154MB/s]
 25%|██▌       | 58.5M/233M [00:00<00:01, 164MB/s]
 32%|███▏      | 75.6M/233M [00:00<00:00, 170MB/s]
 40%|████      | 93.2M/233M [00:00<00:00, 174MB/s]
 48%|████▊     | 111M/233M [00:00<00:00, 179MB/s] 
 56%|█████▌    | 130M/233M [00:00<00:00, 183MB/s]
 63%|██████▎   | 148M/233M [00:00<00:00, 185MB/s]
 71%|███████   | 165M/233M [00:01<00:00, 185MB/s]
 79%|███████▊  | 183M/233M [00:01<00:00, 185MB/s]
 86%|████████▌ | 201M/233M [00:01<00:00, 184MB/s]
 94%|█████████▍| 219M/233M [00:01<00:00, 186MB/s]
100%|██████████| 233M/233M [00:01<00:00, 177MB/s]
Loading model from: /usr/local/lib/python3.12/dist-packages/lpips/weights/v0.1/alex.pth
LPIPS training loss: enabled (alex, weight=0.05)
Loading resume checkpoint: /content/retinextapetum_hpo/projects/uhd_ll_down4/final/hpo_candidate_01_trial_0012_fac8898781_seed_42/run/checkpoints/last.pth
Resume state -> completed_epoch: 11, next_epoch: 12, best_epoch: 11, best_psnr: 26.1035, no_improve: 0

===== TRAIN START =====

Epoch 012/120 train start
Epoch 012/120 validation start
Epoch 012 | train_loss 0.1852 | val_loss 0.1713 | val_psnr 25.19 | val_lpips 0.0638 | val_lpips_full 0.0983 | edge 0.0195 | dark_noise 0.0042 | chroma 0.0491 | decomp 0.0439 | smooth_enh 0.0137 | lambda_mean 1.3913 | lambda_min 0.6900 | lambda_max 1.8607

Epoch 013/120 train start
Epoch 013/120 validation start
Epoch 013 | train_loss 0.1864 | val_loss 0.1654 | val_psnr 25.69 | val_lpips 0.0557 | val_lpips_full 0.0889 | edge 0.0192 | dark_noise 0.0040 | chroma 0.0450 | decomp 0.0464 | smooth_enh 0.0127 | lambda_mean 1.3832 | lambda_min 0.6841 | lambda_max 1.8508

Epoch 014/120 train start
Epoch 014/120 validation start
Epoch 014 | train_loss 0.1840 | val_loss 0.1613 | val_psnr 25.67 | val_lpips 0.0577 | val_lpips_full 0.0888 | edge 0.0200 | dark_noise 0.0042 | chroma 0.0434 | decomp 0.0413 | smooth_enh 0.0136 | lambda_mean 1.4019 | lambda_min 0.7034 | lambda_max 1.8468

Epoch 015/120 train start
Epoch 015/120 validation start
Epoch 015 | train_loss 0.1813 | val_loss 0.1599 | val_psnr 26.03 | val_lpips 0.0504 | val_lpips_full 0.0833 | edge 0.0192 | dark_noise 0.0040 | chroma 0.0416 | decomp 0.0455 | smooth_enh 0.0123 | lambda_mean 1.3853 | lambda_min 0.6957 | lambda_max 1.8477

Epoch 016/120 train start
Epoch 016/120 validation start
Epoch 016 | train_loss 0.1816 | val_loss 0.1570 | val_psnr 26.18 | val_lpips 0.0550 | val_lpips_full 0.0885 | edge 0.0191 | dark_noise 0.0041 | chroma 0.0431 | decomp 0.0433 | smooth_enh 0.0118 | lambda_mean 1.3808 | lambda_min 0.6978 | lambda_max 1.8431
Best model updated -> Epoch: 16, psnr: 26.1803, PSNR: 26.1803, LPIPS@loss: 0.0550, LPIPS full: 0.0885

Epoch 017/120 train start
Epoch 017/120 validation start
Epoch 017 | train_loss 0.1809 | val_loss 0.1608 | val_psnr 25.65 | val_lpips 0.0543 | val_lpips_full 0.0872 | edge 0.0192 | dark_noise 0.0041 | chroma 0.0421 | decomp 0.0403 | smooth_enh 0.0118 | lambda_mean 1.3726 | lambda_min 0.6749 | lambda_max 1.8341

Epoch 018/120 train start
Epoch 018/120 validation start
Epoch 018 | train_loss 0.1810 | val_loss 0.1606 | val_psnr 26.02 | val_lpips 0.0525 | val_lpips_full 0.0874 | edge 0.0190 | dark_noise 0.0040 | chroma 0.0440 | decomp 0.0439 | smooth_enh 0.0113 | lambda_mean 1.3664 | lambda_min 0.6886 | lambda_max 1.8418

Epoch 019/120 train start
Epoch 019/120 validation start
Epoch 019 | train_loss 0.1795 | val_loss 0.1617 | val_psnr 26.55 | val_lpips 0.0501 | val_lpips_full 0.0820 | edge 0.0194 | dark_noise 0.0041 | chroma 0.0420 | decomp 0.0488 | smooth_enh 0.0124 | lambda_mean 1.3717 | lambda_min 0.6928 | lambda_max 1.8485
Best model updated -> Epoch: 19, psnr: 26.5513, PSNR: 26.5513, LPIPS@loss: 0.0501, LPIPS full: 0.0820

Epoch 020/120 train start
Epoch 020/120 validation start
Epoch 020 | train_loss 0.1789 | val_loss 0.1579 | val_psnr 26.30 | val_lpips 0.0525 | val_lpips_full 0.0836 | edge 0.0198 | dark_noise 0.0042 | chroma 0.0430 | decomp 0.0416 | smooth_enh 0.0125 | lambda_mean 1.3787 | lambda_min 0.6666 | lambda_max 1.8355

Epoch 021/120 train start
Epoch 021/120 validation start
Epoch 021 | train_loss 0.1788 | val_loss 0.1547 | val_psnr 25.53 | val_lpips 0.0495 | val_lpips_full 0.0817 | edge 0.0190 | dark_noise 0.0040 | chroma 0.0395 | decomp 0.0332 | smooth_enh 0.0111 | lambda_mean 1.3931 | lambda_min 0.6911 | lambda_max 1.8223

Epoch 022/120 train start
Epoch 022/120 validation start
Epoch 022 | train_loss 0.1787 | val_loss 0.1553 | val_psnr 26.83 | val_lpips 0.0481 | val_lpips_full 0.0817 | edge 0.0188 | dark_noise 0.0040 | chroma 0.0404 | decomp 0.0480 | smooth_enh 0.0109 | lambda_mean 1.3729 | lambda_min 0.6977 | lambda_max 1.8266
Best model updated -> Epoch: 22, psnr: 26.8321, PSNR: 26.8321, LPIPS@loss: 0.0481, LPIPS full: 0.0817

Epoch 023/120 train start
Epoch 023/120 validation start
Epoch 023 | train_loss 0.1759 | val_loss 0.1543 | val_psnr 25.95 | val_lpips 0.0497 | val_lpips_full 0.0828 | edge 0.0189 | dark_noise 0.0040 | chroma 0.0392 | decomp 0.0361 | smooth_enh 0.0107 | lambda_mean 1.3862 | lambda_min 0.7121 | lambda_max 1.8241

Epoch 024/120 train start
Epoch 024/120 validation start
Epoch 024 | train_loss 0.1750 | val_loss 0.1528 | val_psnr 26.70 | val_lpips 0.0483 | val_lpips_full 0.0779 | edge 0.0192 | dark_noise 0.0041 | chroma 0.0391 | decomp 0.0432 | smooth_enh 0.0113 | lambda_mean 1.3748 | lambda_min 0.7050 | lambda_max 1.8084

Epoch 025/120 train start
Epoch 025/120 validation start
Epoch 025 | train_loss 0.1756 | val_loss 0.1546 | val_psnr 26.63 | val_lpips 0.0490 | val_lpips_full 0.0829 | edge 0.0189 | dark_noise 0.0041 | chroma 0.0412 | decomp 0.0454 | smooth_enh 0.0107 | lambda_mean 1.3681 | lambda_min 0.6648 | lambda_max 1.8074

Epoch 026/120 train start
Epoch 026/120 validation start
Epoch 026 | train_loss 0.1771 | val_loss 0.1546 | val_psnr 26.13 | val_lpips 0.0479 | val_lpips_full 0.0812 | edge 0.0189 | dark_noise 0.0040 | chroma 0.0381 | decomp 0.0378 | smooth_enh 0.0102 | lambda_mean 1.3757 | lambda_min 0.6849 | lambda_max 1.8077

Epoch 027/120 train start
Epoch 027/120 validation start
Epoch 027 | train_loss 0.1735 | val_loss 0.1518 | val_psnr 26.62 | val_lpips 0.0477 | val_lpips_full 0.0794 | edge 0.0188 | dark_noise 0.0040 | chroma 0.0407 | decomp 0.0392 | smooth_enh 0.0102 | lambda_mean 1.3716 | lambda_min 0.6964 | lambda_max 1.7995

Epoch 028/120 train start
Epoch 028/120 validation start
Epoch 028 | train_loss 0.1747 | val_loss 0.1582 | val_psnr 25.95 | val_lpips 0.0553 | val_lpips_full 0.0883 | edge 0.0189 | dark_noise 0.0041 | chroma 0.0433 | decomp 0.0407 | smooth_enh 0.0107 | lambda_mean 1.3985 | lambda_min 0.7148 | lambda_max 1.8059

Epoch 029/120 train start
Epoch 029/120 validation start
Epoch 029 | train_loss 0.1762 | val_loss 0.1520 | val_psnr 26.30 | val_lpips 0.0465 | val_lpips_full 0.0775 | edge 0.0189 | dark_noise 0.0040 | chroma 0.0384 | decomp 0.0392 | smooth_enh 0.0104 | lambda_mean 1.3724 | lambda_min 0.6610 | lambda_max 1.7923

Epoch 030/120 train start
Epoch 030/120 validation start
Epoch 030 | train_loss 0.1728 | val_loss 0.1542 | val_psnr 26.13 | val_lpips 0.0488 | val_lpips_full 0.0824 | edge 0.0188 | dark_noise 0.0040 | chroma 0.0383 | decomp 0.0385 | smooth_enh 0.0096 | lambda_mean 1.3631 | lambda_min 0.6794 | lambda_max 1.7790

Epoch 031/120 train start
Epoch 031/120 validation start
Epoch 031 | train_loss 0.1741 | val_loss 0.1577 | val_psnr 25.22 | val_lpips 0.0512 | val_lpips_full 0.0822 | edge 0.0187 | dark_noise 0.0040 | chroma 0.0398 | decomp 0.0362 | smooth_enh 0.0102 | lambda_mean 1.4029 | lambda_min 0.7356 | lambda_max 1.7997

Epoch 032/120 train start
Epoch 032/120 validation start
Epoch 032 | train_loss 0.1721 | val_loss 0.1509 | val_psnr 26.20 | val_lpips 0.0500 | val_lpips_full 0.0813 | edge 0.0191 | dark_noise 0.0041 | chroma 0.0405 | decomp 0.0377 | smooth_enh 0.0107 | lambda_mean 1.3939 | lambda_min 0.7083 | lambda_max 1.7961

Epoch 033/120 train start
Epoch 033/120 validation start
Epoch 033 | train_loss 0.1719 | val_loss 0.1476 | val_psnr 26.47 | val_lpips 0.0455 | val_lpips_full 0.0755 | edge 0.0187 | dark_noise 0.0040 | chroma 0.0373 | decomp 0.0355 | smooth_enh 0.0101 | lambda_mean 1.3938 | lambda_min 0.6987 | lambda_max 1.7933

Epoch 034/120 train start
Epoch 034/120 validation start
Epoch 034 | train_loss 0.1711 | val_loss 0.1510 | val_psnr 27.07 | val_lpips 0.0437 | val_lpips_full 0.0746 | edge 0.0188 | dark_noise 0.0040 | chroma 0.0377 | decomp 0.0429 | smooth_enh 0.0102 | lambda_mean 1.3600 | lambda_min 0.6720 | lambda_max 1.7884
Best model updated -> Epoch: 34, psnr: 27.0679, PSNR: 27.0679, LPIPS@loss: 0.0437, LPIPS full: 0.0746

Epoch 035/120 train start
Epoch 035/120 validation start
Epoch 035 | train_loss 0.1714 | val_loss 0.1501 | val_psnr 26.26 | val_lpips 0.0465 | val_lpips_full 0.0773 | edge 0.0187 | dark_noise 0.0041 | chroma 0.0388 | decomp 0.0383 | smooth_enh 0.0099 | lambda_mean 1.3843 | lambda_min 0.7006 | lambda_max 1.7832

Epoch 036/120 train start
Epoch 036/120 validation start
Epoch 036 | train_loss 0.1667 | val_loss 0.1483 | val_psnr 26.48 | val_lpips 0.0458 | val_lpips_full 0.0770 | edge 0.0186 | dark_noise 0.0040 | chroma 0.0375 | decomp 0.0376 | smooth_enh 0.0099 | lambda_mean 1.3936 | lambda_min 0.7187 | lambda_max 1.7844

Epoch 037/120 train start
Epoch 037/120 validation start
Epoch 037 | train_loss 0.1699 | val_loss 0.1528 | val_psnr 26.44 | val_lpips 0.0465 | val_lpips_full 0.0788 | edge 0.0190 | dark_noise 0.0042 | chroma 0.0390 | decomp 0.0417 | smooth_enh 0.0105 | lambda_mean 1.3936 | lambda_min 0.6988 | lambda_max 1.7837

Epoch 038/120 train start
Epoch 038/120 validation start
Epoch 038 | train_loss 0.1685 | val_loss 0.1517 | val_psnr 26.08 | val_lpips 0.0429 | val_lpips_full 0.0730 | edge 0.0187 | dark_noise 0.0041 | chroma 0.0364 | decomp 0.0397 | smooth_enh 0.0102 | lambda_mean 1.4079 | lambda_min 0.7193 | lambda_max 1.7891

Epoch 039/120 train start
Epoch 039/120 validation start
Epoch 039 | train_loss 0.1713 | val_loss 0.1510 | val_psnr 26.38 | val_lpips 0.0445 | val_lpips_full 0.0764 | edge 0.0184 | dark_noise 0.0040 | chroma 0.0380 | decomp 0.0415 | smooth_enh 0.0094 | lambda_mean 1.3845 | lambda_min 0.7153 | lambda_max 1.7598

Epoch 040/120 train start
Epoch 040/120 validation start
Epoch 040 | train_loss 0.1676 | val_loss 0.1581 | val_psnr 26.37 | val_lpips 0.0461 | val_lpips_full 0.0780 | edge 0.0186 | dark_noise 0.0041 | chroma 0.0387 | decomp 0.0481 | smooth_enh 0.0101 | lambda_mean 1.3734 | lambda_min 0.6876 | lambda_max 1.7714

Epoch 041/120 train start
Epoch 041/120 validation start
Epoch 041 | train_loss 0.1659 | val_loss 0.1626 | val_psnr 26.14 | val_lpips 0.0473 | val_lpips_full 0.0782 | edge 0.0186 | dark_noise 0.0041 | chroma 0.0404 | decomp 0.0518 | smooth_enh 0.0096 | lambda_mean 1.3689 | lambda_min 0.6795 | lambda_max 1.7589

Epoch 042/120 train start
Epoch 042/120 validation start
Epoch 042 | train_loss 0.1679 | val_loss 0.1485 | val_psnr 26.76 | val_lpips 0.0437 | val_lpips_full 0.0745 | edge 0.0186 | dark_noise 0.0041 | chroma 0.0383 | decomp 0.0412 | smooth_enh 0.0099 | lambda_mean 1.3773 | lambda_min 0.6832 | lambda_max 1.7683

Epoch 043/120 train start
Epoch 043/120 validation start
Epoch 043 | train_loss 0.1666 | val_loss 0.1526 | val_psnr 25.87 | val_lpips 0.0463 | val_lpips_full 0.0757 | edge 0.0186 | dark_noise 0.0041 | chroma 0.0379 | decomp 0.0359 | smooth_enh 0.0100 | lambda_mean 1.3938 | lambda_min 0.7241 | lambda_max 1.7698

Epoch 044/120 train start
Epoch 044/120 validation start
Epoch 044 | train_loss 0.1671 | val_loss 0.1611 | val_psnr 26.03 | val_lpips 0.0453 | val_lpips_full 0.0736 | edge 0.0186 | dark_noise 0.0041 | chroma 0.0392 | decomp 0.0491 | smooth_enh 0.0096 | lambda_mean 1.3785 | lambda_min 0.6814 | lambda_max 1.7441

Epoch 045/120 train start
Epoch 045/120 validation start
Epoch 045 | train_loss 0.1658 | val_loss 0.1551 | val_psnr 25.51 | val_lpips 0.0488 | val_lpips_full 0.0813 | edge 0.0185 | dark_noise 0.0040 | chroma 0.0373 | decomp 0.0345 | smooth_enh 0.0094 | lambda_mean 1.4038 | lambda_min 0.7044 | lambda_max 1.7781

Epoch 046/120 train start
Epoch 046/120 validation start
Epoch 046 | train_loss 0.1659 | val_loss 0.1554 | val_psnr 26.66 | val_lpips 0.0424 | val_lpips_full 0.0721 | edge 0.0186 | dark_noise 0.0042 | chroma 0.0366 | decomp 0.0485 | smooth_enh 0.0095 | lambda_mean 1.3590 | lambda_min 0.6868 | lambda_max 1.7408

Epoch 047/120 train start
Epoch 047/120 validation start
Epoch 047 | train_loss 0.1667 | val_loss 0.1475 | val_psnr 26.86 | val_lpips 0.0427 | val_lpips_full 0.0711 | edge 0.0186 | dark_noise 0.0040 | chroma 0.0368 | decomp 0.0401 | smooth_enh 0.0095 | lambda_mean 1.3849 | lambda_min 0.6893 | lambda_max 1.7472

Epoch 048/120 train start
Epoch 048/120 validation start
Epoch 048 | train_loss 0.1649 | val_loss 0.1567 | val_psnr 25.88 | val_lpips 0.0443 | val_lpips_full 0.0754 | edge 0.0184 | dark_noise 0.0041 | chroma 0.0374 | decomp 0.0415 | smooth_enh 0.0095 | lambda_mean 1.4012 | lambda_min 0.7090 | lambda_max 1.7649

Epoch 049/120 train start
Epoch 049/120 validation start
Epoch 049 | train_loss 0.1650 | val_loss 0.1588 | val_psnr 25.96 | val_lpips 0.0458 | val_lpips_full 0.0741 | edge 0.0188 | dark_noise 0.0042 | chroma 0.0422 | decomp 0.0450 | smooth_enh 0.0101 | lambda_mean 1.3898 | lambda_min 0.6924 | lambda_max 1.7492

Epoch 050/120 train start
Epoch 050/120 validation start
Epoch 050 | train_loss 0.1685 | val_loss 0.1498 | val_psnr 26.31 | val_lpips 0.0429 | val_lpips_full 0.0714 | edge 0.0185 | dark_noise 0.0041 | chroma 0.0369 | decomp 0.0400 | smooth_enh 0.0101 | lambda_mean 1.3955 | lambda_min 0.6966 | lambda_max 1.7461

Epoch 051/120 train start
Epoch 051/120 validation start
Epoch 051 | train_loss 0.1638 | val_loss 0.1477 | val_psnr 26.55 | val_lpips 0.0424 | val_lpips_full 0.0717 | edge 0.0185 | dark_noise 0.0041 | chroma 0.0371 | decomp 0.0374 | smooth_enh 0.0094 | lambda_mean 1.3724 | lambda_min 0.6374 | lambda_max 1.7272

Epoch 052/120 train start
Epoch 052/120 validation start
Epoch 052 | train_loss 0.1626 | val_loss 0.1488 | val_psnr 26.67 | val_lpips 0.0442 | val_lpips_full 0.0724 | edge 0.0184 | dark_noise 0.0041 | chroma 0.0402 | decomp 0.0408 | smooth_enh 0.0098 | lambda_mean 1.3964 | lambda_min 0.6951 | lambda_max 1.7453

Epoch 053/120 train start
Epoch 053/120 validation start
Epoch 053 | train_loss 0.1634 | val_loss 0.1513 | val_psnr 26.25 | val_lpips 0.0413 | val_lpips_full 0.0702 | edge 0.0184 | dark_noise 0.0041 | chroma 0.0362 | decomp 0.0403 | smooth_enh 0.0098 | lambda_mean 1.4079 | lambda_min 0.7093 | lambda_max 1.7592

Epoch 054/120 train start
Epoch 054/120 validation start
Epoch 054 | train_loss 0.1628 | val_loss 0.1568 | val_psnr 25.58 | val_lpips 0.0426 | val_lpips_full 0.0723 | edge 0.0185 | dark_noise 0.0041 | chroma 0.0363 | decomp 0.0401 | smooth_enh 0.0098 | lambda_mean 1.4106 | lambda_min 0.7335 | lambda_max 1.7598

Epoch 055/120 train start
Epoch 055/120 validation start
Epoch 055 | train_loss 0.1651 | val_loss 0.1506 | val_psnr 26.21 | val_lpips 0.0415 | val_lpips_full 0.0706 | edge 0.0184 | dark_noise 0.0040 | chroma 0.0370 | decomp 0.0404 | smooth_enh 0.0097 | lambda_mean 1.4028 | lambda_min 0.7098 | lambda_max 1.7523

Epoch 056/120 train start
Epoch 056/120 validation start
Epoch 056 | train_loss 0.1625 | val_loss 0.1504 | val_psnr 26.30 | val_lpips 0.0408 | val_lpips_full 0.0681 | edge 0.0186 | dark_noise 0.0041 | chroma 0.0360 | decomp 0.0402 | smooth_enh 0.0098 | lambda_mean 1.4031 | lambda_min 0.7264 | lambda_max 1.7428

Epoch 057/120 train start
Epoch 057/120 validation start
Epoch 057 | train_loss 0.1637 | val_loss 0.1509 | val_psnr 26.18 | val_lpips 0.0418 | val_lpips_full 0.0699 | edge 0.0185 | dark_noise 0.0041 | chroma 0.0369 | decomp 0.0388 | smooth_enh 0.0101 | lambda_mean 1.3984 | lambda_min 0.7044 | lambda_max 1.7514

Epoch 058/120 train start
Epoch 058/120 validation start
Epoch 058 | train_loss 0.1611 | val_loss 0.1507 | val_psnr 26.17 | val_lpips 0.0416 | val_lpips_full 0.0714 | edge 0.0184 | dark_noise 0.0041 | chroma 0.0368 | decomp 0.0384 | smooth_enh 0.0096 | lambda_mean 1.4059 | lambda_min 0.7127 | lambda_max 1.7560

Epoch 059/120 train start
Epoch 059/120 validation start
Epoch 059 | train_loss 0.1614 | val_loss 0.1524 | val_psnr 25.90 | val_lpips 0.0426 | val_lpips_full 0.0723 | edge 0.0183 | dark_noise 0.0041 | chroma 0.0367 | decomp 0.0382 | smooth_enh 0.0094 | lambda_mean 1.3988 | lambda_min 0.7211 | lambda_max 1.7365

Epoch 060/120 train start
Epoch 060/120 validation start
Epoch 060 | train_loss 0.1623 | val_loss 0.1473 | val_psnr 26.71 | val_lpips 0.0408 | val_lpips_full 0.0681 | edge 0.0184 | dark_noise 0.0041 | chroma 0.0365 | decomp 0.0404 | smooth_enh 0.0095 | lambda_mean 1.3887 | lambda_min 0.6914 | lambda_max 1.7251

Epoch 061/120 train start
Epoch 061/120 validation start
Epoch 061 | train_loss 0.1615 | val_loss 0.1515 | val_psnr 25.50 | val_lpips 0.0425 | val_lpips_full 0.0699 | edge 0.0185 | dark_noise 0.0040 | chroma 0.0358 | decomp 0.0329 | smooth_enh 0.0096 | lambda_mean 1.4157 | lambda_min 0.7257 | lambda_max 1.7493

Epoch 062/120 train start
Epoch 062/120 validation start
Epoch 062 | train_loss 0.1616 | val_loss 0.1559 | val_psnr 26.12 | val_lpips 0.0420 | val_lpips_full 0.0716 | edge 0.0183 | dark_noise 0.0041 | chroma 0.0364 | decomp 0.0449 | smooth_enh 0.0095 | lambda_mean 1.3936 | lambda_min 0.7102 | lambda_max 1.7383

Epoch 063/120 train start
Epoch 063/120 validation start
Epoch 063 | train_loss 0.1601 | val_loss 0.1547 | val_psnr 26.19 | val_lpips 0.0416 | val_lpips_full 0.0717 | edge 0.0184 | dark_noise 0.0041 | chroma 0.0356 | decomp 0.0440 | smooth_enh 0.0091 | lambda_mean 1.3860 | lambda_min 0.6951 | lambda_max 1.7217

Epoch 064/120 train start
Epoch 064/120 validation start
Epoch 064 | train_loss 0.1600 | val_loss 0.1584 | val_psnr 25.23 | val_lpips 0.0447 | val_lpips_full 0.0745 | edge 0.0184 | dark_noise 0.0041 | chroma 0.0362 | decomp 0.0378 | smooth_enh 0.0098 | lambda_mean 1.4254 | lambda_min 0.7245 | lambda_max 1.7649

Epoch 065/120 train start
Epoch 065/120 validation start
Epoch 065 | train_loss 0.1593 | val_loss 0.1526 | val_psnr 25.27 | val_lpips 0.0443 | val_lpips_full 0.0733 | edge 0.0184 | dark_noise 0.0040 | chroma 0.0374 | decomp 0.0329 | smooth_enh 0.0091 | lambda_mean 1.4087 | lambda_min 0.7184 | lambda_max 1.7215

Epoch 066/120 train start
Epoch 066/120 validation start
Epoch 066 | train_loss 0.1597 | val_loss 0.1504 | val_psnr 26.03 | val_lpips 0.0407 | val_lpips_full 0.0676 | edge 0.0184 | dark_noise 0.0041 | chroma 0.0359 | decomp 0.0382 | smooth_enh 0.0095 | lambda_mean 1.3980 | lambda_min 0.7117 | lambda_max 1.7343

Epoch 067/120 train start
Epoch 067/120 validation start
Epoch 067 | train_loss 0.1598 | val_loss 0.1504 | val_psnr 25.96 | val_lpips 0.0428 | val_lpips_full 0.0708 | edge 0.0184 | dark_noise 0.0041 | chroma 0.0376 | decomp 0.0373 | smooth_enh 0.0095 | lambda_mean 1.3999 | lambda_min 0.6993 | lambda_max 1.7287

Epoch 068/120 train start
Epoch 068/120 validation start
Epoch 068 | train_loss 0.1591 | val_loss 0.1558 | val_psnr 24.91 | val_lpips 0.0439 | val_lpips_full 0.0729 | edge 0.0184 | dark_noise 0.0041 | chroma 0.0367 | decomp 0.0317 | smooth_enh 0.0096 | lambda_mean 1.4156 | lambda_min 0.7211 | lambda_max 1.7454

Epoch 069/120 train start
Epoch 069/120 validation start
Epoch 069 | train_loss 0.1586 | val_loss 0.1497 | val_psnr 26.38 | val_lpips 0.0404 | val_lpips_full 0.0669 | edge 0.0185 | dark_noise 0.0041 | chroma 0.0360 | decomp 0.0410 | smooth_enh 0.0101 | lambda_mean 1.4090 | lambda_min 0.7039 | lambda_max 1.7441

Epoch 070/120 train start
Epoch 070/120 validation start
Epoch 070 | train_loss 0.1584 | val_loss 0.1547 | val_psnr 24.75 | val_lpips 0.0455 | val_lpips_full 0.0739 | edge 0.0184 | dark_noise 0.0040 | chroma 0.0367 | decomp 0.0317 | smooth_enh 0.0094 | lambda_mean 1.4218 | lambda_min 0.7271 | lambda_max 1.7403

Epoch 071/120 train start
Epoch 071/120 validation start
Epoch 071 | train_loss 0.1579 | val_loss 0.1542 | val_psnr 24.78 | val_lpips 0.0448 | val_lpips_full 0.0725 | edge 0.0184 | dark_noise 0.0040 | chroma 0.0378 | decomp 0.0316 | smooth_enh 0.0097 | lambda_mean 1.4295 | lambda_min 0.7219 | lambda_max 1.7482

Epoch 072/120 train start
Epoch 072/120 validation start
Epoch 072 | train_loss 0.1582 | val_loss 0.1581 | val_psnr 25.57 | val_lpips 0.0439 | val_lpips_full 0.0723 | edge 0.0183 | dark_noise 0.0041 | chroma 0.0380 | decomp 0.0422 | smooth_enh 0.0099 | lambda_mean 1.4209 | lambda_min 0.7156 | lambda_max 1.7434

Epoch 073/120 train start
Epoch 073/120 validation start
Epoch 073 | train_loss 0.1571 | val_loss 0.1524 | val_psnr 25.35 | val_lpips 0.0435 | val_lpips_full 0.0719 | edge 0.0183 | dark_noise 0.0040 | chroma 0.0365 | decomp 0.0330 | smooth_enh 0.0096 | lambda_mean 1.4233 | lambda_min 0.7303 | lambda_max 1.7411

Epoch 074/120 train start
Epoch 074/120 validation start
Epoch 074 | train_loss 0.1567 | val_loss 0.1434 | val_psnr 26.82 | val_lpips 0.0390 | val_lpips_full 0.0657 | edge 0.0183 | dark_noise 0.0041 | chroma 0.0352 | decomp 0.0376 | smooth_enh 0.0098 | lambda_mean 1.4126 | lambda_min 0.6989 | lambda_max 1.7351

Epoch 075/120 train start
Epoch 075/120 validation start
Epoch 075 | train_loss 0.1576 | val_loss 0.1475 | val_psnr 25.91 | val_lpips 0.0421 | val_lpips_full 0.0695 | edge 0.0182 | dark_noise 0.0040 | chroma 0.0360 | decomp 0.0349 | smooth_enh 0.0099 | lambda_mean 1.4241 | lambda_min 0.7182 | lambda_max 1.7511

Epoch 076/120 train start
Epoch 076/120 validation start
Epoch 076 | train_loss 0.1571 | val_loss 0.1507 | val_psnr 25.45 | val_lpips 0.0430 | val_lpips_full 0.0699 | edge 0.0183 | dark_noise 0.0041 | chroma 0.0367 | decomp 0.0317 | smooth_enh 0.0101 | lambda_mean 1.4414 | lambda_min 0.7256 | lambda_max 1.7638

Epoch 077/120 train start
Epoch 077/120 validation start
Epoch 077 | train_loss 0.1558 | val_loss 0.1506 | val_psnr 25.33 | val_lpips 0.0416 | val_lpips_full 0.0677 | edge 0.0184 | dark_noise 0.0041 | chroma 0.0355 | decomp 0.0330 | smooth_enh 0.0102 | lambda_mean 1.4447 | lambda_min 0.7324 | lambda_max 1.7629

Epoch 078/120 train start
Epoch 078/120 validation start
Epoch 078 | train_loss 0.1550 | val_loss 0.1492 | val_psnr 25.89 | val_lpips 0.0409 | val_lpips_full 0.0687 | edge 0.0183 | dark_noise 0.0041 | chroma 0.0355 | decomp 0.0380 | smooth_enh 0.0099 | lambda_mean 1.4380 | lambda_min 0.7322 | lambda_max 1.7581

Epoch 079/120 train start
Epoch 079/120 validation start
Epoch 079 | train_loss 0.1567 | val_loss 0.1484 | val_psnr 25.57 | val_lpips 0.0423 | val_lpips_full 0.0687 | edge 0.0183 | dark_noise 0.0040 | chroma 0.0358 | decomp 0.0300 | smooth_enh 0.0100 | lambda_mean 1.4479 | lambda_min 0.7377 | lambda_max 1.7626
Early stopping at epoch 79
Best epoch: 34 | Best psnr: 27.0679 | Best PSNR: 27.0679 | Best LPIPS@loss: 0.0437 | Best LPIPS full: 0.0746
===== TRAIN FINISHED =====
Best epoch: 34
Best psnr: 27.06786825966992
Best PSNR: 27.06786825966992
Best LPIPS@loss: 0.043705794743487035
Best LPIPS full: 0.07457454382955771
Best checkpoint: /content/retinextapetum_hpo/projects/uhd_ll_down4/final/hpo_candidate_01_trial_0012_fac8898781_seed_42/run/checkpoints/best.pth
Last checkpoint: /content/retinextapetum_hpo/projects/uhd_ll_down4/final/hpo_candidate_01_trial_0012_fac8898781_seed_42/run/checkpoints/last.pth
