DEVICE: cuda
TRAIN_LOW_DIR : /content/drive/MyDrive/TAPETUM/datasets/LOL-v1/Train/Low
TRAIN_HIGH_DIR: /content/drive/MyDrive/TAPETUM/datasets/LOL-v1/Train/Normal
VAL_LOW_DIR   : /content/drive/MyDrive/TAPETUM/datasets/LOL-v1/Val/Low
VAL_HIGH_DIR  : /content/drive/MyDrive/TAPETUM/datasets/LOL-v1/Val/Normal
CKPT_DIR      : /content/retinextapetum_hpo/projects/lol_v1/final/source_profile_baseline_seed_3407/run/checkpoints
USE_TRAIN_VAL_SPLIT: True
VAL_RATIO     : 0.1
SPLIT_SEED    : 42
BASE_CHANNELS : 128
BATCH_SIZE    : 2
EPOCHS        : 120
LR            : 0.00046948014087030786
MIN_LR        : 2.12826357198832e-05
W_LPIPS       : 0.08
BEST_METRIC   : psnr
RESUME        : False
RESUME_CKPT   : last.pth
TRAIN_LOG_INTERVAL: 0
VAL_LOG_INTERVAL  : 0
Split manifest: /content/drive/MyDrive/TAPETUM/HyperparameterSearch/lol_v1/split_manifest.json
Train split images: 437
Val split images: 48
[Dataset] /content/drive/MyDrive/TAPETUM/datasets/LOL-v1/Train/Low
Mode: train
Split file_list: yes
Paired samples: 437
[Dataset] /content/drive/MyDrive/TAPETUM/datasets/LOL-v1/Train/Low
Mode: val/test
Split file_list: yes
Paired samples: 48
Train batches: 219
Val batches  : 48
Trainable params: 536,463
Setting up [LPIPS] perceptual loss: trunk [alex], v[0.1], spatial [off]
/usr/local/lib/python3.12/dist-packages/torchvision/models/_utils.py:208: UserWarning: The parameter 'pretrained' is deprecated since 0.13 and may be removed in the future, please use 'weights' instead.
  warnings.warn(
/usr/local/lib/python3.12/dist-packages/torchvision/models/_utils.py:223: UserWarning: Arguments other than a weight enum or `None` for 'weights' are deprecated since 0.13 and may be removed in the future. The current behavior is equivalent to passing `weights=AlexNet_Weights.IMAGENET1K_V1`. You can also use `weights=AlexNet_Weights.DEFAULT` to get the most up-to-date weights.
  warnings.warn(msg)
Loading model from: /usr/local/lib/python3.12/dist-packages/lpips/weights/v0.1/alex.pth
LPIPS training loss: enabled (alex, weight=0.08)
Resume disabled: RETINEX_TAPETUM_RESUME=0/config.RESUME_TRAINING=False

===== TRAIN START =====

Epoch 001/120 train start
Epoch 001/120 validation start
Epoch 001 | train_loss 0.5803 | val_loss 0.4542 | val_psnr 15.70 | val_lpips 0.4055 | val_lpips_full 0.4736 | edge 0.0361 | dark_noise 0.0134 | chroma 0.1054 | decomp 0.1214 | smooth_enh 0.0092 | lambda_mean 1.1299 | lambda_min 0.7004 | lambda_max 1.2206
Best model updated -> Epoch: 1, psnr: 15.6997, PSNR: 15.6997, LPIPS@loss: 0.4055, LPIPS full: 0.4736

Epoch 002/120 train start
Epoch 002/120 validation start
Epoch 002 | train_loss 0.4452 | val_loss 0.3909 | val_psnr 17.55 | val_lpips 0.2831 | val_lpips_full 0.3814 | edge 0.0351 | dark_noise 0.0134 | chroma 0.0992 | decomp 0.1101 | smooth_enh 0.0180 | lambda_mean 1.1425 | lambda_min 0.5734 | lambda_max 1.3038
Best model updated -> Epoch: 2, psnr: 17.5483, PSNR: 17.5483, LPIPS@loss: 0.2831, LPIPS full: 0.3814

Epoch 003/120 train start
Epoch 003/120 validation start
Epoch 003 | train_loss 0.4120 | val_loss 0.4203 | val_psnr 16.37 | val_lpips 0.2813 | val_lpips_full 0.3810 | edge 0.0347 | dark_noise 0.0135 | chroma 0.1157 | decomp 0.1116 | smooth_enh 0.0179 | lambda_mean 1.1802 | lambda_min 0.6144 | lambda_max 1.3280

Epoch 004/120 train start
Epoch 004/120 validation start
Epoch 004 | train_loss 0.3865 | val_loss 0.3509 | val_psnr 19.56 | val_lpips 0.2175 | val_lpips_full 0.3102 | edge 0.0341 | dark_noise 0.0134 | chroma 0.0887 | decomp 0.1313 | smooth_enh 0.0223 | lambda_mean 1.1134 | lambda_min 0.5415 | lambda_max 1.3262
Best model updated -> Epoch: 4, psnr: 19.5629, PSNR: 19.5629, LPIPS@loss: 0.2175, LPIPS full: 0.3102

Epoch 005/120 train start
Epoch 005/120 validation start
Epoch 005 | train_loss 0.3730 | val_loss 0.3797 | val_psnr 17.51 | val_lpips 0.2380 | val_lpips_full 0.3197 | edge 0.0338 | dark_noise 0.0136 | chroma 0.1094 | decomp 0.1000 | smooth_enh 0.0205 | lambda_mean 1.1697 | lambda_min 0.5784 | lambda_max 1.3372

Epoch 006/120 train start
Epoch 006/120 validation start
Epoch 006 | train_loss 0.3670 | val_loss 0.3434 | val_psnr 18.49 | val_lpips 0.2028 | val_lpips_full 0.2794 | edge 0.0334 | dark_noise 0.0133 | chroma 0.0864 | decomp 0.0951 | smooth_enh 0.0200 | lambda_mean 1.1600 | lambda_min 0.6252 | lambda_max 1.3333

Epoch 007/120 train start
Epoch 007/120 validation start
Epoch 007 | train_loss 0.3586 | val_loss 0.3338 | val_psnr 20.12 | val_lpips 0.1798 | val_lpips_full 0.2537 | edge 0.0336 | dark_noise 0.0134 | chroma 0.0798 | decomp 0.1257 | smooth_enh 0.0241 | lambda_mean 1.1200 | lambda_min 0.5319 | lambda_max 1.3339
Best model updated -> Epoch: 7, psnr: 20.1218, PSNR: 20.1218, LPIPS@loss: 0.1798, LPIPS full: 0.2537

Epoch 008/120 train start
Epoch 008/120 validation start
Epoch 008 | train_loss 0.3543 | val_loss 0.3306 | val_psnr 20.23 | val_lpips 0.1802 | val_lpips_full 0.2530 | edge 0.0339 | dark_noise 0.0134 | chroma 0.0802 | decomp 0.1252 | smooth_enh 0.0253 | lambda_mean 1.1206 | lambda_min 0.5194 | lambda_max 1.3381
Best model updated -> Epoch: 8, psnr: 20.2299, PSNR: 20.2299, LPIPS@loss: 0.1802, LPIPS full: 0.2530

Epoch 009/120 train start
Epoch 009/120 validation start
Epoch 009 | train_loss 0.3507 | val_loss 0.3315 | val_psnr 18.95 | val_lpips 0.1789 | val_lpips_full 0.2414 | edge 0.0329 | dark_noise 0.0134 | chroma 0.0794 | decomp 0.0950 | smooth_enh 0.0221 | lambda_mean 1.1643 | lambda_min 0.5916 | lambda_max 1.3396

Epoch 010/120 train start
Epoch 010/120 validation start
Epoch 010 | train_loss 0.3473 | val_loss 0.3301 | val_psnr 19.56 | val_lpips 0.1745 | val_lpips_full 0.2405 | edge 0.0334 | dark_noise 0.0136 | chroma 0.0832 | decomp 0.1077 | smooth_enh 0.0252 | lambda_mean 1.1496 | lambda_min 0.5144 | lambda_max 1.3402

Epoch 011/120 train start
Epoch 011/120 validation start
Epoch 011 | train_loss 0.3467 | val_loss 0.3209 | val_psnr 19.80 | val_lpips 0.1636 | val_lpips_full 0.2206 | edge 0.0319 | dark_noise 0.0134 | chroma 0.0821 | decomp 0.1105 | smooth_enh 0.0224 | lambda_mean 1.1417 | lambda_min 0.5428 | lambda_max 1.3431

Epoch 012/120 train start
Epoch 012/120 validation start
Epoch 012 | train_loss 0.3434 | val_loss 0.3186 | val_psnr 20.38 | val_lpips 0.1509 | val_lpips_full 0.2046 | edge 0.0322 | dark_noise 0.0134 | chroma 0.0793 | decomp 0.1227 | smooth_enh 0.0244 | lambda_mean 1.1243 | lambda_min 0.5229 | lambda_max 1.3389
Best model updated -> Epoch: 12, psnr: 20.3788, PSNR: 20.3788, LPIPS@loss: 0.1509, LPIPS full: 0.2046

Epoch 013/120 train start
Epoch 013/120 validation start
Epoch 013 | train_loss 0.3367 | val_loss 0.3152 | val_psnr 20.11 | val_lpips 0.1487 | val_lpips_full 0.2000 | edge 0.0312 | dark_noise 0.0133 | chroma 0.0760 | decomp 0.1145 | smooth_enh 0.0216 | lambda_mean 1.1336 | lambda_min 0.5448 | lambda_max 1.3383

Epoch 014/120 train start
Epoch 014/120 validation start
Epoch 014 | train_loss 0.3328 | val_loss 0.3244 | val_psnr 19.10 | val_lpips 0.1599 | val_lpips_full 0.2110 | edge 0.0314 | dark_noise 0.0135 | chroma 0.0816 | decomp 0.0961 | smooth_enh 0.0222 | lambda_mean 1.1633 | lambda_min 0.5659 | lambda_max 1.3468

Epoch 015/120 train start
Epoch 015/120 validation start
Epoch 015 | train_loss 0.3386 | val_loss 0.3107 | val_psnr 20.44 | val_lpips 0.1403 | val_lpips_full 0.1871 | edge 0.0308 | dark_noise 0.0134 | chroma 0.0776 | decomp 0.1179 | smooth_enh 0.0221 | lambda_mean 1.1320 | lambda_min 0.5313 | lambda_max 1.3438
Best model updated -> Epoch: 15, psnr: 20.4398, PSNR: 20.4398, LPIPS@loss: 0.1403, LPIPS full: 0.1871

Epoch 016/120 train start
Epoch 016/120 validation start
Epoch 016 | train_loss 0.3322 | val_loss 0.3095 | val_psnr 20.39 | val_lpips 0.1356 | val_lpips_full 0.1800 | edge 0.0306 | dark_noise 0.0133 | chroma 0.0733 | decomp 0.1173 | smooth_enh 0.0214 | lambda_mean 1.1336 | lambda_min 0.5621 | lambda_max 1.3420

Epoch 017/120 train start
Epoch 017/120 validation start
Epoch 017 | train_loss 0.3291 | val_loss 0.3143 | val_psnr 19.36 | val_lpips 0.1525 | val_lpips_full 0.2023 | edge 0.0306 | dark_noise 0.0135 | chroma 0.0809 | decomp 0.0957 | smooth_enh 0.0215 | lambda_mean 1.1629 | lambda_min 0.5776 | lambda_max 1.3480

Epoch 018/120 train start
Epoch 018/120 validation start
Epoch 018 | train_loss 0.3283 | val_loss 0.3071 | val_psnr 20.18 | val_lpips 0.1331 | val_lpips_full 0.1812 | edge 0.0308 | dark_noise 0.0135 | chroma 0.0742 | decomp 0.1083 | smooth_enh 0.0233 | lambda_mean 1.1445 | lambda_min 0.5453 | lambda_max 1.3422

Epoch 019/120 train start
Epoch 019/120 validation start
Epoch 019 | train_loss 0.3271 | val_loss 0.3067 | val_psnr 20.60 | val_lpips 0.1344 | val_lpips_full 0.1785 | edge 0.0307 | dark_noise 0.0135 | chroma 0.0766 | decomp 0.1173 | smooth_enh 0.0236 | lambda_mean 1.1310 | lambda_min 0.5296 | lambda_max 1.3464
Best model updated -> Epoch: 19, psnr: 20.5993, PSNR: 20.5993, LPIPS@loss: 0.1344, LPIPS full: 0.1785

Epoch 020/120 train start
Epoch 020/120 validation start
Epoch 020 | train_loss 0.3274 | val_loss 0.3069 | val_psnr 20.43 | val_lpips 0.1346 | val_lpips_full 0.1810 | edge 0.0308 | dark_noise 0.0135 | chroma 0.0743 | decomp 0.1130 | smooth_enh 0.0234 | lambda_mean 1.1408 | lambda_min 0.5567 | lambda_max 1.3454

Epoch 021/120 train start
Epoch 021/120 validation start
Epoch 021 | train_loss 0.3236 | val_loss 0.3130 | val_psnr 19.87 | val_lpips 0.1357 | val_lpips_full 0.1778 | edge 0.0302 | dark_noise 0.0133 | chroma 0.0754 | decomp 0.1102 | smooth_enh 0.0203 | lambda_mean 1.1480 | lambda_min 0.6024 | lambda_max 1.3363

Epoch 022/120 train start
Epoch 022/120 validation start
Epoch 022 | train_loss 0.3216 | val_loss 0.3167 | val_psnr 20.75 | val_lpips 0.1335 | val_lpips_full 0.1797 | edge 0.0305 | dark_noise 0.0136 | chroma 0.0764 | decomp 0.1349 | smooth_enh 0.0232 | lambda_mean 1.1177 | lambda_min 0.5688 | lambda_max 1.3427
Best model updated -> Epoch: 22, psnr: 20.7467, PSNR: 20.7467, LPIPS@loss: 0.1335, LPIPS full: 0.1797

Epoch 023/120 train start
Epoch 023/120 validation start
Epoch 023 | train_loss 0.3208 | val_loss 0.3011 | val_psnr 20.42 | val_lpips 0.1243 | val_lpips_full 0.1677 | edge 0.0300 | dark_noise 0.0133 | chroma 0.0713 | decomp 0.1095 | smooth_enh 0.0216 | lambda_mean 1.1406 | lambda_min 0.5549 | lambda_max 1.3436

Epoch 024/120 train start
Epoch 024/120 validation start
Epoch 024 | train_loss 0.3196 | val_loss 0.3386 | val_psnr 17.59 | val_lpips 0.1614 | val_lpips_full 0.2105 | edge 0.0318 | dark_noise 0.0135 | chroma 0.0772 | decomp 0.0739 | smooth_enh 0.0221 | lambda_mean 1.1944 | lambda_min 0.6194 | lambda_max 1.3492

Epoch 025/120 train start
Epoch 025/120 validation start
Epoch 025 | train_loss 0.3178 | val_loss 0.3122 | val_psnr 20.82 | val_lpips 0.1267 | val_lpips_full 0.1740 | edge 0.0303 | dark_noise 0.0134 | chroma 0.0730 | decomp 0.1263 | smooth_enh 0.0238 | lambda_mean 1.1290 | lambda_min 0.5188 | lambda_max 1.3457
Best model updated -> Epoch: 25, psnr: 20.8245, PSNR: 20.8245, LPIPS@loss: 0.1267, LPIPS full: 0.1740

Epoch 026/120 train start
Epoch 026/120 validation start
Epoch 026 | train_loss 0.3166 | val_loss 0.3147 | val_psnr 19.92 | val_lpips 0.1339 | val_lpips_full 0.1796 | edge 0.0306 | dark_noise 0.0135 | chroma 0.0738 | decomp 0.1065 | smooth_enh 0.0228 | lambda_mean 1.1552 | lambda_min 0.5586 | lambda_max 1.3483

Epoch 027/120 train start
Epoch 027/120 validation start
Epoch 027 | train_loss 0.3145 | val_loss 0.2988 | val_psnr 19.83 | val_lpips 0.1269 | val_lpips_full 0.1728 | edge 0.0298 | dark_noise 0.0133 | chroma 0.0694 | decomp 0.0927 | smooth_enh 0.0211 | lambda_mean 1.1600 | lambda_min 0.5816 | lambda_max 1.3455

Epoch 028/120 train start
Epoch 028/120 validation start
Epoch 028 | train_loss 0.3147 | val_loss 0.3030 | val_psnr 19.59 | val_lpips 0.1293 | val_lpips_full 0.1733 | edge 0.0304 | dark_noise 0.0134 | chroma 0.0723 | decomp 0.0910 | smooth_enh 0.0217 | lambda_mean 1.1634 | lambda_min 0.5904 | lambda_max 1.3466

Epoch 029/120 train start
Epoch 029/120 validation start
Epoch 029 | train_loss 0.3176 | val_loss 0.2995 | val_psnr 20.48 | val_lpips 0.1227 | val_lpips_full 0.1702 | edge 0.0308 | dark_noise 0.0135 | chroma 0.0687 | decomp 0.1057 | smooth_enh 0.0244 | lambda_mean 1.1450 | lambda_min 0.5372 | lambda_max 1.3477

Epoch 030/120 train start
Epoch 030/120 validation start
Epoch 030 | train_loss 0.3108 | val_loss 0.2980 | val_psnr 20.55 | val_lpips 0.1172 | val_lpips_full 0.1649 | edge 0.0296 | dark_noise 0.0134 | chroma 0.0692 | decomp 0.1076 | smooth_enh 0.0207 | lambda_mean 1.1447 | lambda_min 0.5737 | lambda_max 1.3461

Epoch 031/120 train start
Epoch 031/120 validation start
Epoch 031 | train_loss 0.3178 | val_loss 0.2953 | val_psnr 20.71 | val_lpips 0.1199 | val_lpips_full 0.1654 | edge 0.0297 | dark_noise 0.0134 | chroma 0.0701 | decomp 0.1060 | smooth_enh 0.0221 | lambda_mean 1.1472 | lambda_min 0.5653 | lambda_max 1.3461

Epoch 032/120 train start
Epoch 032/120 validation start
Epoch 032 | train_loss 0.3147 | val_loss 0.2956 | val_psnr 20.71 | val_lpips 0.1131 | val_lpips_full 0.1572 | edge 0.0296 | dark_noise 0.0134 | chroma 0.0676 | decomp 0.1084 | smooth_enh 0.0218 | lambda_mean 1.1438 | lambda_min 0.5588 | lambda_max 1.3456

Epoch 033/120 train start
Epoch 033/120 validation start
Epoch 033 | train_loss 0.3129 | val_loss 0.3090 | val_psnr 21.06 | val_lpips 0.1177 | val_lpips_full 0.1622 | edge 0.0294 | dark_noise 0.0133 | chroma 0.0734 | decomp 0.1324 | smooth_enh 0.0220 | lambda_mean 1.1194 | lambda_min 0.5363 | lambda_max 1.3441
Best model updated -> Epoch: 33, psnr: 21.0625, PSNR: 21.0625, LPIPS@loss: 0.1177, LPIPS full: 0.1622

Epoch 034/120 train start
Epoch 034/120 validation start
Epoch 034 | train_loss 0.3108 | val_loss 0.2922 | val_psnr 21.17 | val_lpips 0.1087 | val_lpips_full 0.1514 | edge 0.0296 | dark_noise 0.0134 | chroma 0.0678 | decomp 0.1153 | smooth_enh 0.0225 | lambda_mean 1.1325 | lambda_min 0.5386 | lambda_max 1.3453
Best model updated -> Epoch: 34, psnr: 21.1712, PSNR: 21.1712, LPIPS@loss: 0.1087, LPIPS full: 0.1514

Epoch 035/120 train start
Epoch 035/120 validation start
Epoch 035 | train_loss 0.3092 | val_loss 0.3052 | val_psnr 20.41 | val_lpips 0.1189 | val_lpips_full 0.1610 | edge 0.0294 | dark_noise 0.0134 | chroma 0.0753 | decomp 0.1135 | smooth_enh 0.0210 | lambda_mean 1.1506 | lambda_min 0.5768 | lambda_max 1.3467

Epoch 036/120 train start
Epoch 036/120 validation start
Epoch 036 | train_loss 0.3081 | val_loss 0.2978 | val_psnr 19.97 | val_lpips 0.1197 | val_lpips_full 0.1623 | edge 0.0297 | dark_noise 0.0133 | chroma 0.0678 | decomp 0.0945 | smooth_enh 0.0213 | lambda_mean 1.1627 | lambda_min 0.5829 | lambda_max 1.3461

Epoch 037/120 train start
Epoch 037/120 validation start
Epoch 037 | train_loss 0.3099 | val_loss 0.2977 | val_psnr 21.22 | val_lpips 0.1086 | val_lpips_full 0.1528 | edge 0.0298 | dark_noise 0.0133 | chroma 0.0667 | decomp 0.1233 | smooth_enh 0.0235 | lambda_mean 1.1213 | lambda_min 0.5217 | lambda_max 1.3461
Best model updated -> Epoch: 37, psnr: 21.2165, PSNR: 21.2165, LPIPS@loss: 0.1086, LPIPS full: 0.1528

Epoch 038/120 train start
Epoch 038/120 validation start
Epoch 038 | train_loss 0.3083 | val_loss 0.2946 | val_psnr 21.18 | val_lpips 0.1117 | val_lpips_full 0.1529 | edge 0.0292 | dark_noise 0.0133 | chroma 0.0678 | decomp 0.1182 | smooth_enh 0.0217 | lambda_mean 1.1297 | lambda_min 0.5468 | lambda_max 1.3457

Epoch 039/120 train start
Epoch 039/120 validation start
Epoch 039 | train_loss 0.3048 | val_loss 0.2970 | val_psnr 19.81 | val_lpips 0.1142 | val_lpips_full 0.1590 | edge 0.0294 | dark_noise 0.0133 | chroma 0.0659 | decomp 0.0905 | smooth_enh 0.0210 | lambda_mean 1.1656 | lambda_min 0.5722 | lambda_max 1.3471

Epoch 040/120 train start
Epoch 040/120 validation start
Epoch 040 | train_loss 0.3020 | val_loss 0.2918 | val_psnr 21.26 | val_lpips 0.1053 | val_lpips_full 0.1474 | edge 0.0290 | dark_noise 0.0133 | chroma 0.0661 | decomp 0.1166 | smooth_enh 0.0208 | lambda_mean 1.1327 | lambda_min 0.5584 | lambda_max 1.3454
Best model updated -> Epoch: 40, psnr: 21.2630, PSNR: 21.2630, LPIPS@loss: 0.1053, LPIPS full: 0.1474

Epoch 041/120 train start
Epoch 041/120 validation start
Epoch 041 | train_loss 0.3035 | val_loss 0.2928 | val_psnr 21.10 | val_lpips 0.1070 | val_lpips_full 0.1525 | edge 0.0295 | dark_noise 0.0134 | chroma 0.0659 | decomp 0.1131 | smooth_enh 0.0228 | lambda_mean 1.1335 | lambda_min 0.5303 | lambda_max 1.3467

Epoch 042/120 train start
Epoch 042/120 validation start
Epoch 042 | train_loss 0.3045 | val_loss 0.2914 | val_psnr 20.67 | val_lpips 0.1082 | val_lpips_full 0.1517 | edge 0.0293 | dark_noise 0.0133 | chroma 0.0644 | decomp 0.1046 | smooth_enh 0.0222 | lambda_mean 1.1441 | lambda_min 0.5464 | lambda_max 1.3459

Epoch 043/120 train start
Epoch 043/120 validation start
Epoch 043 | train_loss 0.3031 | val_loss 0.2923 | val_psnr 20.12 | val_lpips 0.1125 | val_lpips_full 0.1552 | edge 0.0296 | dark_noise 0.0133 | chroma 0.0654 | decomp 0.0938 | smooth_enh 0.0217 | lambda_mean 1.1613 | lambda_min 0.5804 | lambda_max 1.3470

Epoch 044/120 train start
Epoch 044/120 validation start
Epoch 044 | train_loss 0.3019 | val_loss 0.2937 | val_psnr 21.47 | val_lpips 0.1020 | val_lpips_full 0.1434 | edge 0.0294 | dark_noise 0.0133 | chroma 0.0653 | decomp 0.1236 | smooth_enh 0.0232 | lambda_mean 1.1220 | lambda_min 0.5109 | lambda_max 1.3431
Best model updated -> Epoch: 44, psnr: 21.4682, PSNR: 21.4682, LPIPS@loss: 0.1020, LPIPS full: 0.1434

Epoch 045/120 train start
Epoch 045/120 validation start
Epoch 045 | train_loss 0.2995 | val_loss 0.2902 | val_psnr 21.43 | val_lpips 0.1060 | val_lpips_full 0.1493 | edge 0.0290 | dark_noise 0.0133 | chroma 0.0660 | decomp 0.1187 | smooth_enh 0.0216 | lambda_mean 1.1288 | lambda_min 0.5334 | lambda_max 1.3457

Epoch 046/120 train start
Epoch 046/120 validation start
Epoch 046 | train_loss 0.3038 | val_loss 0.2943 | val_psnr 20.05 | val_lpips 0.1103 | val_lpips_full 0.1540 | edge 0.0291 | dark_noise 0.0133 | chroma 0.0650 | decomp 0.0932 | smooth_enh 0.0202 | lambda_mean 1.1624 | lambda_min 0.5778 | lambda_max 1.3461

Epoch 047/120 train start
Epoch 047/120 validation start
Epoch 047 | train_loss 0.3041 | val_loss 0.2939 | val_psnr 21.36 | val_lpips 0.1009 | val_lpips_full 0.1456 | edge 0.0289 | dark_noise 0.0132 | chroma 0.0634 | decomp 0.1202 | smooth_enh 0.0218 | lambda_mean 1.1228 | lambda_min 0.5256 | lambda_max 1.3428

Epoch 048/120 train start
Epoch 048/120 validation start
Epoch 048 | train_loss 0.3038 | val_loss 0.2956 | val_psnr 20.48 | val_lpips 0.1085 | val_lpips_full 0.1518 | edge 0.0295 | dark_noise 0.0133 | chroma 0.0641 | decomp 0.1018 | smooth_enh 0.0227 | lambda_mean 1.1524 | lambda_min 0.5419 | lambda_max 1.3468

Epoch 049/120 train start
Epoch 049/120 validation start
Epoch 049 | train_loss 0.3031 | val_loss 0.2878 | val_psnr 21.56 | val_lpips 0.0999 | val_lpips_full 0.1427 | edge 0.0293 | dark_noise 0.0133 | chroma 0.0626 | decomp 0.1175 | smooth_enh 0.0233 | lambda_mean 1.1282 | lambda_min 0.5289 | lambda_max 1.3464
Best model updated -> Epoch: 49, psnr: 21.5643, PSNR: 21.5643, LPIPS@loss: 0.0999, LPIPS full: 0.1427

Epoch 050/120 train start
Epoch 050/120 validation start
Epoch 050 | train_loss 0.3027 | val_loss 0.2862 | val_psnr 20.88 | val_lpips 0.1030 | val_lpips_full 0.1455 | edge 0.0290 | dark_noise 0.0132 | chroma 0.0627 | decomp 0.1047 | smooth_enh 0.0220 | lambda_mean 1.1438 | lambda_min 0.5584 | lambda_max 1.3458

Epoch 051/120 train start
Epoch 051/120 validation start
Epoch 051 | train_loss 0.3041 | val_loss 0.2984 | val_psnr 20.11 | val_lpips 0.1215 | val_lpips_full 0.1652 | edge 0.0297 | dark_noise 0.0133 | chroma 0.0692 | decomp 0.0951 | smooth_enh 0.0224 | lambda_mean 1.1598 | lambda_min 0.5509 | lambda_max 1.3490

Epoch 052/120 train start
Epoch 052/120 validation start
Epoch 052 | train_loss 0.3047 | val_loss 0.2918 | val_psnr 20.25 | val_lpips 0.1089 | val_lpips_full 0.1498 | edge 0.0294 | dark_noise 0.0132 | chroma 0.0641 | decomp 0.0950 | smooth_enh 0.0222 | lambda_mean 1.1580 | lambda_min 0.5522 | lambda_max 1.3461

Epoch 053/120 train start
Epoch 053/120 validation start
Epoch 053 | train_loss 0.3017 | val_loss 0.2914 | val_psnr 20.48 | val_lpips 0.1078 | val_lpips_full 0.1511 | edge 0.0293 | dark_noise 0.0132 | chroma 0.0652 | decomp 0.0999 | smooth_enh 0.0224 | lambda_mean 1.1531 | lambda_min 0.5365 | lambda_max 1.3461

Epoch 054/120 train start
Epoch 054/120 validation start
Epoch 054 | train_loss 0.2973 | val_loss 0.2875 | val_psnr 20.98 | val_lpips 0.1037 | val_lpips_full 0.1452 | edge 0.0288 | dark_noise 0.0132 | chroma 0.0614 | decomp 0.1051 | smooth_enh 0.0213 | lambda_mean 1.1433 | lambda_min 0.5519 | lambda_max 1.3465

Epoch 055/120 train start
Epoch 055/120 validation start
Epoch 055 | train_loss 0.3022 | val_loss 0.2927 | val_psnr 20.69 | val_lpips 0.1052 | val_lpips_full 0.1471 | edge 0.0290 | dark_noise 0.0132 | chroma 0.0634 | decomp 0.1056 | smooth_enh 0.0215 | lambda_mean 1.1431 | lambda_min 0.5536 | lambda_max 1.3470

Epoch 056/120 train start
Epoch 056/120 validation start
Epoch 056 | train_loss 0.2995 | val_loss 0.2912 | val_psnr 20.90 | val_lpips 0.1052 | val_lpips_full 0.1496 | edge 0.0297 | dark_noise 0.0134 | chroma 0.0677 | decomp 0.1083 | smooth_enh 0.0237 | lambda_mean 1.1454 | lambda_min 0.5337 | lambda_max 1.3460

Epoch 057/120 train start
Epoch 057/120 validation start
Epoch 057 | train_loss 0.2998 | val_loss 0.2879 | val_psnr 20.75 | val_lpips 0.1017 | val_lpips_full 0.1452 | edge 0.0291 | dark_noise 0.0133 | chroma 0.0639 | decomp 0.1045 | smooth_enh 0.0222 | lambda_mean 1.1452 | lambda_min 0.5540 | lambda_max 1.3454

Epoch 058/120 train start
Epoch 058/120 validation start
Epoch 058 | train_loss 0.2992 | val_loss 0.2888 | val_psnr 20.51 | val_lpips 0.1043 | val_lpips_full 0.1476 | edge 0.0291 | dark_noise 0.0133 | chroma 0.0621 | decomp 0.0960 | smooth_enh 0.0221 | lambda_mean 1.1544 | lambda_min 0.5557 | lambda_max 1.3460

Epoch 059/120 train start
Epoch 059/120 validation start
Epoch 059 | train_loss 0.2996 | val_loss 0.2886 | val_psnr 21.38 | val_lpips 0.0986 | val_lpips_full 0.1397 | edge 0.0291 | dark_noise 0.0133 | chroma 0.0613 | decomp 0.1161 | smooth_enh 0.0231 | lambda_mean 1.1287 | lambda_min 0.5208 | lambda_max 1.3466

Epoch 060/120 train start
Epoch 060/120 validation start
Epoch 060 | train_loss 0.2968 | val_loss 0.2855 | val_psnr 20.85 | val_lpips 0.1017 | val_lpips_full 0.1424 | edge 0.0288 | dark_noise 0.0132 | chroma 0.0625 | decomp 0.1031 | smooth_enh 0.0214 | lambda_mean 1.1463 | lambda_min 0.5577 | lambda_max 1.3455

Epoch 061/120 train start
Epoch 061/120 validation start
Epoch 061 | train_loss 0.3012 | val_loss 0.2870 | val_psnr 21.12 | val_lpips 0.1002 | val_lpips_full 0.1457 | edge 0.0288 | dark_noise 0.0132 | chroma 0.0623 | decomp 0.1099 | smooth_enh 0.0210 | lambda_mean 1.1401 | lambda_min 0.5667 | lambda_max 1.3459

Epoch 062/120 train start
Epoch 062/120 validation start
Epoch 062 | train_loss 0.2984 | val_loss 0.2871 | val_psnr 21.16 | val_lpips 0.1004 | val_lpips_full 0.1439 | edge 0.0290 | dark_noise 0.0132 | chroma 0.0626 | decomp 0.1109 | smooth_enh 0.0226 | lambda_mean 1.1344 | lambda_min 0.5500 | lambda_max 1.3461

Epoch 063/120 train start
Epoch 063/120 validation start
Epoch 063 | train_loss 0.2977 | val_loss 0.2863 | val_psnr 20.87 | val_lpips 0.0989 | val_lpips_full 0.1411 | edge 0.0291 | dark_noise 0.0133 | chroma 0.0636 | decomp 0.1049 | smooth_enh 0.0225 | lambda_mean 1.1439 | lambda_min 0.5438 | lambda_max 1.3468

Epoch 064/120 train start
Epoch 064/120 validation start
Epoch 064 | train_loss 0.2997 | val_loss 0.2856 | val_psnr 21.06 | val_lpips 0.0963 | val_lpips_full 0.1391 | edge 0.0290 | dark_noise 0.0132 | chroma 0.0598 | decomp 0.1107 | smooth_enh 0.0223 | lambda_mean 1.1355 | lambda_min 0.5495 | lambda_max 1.3456

Epoch 065/120 train start
Epoch 065/120 validation start
Epoch 065 | train_loss 0.2962 | val_loss 0.2841 | val_psnr 21.20 | val_lpips 0.0991 | val_lpips_full 0.1415 | edge 0.0286 | dark_noise 0.0131 | chroma 0.0648 | decomp 0.1095 | smooth_enh 0.0204 | lambda_mean 1.1369 | lambda_min 0.5631 | lambda_max 1.3440

Epoch 066/120 train start
Epoch 066/120 validation start
Epoch 066 | train_loss 0.2934 | val_loss 0.2853 | val_psnr 21.22 | val_lpips 0.0986 | val_lpips_full 0.1374 | edge 0.0289 | dark_noise 0.0132 | chroma 0.0641 | decomp 0.1117 | smooth_enh 0.0217 | lambda_mean 1.1371 | lambda_min 0.5415 | lambda_max 1.3402

Epoch 067/120 train start
Epoch 067/120 validation start
Epoch 067 | train_loss 0.2998 | val_loss 0.2848 | val_psnr 21.27 | val_lpips 0.1002 | val_lpips_full 0.1445 | edge 0.0293 | dark_noise 0.0133 | chroma 0.0611 | decomp 0.1120 | smooth_enh 0.0237 | lambda_mean 1.1340 | lambda_min 0.5354 | lambda_max 1.3456

Epoch 068/120 train start
Epoch 068/120 validation start
Epoch 068 | train_loss 0.2961 | val_loss 0.2825 | val_psnr 21.04 | val_lpips 0.0998 | val_lpips_full 0.1427 | edge 0.0291 | dark_noise 0.0133 | chroma 0.0617 | decomp 0.1047 | smooth_enh 0.0227 | lambda_mean 1.1428 | lambda_min 0.5506 | lambda_max 1.3456

Epoch 069/120 train start
Epoch 069/120 validation start
Epoch 069 | train_loss 0.2967 | val_loss 0.2839 | val_psnr 20.59 | val_lpips 0.1046 | val_lpips_full 0.1489 | edge 0.0290 | dark_noise 0.0133 | chroma 0.0637 | decomp 0.0973 | smooth_enh 0.0221 | lambda_mean 1.1530 | lambda_min 0.5589 | lambda_max 1.3460

Epoch 070/120 train start
Epoch 070/120 validation start
Epoch 070 | train_loss 0.2967 | val_loss 0.2820 | val_psnr 21.07 | val_lpips 0.0969 | val_lpips_full 0.1384 | edge 0.0287 | dark_noise 0.0132 | chroma 0.0616 | decomp 0.1048 | smooth_enh 0.0213 | lambda_mean 1.1422 | lambda_min 0.5583 | lambda_max 1.3438

Epoch 071/120 train start
Epoch 071/120 validation start
Epoch 071 | train_loss 0.2939 | val_loss 0.2874 | val_psnr 20.51 | val_lpips 0.1002 | val_lpips_full 0.1406 | edge 0.0291 | dark_noise 0.0132 | chroma 0.0609 | decomp 0.0981 | smooth_enh 0.0226 | lambda_mean 1.1528 | lambda_min 0.5468 | lambda_max 1.3458

Epoch 072/120 train start
Epoch 072/120 validation start
Epoch 072 | train_loss 0.2944 | val_loss 0.2857 | val_psnr 21.04 | val_lpips 0.1011 | val_lpips_full 0.1430 | edge 0.0289 | dark_noise 0.0131 | chroma 0.0629 | decomp 0.1078 | smooth_enh 0.0221 | lambda_mean 1.1430 | lambda_min 0.5583 | lambda_max 1.3448

Epoch 073/120 train start
Epoch 073/120 validation start
Epoch 073 | train_loss 0.2943 | val_loss 0.2834 | val_psnr 21.19 | val_lpips 0.0956 | val_lpips_full 0.1353 | edge 0.0286 | dark_noise 0.0131 | chroma 0.0605 | decomp 0.1095 | smooth_enh 0.0214 | lambda_mean 1.1370 | lambda_min 0.5541 | lambda_max 1.3430

Epoch 074/120 train start
Epoch 074/120 validation start
Epoch 074 | train_loss 0.2959 | val_loss 0.2824 | val_psnr 21.08 | val_lpips 0.0964 | val_lpips_full 0.1362 | edge 0.0286 | dark_noise 0.0131 | chroma 0.0614 | decomp 0.1071 | smooth_enh 0.0212 | lambda_mean 1.1411 | lambda_min 0.5554 | lambda_max 1.3446

Epoch 075/120 train start
Epoch 075/120 validation start
Epoch 075 | train_loss 0.2967 | val_loss 0.2821 | val_psnr 20.77 | val_lpips 0.0985 | val_lpips_full 0.1402 | edge 0.0288 | dark_noise 0.0132 | chroma 0.0617 | decomp 0.1008 | smooth_enh 0.0215 | lambda_mean 1.1475 | lambda_min 0.5623 | lambda_max 1.3460

Epoch 076/120 train start
Epoch 076/120 validation start
Epoch 076 | train_loss 0.2934 | val_loss 0.2806 | val_psnr 21.55 | val_lpips 0.0943 | val_lpips_full 0.1376 | edge 0.0287 | dark_noise 0.0132 | chroma 0.0604 | decomp 0.1135 | smooth_enh 0.0223 | lambda_mean 1.1309 | lambda_min 0.5464 | lambda_max 1.3449

Epoch 077/120 train start
Epoch 077/120 validation start
Epoch 077 | train_loss 0.2953 | val_loss 0.2805 | val_psnr 21.32 | val_lpips 0.0941 | val_lpips_full 0.1344 | edge 0.0289 | dark_noise 0.0131 | chroma 0.0592 | decomp 0.1109 | smooth_enh 0.0231 | lambda_mean 1.1343 | lambda_min 0.5402 | lambda_max 1.3450

Epoch 078/120 train start
Epoch 078/120 validation start
Epoch 078 | train_loss 0.2926 | val_loss 0.2809 | val_psnr 21.26 | val_lpips 0.0915 | val_lpips_full 0.1318 | edge 0.0288 | dark_noise 0.0131 | chroma 0.0591 | decomp 0.1092 | smooth_enh 0.0225 | lambda_mean 1.1364 | lambda_min 0.5472 | lambda_max 1.3442

Epoch 079/120 train start
Epoch 079/120 validation start
Epoch 079 | train_loss 0.2916 | val_loss 0.2803 | val_psnr 21.24 | val_lpips 0.0975 | val_lpips_full 0.1396 | edge 0.0288 | dark_noise 0.0132 | chroma 0.0637 | decomp 0.1066 | smooth_enh 0.0222 | lambda_mean 1.1421 | lambda_min 0.5489 | lambda_max 1.3445

Epoch 080/120 train start
Epoch 080/120 validation start
Epoch 080 | train_loss 0.2941 | val_loss 0.2798 | val_psnr 21.21 | val_lpips 0.0956 | val_lpips_full 0.1372 | edge 0.0285 | dark_noise 0.0131 | chroma 0.0617 | decomp 0.1065 | smooth_enh 0.0212 | lambda_mean 1.1412 | lambda_min 0.5623 | lambda_max 1.3453

Epoch 081/120 train start
Epoch 081/120 validation start
Epoch 081 | train_loss 0.2925 | val_loss 0.2818 | val_psnr 21.15 | val_lpips 0.0973 | val_lpips_full 0.1376 | edge 0.0288 | dark_noise 0.0131 | chroma 0.0611 | decomp 0.1059 | smooth_enh 0.0221 | lambda_mean 1.1424 | lambda_min 0.5501 | lambda_max 1.3451

Epoch 082/120 train start
Epoch 082/120 validation start
Epoch 082 | train_loss 0.2902 | val_loss 0.2815 | val_psnr 21.02 | val_lpips 0.0970 | val_lpips_full 0.1389 | edge 0.0288 | dark_noise 0.0132 | chroma 0.0603 | decomp 0.1030 | smooth_enh 0.0220 | lambda_mean 1.1455 | lambda_min 0.5517 | lambda_max 1.3458

Epoch 083/120 train start
Epoch 083/120 validation start
Epoch 083 | train_loss 0.2911 | val_loss 0.2800 | val_psnr 21.08 | val_lpips 0.0954 | val_lpips_full 0.1359 | edge 0.0287 | dark_noise 0.0131 | chroma 0.0590 | decomp 0.1036 | smooth_enh 0.0217 | lambda_mean 1.1436 | lambda_min 0.5624 | lambda_max 1.3450

Epoch 084/120 train start
Epoch 084/120 validation start
Epoch 084 | train_loss 0.2913 | val_loss 0.2812 | val_psnr 20.90 | val_lpips 0.0972 | val_lpips_full 0.1379 | edge 0.0287 | dark_noise 0.0132 | chroma 0.0607 | decomp 0.1000 | smooth_enh 0.0218 | lambda_mean 1.1494 | lambda_min 0.5556 | lambda_max 1.3457

Epoch 085/120 train start
Epoch 085/120 validation start
Epoch 085 | train_loss 0.2905 | val_loss 0.2816 | val_psnr 21.01 | val_lpips 0.0949 | val_lpips_full 0.1361 | edge 0.0286 | dark_noise 0.0131 | chroma 0.0587 | decomp 0.1042 | smooth_enh 0.0217 | lambda_mean 1.1436 | lambda_min 0.5575 | lambda_max 1.3456

Epoch 086/120 train start
Epoch 086/120 validation start
Epoch 086 | train_loss 0.2911 | val_loss 0.2807 | val_psnr 21.05 | val_lpips 0.0944 | val_lpips_full 0.1361 | edge 0.0286 | dark_noise 0.0131 | chroma 0.0597 | decomp 0.1037 | smooth_enh 0.0214 | lambda_mean 1.1432 | lambda_min 0.5574 | lambda_max 1.3450

Epoch 087/120 train start
Epoch 087/120 validation start
Epoch 087 | train_loss 0.2967 | val_loss 0.2866 | val_psnr 20.40 | val_lpips 0.1001 | val_lpips_full 0.1427 | edge 0.0290 | dark_noise 0.0132 | chroma 0.0613 | decomp 0.0960 | smooth_enh 0.0223 | lambda_mean 1.1541 | lambda_min 0.5567 | lambda_max 1.3469

Epoch 088/120 train start
Epoch 088/120 validation start
Epoch 088 | train_loss 0.2913 | val_loss 0.2810 | val_psnr 21.24 | val_lpips 0.0932 | val_lpips_full 0.1337 | edge 0.0286 | dark_noise 0.0131 | chroma 0.0600 | decomp 0.1076 | smooth_enh 0.0220 | lambda_mean 1.1398 | lambda_min 0.5539 | lambda_max 1.3451

Epoch 089/120 train start
Epoch 089/120 validation start
Epoch 089 | train_loss 0.2924 | val_loss 0.2797 | val_psnr 21.09 | val_lpips 0.0930 | val_lpips_full 0.1348 | edge 0.0286 | dark_noise 0.0132 | chroma 0.0585 | decomp 0.1044 | smooth_enh 0.0214 | lambda_mean 1.1419 | lambda_min 0.5685 | lambda_max 1.3446

Epoch 090/120 train start
Epoch 090/120 validation start
Epoch 090 | train_loss 0.2912 | val_loss 0.2817 | val_psnr 20.64 | val_lpips 0.0990 | val_lpips_full 0.1401 | edge 0.0288 | dark_noise 0.0131 | chroma 0.0588 | decomp 0.0955 | smooth_enh 0.0219 | lambda_mean 1.1549 | lambda_min 0.5647 | lambda_max 1.3463

Epoch 091/120 train start
Epoch 091/120 validation start
Epoch 091 | train_loss 0.2916 | val_loss 0.2796 | val_psnr 21.03 | val_lpips 0.0944 | val_lpips_full 0.1348 | edge 0.0287 | dark_noise 0.0131 | chroma 0.0584 | decomp 0.1018 | smooth_enh 0.0221 | lambda_mean 1.1458 | lambda_min 0.5607 | lambda_max 1.3456

Epoch 092/120 train start
Epoch 092/120 validation start
Epoch 092 | train_loss 0.2894 | val_loss 0.2836 | val_psnr 20.71 | val_lpips 0.0988 | val_lpips_full 0.1403 | edge 0.0286 | dark_noise 0.0131 | chroma 0.0611 | decomp 0.0994 | smooth_enh 0.0211 | lambda_mean 1.1523 | lambda_min 0.5708 | lambda_max 1.3450

Epoch 093/120 train start
Epoch 093/120 validation start
Epoch 093 | train_loss 0.2893 | val_loss 0.2795 | val_psnr 21.22 | val_lpips 0.0931 | val_lpips_full 0.1341 | edge 0.0286 | dark_noise 0.0131 | chroma 0.0586 | decomp 0.1056 | smooth_enh 0.0221 | lambda_mean 1.1411 | lambda_min 0.5496 | lambda_max 1.3459

Epoch 094/120 train start
Epoch 094/120 validation start
Epoch 094 | train_loss 0.2897 | val_loss 0.2796 | val_psnr 21.13 | val_lpips 0.0934 | val_lpips_full 0.1344 | edge 0.0286 | dark_noise 0.0131 | chroma 0.0595 | decomp 0.1033 | smooth_enh 0.0218 | lambda_mean 1.1439 | lambda_min 0.5570 | lambda_max 1.3444
Early stopping at epoch 94
Best epoch: 49 | Best psnr: 21.5643 | Best PSNR: 21.5643 | Best LPIPS@loss: 0.0999 | Best LPIPS full: 0.1427
===== TRAIN FINISHED =====
Best epoch: 49
Best psnr: 21.564324131099514
Best PSNR: 21.564324131099514
Best LPIPS@loss: 0.09985384069538365
Best LPIPS full: 0.14269809355027974
Best checkpoint: /content/retinextapetum_hpo/projects/lol_v1/final/source_profile_baseline_seed_3407/run/checkpoints/best.pth
Last checkpoint: /content/retinextapetum_hpo/projects/lol_v1/final/source_profile_baseline_seed_3407/run/checkpoints/last.pth
