DEVICE: cuda
TRAIN_LOW_DIR : /content/drive/MyDrive/TAPETUM/datasets/UHD-LL down4/Train/Low
TRAIN_HIGH_DIR: /content/drive/MyDrive/TAPETUM/datasets/UHD-LL down4/Train/Normal
VAL_LOW_DIR   : /content/drive/MyDrive/TAPETUM/datasets/UHD-LL down4/Val/Low
VAL_HIGH_DIR  : /content/drive/MyDrive/TAPETUM/datasets/UHD-LL down4/Val/Normal
CKPT_DIR      : /content/retinextapetum_hpo/projects/uhd_ll_down4/final/source_profile_baseline_seed_123/run/checkpoints
USE_TRAIN_VAL_SPLIT: True
VAL_RATIO     : 0.05
SPLIT_SEED    : 42
BASE_CHANNELS : 128
BATCH_SIZE    : 2
EPOCHS        : 120
LR            : 0.00046948014087030786
MIN_LR        : 2.12826357198832e-05
W_LPIPS       : 0.08
BEST_METRIC   : psnr
RESUME        : True
RESUME_CKPT   : last.pth
TRAIN_LOG_INTERVAL: 0
VAL_LOG_INTERVAL  : 0
WARNING: When changing train/validation split settings, use RETINEX_TAPETUM_RESUME=0 for a clean experimental run.
DRIVE_CKPT_MIRROR_DIR: /content/drive/MyDrive/TAPETUM/HyperparameterSearch/uhd_ll_down4/final_confirmation/source_profile_baseline/seed_123
Split manifest: /content/drive/MyDrive/TAPETUM/HyperparameterSearch/uhd_ll_down4/split_manifest.json
Train split images: 1884
Val split images: 116
[Dataset] /content/drive/MyDrive/TAPETUM/datasets/UHD-LL down4/Train/Low
Mode: train
Split file_list: yes
Paired samples: 1884
[Dataset] /content/drive/MyDrive/TAPETUM/datasets/UHD-LL down4/Train/Low
Mode: val/test
Split file_list: yes
Paired samples: 116
Train batches: 942
Val batches  : 116
Trainable params: 536,463
Setting up [LPIPS] perceptual loss: trunk [alex], v[0.1], spatial [off]
/usr/local/lib/python3.12/dist-packages/torchvision/models/_utils.py:208: UserWarning: The parameter 'pretrained' is deprecated since 0.13 and may be removed in the future, please use 'weights' instead.
  warnings.warn(
/usr/local/lib/python3.12/dist-packages/torchvision/models/_utils.py:223: UserWarning: Arguments other than a weight enum or `None` for 'weights' are deprecated since 0.13 and may be removed in the future. The current behavior is equivalent to passing `weights=AlexNet_Weights.IMAGENET1K_V1`. You can also use `weights=AlexNet_Weights.DEFAULT` to get the most up-to-date weights.
  warnings.warn(msg)
Downloading: "https://download.pytorch.org/models/alexnet-owt-7be5be79.pth" to /root/.cache/torch/hub/checkpoints/alexnet-owt-7be5be79.pth

  0%|          | 0.00/233M [00:00<?, ?B/s]
  4%|▍         | 8.75M/233M [00:00<00:02, 91.7MB/s]
 11%|█         | 24.8M/233M [00:00<00:01, 136MB/s] 
 19%|█▉        | 45.4M/233M [00:00<00:01, 172MB/s]
 29%|██▊       | 67.0M/233M [00:00<00:00, 193MB/s]
 38%|███▊      | 87.8M/233M [00:00<00:00, 202MB/s]
 47%|████▋     | 109M/233M [00:00<00:00, 209MB/s] 
 56%|█████▌    | 131M/233M [00:00<00:00, 215MB/s]
 65%|██████▌   | 152M/233M [00:00<00:00, 219MB/s]
 75%|███████▍  | 175M/233M [00:00<00:00, 223MB/s]
 84%|████████▍ | 197M/233M [00:01<00:00, 225MB/s]
 94%|█████████▍| 219M/233M [00:01<00:00, 227MB/s]
100%|██████████| 233M/233M [00:01<00:00, 209MB/s]
Loading model from: /usr/local/lib/python3.12/dist-packages/lpips/weights/v0.1/alex.pth
LPIPS training loss: enabled (alex, weight=0.08)
Loading resume checkpoint: /content/retinextapetum_hpo/projects/uhd_ll_down4/final/source_profile_baseline_seed_123/run/checkpoints/last.pth
Resume state -> completed_epoch: 26, next_epoch: 27, best_epoch: 25, best_psnr: 26.2617, no_improve: 1

===== TRAIN START =====

Epoch 027/120 train start
Epoch 027/120 validation start
Epoch 027 | train_loss 0.1752 | val_loss 0.1622 | val_psnr 25.28 | val_lpips 0.0530 | val_lpips_full 0.0854 | edge 0.0191 | dark_noise 0.0041 | chroma 0.0415 | decomp 0.0514 | smooth_enh 0.0146 | lambda_mean 1.0681 | lambda_min 0.4947 | lambda_max 1.3451

Epoch 028/120 train start
Epoch 028/120 validation start
Epoch 028 | train_loss 0.1768 | val_loss 0.1648 | val_psnr 24.68 | val_lpips 0.0548 | val_lpips_full 0.0847 | edge 0.0193 | dark_noise 0.0040 | chroma 0.0404 | decomp 0.0480 | smooth_enh 0.0155 | lambda_mean 1.0762 | lambda_min 0.4935 | lambda_max 1.3454

Epoch 029/120 train start
Epoch 029/120 validation start
Epoch 029 | train_loss 0.1741 | val_loss 0.1618 | val_psnr 25.20 | val_lpips 0.0512 | val_lpips_full 0.0817 | edge 0.0191 | dark_noise 0.0040 | chroma 0.0404 | decomp 0.0488 | smooth_enh 0.0148 | lambda_mean 1.0739 | lambda_min 0.4987 | lambda_max 1.3448

Epoch 030/120 train start
Epoch 030/120 validation start
Epoch 030 | train_loss 0.1735 | val_loss 0.1595 | val_psnr 26.22 | val_lpips 0.0507 | val_lpips_full 0.0792 | edge 0.0195 | dark_noise 0.0041 | chroma 0.0423 | decomp 0.0588 | smooth_enh 0.0166 | lambda_mean 1.0585 | lambda_min 0.4822 | lambda_max 1.3456

Epoch 031/120 train start
Epoch 031/120 validation start
Epoch 031 | train_loss 0.1751 | val_loss 0.1701 | val_psnr 24.05 | val_lpips 0.0645 | val_lpips_full 0.0990 | edge 0.0193 | dark_noise 0.0043 | chroma 0.0496 | decomp 0.0379 | smooth_enh 0.0149 | lambda_mean 1.0903 | lambda_min 0.5103 | lambda_max 1.3466

Epoch 032/120 train start
Epoch 032/120 validation start
Epoch 032 | train_loss 0.1758 | val_loss 0.1609 | val_psnr 25.39 | val_lpips 0.0487 | val_lpips_full 0.0786 | edge 0.0190 | dark_noise 0.0040 | chroma 0.0381 | decomp 0.0524 | smooth_enh 0.0150 | lambda_mean 1.0650 | lambda_min 0.4884 | lambda_max 1.3445

Epoch 033/120 train start
Epoch 033/120 validation start
Epoch 033 | train_loss 0.1718 | val_loss 0.1570 | val_psnr 25.71 | val_lpips 0.0499 | val_lpips_full 0.0805 | edge 0.0191 | dark_noise 0.0040 | chroma 0.0387 | decomp 0.0488 | smooth_enh 0.0146 | lambda_mean 1.0735 | lambda_min 0.4965 | lambda_max 1.3438

Epoch 034/120 train start
Epoch 034/120 validation start
Epoch 034 | train_loss 0.1738 | val_loss 0.1613 | val_psnr 24.81 | val_lpips 0.0515 | val_lpips_full 0.0819 | edge 0.0191 | dark_noise 0.0040 | chroma 0.0402 | decomp 0.0480 | smooth_enh 0.0152 | lambda_mean 1.0766 | lambda_min 0.5037 | lambda_max 1.3462

Epoch 035/120 train start
Epoch 035/120 validation start
Epoch 035 | train_loss 0.1723 | val_loss 0.1578 | val_psnr 25.34 | val_lpips 0.0498 | val_lpips_full 0.0804 | edge 0.0190 | dark_noise 0.0041 | chroma 0.0401 | decomp 0.0474 | smooth_enh 0.0154 | lambda_mean 1.0739 | lambda_min 0.4924 | lambda_max 1.3464

Epoch 036/120 train start
Epoch 036/120 validation start
Epoch 036 | train_loss 0.1720 | val_loss 0.1557 | val_psnr 25.88 | val_lpips 0.0468 | val_lpips_full 0.0750 | edge 0.0189 | dark_noise 0.0040 | chroma 0.0384 | decomp 0.0513 | smooth_enh 0.0155 | lambda_mean 1.0715 | lambda_min 0.4929 | lambda_max 1.3460

Epoch 037/120 train start
Epoch 037/120 validation start
Epoch 037 | train_loss 0.1722 | val_loss 0.1584 | val_psnr 25.49 | val_lpips 0.0498 | val_lpips_full 0.0780 | edge 0.0191 | dark_noise 0.0040 | chroma 0.0412 | decomp 0.0514 | smooth_enh 0.0158 | lambda_mean 1.0723 | lambda_min 0.5083 | lambda_max 1.3456

Epoch 038/120 train start
Epoch 038/120 validation start
Epoch 038 | train_loss 0.1726 | val_loss 0.1534 | val_psnr 25.65 | val_lpips 0.0467 | val_lpips_full 0.0762 | edge 0.0189 | dark_noise 0.0040 | chroma 0.0384 | decomp 0.0473 | smooth_enh 0.0152 | lambda_mean 1.0730 | lambda_min 0.5021 | lambda_max 1.3445

Epoch 039/120 train start
Epoch 039/120 validation start
Epoch 039 | train_loss 0.1719 | val_loss 0.1571 | val_psnr 24.97 | val_lpips 0.0483 | val_lpips_full 0.0791 | edge 0.0189 | dark_noise 0.0040 | chroma 0.0378 | decomp 0.0456 | smooth_enh 0.0145 | lambda_mean 1.0771 | lambda_min 0.5182 | lambda_max 1.3452

Epoch 040/120 train start
Epoch 040/120 validation start
Epoch 040 | train_loss 0.1720 | val_loss 0.1560 | val_psnr 25.11 | val_lpips 0.0481 | val_lpips_full 0.0777 | edge 0.0190 | dark_noise 0.0040 | chroma 0.0378 | decomp 0.0450 | smooth_enh 0.0151 | lambda_mean 1.0787 | lambda_min 0.5157 | lambda_max 1.3453

Epoch 041/120 train start
Epoch 041/120 validation start
Epoch 041 | train_loss 0.1701 | val_loss 0.1542 | val_psnr 26.10 | val_lpips 0.0465 | val_lpips_full 0.0766 | edge 0.0188 | dark_noise 0.0040 | chroma 0.0373 | decomp 0.0503 | smooth_enh 0.0148 | lambda_mean 1.0735 | lambda_min 0.5111 | lambda_max 1.3458

Epoch 042/120 train start
Epoch 042/120 validation start
Epoch 042 | train_loss 0.1693 | val_loss 0.1539 | val_psnr 25.87 | val_lpips 0.0466 | val_lpips_full 0.0783 | edge 0.0188 | dark_noise 0.0041 | chroma 0.0374 | decomp 0.0484 | smooth_enh 0.0152 | lambda_mean 1.0756 | lambda_min 0.5055 | lambda_max 1.3466

Epoch 043/120 train start
Epoch 043/120 validation start
Epoch 043 | train_loss 0.1696 | val_loss 0.1590 | val_psnr 25.71 | val_lpips 0.0459 | val_lpips_full 0.0743 | edge 0.0189 | dark_noise 0.0040 | chroma 0.0371 | decomp 0.0550 | smooth_enh 0.0156 | lambda_mean 1.0684 | lambda_min 0.5018 | lambda_max 1.3451

Epoch 044/120 train start
Epoch 044/120 validation start
Epoch 044 | train_loss 0.1690 | val_loss 0.1552 | val_psnr 27.02 | val_lpips 0.0437 | val_lpips_full 0.0708 | edge 0.0191 | dark_noise 0.0041 | chroma 0.0381 | decomp 0.0595 | smooth_enh 0.0167 | lambda_mean 1.0590 | lambda_min 0.4758 | lambda_max 1.3464
Best model updated -> Epoch: 44, psnr: 27.0229, PSNR: 27.0229, LPIPS@loss: 0.0437, LPIPS full: 0.0708

Epoch 045/120 train start
Epoch 045/120 validation start
Epoch 045 | train_loss 0.1681 | val_loss 0.1550 | val_psnr 26.47 | val_lpips 0.0450 | val_lpips_full 0.0733 | edge 0.0189 | dark_noise 0.0040 | chroma 0.0371 | decomp 0.0563 | smooth_enh 0.0158 | lambda_mean 1.0617 | lambda_min 0.4897 | lambda_max 1.3453

Epoch 046/120 train start
Epoch 046/120 validation start
Epoch 046 | train_loss 0.1694 | val_loss 0.1553 | val_psnr 25.51 | val_lpips 0.0472 | val_lpips_full 0.0758 | edge 0.0190 | dark_noise 0.0040 | chroma 0.0370 | decomp 0.0447 | smooth_enh 0.0158 | lambda_mean 1.0772 | lambda_min 0.5110 | lambda_max 1.3460

Epoch 047/120 train start
Epoch 047/120 validation start
Epoch 047 | train_loss 0.1689 | val_loss 0.1531 | val_psnr 26.48 | val_lpips 0.0444 | val_lpips_full 0.0746 | edge 0.0188 | dark_noise 0.0040 | chroma 0.0369 | decomp 0.0548 | smooth_enh 0.0154 | lambda_mean 1.0646 | lambda_min 0.4914 | lambda_max 1.3453

Epoch 048/120 train start
Epoch 048/120 validation start
Epoch 048 | train_loss 0.1672 | val_loss 0.1518 | val_psnr 26.57 | val_lpips 0.0450 | val_lpips_full 0.0746 | edge 0.0187 | dark_noise 0.0040 | chroma 0.0379 | decomp 0.0533 | smooth_enh 0.0150 | lambda_mean 1.0680 | lambda_min 0.4938 | lambda_max 1.3461

Epoch 049/120 train start
Epoch 049/120 validation start
Epoch 049 | train_loss 0.1664 | val_loss 0.1506 | val_psnr 26.72 | val_lpips 0.0436 | val_lpips_full 0.0702 | edge 0.0190 | dark_noise 0.0040 | chroma 0.0371 | decomp 0.0529 | smooth_enh 0.0166 | lambda_mean 1.0661 | lambda_min 0.4879 | lambda_max 1.3457

Epoch 050/120 train start
Epoch 050/120 validation start
Epoch 050 | train_loss 0.1687 | val_loss 0.1551 | val_psnr 26.48 | val_lpips 0.0441 | val_lpips_full 0.0730 | edge 0.0189 | dark_noise 0.0040 | chroma 0.0371 | decomp 0.0556 | smooth_enh 0.0161 | lambda_mean 1.0648 | lambda_min 0.4877 | lambda_max 1.3462

Epoch 051/120 train start
Epoch 051/120 validation start
Epoch 051 | train_loss 0.1684 | val_loss 0.1528 | val_psnr 26.69 | val_lpips 0.0437 | val_lpips_full 0.0704 | edge 0.0190 | dark_noise 0.0040 | chroma 0.0367 | decomp 0.0557 | smooth_enh 0.0158 | lambda_mean 1.0627 | lambda_min 0.5043 | lambda_max 1.3447

Epoch 052/120 train start
Epoch 052/120 validation start
Epoch 052 | train_loss 0.1673 | val_loss 0.1564 | val_psnr 26.52 | val_lpips 0.0459 | val_lpips_full 0.0766 | edge 0.0188 | dark_noise 0.0040 | chroma 0.0394 | decomp 0.0584 | smooth_enh 0.0155 | lambda_mean 1.0616 | lambda_min 0.4968 | lambda_max 1.3450

Epoch 053/120 train start
Epoch 053/120 validation start
Epoch 053 | train_loss 0.1670 | val_loss 0.1536 | val_psnr 26.53 | val_lpips 0.0446 | val_lpips_full 0.0735 | edge 0.0188 | dark_noise 0.0040 | chroma 0.0367 | decomp 0.0530 | smooth_enh 0.0157 | lambda_mean 1.0669 | lambda_min 0.4885 | lambda_max 1.3464

Epoch 054/120 train start
Epoch 054/120 validation start
Epoch 054 | train_loss 0.1665 | val_loss 0.1512 | val_psnr 26.83 | val_lpips 0.0430 | val_lpips_full 0.0722 | edge 0.0187 | dark_noise 0.0040 | chroma 0.0362 | decomp 0.0537 | smooth_enh 0.0152 | lambda_mean 1.0653 | lambda_min 0.4967 | lambda_max 1.3459

Epoch 055/120 train start
Epoch 055/120 validation start
Epoch 055 | train_loss 0.1670 | val_loss 0.1534 | val_psnr 25.51 | val_lpips 0.0461 | val_lpips_full 0.0749 | edge 0.0189 | dark_noise 0.0040 | chroma 0.0372 | decomp 0.0445 | smooth_enh 0.0157 | lambda_mean 1.0788 | lambda_min 0.5082 | lambda_max 1.3459

Epoch 056/120 train start
Epoch 056/120 validation start
Epoch 056 | train_loss 0.1663 | val_loss 0.1512 | val_psnr 26.49 | val_lpips 0.0429 | val_lpips_full 0.0713 | edge 0.0187 | dark_noise 0.0040 | chroma 0.0358 | decomp 0.0523 | smooth_enh 0.0153 | lambda_mean 1.0661 | lambda_min 0.4962 | lambda_max 1.3454

Epoch 057/120 train start
Epoch 057/120 validation start
Epoch 057 | train_loss 0.1665 | val_loss 0.1559 | val_psnr 26.64 | val_lpips 0.0436 | val_lpips_full 0.0722 | edge 0.0189 | dark_noise 0.0040 | chroma 0.0359 | decomp 0.0571 | smooth_enh 0.0161 | lambda_mean 1.0606 | lambda_min 0.4912 | lambda_max 1.3460

Epoch 058/120 train start
Epoch 058/120 validation start
Epoch 058 | train_loss 0.1646 | val_loss 0.1557 | val_psnr 26.26 | val_lpips 0.0447 | val_lpips_full 0.0724 | edge 0.0189 | dark_noise 0.0039 | chroma 0.0366 | decomp 0.0550 | smooth_enh 0.0157 | lambda_mean 1.0636 | lambda_min 0.4838 | lambda_max 1.3454

Epoch 059/120 train start
Epoch 059/120 validation start
Epoch 059 | train_loss 0.1669 | val_loss 0.1542 | val_psnr 25.87 | val_lpips 0.0447 | val_lpips_full 0.0720 | edge 0.0189 | dark_noise 0.0040 | chroma 0.0368 | decomp 0.0479 | smooth_enh 0.0157 | lambda_mean 1.0760 | lambda_min 0.5132 | lambda_max 1.3465

Epoch 060/120 train start
Epoch 060/120 validation start
Epoch 060 | train_loss 0.1632 | val_loss 0.1542 | val_psnr 25.68 | val_lpips 0.0466 | val_lpips_full 0.0765 | edge 0.0188 | dark_noise 0.0039 | chroma 0.0374 | decomp 0.0501 | smooth_enh 0.0146 | lambda_mean 1.0708 | lambda_min 0.5085 | lambda_max 1.3456

Epoch 061/120 train start
Epoch 061/120 validation start
Epoch 061 | train_loss 0.1654 | val_loss 0.1524 | val_psnr 26.24 | val_lpips 0.0447 | val_lpips_full 0.0733 | edge 0.0187 | dark_noise 0.0040 | chroma 0.0366 | decomp 0.0501 | smooth_enh 0.0154 | lambda_mean 1.0712 | lambda_min 0.5013 | lambda_max 1.3458

Epoch 062/120 train start
Epoch 062/120 validation start
Epoch 062 | train_loss 0.1642 | val_loss 0.1511 | val_psnr 26.10 | val_lpips 0.0434 | val_lpips_full 0.0707 | edge 0.0190 | dark_noise 0.0040 | chroma 0.0362 | decomp 0.0497 | smooth_enh 0.0163 | lambda_mean 1.0703 | lambda_min 0.5010 | lambda_max 1.3455

Epoch 063/120 train start
Epoch 063/120 validation start
Epoch 063 | train_loss 0.1643 | val_loss 0.1527 | val_psnr 26.47 | val_lpips 0.0441 | val_lpips_full 0.0717 | edge 0.0187 | dark_noise 0.0040 | chroma 0.0367 | decomp 0.0529 | smooth_enh 0.0154 | lambda_mean 1.0667 | lambda_min 0.4989 | lambda_max 1.3458

Epoch 064/120 train start
Epoch 064/120 validation start
Epoch 064 | train_loss 0.1623 | val_loss 0.1558 | val_psnr 25.68 | val_lpips 0.0446 | val_lpips_full 0.0727 | edge 0.0188 | dark_noise 0.0040 | chroma 0.0361 | decomp 0.0496 | smooth_enh 0.0156 | lambda_mean 1.0754 | lambda_min 0.5055 | lambda_max 1.3460

Epoch 065/120 train start
Epoch 065/120 validation start
Epoch 065 | train_loss 0.1643 | val_loss 0.1526 | val_psnr 26.16 | val_lpips 0.0435 | val_lpips_full 0.0712 | edge 0.0187 | dark_noise 0.0040 | chroma 0.0362 | decomp 0.0511 | smooth_enh 0.0155 | lambda_mean 1.0709 | lambda_min 0.5122 | lambda_max 1.3461

Epoch 066/120 train start
Epoch 066/120 validation start
Epoch 066 | train_loss 0.1655 | val_loss 0.1542 | val_psnr 25.95 | val_lpips 0.0444 | val_lpips_full 0.0728 | edge 0.0188 | dark_noise 0.0039 | chroma 0.0356 | decomp 0.0515 | smooth_enh 0.0152 | lambda_mean 1.0698 | lambda_min 0.5024 | lambda_max 1.3453

Epoch 067/120 train start
Epoch 067/120 validation start
Epoch 067 | train_loss 0.1643 | val_loss 0.1508 | val_psnr 26.55 | val_lpips 0.0435 | val_lpips_full 0.0715 | edge 0.0187 | dark_noise 0.0039 | chroma 0.0359 | decomp 0.0528 | smooth_enh 0.0155 | lambda_mean 1.0661 | lambda_min 0.4955 | lambda_max 1.3450

Epoch 068/120 train start
Epoch 068/120 validation start
Epoch 068 | train_loss 0.1637 | val_loss 0.1532 | val_psnr 26.08 | val_lpips 0.0445 | val_lpips_full 0.0729 | edge 0.0188 | dark_noise 0.0039 | chroma 0.0361 | decomp 0.0498 | smooth_enh 0.0154 | lambda_mean 1.0710 | lambda_min 0.4968 | lambda_max 1.3459

Epoch 069/120 train start
Epoch 069/120 validation start
Epoch 069 | train_loss 0.1653 | val_loss 0.1544 | val_psnr 26.92 | val_lpips 0.0433 | val_lpips_full 0.0721 | edge 0.0186 | dark_noise 0.0040 | chroma 0.0360 | decomp 0.0585 | smooth_enh 0.0153 | lambda_mean 1.0585 | lambda_min 0.4905 | lambda_max 1.3458

Epoch 070/120 train start
Epoch 070/120 validation start
Epoch 070 | train_loss 0.1640 | val_loss 0.1525 | val_psnr 26.89 | val_lpips 0.0420 | val_lpips_full 0.0687 | edge 0.0188 | dark_noise 0.0040 | chroma 0.0360 | decomp 0.0568 | smooth_enh 0.0161 | lambda_mean 1.0601 | lambda_min 0.4977 | lambda_max 1.3456

Epoch 071/120 train start
Epoch 071/120 validation start
Epoch 071 | train_loss 0.1624 | val_loss 0.1553 | val_psnr 26.85 | val_lpips 0.0406 | val_lpips_full 0.0682 | edge 0.0187 | dark_noise 0.0040 | chroma 0.0356 | decomp 0.0610 | smooth_enh 0.0161 | lambda_mean 1.0556 | lambda_min 0.4908 | lambda_max 1.3454

Epoch 072/120 train start
Epoch 072/120 validation start
Epoch 072 | train_loss 0.1620 | val_loss 0.1517 | val_psnr 26.82 | val_lpips 0.0425 | val_lpips_full 0.0705 | edge 0.0187 | dark_noise 0.0039 | chroma 0.0358 | decomp 0.0558 | smooth_enh 0.0156 | lambda_mean 1.0612 | lambda_min 0.4986 | lambda_max 1.3455

Epoch 073/120 train start
Epoch 073/120 validation start
Epoch 073 | train_loss 0.1609 | val_loss 0.1522 | val_psnr 26.74 | val_lpips 0.0408 | val_lpips_full 0.0667 | edge 0.0188 | dark_noise 0.0040 | chroma 0.0366 | decomp 0.0568 | smooth_enh 0.0165 | lambda_mean 1.0603 | lambda_min 0.4913 | lambda_max 1.3455

Epoch 074/120 train start
Epoch 074/120 validation start
Epoch 074 | train_loss 0.1620 | val_loss 0.1516 | val_psnr 26.50 | val_lpips 0.0423 | val_lpips_full 0.0697 | edge 0.0187 | dark_noise 0.0039 | chroma 0.0354 | decomp 0.0528 | smooth_enh 0.0152 | lambda_mean 1.0656 | lambda_min 0.4995 | lambda_max 1.3453

Epoch 075/120 train start
Epoch 075/120 validation start
Epoch 075 | train_loss 0.1601 | val_loss 0.1558 | val_psnr 26.82 | val_lpips 0.0413 | val_lpips_full 0.0677 | edge 0.0187 | dark_noise 0.0039 | chroma 0.0356 | decomp 0.0603 | smooth_enh 0.0157 | lambda_mean 1.0564 | lambda_min 0.4932 | lambda_max 1.3453

Epoch 076/120 train start
Epoch 076/120 validation start
Epoch 076 | train_loss 0.1608 | val_loss 0.1527 | val_psnr 26.97 | val_lpips 0.0407 | val_lpips_full 0.0679 | edge 0.0187 | dark_noise 0.0039 | chroma 0.0353 | decomp 0.0583 | smooth_enh 0.0157 | lambda_mean 1.0572 | lambda_min 0.4911 | lambda_max 1.3446

Epoch 077/120 train start
Epoch 077/120 validation start
Epoch 077 | train_loss 0.1603 | val_loss 0.1535 | val_psnr 26.82 | val_lpips 0.0412 | val_lpips_full 0.0675 | edge 0.0188 | dark_noise 0.0039 | chroma 0.0351 | decomp 0.0575 | smooth_enh 0.0160 | lambda_mean 1.0596 | lambda_min 0.4883 | lambda_max 1.3454

Epoch 078/120 train start
Epoch 078/120 validation start
Epoch 078 | train_loss 0.1618 | val_loss 0.1492 | val_psnr 26.73 | val_lpips 0.0411 | val_lpips_full 0.0683 | edge 0.0187 | dark_noise 0.0039 | chroma 0.0350 | decomp 0.0534 | smooth_enh 0.0157 | lambda_mean 1.0657 | lambda_min 0.5022 | lambda_max 1.3451

Epoch 079/120 train start
Epoch 079/120 validation start
Epoch 079 | train_loss 0.1623 | val_loss 0.1519 | val_psnr 26.76 | val_lpips 0.0415 | val_lpips_full 0.0681 | edge 0.0187 | dark_noise 0.0039 | chroma 0.0357 | decomp 0.0553 | smooth_enh 0.0155 | lambda_mean 1.0627 | lambda_min 0.4964 | lambda_max 1.3453

Epoch 080/120 train start
Epoch 080/120 validation start
Epoch 080 | train_loss 0.1614 | val_loss 0.1503 | val_psnr 26.60 | val_lpips 0.0413 | val_lpips_full 0.0675 | edge 0.0187 | dark_noise 0.0039 | chroma 0.0357 | decomp 0.0530 | smooth_enh 0.0160 | lambda_mean 1.0656 | lambda_min 0.4967 | lambda_max 1.3448

Epoch 081/120 train start
Epoch 081/120 validation start
Epoch 081 | train_loss 0.1616 | val_loss 0.1497 | val_psnr 26.79 | val_lpips 0.0405 | val_lpips_full 0.0670 | edge 0.0186 | dark_noise 0.0040 | chroma 0.0348 | decomp 0.0533 | smooth_enh 0.0157 | lambda_mean 1.0648 | lambda_min 0.5006 | lambda_max 1.3453

Epoch 082/120 train start
Epoch 082/120 validation start
Epoch 082 | train_loss 0.1605 | val_loss 0.1534 | val_psnr 26.82 | val_lpips 0.0405 | val_lpips_full 0.0666 | edge 0.0187 | dark_noise 0.0040 | chroma 0.0349 | decomp 0.0580 | smooth_enh 0.0161 | lambda_mean 1.0591 | lambda_min 0.4924 | lambda_max 1.3457

Epoch 083/120 train start
Epoch 083/120 validation start
Epoch 083 | train_loss 0.1602 | val_loss 0.1503 | val_psnr 26.67 | val_lpips 0.0403 | val_lpips_full 0.0666 | edge 0.0187 | dark_noise 0.0039 | chroma 0.0351 | decomp 0.0539 | smooth_enh 0.0158 | lambda_mean 1.0634 | lambda_min 0.4945 | lambda_max 1.3452

Epoch 084/120 train start
Epoch 084/120 validation start
Epoch 084 | train_loss 0.1589 | val_loss 0.1511 | val_psnr 26.44 | val_lpips 0.0421 | val_lpips_full 0.0695 | edge 0.0187 | dark_noise 0.0040 | chroma 0.0357 | decomp 0.0502 | smooth_enh 0.0159 | lambda_mean 1.0693 | lambda_min 0.5015 | lambda_max 1.3457

Epoch 085/120 train start
Epoch 085/120 validation start
Epoch 085 | train_loss 0.1610 | val_loss 0.1489 | val_psnr 26.67 | val_lpips 0.0404 | val_lpips_full 0.0661 | edge 0.0186 | dark_noise 0.0039 | chroma 0.0350 | decomp 0.0527 | smooth_enh 0.0159 | lambda_mean 1.0657 | lambda_min 0.4979 | lambda_max 1.3454

Epoch 086/120 train start
Epoch 086/120 validation start
Epoch 086 | train_loss 0.1589 | val_loss 0.1503 | val_psnr 26.92 | val_lpips 0.0398 | val_lpips_full 0.0657 | edge 0.0186 | dark_noise 0.0040 | chroma 0.0348 | decomp 0.0559 | smooth_enh 0.0159 | lambda_mean 1.0618 | lambda_min 0.4972 | lambda_max 1.3451

Epoch 087/120 train start
Epoch 087/120 validation start
Epoch 087 | train_loss 0.1596 | val_loss 0.1514 | val_psnr 26.76 | val_lpips 0.0399 | val_lpips_full 0.0654 | edge 0.0187 | dark_noise 0.0039 | chroma 0.0348 | decomp 0.0551 | smooth_enh 0.0163 | lambda_mean 1.0635 | lambda_min 0.4967 | lambda_max 1.3454

Epoch 088/120 train start
Epoch 088/120 validation start
Epoch 088 | train_loss 0.1596 | val_loss 0.1508 | val_psnr 26.89 | val_lpips 0.0395 | val_lpips_full 0.0650 | edge 0.0187 | dark_noise 0.0040 | chroma 0.0349 | decomp 0.0561 | smooth_enh 0.0163 | lambda_mean 1.0608 | lambda_min 0.4999 | lambda_max 1.3459

Epoch 089/120 train start
Epoch 089/120 validation start
Epoch 089 | train_loss 0.1590 | val_loss 0.1562 | val_psnr 26.95 | val_lpips 0.0402 | val_lpips_full 0.0667 | edge 0.0186 | dark_noise 0.0040 | chroma 0.0354 | decomp 0.0628 | smooth_enh 0.0157 | lambda_mean 1.0517 | lambda_min 0.4905 | lambda_max 1.3444
Early stopping at epoch 89
Best epoch: 44 | Best psnr: 27.0229 | Best PSNR: 27.0229 | Best LPIPS@loss: 0.0437 | Best LPIPS full: 0.0708
===== TRAIN FINISHED =====
Best epoch: 44
Best psnr: 27.022899656059476
Best PSNR: 27.022899656059476
Best LPIPS@loss: 0.04371292137235788
Best LPIPS full: 0.0707823387026016
Best checkpoint: /content/retinextapetum_hpo/projects/uhd_ll_down4/final/source_profile_baseline_seed_123/run/checkpoints/best.pth
Last checkpoint: /content/retinextapetum_hpo/projects/uhd_ll_down4/final/source_profile_baseline_seed_123/run/checkpoints/last.pth
