DEVICE: cuda
TRAIN_LOW_DIR : /content/drive/MyDrive/TAPETUM/datasets/LOL-v2/Synthetic/Train/Low
TRAIN_HIGH_DIR: /content/drive/MyDrive/TAPETUM/datasets/LOL-v2/Synthetic/Train/Normal
VAL_LOW_DIR   : /content/drive/MyDrive/TAPETUM/datasets/LOL-v2/Synthetic/Val/Low
VAL_HIGH_DIR  : /content/drive/MyDrive/TAPETUM/datasets/LOL-v2/Synthetic/Val/Normal
CKPT_DIR      : /content/retinextapetum_hpo/projects/lol_v2_synthetic/final/source_profile_baseline_seed_42/run/checkpoints
USE_TRAIN_VAL_SPLIT: True
VAL_RATIO     : 0.1
SPLIT_SEED    : 42
BASE_CHANNELS : 128
BATCH_SIZE    : 2
EPOCHS        : 120
LR            : 0.00046948014087030786
MIN_LR        : 2.12826357198832e-05
W_LPIPS       : 0.08
BEST_METRIC   : psnr
RESUME        : False
RESUME_CKPT   : last.pth
TRAIN_LOG_INTERVAL: 0
VAL_LOG_INTERVAL  : 0
DRIVE_CKPT_MIRROR_DIR: /content/drive/MyDrive/TAPETUM/HyperparameterSearch/lol_v2_synthetic/final_confirmation/source_profile_baseline/seed_42
Split manifest: /content/drive/MyDrive/TAPETUM/HyperparameterSearch/lol_v2_synthetic/split_manifest.json
Train split images: 810
Val split images: 90
[Dataset] /content/drive/MyDrive/TAPETUM/datasets/LOL-v2/Synthetic/Train/Low
Mode: train
Split file_list: yes
Paired samples: 810
[Dataset] /content/drive/MyDrive/TAPETUM/datasets/LOL-v2/Synthetic/Train/Low
Mode: val/test
Split file_list: yes
Paired samples: 90
Train batches: 405
Val batches  : 90
Trainable params: 536,463
Setting up [LPIPS] perceptual loss: trunk [alex], v[0.1], spatial [off]
/usr/local/lib/python3.12/dist-packages/torchvision/models/_utils.py:208: UserWarning: The parameter 'pretrained' is deprecated since 0.13 and may be removed in the future, please use 'weights' instead.
  warnings.warn(
/usr/local/lib/python3.12/dist-packages/torchvision/models/_utils.py:223: UserWarning: Arguments other than a weight enum or `None` for 'weights' are deprecated since 0.13 and may be removed in the future. The current behavior is equivalent to passing `weights=AlexNet_Weights.IMAGENET1K_V1`. You can also use `weights=AlexNet_Weights.DEFAULT` to get the most up-to-date weights.
  warnings.warn(msg)
Loading model from: /usr/local/lib/python3.12/dist-packages/lpips/weights/v0.1/alex.pth
LPIPS training loss: enabled (alex, weight=0.08)
Resume disabled: RETINEX_TAPETUM_RESUME=0/config.RESUME_TRAINING=False

===== TRAIN START =====

Epoch 001/120 train start
Epoch 001/120 validation start
Epoch 001 | train_loss 0.4872 | val_loss 0.3622 | val_psnr 17.52 | val_lpips 0.2550 | val_lpips_full 0.3298 | edge 0.0414 | dark_noise 0.0105 | chroma 0.1400 | decomp 0.0998 | smooth_enh 0.0236 | lambda_mean 0.7790 | lambda_min 0.0074 | lambda_max 1.2541
Best model updated -> Epoch: 1, psnr: 17.5207, PSNR: 17.5207, LPIPS@loss: 0.2550, LPIPS full: 0.3298

Epoch 002/120 train start
Epoch 002/120 validation start
Epoch 002 | train_loss 0.3355 | val_loss 0.2964 | val_psnr 18.53 | val_lpips 0.1763 | val_lpips_full 0.2203 | edge 0.0353 | dark_noise 0.0104 | chroma 0.1169 | decomp 0.0737 | smooth_enh 0.0311 | lambda_mean 0.8613 | lambda_min 0.0162 | lambda_max 1.3198
Best model updated -> Epoch: 2, psnr: 18.5275, PSNR: 18.5275, LPIPS@loss: 0.1763, LPIPS full: 0.2203

Epoch 003/120 train start
Epoch 003/120 validation start
Epoch 003 | train_loss 0.2955 | val_loss 0.2732 | val_psnr 18.64 | val_lpips 0.1509 | val_lpips_full 0.1847 | edge 0.0327 | dark_noise 0.0103 | chroma 0.1065 | decomp 0.0561 | smooth_enh 0.0328 | lambda_mean 0.8847 | lambda_min 0.0105 | lambda_max 1.3378
Best model updated -> Epoch: 3, psnr: 18.6443, PSNR: 18.6443, LPIPS@loss: 0.1509, LPIPS full: 0.1847

Epoch 004/120 train start
Epoch 004/120 validation start
Epoch 004 | train_loss 0.2797 | val_loss 0.2588 | val_psnr 19.37 | val_lpips 0.1275 | val_lpips_full 0.1552 | edge 0.0301 | dark_noise 0.0100 | chroma 0.0951 | decomp 0.0577 | smooth_enh 0.0338 | lambda_mean 0.8551 | lambda_min 0.0064 | lambda_max 1.3410
Best model updated -> Epoch: 4, psnr: 19.3699, PSNR: 19.3699, LPIPS@loss: 0.1275, LPIPS full: 0.1552

Epoch 005/120 train start
Epoch 005/120 validation start
Epoch 005 | train_loss 0.2711 | val_loss 0.2516 | val_psnr 19.63 | val_lpips 0.1195 | val_lpips_full 0.1443 | edge 0.0282 | dark_noise 0.0097 | chroma 0.0912 | decomp 0.0629 | smooth_enh 0.0343 | lambda_mean 0.8452 | lambda_min 0.0096 | lambda_max 1.3375
Best model updated -> Epoch: 5, psnr: 19.6340, PSNR: 19.6340, LPIPS@loss: 0.1195, LPIPS full: 0.1443

Epoch 006/120 train start
Epoch 006/120 validation start
Epoch 006 | train_loss 0.2572 | val_loss 0.2588 | val_psnr 19.59 | val_lpips 0.1277 | val_lpips_full 0.1553 | edge 0.0272 | dark_noise 0.0102 | chroma 0.1075 | decomp 0.0743 | smooth_enh 0.0357 | lambda_mean 0.8395 | lambda_min 0.0058 | lambda_max 1.3407

Epoch 007/120 train start
Epoch 007/120 validation start
Epoch 007 | train_loss 0.2513 | val_loss 0.2422 | val_psnr 20.28 | val_lpips 0.1058 | val_lpips_full 0.1290 | edge 0.0265 | dark_noise 0.0098 | chroma 0.0802 | decomp 0.0695 | smooth_enh 0.0362 | lambda_mean 0.8477 | lambda_min 0.0077 | lambda_max 1.3363
Best model updated -> Epoch: 7, psnr: 20.2815, PSNR: 20.2815, LPIPS@loss: 0.1058, LPIPS full: 0.1290

Epoch 008/120 train start
Epoch 008/120 validation start
Epoch 008 | train_loss 0.2449 | val_loss 0.2405 | val_psnr 20.27 | val_lpips 0.1022 | val_lpips_full 0.1235 | edge 0.0251 | dark_noise 0.0097 | chroma 0.0870 | decomp 0.0673 | smooth_enh 0.0321 | lambda_mean 0.8414 | lambda_min 0.0059 | lambda_max 1.3386

Epoch 009/120 train start
Epoch 009/120 validation start
Epoch 009 | train_loss 0.2432 | val_loss 0.2433 | val_psnr 19.73 | val_lpips 0.1099 | val_lpips_full 0.1313 | edge 0.0262 | dark_noise 0.0099 | chroma 0.0864 | decomp 0.0552 | smooth_enh 0.0341 | lambda_mean 0.8731 | lambda_min 0.0055 | lambda_max 1.3436

Epoch 010/120 train start
Epoch 010/120 validation start
Epoch 010 | train_loss 0.2378 | val_loss 0.2285 | val_psnr 20.46 | val_lpips 0.0924 | val_lpips_full 0.1121 | edge 0.0252 | dark_noise 0.0096 | chroma 0.0747 | decomp 0.0574 | smooth_enh 0.0354 | lambda_mean 0.8651 | lambda_min 0.0064 | lambda_max 1.3422
Best model updated -> Epoch: 10, psnr: 20.4557, PSNR: 20.4557, LPIPS@loss: 0.0924, LPIPS full: 0.1121

Epoch 011/120 train start
Epoch 011/120 validation start
Epoch 011 | train_loss 0.2374 | val_loss 0.2415 | val_psnr 20.73 | val_lpips 0.1061 | val_lpips_full 0.1277 | edge 0.0241 | dark_noise 0.0101 | chroma 0.0817 | decomp 0.0791 | smooth_enh 0.0353 | lambda_mean 0.8520 | lambda_min 0.0086 | lambda_max 1.3422
Best model updated -> Epoch: 11, psnr: 20.7309, PSNR: 20.7309, LPIPS@loss: 0.1061, LPIPS full: 0.1277

Epoch 012/120 train start
Epoch 012/120 validation start
Epoch 012 | train_loss 0.2331 | val_loss 0.2181 | val_psnr 21.10 | val_lpips 0.0793 | val_lpips_full 0.0983 | edge 0.0236 | dark_noise 0.0095 | chroma 0.0655 | decomp 0.0619 | smooth_enh 0.0355 | lambda_mean 0.8504 | lambda_min 0.0076 | lambda_max 1.3397
Best model updated -> Epoch: 12, psnr: 21.1046, PSNR: 21.1046, LPIPS@loss: 0.0793, LPIPS full: 0.0983

Epoch 013/120 train start
Epoch 013/120 validation start
Epoch 013 | train_loss 0.2301 | val_loss 0.2206 | val_psnr 20.95 | val_lpips 0.0824 | val_lpips_full 0.1007 | edge 0.0239 | dark_noise 0.0096 | chroma 0.0692 | decomp 0.0612 | smooth_enh 0.0341 | lambda_mean 0.8725 | lambda_min 0.0058 | lambda_max 1.3407

Epoch 014/120 train start
Epoch 014/120 validation start
Epoch 014 | train_loss 0.2260 | val_loss 0.2362 | val_psnr 20.35 | val_lpips 0.1225 | val_lpips_full 0.1453 | edge 0.0240 | dark_noise 0.0098 | chroma 0.0931 | decomp 0.0652 | smooth_enh 0.0333 | lambda_mean 0.8701 | lambda_min 0.0065 | lambda_max 1.3432

Epoch 015/120 train start
Epoch 015/120 validation start
Epoch 015 | train_loss 0.2279 | val_loss 0.2157 | val_psnr 21.28 | val_lpips 0.0812 | val_lpips_full 0.0996 | edge 0.0229 | dark_noise 0.0094 | chroma 0.0670 | decomp 0.0622 | smooth_enh 0.0343 | lambda_mean 0.8454 | lambda_min 0.0070 | lambda_max 1.3402
Best model updated -> Epoch: 15, psnr: 21.2839, PSNR: 21.2839, LPIPS@loss: 0.0812, LPIPS full: 0.0996

Epoch 016/120 train start
Epoch 016/120 validation start
Epoch 016 | train_loss 0.2242 | val_loss 0.2129 | val_psnr 20.86 | val_lpips 0.0854 | val_lpips_full 0.1042 | edge 0.0227 | dark_noise 0.0095 | chroma 0.0684 | decomp 0.0504 | smooth_enh 0.0324 | lambda_mean 0.8724 | lambda_min 0.0058 | lambda_max 1.3410

Epoch 017/120 train start
Epoch 017/120 validation start
Epoch 017 | train_loss 0.2237 | val_loss 0.2190 | val_psnr 21.28 | val_lpips 0.0879 | val_lpips_full 0.1062 | edge 0.0226 | dark_noise 0.0097 | chroma 0.0812 | decomp 0.0652 | smooth_enh 0.0321 | lambda_mean 0.8669 | lambda_min 0.0076 | lambda_max 1.3389

Epoch 018/120 train start
Epoch 018/120 validation start
Epoch 018 | train_loss 0.2200 | val_loss 0.2158 | val_psnr 21.64 | val_lpips 0.0729 | val_lpips_full 0.0919 | edge 0.0231 | dark_noise 0.0097 | chroma 0.0641 | decomp 0.0660 | smooth_enh 0.0337 | lambda_mean 0.8873 | lambda_min 0.0100 | lambda_max 1.3432
Best model updated -> Epoch: 18, psnr: 21.6396, PSNR: 21.6396, LPIPS@loss: 0.0729, LPIPS full: 0.0919

Epoch 019/120 train start
Epoch 019/120 validation start
Epoch 019 | train_loss 0.2179 | val_loss 0.2118 | val_psnr 21.50 | val_lpips 0.0846 | val_lpips_full 0.1007 | edge 0.0222 | dark_noise 0.0095 | chroma 0.0671 | decomp 0.0591 | smooth_enh 0.0317 | lambda_mean 0.8714 | lambda_min 0.0062 | lambda_max 1.3382

Epoch 020/120 train start
Epoch 020/120 validation start
Epoch 020 | train_loss 0.2181 | val_loss 0.2006 | val_psnr 22.02 | val_lpips 0.0727 | val_lpips_full 0.0894 | edge 0.0220 | dark_noise 0.0094 | chroma 0.0635 | decomp 0.0580 | smooth_enh 0.0325 | lambda_mean 0.8578 | lambda_min 0.0066 | lambda_max 1.3393
Best model updated -> Epoch: 20, psnr: 22.0159, PSNR: 22.0159, LPIPS@loss: 0.0727, LPIPS full: 0.0894

Epoch 021/120 train start
Epoch 021/120 validation start
Epoch 021 | train_loss 0.2149 | val_loss 0.2057 | val_psnr 21.65 | val_lpips 0.0711 | val_lpips_full 0.0865 | edge 0.0220 | dark_noise 0.0094 | chroma 0.0646 | decomp 0.0554 | smooth_enh 0.0309 | lambda_mean 0.8619 | lambda_min 0.0042 | lambda_max 1.3398

Epoch 022/120 train start
Epoch 022/120 validation start
Epoch 022 | train_loss 0.2144 | val_loss 0.2025 | val_psnr 22.85 | val_lpips 0.0666 | val_lpips_full 0.0835 | edge 0.0215 | dark_noise 0.0095 | chroma 0.0587 | decomp 0.0707 | smooth_enh 0.0324 | lambda_mean 0.8388 | lambda_min 0.0064 | lambda_max 1.3361
Best model updated -> Epoch: 22, psnr: 22.8497, PSNR: 22.8497, LPIPS@loss: 0.0666, LPIPS full: 0.0835

Epoch 023/120 train start
Epoch 023/120 validation start
Epoch 023 | train_loss 0.2113 | val_loss 0.1951 | val_psnr 22.33 | val_lpips 0.0680 | val_lpips_full 0.0840 | edge 0.0214 | dark_noise 0.0093 | chroma 0.0595 | decomp 0.0575 | smooth_enh 0.0305 | lambda_mean 0.8597 | lambda_min 0.0077 | lambda_max 1.3371

Epoch 024/120 train start
Epoch 024/120 validation start
Epoch 024 | train_loss 0.2143 | val_loss 0.1975 | val_psnr 22.43 | val_lpips 0.0652 | val_lpips_full 0.0799 | edge 0.0214 | dark_noise 0.0093 | chroma 0.0580 | decomp 0.0612 | smooth_enh 0.0298 | lambda_mean 0.8662 | lambda_min 0.0052 | lambda_max 1.3372

Epoch 025/120 train start
Epoch 025/120 validation start
Epoch 025 | train_loss 0.2092 | val_loss 0.1996 | val_psnr 22.41 | val_lpips 0.0687 | val_lpips_full 0.0859 | edge 0.0211 | dark_noise 0.0094 | chroma 0.0648 | decomp 0.0637 | smooth_enh 0.0309 | lambda_mean 0.8597 | lambda_min 0.0080 | lambda_max 1.3397

Epoch 026/120 train start
Epoch 026/120 validation start
Epoch 026 | train_loss 0.2077 | val_loss 0.2029 | val_psnr 22.85 | val_lpips 0.0705 | val_lpips_full 0.0876 | edge 0.0210 | dark_noise 0.0095 | chroma 0.0644 | decomp 0.0702 | smooth_enh 0.0300 | lambda_mean 0.8545 | lambda_min 0.0076 | lambda_max 1.3310
Best model updated -> Epoch: 26, psnr: 22.8529, PSNR: 22.8529, LPIPS@loss: 0.0705, LPIPS full: 0.0876

Epoch 027/120 train start
Epoch 027/120 validation start
Epoch 027 | train_loss 0.2096 | val_loss 0.1957 | val_psnr 23.12 | val_lpips 0.0643 | val_lpips_full 0.0817 | edge 0.0207 | dark_noise 0.0095 | chroma 0.0616 | decomp 0.0662 | smooth_enh 0.0305 | lambda_mean 0.8543 | lambda_min 0.0071 | lambda_max 1.3385
Best model updated -> Epoch: 27, psnr: 23.1222, PSNR: 23.1222, LPIPS@loss: 0.0643, LPIPS full: 0.0817

Epoch 028/120 train start
Epoch 028/120 validation start
Epoch 028 | train_loss 0.2101 | val_loss 0.2041 | val_psnr 22.98 | val_lpips 0.0666 | val_lpips_full 0.0836 | edge 0.0210 | dark_noise 0.0095 | chroma 0.0629 | decomp 0.0741 | smooth_enh 0.0293 | lambda_mean 0.8556 | lambda_min 0.0131 | lambda_max 1.3378

Epoch 029/120 train start
Epoch 029/120 validation start
Epoch 029 | train_loss 0.2079 | val_loss 0.1946 | val_psnr 22.38 | val_lpips 0.0698 | val_lpips_full 0.0869 | edge 0.0216 | dark_noise 0.0095 | chroma 0.0698 | decomp 0.0572 | smooth_enh 0.0296 | lambda_mean 0.8854 | lambda_min 0.0098 | lambda_max 1.3411

Epoch 030/120 train start
Epoch 030/120 validation start
Epoch 030 | train_loss 0.2060 | val_loss 0.1911 | val_psnr 23.20 | val_lpips 0.0696 | val_lpips_full 0.0870 | edge 0.0210 | dark_noise 0.0094 | chroma 0.0618 | decomp 0.0634 | smooth_enh 0.0302 | lambda_mean 0.8703 | lambda_min 0.0106 | lambda_max 1.3410
Best model updated -> Epoch: 30, psnr: 23.1984, PSNR: 23.1984, LPIPS@loss: 0.0696, LPIPS full: 0.0870

Epoch 031/120 train start
Epoch 031/120 validation start
Epoch 031 | train_loss 0.2045 | val_loss 0.1947 | val_psnr 23.06 | val_lpips 0.0628 | val_lpips_full 0.0792 | edge 0.0207 | dark_noise 0.0093 | chroma 0.0622 | decomp 0.0640 | smooth_enh 0.0289 | lambda_mean 0.8734 | lambda_min 0.0126 | lambda_max 1.3392

Epoch 032/120 train start
Epoch 032/120 validation start
Epoch 032 | train_loss 0.2038 | val_loss 0.1896 | val_psnr 22.80 | val_lpips 0.0617 | val_lpips_full 0.0775 | edge 0.0207 | dark_noise 0.0092 | chroma 0.0583 | decomp 0.0586 | smooth_enh 0.0277 | lambda_mean 0.8595 | lambda_min 0.0076 | lambda_max 1.3361

Epoch 033/120 train start
Epoch 033/120 validation start
Epoch 033 | train_loss 0.2031 | val_loss 0.1892 | val_psnr 22.82 | val_lpips 0.0695 | val_lpips_full 0.0849 | edge 0.0209 | dark_noise 0.0094 | chroma 0.0598 | decomp 0.0565 | smooth_enh 0.0275 | lambda_mean 0.8921 | lambda_min 0.0141 | lambda_max 1.3383

Epoch 034/120 train start
Epoch 034/120 validation start
Epoch 034 | train_loss 0.2034 | val_loss 0.1956 | val_psnr 22.63 | val_lpips 0.0735 | val_lpips_full 0.0896 | edge 0.0211 | dark_noise 0.0095 | chroma 0.0736 | decomp 0.0588 | smooth_enh 0.0268 | lambda_mean 0.8562 | lambda_min 0.0087 | lambda_max 1.3298

Epoch 035/120 train start
Epoch 035/120 validation start
Epoch 035 | train_loss 0.2023 | val_loss 0.1847 | val_psnr 23.09 | val_lpips 0.0579 | val_lpips_full 0.0742 | edge 0.0211 | dark_noise 0.0092 | chroma 0.0540 | decomp 0.0555 | smooth_enh 0.0276 | lambda_mean 0.8869 | lambda_min 0.0076 | lambda_max 1.3406

Epoch 036/120 train start
Epoch 036/120 validation start
Epoch 036 | train_loss 0.1992 | val_loss 0.1882 | val_psnr 23.60 | val_lpips 0.0569 | val_lpips_full 0.0729 | edge 0.0205 | dark_noise 0.0093 | chroma 0.0544 | decomp 0.0652 | smooth_enh 0.0272 | lambda_mean 0.8589 | lambda_min 0.0098 | lambda_max 1.3380
Best model updated -> Epoch: 36, psnr: 23.5986, PSNR: 23.5986, LPIPS@loss: 0.0569, LPIPS full: 0.0729

Epoch 037/120 train start
Epoch 037/120 validation start
Epoch 037 | train_loss 0.2002 | val_loss 0.1843 | val_psnr 23.01 | val_lpips 0.0593 | val_lpips_full 0.0743 | edge 0.0212 | dark_noise 0.0091 | chroma 0.0552 | decomp 0.0541 | smooth_enh 0.0270 | lambda_mean 0.8769 | lambda_min 0.0094 | lambda_max 1.3384

Epoch 038/120 train start
Epoch 038/120 validation start
Epoch 038 | train_loss 0.2030 | val_loss 0.1875 | val_psnr 22.88 | val_lpips 0.0641 | val_lpips_full 0.0798 | edge 0.0214 | dark_noise 0.0093 | chroma 0.0601 | decomp 0.0543 | smooth_enh 0.0277 | lambda_mean 0.8705 | lambda_min 0.0096 | lambda_max 1.3380

Epoch 039/120 train start
Epoch 039/120 validation start
Epoch 039 | train_loss 0.1998 | val_loss 0.1967 | val_psnr 23.46 | val_lpips 0.0583 | val_lpips_full 0.0745 | edge 0.0205 | dark_noise 0.0093 | chroma 0.0582 | decomp 0.0699 | smooth_enh 0.0265 | lambda_mean 0.8551 | lambda_min 0.0109 | lambda_max 1.3347

Epoch 040/120 train start
Epoch 040/120 validation start
Epoch 040 | train_loss 0.1972 | val_loss 0.1826 | val_psnr 23.48 | val_lpips 0.0572 | val_lpips_full 0.0720 | edge 0.0206 | dark_noise 0.0092 | chroma 0.0547 | decomp 0.0577 | smooth_enh 0.0257 | lambda_mean 0.8728 | lambda_min 0.0092 | lambda_max 1.3364

Epoch 041/120 train start
Epoch 041/120 validation start
Epoch 041 | train_loss 0.1955 | val_loss 0.1904 | val_psnr 23.67 | val_lpips 0.0572 | val_lpips_full 0.0736 | edge 0.0207 | dark_noise 0.0094 | chroma 0.0561 | decomp 0.0675 | smooth_enh 0.0261 | lambda_mean 0.8621 | lambda_min 0.0085 | lambda_max 1.3366
Best model updated -> Epoch: 41, psnr: 23.6725, PSNR: 23.6725, LPIPS@loss: 0.0572, LPIPS full: 0.0736

Epoch 042/120 train start
Epoch 042/120 validation start
Epoch 042 | train_loss 0.1973 | val_loss 0.1866 | val_psnr 22.29 | val_lpips 0.0635 | val_lpips_full 0.0779 | edge 0.0209 | dark_noise 0.0092 | chroma 0.0574 | decomp 0.0489 | smooth_enh 0.0249 | lambda_mean 0.8876 | lambda_min 0.0144 | lambda_max 1.3378

Epoch 043/120 train start
Epoch 043/120 validation start
Epoch 043 | train_loss 0.1956 | val_loss 0.1826 | val_psnr 23.50 | val_lpips 0.0571 | val_lpips_full 0.0729 | edge 0.0204 | dark_noise 0.0092 | chroma 0.0555 | decomp 0.0582 | smooth_enh 0.0253 | lambda_mean 0.8730 | lambda_min 0.0101 | lambda_max 1.3378

Epoch 044/120 train start
Epoch 044/120 validation start
Epoch 044 | train_loss 0.1941 | val_loss 0.1816 | val_psnr 23.35 | val_lpips 0.0572 | val_lpips_full 0.0723 | edge 0.0204 | dark_noise 0.0092 | chroma 0.0590 | decomp 0.0566 | smooth_enh 0.0254 | lambda_mean 0.8791 | lambda_min 0.0125 | lambda_max 1.3356

Epoch 045/120 train start
Epoch 045/120 validation start
Epoch 045 | train_loss 0.1929 | val_loss 0.1807 | val_psnr 22.92 | val_lpips 0.0556 | val_lpips_full 0.0714 | edge 0.0206 | dark_noise 0.0092 | chroma 0.0543 | decomp 0.0497 | smooth_enh 0.0246 | lambda_mean 0.8692 | lambda_min 0.0112 | lambda_max 1.3352

Epoch 046/120 train start
Epoch 046/120 validation start
Epoch 046 | train_loss 0.1943 | val_loss 0.1890 | val_psnr 23.01 | val_lpips 0.0617 | val_lpips_full 0.0776 | edge 0.0202 | dark_noise 0.0092 | chroma 0.0681 | decomp 0.0597 | smooth_enh 0.0240 | lambda_mean 0.8661 | lambda_min 0.0109 | lambda_max 1.3338

Epoch 047/120 train start
Epoch 047/120 validation start
Epoch 047 | train_loss 0.1923 | val_loss 0.1834 | val_psnr 23.28 | val_lpips 0.0590 | val_lpips_full 0.0751 | edge 0.0205 | dark_noise 0.0093 | chroma 0.0570 | decomp 0.0580 | smooth_enh 0.0248 | lambda_mean 0.8877 | lambda_min 0.0116 | lambda_max 1.3368

Epoch 048/120 train start
Epoch 048/120 validation start
Epoch 048 | train_loss 0.1913 | val_loss 0.1809 | val_psnr 23.21 | val_lpips 0.0595 | val_lpips_full 0.0746 | edge 0.0201 | dark_noise 0.0092 | chroma 0.0560 | decomp 0.0561 | smooth_enh 0.0232 | lambda_mean 0.8717 | lambda_min 0.0144 | lambda_max 1.3296

Epoch 049/120 train start
Epoch 049/120 validation start
Epoch 049 | train_loss 0.1917 | val_loss 0.1903 | val_psnr 22.74 | val_lpips 0.0624 | val_lpips_full 0.0781 | edge 0.0203 | dark_noise 0.0093 | chroma 0.0577 | decomp 0.0610 | smooth_enh 0.0229 | lambda_mean 0.8672 | lambda_min 0.0102 | lambda_max 1.3296

Epoch 050/120 train start
Epoch 050/120 validation start
Epoch 050 | train_loss 0.1916 | val_loss 0.1759 | val_psnr 23.92 | val_lpips 0.0530 | val_lpips_full 0.0682 | edge 0.0200 | dark_noise 0.0092 | chroma 0.0524 | decomp 0.0565 | smooth_enh 0.0238 | lambda_mean 0.8716 | lambda_min 0.0124 | lambda_max 1.3326
Best model updated -> Epoch: 50, psnr: 23.9239, PSNR: 23.9239, LPIPS@loss: 0.0530, LPIPS full: 0.0682

Epoch 051/120 train start
Epoch 051/120 validation start
Epoch 051 | train_loss 0.1911 | val_loss 0.1823 | val_psnr 23.37 | val_lpips 0.0579 | val_lpips_full 0.0732 | edge 0.0204 | dark_noise 0.0093 | chroma 0.0557 | decomp 0.0588 | smooth_enh 0.0230 | lambda_mean 0.8733 | lambda_min 0.0102 | lambda_max 1.3265

Epoch 052/120 train start
Epoch 052/120 validation start
Epoch 052 | train_loss 0.1891 | val_loss 0.1777 | val_psnr 23.97 | val_lpips 0.0509 | val_lpips_full 0.0661 | edge 0.0197 | dark_noise 0.0092 | chroma 0.0514 | decomp 0.0612 | smooth_enh 0.0222 | lambda_mean 0.8591 | lambda_min 0.0118 | lambda_max 1.3257
Best model updated -> Epoch: 52, psnr: 23.9711, PSNR: 23.9711, LPIPS@loss: 0.0509, LPIPS full: 0.0661

Epoch 053/120 train start
Epoch 053/120 validation start
Epoch 053 | train_loss 0.1899 | val_loss 0.1791 | val_psnr 23.79 | val_lpips 0.0556 | val_lpips_full 0.0715 | edge 0.0200 | dark_noise 0.0093 | chroma 0.0584 | decomp 0.0608 | smooth_enh 0.0230 | lambda_mean 0.8789 | lambda_min 0.0098 | lambda_max 1.3314

Epoch 054/120 train start
Epoch 054/120 validation start
Epoch 054 | train_loss 0.1901 | val_loss 0.1834 | val_psnr 23.35 | val_lpips 0.0615 | val_lpips_full 0.0781 | edge 0.0203 | dark_noise 0.0093 | chroma 0.0585 | decomp 0.0586 | smooth_enh 0.0234 | lambda_mean 0.8668 | lambda_min 0.0122 | lambda_max 1.3264

Epoch 055/120 train start
Epoch 055/120 validation start
Epoch 055 | train_loss 0.1877 | val_loss 0.1778 | val_psnr 23.47 | val_lpips 0.0553 | val_lpips_full 0.0704 | edge 0.0205 | dark_noise 0.0092 | chroma 0.0518 | decomp 0.0547 | smooth_enh 0.0226 | lambda_mean 0.8647 | lambda_min 0.0083 | lambda_max 1.3251

Epoch 056/120 train start
Epoch 056/120 validation start
Epoch 056 | train_loss 0.1879 | val_loss 0.1754 | val_psnr 23.71 | val_lpips 0.0539 | val_lpips_full 0.0696 | edge 0.0202 | dark_noise 0.0092 | chroma 0.0548 | decomp 0.0551 | smooth_enh 0.0226 | lambda_mean 0.8650 | lambda_min 0.0114 | lambda_max 1.3264

Epoch 057/120 train start
Epoch 057/120 validation start
Epoch 057 | train_loss 0.1870 | val_loss 0.1749 | val_psnr 23.93 | val_lpips 0.0518 | val_lpips_full 0.0667 | edge 0.0198 | dark_noise 0.0092 | chroma 0.0512 | decomp 0.0573 | smooth_enh 0.0224 | lambda_mean 0.8660 | lambda_min 0.0136 | lambda_max 1.3238

Epoch 058/120 train start
Epoch 058/120 validation start
Epoch 058 | train_loss 0.1876 | val_loss 0.1766 | val_psnr 23.67 | val_lpips 0.0544 | val_lpips_full 0.0698 | edge 0.0199 | dark_noise 0.0091 | chroma 0.0540 | decomp 0.0558 | smooth_enh 0.0225 | lambda_mean 0.8727 | lambda_min 0.0130 | lambda_max 1.3264

Epoch 059/120 train start
Epoch 059/120 validation start
Epoch 059 | train_loss 0.1854 | val_loss 0.1768 | val_psnr 23.62 | val_lpips 0.0524 | val_lpips_full 0.0673 | edge 0.0198 | dark_noise 0.0092 | chroma 0.0521 | decomp 0.0576 | smooth_enh 0.0213 | lambda_mean 0.8747 | lambda_min 0.0154 | lambda_max 1.3174

Epoch 060/120 train start
Epoch 060/120 validation start
Epoch 060 | train_loss 0.1864 | val_loss 0.1747 | val_psnr 23.74 | val_lpips 0.0540 | val_lpips_full 0.0681 | edge 0.0199 | dark_noise 0.0091 | chroma 0.0516 | decomp 0.0549 | smooth_enh 0.0210 | lambda_mean 0.8645 | lambda_min 0.0109 | lambda_max 1.3135

Epoch 061/120 train start
Epoch 061/120 validation start
Epoch 061 | train_loss 0.1844 | val_loss 0.1759 | val_psnr 23.56 | val_lpips 0.0524 | val_lpips_full 0.0671 | edge 0.0200 | dark_noise 0.0091 | chroma 0.0500 | decomp 0.0539 | smooth_enh 0.0221 | lambda_mean 0.8617 | lambda_min 0.0097 | lambda_max 1.3186

Epoch 062/120 train start
Epoch 062/120 validation start
Epoch 062 | train_loss 0.1851 | val_loss 0.1718 | val_psnr 24.16 | val_lpips 0.0492 | val_lpips_full 0.0642 | edge 0.0201 | dark_noise 0.0092 | chroma 0.0485 | decomp 0.0565 | smooth_enh 0.0217 | lambda_mean 0.8631 | lambda_min 0.0126 | lambda_max 1.3202
Best model updated -> Epoch: 62, psnr: 24.1572, PSNR: 24.1572, LPIPS@loss: 0.0492, LPIPS full: 0.0642

Epoch 063/120 train start
Epoch 063/120 validation start
Epoch 063 | train_loss 0.1841 | val_loss 0.1755 | val_psnr 23.78 | val_lpips 0.0519 | val_lpips_full 0.0682 | edge 0.0198 | dark_noise 0.0093 | chroma 0.0576 | decomp 0.0593 | smooth_enh 0.0215 | lambda_mean 0.8696 | lambda_min 0.0117 | lambda_max 1.3206

Epoch 064/120 train start
Epoch 064/120 validation start
Epoch 064 | train_loss 0.1823 | val_loss 0.1749 | val_psnr 23.21 | val_lpips 0.0529 | val_lpips_full 0.0675 | edge 0.0202 | dark_noise 0.0091 | chroma 0.0519 | decomp 0.0499 | smooth_enh 0.0217 | lambda_mean 0.8749 | lambda_min 0.0121 | lambda_max 1.3235

Epoch 065/120 train start
Epoch 065/120 validation start
Epoch 065 | train_loss 0.1841 | val_loss 0.1763 | val_psnr 23.93 | val_lpips 0.0521 | val_lpips_full 0.0673 | edge 0.0194 | dark_noise 0.0091 | chroma 0.0525 | decomp 0.0597 | smooth_enh 0.0212 | lambda_mean 0.8595 | lambda_min 0.0145 | lambda_max 1.3152

Epoch 066/120 train start
Epoch 066/120 validation start
Epoch 066 | train_loss 0.1827 | val_loss 0.1731 | val_psnr 23.71 | val_lpips 0.0497 | val_lpips_full 0.0643 | edge 0.0197 | dark_noise 0.0091 | chroma 0.0503 | decomp 0.0537 | smooth_enh 0.0213 | lambda_mean 0.8666 | lambda_min 0.0134 | lambda_max 1.3138

Epoch 067/120 train start
Epoch 067/120 validation start
Epoch 067 | train_loss 0.1822 | val_loss 0.1753 | val_psnr 24.15 | val_lpips 0.0501 | val_lpips_full 0.0653 | edge 0.0197 | dark_noise 0.0091 | chroma 0.0513 | decomp 0.0612 | smooth_enh 0.0214 | lambda_mean 0.8562 | lambda_min 0.0136 | lambda_max 1.3119

Epoch 068/120 train start
Epoch 068/120 validation start
Epoch 068 | train_loss 0.1803 | val_loss 0.1738 | val_psnr 23.82 | val_lpips 0.0513 | val_lpips_full 0.0663 | edge 0.0201 | dark_noise 0.0091 | chroma 0.0503 | decomp 0.0556 | smooth_enh 0.0211 | lambda_mean 0.8670 | lambda_min 0.0124 | lambda_max 1.3183

Epoch 069/120 train start
Epoch 069/120 validation start
Epoch 069 | train_loss 0.1818 | val_loss 0.1739 | val_psnr 24.08 | val_lpips 0.0499 | val_lpips_full 0.0650 | edge 0.0196 | dark_noise 0.0091 | chroma 0.0503 | decomp 0.0583 | smooth_enh 0.0211 | lambda_mean 0.8629 | lambda_min 0.0125 | lambda_max 1.3138

Epoch 070/120 train start
Epoch 070/120 validation start
Epoch 070 | train_loss 0.1809 | val_loss 0.1750 | val_psnr 23.68 | val_lpips 0.0517 | val_lpips_full 0.0675 | edge 0.0201 | dark_noise 0.0092 | chroma 0.0523 | decomp 0.0564 | smooth_enh 0.0214 | lambda_mean 0.8761 | lambda_min 0.0107 | lambda_max 1.3219

Epoch 071/120 train start
Epoch 071/120 validation start
Epoch 071 | train_loss 0.1794 | val_loss 0.1702 | val_psnr 24.12 | val_lpips 0.0504 | val_lpips_full 0.0655 | edge 0.0197 | dark_noise 0.0091 | chroma 0.0498 | decomp 0.0546 | smooth_enh 0.0204 | lambda_mean 0.8664 | lambda_min 0.0118 | lambda_max 1.3112

Epoch 072/120 train start
Epoch 072/120 validation start
Epoch 072 | train_loss 0.1780 | val_loss 0.1767 | val_psnr 23.84 | val_lpips 0.0549 | val_lpips_full 0.0695 | edge 0.0201 | dark_noise 0.0092 | chroma 0.0549 | decomp 0.0564 | smooth_enh 0.0202 | lambda_mean 0.8718 | lambda_min 0.0135 | lambda_max 1.3147

Epoch 073/120 train start
Epoch 073/120 validation start
Epoch 073 | train_loss 0.1782 | val_loss 0.1708 | val_psnr 23.91 | val_lpips 0.0485 | val_lpips_full 0.0631 | edge 0.0196 | dark_noise 0.0091 | chroma 0.0490 | decomp 0.0545 | smooth_enh 0.0206 | lambda_mean 0.8649 | lambda_min 0.0121 | lambda_max 1.3135

Epoch 074/120 train start
Epoch 074/120 validation start
Epoch 074 | train_loss 0.1759 | val_loss 0.1680 | val_psnr 24.29 | val_lpips 0.0481 | val_lpips_full 0.0632 | edge 0.0196 | dark_noise 0.0091 | chroma 0.0486 | decomp 0.0547 | smooth_enh 0.0201 | lambda_mean 0.8654 | lambda_min 0.0122 | lambda_max 1.3074
Best model updated -> Epoch: 74, psnr: 24.2908, PSNR: 24.2908, LPIPS@loss: 0.0481, LPIPS full: 0.0632

Epoch 075/120 train start
Epoch 075/120 validation start
Epoch 075 | train_loss 0.1806 | val_loss 0.1693 | val_psnr 24.31 | val_lpips 0.0480 | val_lpips_full 0.0630 | edge 0.0195 | dark_noise 0.0092 | chroma 0.0493 | decomp 0.0566 | smooth_enh 0.0197 | lambda_mean 0.8596 | lambda_min 0.0129 | lambda_max 1.3048
Best model updated -> Epoch: 75, psnr: 24.3137, PSNR: 24.3137, LPIPS@loss: 0.0480, LPIPS full: 0.0630

Epoch 076/120 train start
Epoch 076/120 validation start
Epoch 076 | train_loss 0.1762 | val_loss 0.1702 | val_psnr 24.30 | val_lpips 0.0491 | val_lpips_full 0.0643 | edge 0.0195 | dark_noise 0.0092 | chroma 0.0488 | decomp 0.0579 | smooth_enh 0.0201 | lambda_mean 0.8597 | lambda_min 0.0125 | lambda_max 1.3022

Epoch 077/120 train start
Epoch 077/120 validation start
Epoch 077 | train_loss 0.1766 | val_loss 0.1665 | val_psnr 24.28 | val_lpips 0.0465 | val_lpips_full 0.0610 | edge 0.0194 | dark_noise 0.0091 | chroma 0.0469 | decomp 0.0546 | smooth_enh 0.0200 | lambda_mean 0.8719 | lambda_min 0.0131 | lambda_max 1.3082

Epoch 078/120 train start
Epoch 078/120 validation start
Epoch 078 | train_loss 0.1757 | val_loss 0.1668 | val_psnr 24.42 | val_lpips 0.0464 | val_lpips_full 0.0611 | edge 0.0195 | dark_noise 0.0091 | chroma 0.0479 | decomp 0.0538 | smooth_enh 0.0197 | lambda_mean 0.8608 | lambda_min 0.0125 | lambda_max 1.3024
Best model updated -> Epoch: 78, psnr: 24.4184, PSNR: 24.4184, LPIPS@loss: 0.0464, LPIPS full: 0.0611

Epoch 079/120 train start
Epoch 079/120 validation start
Epoch 079 | train_loss 0.1751 | val_loss 0.1684 | val_psnr 23.59 | val_lpips 0.0502 | val_lpips_full 0.0643 | edge 0.0200 | dark_noise 0.0090 | chroma 0.0503 | decomp 0.0470 | smooth_enh 0.0203 | lambda_mean 0.8710 | lambda_min 0.0114 | lambda_max 1.3102

Epoch 080/120 train start
Epoch 080/120 validation start
Epoch 080 | train_loss 0.1764 | val_loss 0.1690 | val_psnr 24.19 | val_lpips 0.0479 | val_lpips_full 0.0627 | edge 0.0199 | dark_noise 0.0091 | chroma 0.0486 | decomp 0.0547 | smooth_enh 0.0201 | lambda_mean 0.8602 | lambda_min 0.0125 | lambda_max 1.3057

Epoch 081/120 train start
Epoch 081/120 validation start
Epoch 081 | train_loss 0.1745 | val_loss 0.1679 | val_psnr 24.19 | val_lpips 0.0485 | val_lpips_full 0.0632 | edge 0.0198 | dark_noise 0.0092 | chroma 0.0489 | decomp 0.0520 | smooth_enh 0.0195 | lambda_mean 0.8605 | lambda_min 0.0117 | lambda_max 1.3005

Epoch 082/120 train start
Epoch 082/120 validation start
Epoch 082 | train_loss 0.1729 | val_loss 0.1685 | val_psnr 23.98 | val_lpips 0.0501 | val_lpips_full 0.0651 | edge 0.0198 | dark_noise 0.0091 | chroma 0.0499 | decomp 0.0517 | smooth_enh 0.0201 | lambda_mean 0.8718 | lambda_min 0.0138 | lambda_max 1.3077

Epoch 083/120 train start
Epoch 083/120 validation start
Epoch 083 | train_loss 0.1736 | val_loss 0.1711 | val_psnr 24.82 | val_lpips 0.0460 | val_lpips_full 0.0615 | edge 0.0196 | dark_noise 0.0092 | chroma 0.0478 | decomp 0.0620 | smooth_enh 0.0199 | lambda_mean 0.8507 | lambda_min 0.0118 | lambda_max 1.2989
Best model updated -> Epoch: 83, psnr: 24.8196, PSNR: 24.8196, LPIPS@loss: 0.0460, LPIPS full: 0.0615

Epoch 084/120 train start
Epoch 084/120 validation start
Epoch 084 | train_loss 0.1749 | val_loss 0.1667 | val_psnr 24.29 | val_lpips 0.0476 | val_lpips_full 0.0623 | edge 0.0195 | dark_noise 0.0090 | chroma 0.0467 | decomp 0.0533 | smooth_enh 0.0193 | lambda_mean 0.8633 | lambda_min 0.0101 | lambda_max 1.3024

Epoch 085/120 train start
Epoch 085/120 validation start
Epoch 085 | train_loss 0.1741 | val_loss 0.1668 | val_psnr 24.41 | val_lpips 0.0453 | val_lpips_full 0.0599 | edge 0.0195 | dark_noise 0.0090 | chroma 0.0457 | decomp 0.0555 | smooth_enh 0.0197 | lambda_mean 0.8558 | lambda_min 0.0126 | lambda_max 1.3000

Epoch 086/120 train start
Epoch 086/120 validation start
Epoch 086 | train_loss 0.1737 | val_loss 0.1636 | val_psnr 24.31 | val_lpips 0.0456 | val_lpips_full 0.0600 | edge 0.0195 | dark_noise 0.0090 | chroma 0.0457 | decomp 0.0523 | smooth_enh 0.0201 | lambda_mean 0.8716 | lambda_min 0.0133 | lambda_max 1.3079

Epoch 087/120 train start
Epoch 087/120 validation start
Epoch 087 | train_loss 0.1730 | val_loss 0.1673 | val_psnr 24.74 | val_lpips 0.0445 | val_lpips_full 0.0595 | edge 0.0195 | dark_noise 0.0091 | chroma 0.0452 | decomp 0.0595 | smooth_enh 0.0199 | lambda_mean 0.8629 | lambda_min 0.0105 | lambda_max 1.3027

Epoch 088/120 train start
Epoch 088/120 validation start
Epoch 088 | train_loss 0.1719 | val_loss 0.1679 | val_psnr 24.87 | val_lpips 0.0450 | val_lpips_full 0.0605 | edge 0.0194 | dark_noise 0.0092 | chroma 0.0464 | decomp 0.0612 | smooth_enh 0.0198 | lambda_mean 0.8570 | lambda_min 0.0112 | lambda_max 1.2998
Best model updated -> Epoch: 88, psnr: 24.8731, PSNR: 24.8731, LPIPS@loss: 0.0450, LPIPS full: 0.0605

Epoch 089/120 train start
Epoch 089/120 validation start
Epoch 089 | train_loss 0.1734 | val_loss 0.1647 | val_psnr 24.41 | val_lpips 0.0457 | val_lpips_full 0.0605 | edge 0.0196 | dark_noise 0.0091 | chroma 0.0465 | decomp 0.0549 | smooth_enh 0.0197 | lambda_mean 0.8618 | lambda_min 0.0114 | lambda_max 1.3011

Epoch 090/120 train start
Epoch 090/120 validation start
Epoch 090 | train_loss 0.1702 | val_loss 0.1656 | val_psnr 24.86 | val_lpips 0.0435 | val_lpips_full 0.0588 | edge 0.0195 | dark_noise 0.0092 | chroma 0.0451 | decomp 0.0587 | smooth_enh 0.0196 | lambda_mean 0.8540 | lambda_min 0.0123 | lambda_max 1.2965

Epoch 091/120 train start
Epoch 091/120 validation start
Epoch 091 | train_loss 0.1714 | val_loss 0.1650 | val_psnr 24.52 | val_lpips 0.0463 | val_lpips_full 0.0610 | edge 0.0195 | dark_noise 0.0091 | chroma 0.0465 | decomp 0.0543 | smooth_enh 0.0195 | lambda_mean 0.8635 | lambda_min 0.0136 | lambda_max 1.2972

Epoch 092/120 train start
Epoch 092/120 validation start
Epoch 092 | train_loss 0.1710 | val_loss 0.1671 | val_psnr 24.73 | val_lpips 0.0443 | val_lpips_full 0.0590 | edge 0.0195 | dark_noise 0.0092 | chroma 0.0453 | decomp 0.0582 | smooth_enh 0.0196 | lambda_mean 0.8566 | lambda_min 0.0143 | lambda_max 1.2931

Epoch 093/120 train start
Epoch 093/120 validation start
Epoch 093 | train_loss 0.1708 | val_loss 0.1629 | val_psnr 24.60 | val_lpips 0.0447 | val_lpips_full 0.0591 | edge 0.0195 | dark_noise 0.0091 | chroma 0.0455 | decomp 0.0542 | smooth_enh 0.0199 | lambda_mean 0.8648 | lambda_min 0.0129 | lambda_max 1.2996

Epoch 094/120 train start
Epoch 094/120 validation start
Epoch 094 | train_loss 0.1704 | val_loss 0.1626 | val_psnr 24.56 | val_lpips 0.0441 | val_lpips_full 0.0583 | edge 0.0195 | dark_noise 0.0091 | chroma 0.0444 | decomp 0.0531 | smooth_enh 0.0193 | lambda_mean 0.8667 | lambda_min 0.0127 | lambda_max 1.2980

Epoch 095/120 train start
Epoch 095/120 validation start
Epoch 095 | train_loss 0.1693 | val_loss 0.1627 | val_psnr 24.71 | val_lpips 0.0438 | val_lpips_full 0.0584 | edge 0.0194 | dark_noise 0.0091 | chroma 0.0459 | decomp 0.0541 | smooth_enh 0.0192 | lambda_mean 0.8596 | lambda_min 0.0107 | lambda_max 1.2955

Epoch 096/120 train start
Epoch 096/120 validation start
Epoch 096 | train_loss 0.1702 | val_loss 0.1644 | val_psnr 24.42 | val_lpips 0.0456 | val_lpips_full 0.0603 | edge 0.0196 | dark_noise 0.0091 | chroma 0.0458 | decomp 0.0543 | smooth_enh 0.0192 | lambda_mean 0.8623 | lambda_min 0.0123 | lambda_max 1.2959

Epoch 097/120 train start
Epoch 097/120 validation start
Epoch 097 | train_loss 0.1688 | val_loss 0.1649 | val_psnr 24.24 | val_lpips 0.0454 | val_lpips_full 0.0599 | edge 0.0195 | dark_noise 0.0091 | chroma 0.0462 | decomp 0.0529 | smooth_enh 0.0194 | lambda_mean 0.8692 | lambda_min 0.0135 | lambda_max 1.3006

Epoch 098/120 train start
Epoch 098/120 validation start
Epoch 098 | train_loss 0.1684 | val_loss 0.1643 | val_psnr 24.35 | val_lpips 0.0453 | val_lpips_full 0.0596 | edge 0.0196 | dark_noise 0.0090 | chroma 0.0450 | decomp 0.0527 | smooth_enh 0.0194 | lambda_mean 0.8615 | lambda_min 0.0102 | lambda_max 1.2927

Epoch 099/120 train start
Epoch 099/120 validation start
Epoch 099 | train_loss 0.1684 | val_loss 0.1611 | val_psnr 24.55 | val_lpips 0.0445 | val_lpips_full 0.0586 | edge 0.0195 | dark_noise 0.0090 | chroma 0.0445 | decomp 0.0511 | smooth_enh 0.0193 | lambda_mean 0.8652 | lambda_min 0.0127 | lambda_max 1.2943

Epoch 100/120 train start
Epoch 100/120 validation start
Epoch 100 | train_loss 0.1691 | val_loss 0.1638 | val_psnr 24.86 | val_lpips 0.0444 | val_lpips_full 0.0591 | edge 0.0195 | dark_noise 0.0091 | chroma 0.0446 | decomp 0.0564 | smooth_enh 0.0195 | lambda_mean 0.8601 | lambda_min 0.0116 | lambda_max 1.2963

Epoch 101/120 train start
Epoch 101/120 validation start
Epoch 101 | train_loss 0.1680 | val_loss 0.1622 | val_psnr 24.76 | val_lpips 0.0435 | val_lpips_full 0.0584 | edge 0.0195 | dark_noise 0.0091 | chroma 0.0451 | decomp 0.0545 | smooth_enh 0.0193 | lambda_mean 0.8595 | lambda_min 0.0115 | lambda_max 1.2935

Epoch 102/120 train start
Epoch 102/120 validation start
Epoch 102 | train_loss 0.1695 | val_loss 0.1617 | val_psnr 24.48 | val_lpips 0.0444 | val_lpips_full 0.0586 | edge 0.0194 | dark_noise 0.0090 | chroma 0.0449 | decomp 0.0522 | smooth_enh 0.0190 | lambda_mean 0.8635 | lambda_min 0.0118 | lambda_max 1.2914

Epoch 103/120 train start
Epoch 103/120 validation start
Epoch 103 | train_loss 0.1678 | val_loss 0.1626 | val_psnr 24.36 | val_lpips 0.0446 | val_lpips_full 0.0588 | edge 0.0194 | dark_noise 0.0090 | chroma 0.0446 | decomp 0.0514 | smooth_enh 0.0191 | lambda_mean 0.8642 | lambda_min 0.0120 | lambda_max 1.2928

Epoch 104/120 train start
Epoch 104/120 validation start
Epoch 104 | train_loss 0.1674 | val_loss 0.1629 | val_psnr 24.19 | val_lpips 0.0455 | val_lpips_full 0.0596 | edge 0.0196 | dark_noise 0.0090 | chroma 0.0454 | decomp 0.0498 | smooth_enh 0.0190 | lambda_mean 0.8631 | lambda_min 0.0110 | lambda_max 1.2889

Epoch 105/120 train start
Epoch 105/120 validation start
Epoch 105 | train_loss 0.1684 | val_loss 0.1631 | val_psnr 24.58 | val_lpips 0.0449 | val_lpips_full 0.0598 | edge 0.0195 | dark_noise 0.0091 | chroma 0.0449 | decomp 0.0536 | smooth_enh 0.0193 | lambda_mean 0.8637 | lambda_min 0.0120 | lambda_max 1.2967

Epoch 106/120 train start
Epoch 106/120 validation start
Epoch 106 | train_loss 0.1676 | val_loss 0.1630 | val_psnr 24.40 | val_lpips 0.0463 | val_lpips_full 0.0607 | edge 0.0196 | dark_noise 0.0090 | chroma 0.0459 | decomp 0.0505 | smooth_enh 0.0189 | lambda_mean 0.8635 | lambda_min 0.0120 | lambda_max 1.2906

Epoch 107/120 train start
Epoch 107/120 validation start
Epoch 107 | train_loss 0.1681 | val_loss 0.1613 | val_psnr 24.76 | val_lpips 0.0435 | val_lpips_full 0.0581 | edge 0.0195 | dark_noise 0.0091 | chroma 0.0438 | decomp 0.0533 | smooth_enh 0.0192 | lambda_mean 0.8623 | lambda_min 0.0121 | lambda_max 1.2919

Epoch 108/120 train start
Epoch 108/120 validation start
Epoch 108 | train_loss 0.1661 | val_loss 0.1615 | val_psnr 24.79 | val_lpips 0.0435 | val_lpips_full 0.0580 | edge 0.0194 | dark_noise 0.0091 | chroma 0.0444 | decomp 0.0538 | smooth_enh 0.0190 | lambda_mean 0.8605 | lambda_min 0.0130 | lambda_max 1.2919

Epoch 109/120 train start
Epoch 109/120 validation start
Epoch 109 | train_loss 0.1669 | val_loss 0.1609 | val_psnr 24.86 | val_lpips 0.0428 | val_lpips_full 0.0571 | edge 0.0194 | dark_noise 0.0091 | chroma 0.0438 | decomp 0.0543 | smooth_enh 0.0191 | lambda_mean 0.8624 | lambda_min 0.0123 | lambda_max 1.2932

Epoch 110/120 train start
Epoch 110/120 validation start
Epoch 110 | train_loss 0.1666 | val_loss 0.1615 | val_psnr 24.61 | val_lpips 0.0435 | val_lpips_full 0.0578 | edge 0.0194 | dark_noise 0.0090 | chroma 0.0434 | decomp 0.0528 | smooth_enh 0.0191 | lambda_mean 0.8638 | lambda_min 0.0126 | lambda_max 1.2925

Epoch 111/120 train start
Epoch 111/120 validation start
Epoch 111 | train_loss 0.1668 | val_loss 0.1622 | val_psnr 24.54 | val_lpips 0.0441 | val_lpips_full 0.0584 | edge 0.0195 | dark_noise 0.0090 | chroma 0.0439 | decomp 0.0521 | smooth_enh 0.0190 | lambda_mean 0.8628 | lambda_min 0.0118 | lambda_max 1.2900

Epoch 112/120 train start
Epoch 112/120 validation start
Epoch 112 | train_loss 0.1670 | val_loss 0.1616 | val_psnr 24.65 | val_lpips 0.0436 | val_lpips_full 0.0579 | edge 0.0194 | dark_noise 0.0090 | chroma 0.0438 | decomp 0.0530 | smooth_enh 0.0190 | lambda_mean 0.8600 | lambda_min 0.0120 | lambda_max 1.2881

Epoch 113/120 train start
Epoch 113/120 validation start
Epoch 113 | train_loss 0.1675 | val_loss 0.1619 | val_psnr 24.80 | val_lpips 0.0428 | val_lpips_full 0.0572 | edge 0.0194 | dark_noise 0.0091 | chroma 0.0433 | decomp 0.0547 | smooth_enh 0.0192 | lambda_mean 0.8619 | lambda_min 0.0131 | lambda_max 1.2902

Epoch 114/120 train start
Epoch 114/120 validation start
Epoch 114 | train_loss 0.1659 | val_loss 0.1623 | val_psnr 24.86 | val_lpips 0.0434 | val_lpips_full 0.0580 | edge 0.0195 | dark_noise 0.0091 | chroma 0.0442 | decomp 0.0551 | smooth_enh 0.0192 | lambda_mean 0.8609 | lambda_min 0.0126 | lambda_max 1.2886

Epoch 115/120 train start
Epoch 115/120 validation start
Epoch 115 | train_loss 0.1663 | val_loss 0.1612 | val_psnr 24.62 | val_lpips 0.0436 | val_lpips_full 0.0579 | edge 0.0194 | dark_noise 0.0090 | chroma 0.0437 | decomp 0.0521 | smooth_enh 0.0191 | lambda_mean 0.8639 | lambda_min 0.0118 | lambda_max 1.2904

Epoch 116/120 train start
Epoch 116/120 validation start
Epoch 116 | train_loss 0.1667 | val_loss 0.1612 | val_psnr 24.65 | val_lpips 0.0435 | val_lpips_full 0.0579 | edge 0.0194 | dark_noise 0.0090 | chroma 0.0437 | decomp 0.0527 | smooth_enh 0.0192 | lambda_mean 0.8630 | lambda_min 0.0119 | lambda_max 1.2900

Epoch 117/120 train start
Epoch 117/120 validation start
Epoch 117 | train_loss 0.1669 | val_loss 0.1610 | val_psnr 24.54 | val_lpips 0.0435 | val_lpips_full 0.0576 | edge 0.0194 | dark_noise 0.0090 | chroma 0.0439 | decomp 0.0519 | smooth_enh 0.0189 | lambda_mean 0.8625 | lambda_min 0.0126 | lambda_max 1.2870

Epoch 118/120 train start
Epoch 118/120 validation start
Epoch 118 | train_loss 0.1653 | val_loss 0.1609 | val_psnr 24.73 | val_lpips 0.0437 | val_lpips_full 0.0581 | edge 0.0195 | dark_noise 0.0090 | chroma 0.0445 | decomp 0.0527 | smooth_enh 0.0190 | lambda_mean 0.8614 | lambda_min 0.0120 | lambda_max 1.2874

Epoch 119/120 train start
Epoch 119/120 validation start
Epoch 119 | train_loss 0.1662 | val_loss 0.1609 | val_psnr 24.79 | val_lpips 0.0430 | val_lpips_full 0.0574 | edge 0.0194 | dark_noise 0.0090 | chroma 0.0433 | decomp 0.0536 | smooth_enh 0.0191 | lambda_mean 0.8636 | lambda_min 0.0127 | lambda_max 1.2903

Epoch 120/120 train start
Epoch 120/120 validation start
Epoch 120 | train_loss 0.1657 | val_loss 0.1619 | val_psnr 24.72 | val_lpips 0.0443 | val_lpips_full 0.0587 | edge 0.0196 | dark_noise 0.0091 | chroma 0.0442 | decomp 0.0531 | smooth_enh 0.0190 | lambda_mean 0.8609 | lambda_min 0.0123 | lambda_max 1.2879
===== TRAIN FINISHED =====
Best epoch: 88
Best psnr: 24.873065057826977
Best PSNR: 24.873065057826977
Best LPIPS@loss: 0.044984183750218815
Best LPIPS full: 0.0604844002570543
Best checkpoint: /content/retinextapetum_hpo/projects/lol_v2_synthetic/final/source_profile_baseline_seed_42/run/checkpoints/best.pth
Last checkpoint: /content/retinextapetum_hpo/projects/lol_v2_synthetic/final/source_profile_baseline_seed_42/run/checkpoints/last.pth
