DEVICE: cuda
TRAIN_LOW_DIR : /content/drive/MyDrive/TAPETUM/datasets/LOL-v2/Synthetic/Train/Low
TRAIN_HIGH_DIR: /content/drive/MyDrive/TAPETUM/datasets/LOL-v2/Synthetic/Train/Normal
VAL_LOW_DIR   : /content/drive/MyDrive/TAPETUM/datasets/LOL-v2/Synthetic/Val/Low
VAL_HIGH_DIR  : /content/drive/MyDrive/TAPETUM/datasets/LOL-v2/Synthetic/Val/Normal
CKPT_DIR      : /content/retinextapetum_hpo/projects/lol_v2_synthetic/final/source_profile_baseline_seed_123/run/checkpoints
USE_TRAIN_VAL_SPLIT: True
VAL_RATIO     : 0.1
SPLIT_SEED    : 42
BASE_CHANNELS : 128
BATCH_SIZE    : 2
EPOCHS        : 120
LR            : 0.00046948014087030786
MIN_LR        : 2.12826357198832e-05
W_LPIPS       : 0.08
BEST_METRIC   : psnr
RESUME        : False
RESUME_CKPT   : last.pth
TRAIN_LOG_INTERVAL: 0
VAL_LOG_INTERVAL  : 0
DRIVE_CKPT_MIRROR_DIR: /content/drive/MyDrive/TAPETUM/HyperparameterSearch/lol_v2_synthetic/final_confirmation/source_profile_baseline/seed_123
Split manifest: /content/drive/MyDrive/TAPETUM/HyperparameterSearch/lol_v2_synthetic/split_manifest.json
Train split images: 810
Val split images: 90
[Dataset] /content/drive/MyDrive/TAPETUM/datasets/LOL-v2/Synthetic/Train/Low
Mode: train
Split file_list: yes
Paired samples: 810
[Dataset] /content/drive/MyDrive/TAPETUM/datasets/LOL-v2/Synthetic/Train/Low
Mode: val/test
Split file_list: yes
Paired samples: 90
Train batches: 405
Val batches  : 90
Trainable params: 536,463
Setting up [LPIPS] perceptual loss: trunk [alex], v[0.1], spatial [off]
/usr/local/lib/python3.12/dist-packages/torchvision/models/_utils.py:208: UserWarning: The parameter 'pretrained' is deprecated since 0.13 and may be removed in the future, please use 'weights' instead.
  warnings.warn(
/usr/local/lib/python3.12/dist-packages/torchvision/models/_utils.py:223: UserWarning: Arguments other than a weight enum or `None` for 'weights' are deprecated since 0.13 and may be removed in the future. The current behavior is equivalent to passing `weights=AlexNet_Weights.IMAGENET1K_V1`. You can also use `weights=AlexNet_Weights.DEFAULT` to get the most up-to-date weights.
  warnings.warn(msg)
Loading model from: /usr/local/lib/python3.12/dist-packages/lpips/weights/v0.1/alex.pth
LPIPS training loss: enabled (alex, weight=0.08)
Resume disabled: RETINEX_TAPETUM_RESUME=0/config.RESUME_TRAINING=False

===== TRAIN START =====

Epoch 001/120 train start
Epoch 001/120 validation start
Epoch 001 | train_loss 0.4887 | val_loss 0.3530 | val_psnr 17.88 | val_lpips 0.2380 | val_lpips_full 0.3095 | edge 0.0415 | dark_noise 0.0104 | chroma 0.1281 | decomp 0.0968 | smooth_enh 0.0237 | lambda_mean 0.7995 | lambda_min 0.0219 | lambda_max 1.2600
Best model updated -> Epoch: 1, psnr: 17.8842, PSNR: 17.8842, LPIPS@loss: 0.2380, LPIPS full: 0.3095

Epoch 002/120 train start
Epoch 002/120 validation start
Epoch 002 | train_loss 0.3309 | val_loss 0.3112 | val_psnr 18.70 | val_lpips 0.1719 | val_lpips_full 0.2208 | edge 0.0346 | dark_noise 0.0103 | chroma 0.1210 | decomp 0.0974 | smooth_enh 0.0347 | lambda_mean 0.8029 | lambda_min 0.0141 | lambda_max 1.3196
Best model updated -> Epoch: 2, psnr: 18.7020, PSNR: 18.7020, LPIPS@loss: 0.1719, LPIPS full: 0.2208

Epoch 003/120 train start
Epoch 003/120 validation start
Epoch 003 | train_loss 0.2935 | val_loss 0.2770 | val_psnr 19.32 | val_lpips 0.1330 | val_lpips_full 0.1681 | edge 0.0315 | dark_noise 0.0100 | chroma 0.1001 | decomp 0.0794 | smooth_enh 0.0340 | lambda_mean 0.8294 | lambda_min 0.0164 | lambda_max 1.3335
Best model updated -> Epoch: 3, psnr: 19.3186, PSNR: 19.3186, LPIPS@loss: 0.1330, LPIPS full: 0.1681

Epoch 004/120 train start
Epoch 004/120 validation start
Epoch 004 | train_loss 0.2758 | val_loss 0.2804 | val_psnr 18.96 | val_lpips 0.1434 | val_lpips_full 0.1807 | edge 0.0297 | dark_noise 0.0103 | chroma 0.1278 | decomp 0.0794 | smooth_enh 0.0342 | lambda_mean 0.8395 | lambda_min 0.0129 | lambda_max 1.3389

Epoch 005/120 train start
Epoch 005/120 validation start
Epoch 005 | train_loss 0.2654 | val_loss 0.2532 | val_psnr 19.46 | val_lpips 0.1321 | val_lpips_full 0.1608 | edge 0.0287 | dark_noise 0.0098 | chroma 0.1057 | decomp 0.0569 | smooth_enh 0.0332 | lambda_mean 0.8534 | lambda_min 0.0101 | lambda_max 1.3409
Best model updated -> Epoch: 5, psnr: 19.4555, PSNR: 19.4555, LPIPS@loss: 0.1321, LPIPS full: 0.1608

Epoch 006/120 train start
Epoch 006/120 validation start
Epoch 006 | train_loss 0.2599 | val_loss 0.2467 | val_psnr 19.71 | val_lpips 0.1150 | val_lpips_full 0.1408 | edge 0.0278 | dark_noise 0.0098 | chroma 0.0984 | decomp 0.0612 | smooth_enh 0.0344 | lambda_mean 0.8792 | lambda_min 0.0149 | lambda_max 1.3435
Best model updated -> Epoch: 6, psnr: 19.7145, PSNR: 19.7145, LPIPS@loss: 0.1150, LPIPS full: 0.1408

Epoch 007/120 train start
Epoch 007/120 validation start
Epoch 007 | train_loss 0.2554 | val_loss 0.2570 | val_psnr 20.13 | val_lpips 0.1116 | val_lpips_full 0.1353 | edge 0.0260 | dark_noise 0.0102 | chroma 0.0920 | decomp 0.0797 | smooth_enh 0.0357 | lambda_mean 0.8112 | lambda_min 0.0098 | lambda_max 1.3383
Best model updated -> Epoch: 7, psnr: 20.1254, PSNR: 20.1254, LPIPS@loss: 0.1116, LPIPS full: 0.1353

Epoch 008/120 train start
Epoch 008/120 validation start
Epoch 008 | train_loss 0.2522 | val_loss 0.2574 | val_psnr 20.27 | val_lpips 0.1043 | val_lpips_full 0.1288 | edge 0.0260 | dark_noise 0.0098 | chroma 0.0920 | decomp 0.0823 | smooth_enh 0.0364 | lambda_mean 0.8261 | lambda_min 0.0073 | lambda_max 1.3416
Best model updated -> Epoch: 8, psnr: 20.2696, PSNR: 20.2696, LPIPS@loss: 0.1043, LPIPS full: 0.1288

Epoch 009/120 train start
Epoch 009/120 validation start
Epoch 009 | train_loss 0.2510 | val_loss 0.2394 | val_psnr 20.40 | val_lpips 0.0974 | val_lpips_full 0.1211 | edge 0.0257 | dark_noise 0.0097 | chroma 0.0876 | decomp 0.0652 | smooth_enh 0.0359 | lambda_mean 0.8296 | lambda_min 0.0052 | lambda_max 1.3424
Best model updated -> Epoch: 9, psnr: 20.4010, PSNR: 20.4010, LPIPS@loss: 0.0974, LPIPS full: 0.1211

Epoch 010/120 train start
Epoch 010/120 validation start
Epoch 010 | train_loss 0.2437 | val_loss 0.2382 | val_psnr 20.19 | val_lpips 0.0945 | val_lpips_full 0.1174 | edge 0.0243 | dark_noise 0.0096 | chroma 0.0896 | decomp 0.0644 | smooth_enh 0.0334 | lambda_mean 0.8504 | lambda_min 0.0066 | lambda_max 1.3429

Epoch 011/120 train start
Epoch 011/120 validation start
Epoch 011 | train_loss 0.2386 | val_loss 0.2363 | val_psnr 20.88 | val_lpips 0.1007 | val_lpips_full 0.1216 | edge 0.0234 | dark_noise 0.0097 | chroma 0.0878 | decomp 0.0735 | smooth_enh 0.0327 | lambda_mean 0.8145 | lambda_min 0.0050 | lambda_max 1.3362
Best model updated -> Epoch: 11, psnr: 20.8785, PSNR: 20.8785, LPIPS@loss: 0.1007, LPIPS full: 0.1216

Epoch 012/120 train start
Epoch 012/120 validation start
Epoch 012 | train_loss 0.2360 | val_loss 0.2254 | val_psnr 21.01 | val_lpips 0.0882 | val_lpips_full 0.1096 | edge 0.0248 | dark_noise 0.0099 | chroma 0.0766 | decomp 0.0660 | smooth_enh 0.0357 | lambda_mean 0.8529 | lambda_min 0.0068 | lambda_max 1.3434
Best model updated -> Epoch: 12, psnr: 21.0143, PSNR: 21.0143, LPIPS@loss: 0.0882, LPIPS full: 0.1096

Epoch 013/120 train start
Epoch 013/120 validation start
Epoch 013 | train_loss 0.2349 | val_loss 0.2189 | val_psnr 21.22 | val_lpips 0.0819 | val_lpips_full 0.1010 | edge 0.0229 | dark_noise 0.0099 | chroma 0.0729 | decomp 0.0615 | smooth_enh 0.0328 | lambda_mean 0.8427 | lambda_min 0.0053 | lambda_max 1.3411
Best model updated -> Epoch: 13, psnr: 21.2185, PSNR: 21.2185, LPIPS@loss: 0.0819, LPIPS full: 0.1010

Epoch 014/120 train start
Epoch 014/120 validation start
Epoch 014 | train_loss 0.2284 | val_loss 0.2407 | val_psnr 20.68 | val_lpips 0.0890 | val_lpips_full 0.1099 | edge 0.0224 | dark_noise 0.0097 | chroma 0.0886 | decomp 0.0760 | smooth_enh 0.0319 | lambda_mean 0.8121 | lambda_min 0.0037 | lambda_max 1.3328

Epoch 015/120 train start
Epoch 015/120 validation start
Epoch 015 | train_loss 0.2294 | val_loss 0.2244 | val_psnr 21.48 | val_lpips 0.0804 | val_lpips_full 0.0999 | edge 0.0221 | dark_noise 0.0095 | chroma 0.0748 | decomp 0.0718 | smooth_enh 0.0309 | lambda_mean 0.7919 | lambda_min 0.0038 | lambda_max 1.3338
Best model updated -> Epoch: 15, psnr: 21.4795, PSNR: 21.4795, LPIPS@loss: 0.0804, LPIPS full: 0.0999

Epoch 016/120 train start
Epoch 016/120 validation start
Epoch 016 | train_loss 0.2266 | val_loss 0.2112 | val_psnr 21.57 | val_lpips 0.0773 | val_lpips_full 0.0952 | edge 0.0220 | dark_noise 0.0094 | chroma 0.0657 | decomp 0.0631 | smooth_enh 0.0316 | lambda_mean 0.8204 | lambda_min 0.0044 | lambda_max 1.3374
Best model updated -> Epoch: 16, psnr: 21.5677, PSNR: 21.5677, LPIPS@loss: 0.0773, LPIPS full: 0.0952

Epoch 017/120 train start
Epoch 017/120 validation start
Epoch 017 | train_loss 0.2230 | val_loss 0.2126 | val_psnr 21.34 | val_lpips 0.0792 | val_lpips_full 0.0972 | edge 0.0222 | dark_noise 0.0095 | chroma 0.0652 | decomp 0.0609 | smooth_enh 0.0297 | lambda_mean 0.8450 | lambda_min 0.0037 | lambda_max 1.3356

Epoch 018/120 train start
Epoch 018/120 validation start
Epoch 018 | train_loss 0.2225 | val_loss 0.2120 | val_psnr 21.77 | val_lpips 0.0786 | val_lpips_full 0.0978 | edge 0.0216 | dark_noise 0.0096 | chroma 0.0721 | decomp 0.0661 | smooth_enh 0.0302 | lambda_mean 0.8191 | lambda_min 0.0032 | lambda_max 1.3345
Best model updated -> Epoch: 18, psnr: 21.7698, PSNR: 21.7698, LPIPS@loss: 0.0786, LPIPS full: 0.0978

Epoch 019/120 train start
Epoch 019/120 validation start
Epoch 019 | train_loss 0.2229 | val_loss 0.2106 | val_psnr 21.63 | val_lpips 0.0764 | val_lpips_full 0.0944 | edge 0.0218 | dark_noise 0.0095 | chroma 0.0713 | decomp 0.0630 | smooth_enh 0.0287 | lambda_mean 0.8213 | lambda_min 0.0051 | lambda_max 1.3323

Epoch 020/120 train start
Epoch 020/120 validation start
Epoch 020 | train_loss 0.2181 | val_loss 0.2037 | val_psnr 21.70 | val_lpips 0.0770 | val_lpips_full 0.0939 | edge 0.0217 | dark_noise 0.0095 | chroma 0.0740 | decomp 0.0556 | smooth_enh 0.0280 | lambda_mean 0.8390 | lambda_min 0.0034 | lambda_max 1.3337

Epoch 021/120 train start
Epoch 021/120 validation start
Epoch 021 | train_loss 0.2202 | val_loss 0.2104 | val_psnr 21.97 | val_lpips 0.0692 | val_lpips_full 0.0858 | edge 0.0216 | dark_noise 0.0094 | chroma 0.0627 | decomp 0.0692 | smooth_enh 0.0284 | lambda_mean 0.8318 | lambda_min 0.0036 | lambda_max 1.3316
Best model updated -> Epoch: 21, psnr: 21.9652, PSNR: 21.9652, LPIPS@loss: 0.0692, LPIPS full: 0.0858

Epoch 022/120 train start
Epoch 022/120 validation start
Epoch 022 | train_loss 0.2164 | val_loss 0.2093 | val_psnr 21.57 | val_lpips 0.0737 | val_lpips_full 0.0916 | edge 0.0220 | dark_noise 0.0095 | chroma 0.0654 | decomp 0.0574 | smooth_enh 0.0280 | lambda_mean 0.8295 | lambda_min 0.0039 | lambda_max 1.3341

Epoch 023/120 train start
Epoch 023/120 validation start
Epoch 023 | train_loss 0.2190 | val_loss 0.2033 | val_psnr 22.07 | val_lpips 0.0771 | val_lpips_full 0.0947 | edge 0.0216 | dark_noise 0.0095 | chroma 0.0716 | decomp 0.0618 | smooth_enh 0.0268 | lambda_mean 0.8139 | lambda_min 0.0027 | lambda_max 1.3225
Best model updated -> Epoch: 23, psnr: 22.0714, PSNR: 22.0714, LPIPS@loss: 0.0771, LPIPS full: 0.0947

Epoch 024/120 train start
Epoch 024/120 validation start
Epoch 024 | train_loss 0.2158 | val_loss 0.2076 | val_psnr 22.21 | val_lpips 0.0688 | val_lpips_full 0.0847 | edge 0.0213 | dark_noise 0.0094 | chroma 0.0636 | decomp 0.0689 | smooth_enh 0.0266 | lambda_mean 0.8002 | lambda_min 0.0038 | lambda_max 1.3268
Best model updated -> Epoch: 24, psnr: 22.2126, PSNR: 22.2126, LPIPS@loss: 0.0688, LPIPS full: 0.0847

Epoch 025/120 train start
Epoch 025/120 validation start
Epoch 025 | train_loss 0.2166 | val_loss 0.2101 | val_psnr 22.12 | val_lpips 0.0707 | val_lpips_full 0.0874 | edge 0.0218 | dark_noise 0.0096 | chroma 0.0643 | decomp 0.0711 | smooth_enh 0.0270 | lambda_mean 0.8294 | lambda_min 0.0050 | lambda_max 1.3298

Epoch 026/120 train start
Epoch 026/120 validation start
Epoch 026 | train_loss 0.2126 | val_loss 0.2058 | val_psnr 22.58 | val_lpips 0.0719 | val_lpips_full 0.0886 | edge 0.0214 | dark_noise 0.0097 | chroma 0.0632 | decomp 0.0714 | smooth_enh 0.0244 | lambda_mean 0.7998 | lambda_min 0.0023 | lambda_max 1.3205
Best model updated -> Epoch: 26, psnr: 22.5756, PSNR: 22.5756, LPIPS@loss: 0.0719, LPIPS full: 0.0886

Epoch 027/120 train start
Epoch 027/120 validation start
Epoch 027 | train_loss 0.2123 | val_loss 0.1981 | val_psnr 21.89 | val_lpips 0.0703 | val_lpips_full 0.0867 | edge 0.0213 | dark_noise 0.0092 | chroma 0.0627 | decomp 0.0546 | smooth_enh 0.0225 | lambda_mean 0.7982 | lambda_min 0.0019 | lambda_max 1.3186

Epoch 028/120 train start
Epoch 028/120 validation start
Epoch 028 | train_loss 0.2121 | val_loss 0.2007 | val_psnr 22.39 | val_lpips 0.0684 | val_lpips_full 0.0845 | edge 0.0210 | dark_noise 0.0095 | chroma 0.0630 | decomp 0.0644 | smooth_enh 0.0225 | lambda_mean 0.8136 | lambda_min 0.0032 | lambda_max 1.3173

Epoch 029/120 train start
Epoch 029/120 validation start
Epoch 029 | train_loss 0.2104 | val_loss 0.1978 | val_psnr 22.21 | val_lpips 0.0725 | val_lpips_full 0.0892 | edge 0.0211 | dark_noise 0.0095 | chroma 0.0699 | decomp 0.0583 | smooth_enh 0.0224 | lambda_mean 0.8053 | lambda_min 0.0026 | lambda_max 1.3174

Epoch 030/120 train start
Epoch 030/120 validation start
Epoch 030 | train_loss 0.2092 | val_loss 0.1936 | val_psnr 22.42 | val_lpips 0.0693 | val_lpips_full 0.0849 | edge 0.0207 | dark_noise 0.0094 | chroma 0.0632 | decomp 0.0579 | smooth_enh 0.0206 | lambda_mean 0.8132 | lambda_min 0.0028 | lambda_max 1.3157

Epoch 031/120 train start
Epoch 031/120 validation start
Epoch 031 | train_loss 0.2105 | val_loss 0.2128 | val_psnr 21.59 | val_lpips 0.0791 | val_lpips_full 0.0967 | edge 0.0215 | dark_noise 0.0096 | chroma 0.0823 | decomp 0.0643 | smooth_enh 0.0211 | lambda_mean 0.7939 | lambda_min 0.0013 | lambda_max 1.3158

Epoch 032/120 train start
Epoch 032/120 validation start
Epoch 032 | train_loss 0.2062 | val_loss 0.1928 | val_psnr 22.83 | val_lpips 0.0661 | val_lpips_full 0.0822 | edge 0.0212 | dark_noise 0.0096 | chroma 0.0647 | decomp 0.0609 | smooth_enh 0.0200 | lambda_mean 0.7944 | lambda_min 0.0022 | lambda_max 1.3027
Best model updated -> Epoch: 32, psnr: 22.8291, PSNR: 22.8291, LPIPS@loss: 0.0661, LPIPS full: 0.0822

Epoch 033/120 train start
Epoch 033/120 validation start
Epoch 033 | train_loss 0.2083 | val_loss 0.1895 | val_psnr 22.84 | val_lpips 0.0658 | val_lpips_full 0.0820 | edge 0.0204 | dark_noise 0.0093 | chroma 0.0639 | decomp 0.0573 | smooth_enh 0.0190 | lambda_mean 0.7959 | lambda_min 0.0020 | lambda_max 1.3047
Best model updated -> Epoch: 33, psnr: 22.8384, PSNR: 22.8384, LPIPS@loss: 0.0658, LPIPS full: 0.0820

Epoch 034/120 train start
Epoch 034/120 validation start
Epoch 034 | train_loss 0.2071 | val_loss 0.1978 | val_psnr 22.97 | val_lpips 0.0652 | val_lpips_full 0.0815 | edge 0.0205 | dark_noise 0.0093 | chroma 0.0641 | decomp 0.0664 | smooth_enh 0.0203 | lambda_mean 0.7920 | lambda_min 0.0031 | lambda_max 1.3070
Best model updated -> Epoch: 34, psnr: 22.9738, PSNR: 22.9738, LPIPS@loss: 0.0652, LPIPS full: 0.0815

Epoch 035/120 train start
Epoch 035/120 validation start
Epoch 035 | train_loss 0.2042 | val_loss 0.1925 | val_psnr 22.98 | val_lpips 0.0664 | val_lpips_full 0.0825 | edge 0.0201 | dark_noise 0.0093 | chroma 0.0641 | decomp 0.0620 | smooth_enh 0.0192 | lambda_mean 0.8061 | lambda_min 0.0037 | lambda_max 1.3034
Best model updated -> Epoch: 35, psnr: 22.9837, PSNR: 22.9837, LPIPS@loss: 0.0664, LPIPS full: 0.0825

Epoch 036/120 train start
Epoch 036/120 validation start
Epoch 036 | train_loss 0.2044 | val_loss 0.1910 | val_psnr 22.28 | val_lpips 0.0685 | val_lpips_full 0.0829 | edge 0.0209 | dark_noise 0.0093 | chroma 0.0610 | decomp 0.0549 | smooth_enh 0.0178 | lambda_mean 0.8093 | lambda_min 0.0015 | lambda_max 1.2742

Epoch 037/120 train start
Epoch 037/120 validation start
Epoch 037 | train_loss 0.2072 | val_loss 0.1944 | val_psnr 23.24 | val_lpips 0.0648 | val_lpips_full 0.0812 | edge 0.0202 | dark_noise 0.0094 | chroma 0.0622 | decomp 0.0680 | smooth_enh 0.0181 | lambda_mean 0.7803 | lambda_min 0.0020 | lambda_max 1.2852
Best model updated -> Epoch: 37, psnr: 23.2375, PSNR: 23.2375, LPIPS@loss: 0.0648, LPIPS full: 0.0812

Epoch 038/120 train start
Epoch 038/120 validation start
Epoch 038 | train_loss 0.2026 | val_loss 0.1976 | val_psnr 21.40 | val_lpips 0.0767 | val_lpips_full 0.0910 | edge 0.0212 | dark_noise 0.0093 | chroma 0.0681 | decomp 0.0457 | smooth_enh 0.0168 | lambda_mean 0.7979 | lambda_min 0.0017 | lambda_max 1.2718

Epoch 039/120 train start
Epoch 039/120 validation start
Epoch 039 | train_loss 0.2006 | val_loss 0.1914 | val_psnr 23.20 | val_lpips 0.0596 | val_lpips_full 0.0747 | edge 0.0201 | dark_noise 0.0093 | chroma 0.0610 | decomp 0.0655 | smooth_enh 0.0171 | lambda_mean 0.8020 | lambda_min 0.0024 | lambda_max 1.2743

Epoch 040/120 train start
Epoch 040/120 validation start
Epoch 040 | train_loss 0.2019 | val_loss 0.1847 | val_psnr 23.37 | val_lpips 0.0584 | val_lpips_full 0.0743 | edge 0.0205 | dark_noise 0.0093 | chroma 0.0568 | decomp 0.0607 | smooth_enh 0.0180 | lambda_mean 0.7939 | lambda_min 0.0018 | lambda_max 1.2859
Best model updated -> Epoch: 40, psnr: 23.3718, PSNR: 23.3718, LPIPS@loss: 0.0584, LPIPS full: 0.0743

Epoch 041/120 train start
Epoch 041/120 validation start
Epoch 041 | train_loss 0.1996 | val_loss 0.1894 | val_psnr 23.06 | val_lpips 0.0618 | val_lpips_full 0.0771 | edge 0.0201 | dark_noise 0.0093 | chroma 0.0653 | decomp 0.0603 | smooth_enh 0.0172 | lambda_mean 0.7990 | lambda_min 0.0029 | lambda_max 1.2646

Epoch 042/120 train start
Epoch 042/120 validation start
Epoch 042 | train_loss 0.1999 | val_loss 0.1874 | val_psnr 22.78 | val_lpips 0.0600 | val_lpips_full 0.0748 | edge 0.0205 | dark_noise 0.0092 | chroma 0.0562 | decomp 0.0574 | smooth_enh 0.0168 | lambda_mean 0.8213 | lambda_min 0.0033 | lambda_max 1.2649

Epoch 043/120 train start
Epoch 043/120 validation start
Epoch 043 | train_loss 0.2020 | val_loss 0.1861 | val_psnr 23.23 | val_lpips 0.0587 | val_lpips_full 0.0749 | edge 0.0202 | dark_noise 0.0095 | chroma 0.0581 | decomp 0.0620 | smooth_enh 0.0168 | lambda_mean 0.7990 | lambda_min 0.0022 | lambda_max 1.2612

Epoch 044/120 train start
Epoch 044/120 validation start
Epoch 044 | train_loss 0.1994 | val_loss 0.1946 | val_psnr 23.55 | val_lpips 0.0604 | val_lpips_full 0.0769 | edge 0.0201 | dark_noise 0.0094 | chroma 0.0571 | decomp 0.0722 | smooth_enh 0.0166 | lambda_mean 0.7759 | lambda_min 0.0016 | lambda_max 1.2418
Best model updated -> Epoch: 44, psnr: 23.5546, PSNR: 23.5546, LPIPS@loss: 0.0604, LPIPS full: 0.0769

Epoch 045/120 train start
Epoch 045/120 validation start
Epoch 045 | train_loss 0.1964 | val_loss 0.1835 | val_psnr 24.01 | val_lpips 0.0528 | val_lpips_full 0.0681 | edge 0.0200 | dark_noise 0.0093 | chroma 0.0518 | decomp 0.0653 | smooth_enh 0.0160 | lambda_mean 0.7893 | lambda_min 0.0031 | lambda_max 1.2382
Best model updated -> Epoch: 45, psnr: 24.0051, PSNR: 24.0051, LPIPS@loss: 0.0528, LPIPS full: 0.0681

Epoch 046/120 train start
Epoch 046/120 validation start
Epoch 046 | train_loss 0.1999 | val_loss 0.1872 | val_psnr 22.98 | val_lpips 0.0637 | val_lpips_full 0.0792 | edge 0.0199 | dark_noise 0.0092 | chroma 0.0664 | decomp 0.0597 | smooth_enh 0.0160 | lambda_mean 0.7924 | lambda_min 0.0021 | lambda_max 1.2250

Epoch 047/120 train start
Epoch 047/120 validation start
Epoch 047 | train_loss 0.1949 | val_loss 0.1921 | val_psnr 22.61 | val_lpips 0.0685 | val_lpips_full 0.0833 | edge 0.0206 | dark_noise 0.0096 | chroma 0.0683 | decomp 0.0575 | smooth_enh 0.0156 | lambda_mean 0.7945 | lambda_min 0.0030 | lambda_max 1.2309

Epoch 048/120 train start
Epoch 048/120 validation start
Epoch 048 | train_loss 0.1931 | val_loss 0.1779 | val_psnr 23.47 | val_lpips 0.0541 | val_lpips_full 0.0686 | edge 0.0198 | dark_noise 0.0091 | chroma 0.0531 | decomp 0.0564 | smooth_enh 0.0161 | lambda_mean 0.7954 | lambda_min 0.0025 | lambda_max 1.2319

Epoch 049/120 train start
Epoch 049/120 validation start
Epoch 049 | train_loss 0.1919 | val_loss 0.1900 | val_psnr 23.64 | val_lpips 0.0598 | val_lpips_full 0.0756 | edge 0.0201 | dark_noise 0.0093 | chroma 0.0580 | decomp 0.0672 | smooth_enh 0.0161 | lambda_mean 0.7789 | lambda_min 0.0017 | lambda_max 1.2158

Epoch 050/120 train start
Epoch 050/120 validation start
Epoch 050 | train_loss 0.1942 | val_loss 0.1832 | val_psnr 23.25 | val_lpips 0.0552 | val_lpips_full 0.0697 | edge 0.0199 | dark_noise 0.0091 | chroma 0.0545 | decomp 0.0589 | smooth_enh 0.0156 | lambda_mean 0.7997 | lambda_min 0.0026 | lambda_max 1.2290

Epoch 051/120 train start
Epoch 051/120 validation start
Epoch 051 | train_loss 0.1915 | val_loss 0.1829 | val_psnr 22.97 | val_lpips 0.0574 | val_lpips_full 0.0717 | edge 0.0201 | dark_noise 0.0091 | chroma 0.0562 | decomp 0.0553 | smooth_enh 0.0152 | lambda_mean 0.7956 | lambda_min 0.0023 | lambda_max 1.2240

Epoch 052/120 train start
Epoch 052/120 validation start
Epoch 052 | train_loss 0.1939 | val_loss 0.1834 | val_psnr 23.49 | val_lpips 0.0565 | val_lpips_full 0.0716 | edge 0.0197 | dark_noise 0.0091 | chroma 0.0561 | decomp 0.0593 | smooth_enh 0.0154 | lambda_mean 0.7919 | lambda_min 0.0032 | lambda_max 1.2292

Epoch 053/120 train start
Epoch 053/120 validation start
Epoch 053 | train_loss 0.1913 | val_loss 0.1772 | val_psnr 22.92 | val_lpips 0.0570 | val_lpips_full 0.0707 | edge 0.0203 | dark_noise 0.0091 | chroma 0.0548 | decomp 0.0494 | smooth_enh 0.0160 | lambda_mean 0.8245 | lambda_min 0.0027 | lambda_max 1.2308

Epoch 054/120 train start
Epoch 054/120 validation start
Epoch 054 | train_loss 0.1911 | val_loss 0.1827 | val_psnr 23.65 | val_lpips 0.0551 | val_lpips_full 0.0700 | edge 0.0197 | dark_noise 0.0091 | chroma 0.0529 | decomp 0.0629 | smooth_enh 0.0157 | lambda_mean 0.8039 | lambda_min 0.0033 | lambda_max 1.2228

Epoch 055/120 train start
Epoch 055/120 validation start
Epoch 055 | train_loss 0.1899 | val_loss 0.1833 | val_psnr 23.92 | val_lpips 0.0534 | val_lpips_full 0.0688 | edge 0.0197 | dark_noise 0.0093 | chroma 0.0519 | decomp 0.0669 | smooth_enh 0.0155 | lambda_mean 0.8051 | lambda_min 0.0038 | lambda_max 1.2219

Epoch 056/120 train start
Epoch 056/120 validation start
Epoch 056 | train_loss 0.1902 | val_loss 0.1780 | val_psnr 23.35 | val_lpips 0.0556 | val_lpips_full 0.0695 | edge 0.0200 | dark_noise 0.0093 | chroma 0.0552 | decomp 0.0544 | smooth_enh 0.0153 | lambda_mean 0.8148 | lambda_min 0.0048 | lambda_max 1.2249

Epoch 057/120 train start
Epoch 057/120 validation start
Epoch 057 | train_loss 0.1886 | val_loss 0.2272 | val_psnr 19.77 | val_lpips 0.0941 | val_lpips_full 0.1089 | edge 0.0235 | dark_noise 0.0094 | chroma 0.0667 | decomp 0.0364 | smooth_enh 0.0145 | lambda_mean 0.7946 | lambda_min 0.0027 | lambda_max 1.2128

Epoch 058/120 train start
Epoch 058/120 validation start
Epoch 058 | train_loss 0.1904 | val_loss 0.1778 | val_psnr 23.65 | val_lpips 0.0518 | val_lpips_full 0.0664 | edge 0.0197 | dark_noise 0.0090 | chroma 0.0521 | decomp 0.0591 | smooth_enh 0.0158 | lambda_mean 0.8168 | lambda_min 0.0040 | lambda_max 1.2321

Epoch 059/120 train start
Epoch 059/120 validation start
Epoch 059 | train_loss 0.1868 | val_loss 0.1896 | val_psnr 23.51 | val_lpips 0.0588 | val_lpips_full 0.0747 | edge 0.0198 | dark_noise 0.0093 | chroma 0.0675 | decomp 0.0660 | smooth_enh 0.0152 | lambda_mean 0.7991 | lambda_min 0.0027 | lambda_max 1.2162

Epoch 060/120 train start
Epoch 060/120 validation start
Epoch 060 | train_loss 0.1874 | val_loss 0.1719 | val_psnr 23.54 | val_lpips 0.0528 | val_lpips_full 0.0668 | edge 0.0196 | dark_noise 0.0090 | chroma 0.0505 | decomp 0.0517 | smooth_enh 0.0151 | lambda_mean 0.8090 | lambda_min 0.0036 | lambda_max 1.2252

Epoch 061/120 train start
Epoch 061/120 validation start
Epoch 061 | train_loss 0.1880 | val_loss 0.1763 | val_psnr 23.65 | val_lpips 0.0518 | val_lpips_full 0.0661 | edge 0.0200 | dark_noise 0.0091 | chroma 0.0492 | decomp 0.0573 | smooth_enh 0.0163 | lambda_mean 0.8281 | lambda_min 0.0052 | lambda_max 1.2412

Epoch 062/120 train start
Epoch 062/120 validation start
Epoch 062 | train_loss 0.1885 | val_loss 0.1762 | val_psnr 23.65 | val_lpips 0.0516 | val_lpips_full 0.0658 | edge 0.0196 | dark_noise 0.0090 | chroma 0.0517 | decomp 0.0570 | smooth_enh 0.0150 | lambda_mean 0.8146 | lambda_min 0.0049 | lambda_max 1.2243

Epoch 063/120 train start
Epoch 063/120 validation start
Epoch 063 | train_loss 0.1862 | val_loss 0.1759 | val_psnr 23.54 | val_lpips 0.0511 | val_lpips_full 0.0655 | edge 0.0197 | dark_noise 0.0091 | chroma 0.0516 | decomp 0.0559 | smooth_enh 0.0149 | lambda_mean 0.8033 | lambda_min 0.0043 | lambda_max 1.2096

Epoch 064/120 train start
Epoch 064/120 validation start
Epoch 064 | train_loss 0.1878 | val_loss 0.1760 | val_psnr 23.84 | val_lpips 0.0500 | val_lpips_full 0.0646 | edge 0.0202 | dark_noise 0.0091 | chroma 0.0506 | decomp 0.0595 | smooth_enh 0.0163 | lambda_mean 0.8108 | lambda_min 0.0040 | lambda_max 1.2252

Epoch 065/120 train start
Epoch 065/120 validation start
Epoch 065 | train_loss 0.1847 | val_loss 0.1738 | val_psnr 23.42 | val_lpips 0.0521 | val_lpips_full 0.0658 | edge 0.0197 | dark_noise 0.0089 | chroma 0.0504 | decomp 0.0525 | smooth_enh 0.0154 | lambda_mean 0.8178 | lambda_min 0.0042 | lambda_max 1.2304

Epoch 066/120 train start
Epoch 066/120 validation start
Epoch 066 | train_loss 0.1857 | val_loss 0.1728 | val_psnr 23.80 | val_lpips 0.0505 | val_lpips_full 0.0648 | edge 0.0198 | dark_noise 0.0090 | chroma 0.0492 | decomp 0.0562 | smooth_enh 0.0156 | lambda_mean 0.8182 | lambda_min 0.0043 | lambda_max 1.2288

Epoch 067/120 train start
Epoch 067/120 validation start
Epoch 067 | train_loss 0.1845 | val_loss 0.1754 | val_psnr 24.08 | val_lpips 0.0497 | val_lpips_full 0.0646 | edge 0.0195 | dark_noise 0.0091 | chroma 0.0530 | decomp 0.0608 | smooth_enh 0.0154 | lambda_mean 0.8086 | lambda_min 0.0045 | lambda_max 1.2248
Best model updated -> Epoch: 67, psnr: 24.0778, PSNR: 24.0778, LPIPS@loss: 0.0497, LPIPS full: 0.0646

Epoch 068/120 train start
Epoch 068/120 validation start
Epoch 068 | train_loss 0.1824 | val_loss 0.1761 | val_psnr 23.54 | val_lpips 0.0591 | val_lpips_full 0.0735 | edge 0.0199 | dark_noise 0.0092 | chroma 0.0582 | decomp 0.0546 | smooth_enh 0.0144 | lambda_mean 0.8071 | lambda_min 0.0050 | lambda_max 1.2005

Epoch 069/120 train start
Epoch 069/120 validation start
Epoch 069 | train_loss 0.1841 | val_loss 0.1755 | val_psnr 24.14 | val_lpips 0.0502 | val_lpips_full 0.0655 | edge 0.0196 | dark_noise 0.0091 | chroma 0.0531 | decomp 0.0612 | smooth_enh 0.0155 | lambda_mean 0.8100 | lambda_min 0.0044 | lambda_max 1.2170
Best model updated -> Epoch: 69, psnr: 24.1400, PSNR: 24.1400, LPIPS@loss: 0.0502, LPIPS full: 0.0655

Epoch 070/120 train start
Epoch 070/120 validation start
Epoch 070 | train_loss 0.1825 | val_loss 0.1725 | val_psnr 23.65 | val_lpips 0.0511 | val_lpips_full 0.0653 | edge 0.0196 | dark_noise 0.0090 | chroma 0.0508 | decomp 0.0535 | smooth_enh 0.0154 | lambda_mean 0.8159 | lambda_min 0.0048 | lambda_max 1.2249

Epoch 071/120 train start
Epoch 071/120 validation start
Epoch 071 | train_loss 0.1814 | val_loss 0.1745 | val_psnr 24.40 | val_lpips 0.0497 | val_lpips_full 0.0647 | edge 0.0194 | dark_noise 0.0090 | chroma 0.0501 | decomp 0.0628 | smooth_enh 0.0157 | lambda_mean 0.8102 | lambda_min 0.0062 | lambda_max 1.2193
Best model updated -> Epoch: 71, psnr: 24.4027, PSNR: 24.4027, LPIPS@loss: 0.0497, LPIPS full: 0.0647

Epoch 072/120 train start
Epoch 072/120 validation start
Epoch 072 | train_loss 0.1824 | val_loss 0.1731 | val_psnr 23.98 | val_lpips 0.0511 | val_lpips_full 0.0656 | edge 0.0194 | dark_noise 0.0091 | chroma 0.0521 | decomp 0.0585 | smooth_enh 0.0150 | lambda_mean 0.8053 | lambda_min 0.0047 | lambda_max 1.2093

Epoch 073/120 train start
Epoch 073/120 validation start
Epoch 073 | train_loss 0.1806 | val_loss 0.1778 | val_psnr 23.61 | val_lpips 0.0525 | val_lpips_full 0.0676 | edge 0.0195 | dark_noise 0.0091 | chroma 0.0534 | decomp 0.0585 | smooth_enh 0.0149 | lambda_mean 0.8162 | lambda_min 0.0064 | lambda_max 1.2163

Epoch 074/120 train start
Epoch 074/120 validation start
Epoch 074 | train_loss 0.1795 | val_loss 0.1711 | val_psnr 23.72 | val_lpips 0.0510 | val_lpips_full 0.0649 | edge 0.0197 | dark_noise 0.0089 | chroma 0.0485 | decomp 0.0539 | smooth_enh 0.0154 | lambda_mean 0.8273 | lambda_min 0.0043 | lambda_max 1.2249

Epoch 075/120 train start
Epoch 075/120 validation start
Epoch 075 | train_loss 0.1815 | val_loss 0.1697 | val_psnr 23.44 | val_lpips 0.0538 | val_lpips_full 0.0685 | edge 0.0199 | dark_noise 0.0090 | chroma 0.0514 | decomp 0.0491 | smooth_enh 0.0154 | lambda_mean 0.8291 | lambda_min 0.0050 | lambda_max 1.2303

Epoch 076/120 train start
Epoch 076/120 validation start
Epoch 076 | train_loss 0.1814 | val_loss 0.1775 | val_psnr 23.55 | val_lpips 0.0564 | val_lpips_full 0.0710 | edge 0.0197 | dark_noise 0.0091 | chroma 0.0560 | decomp 0.0589 | smooth_enh 0.0154 | lambda_mean 0.8200 | lambda_min 0.0053 | lambda_max 1.2285

Epoch 077/120 train start
Epoch 077/120 validation start
Epoch 077 | train_loss 0.1789 | val_loss 0.1766 | val_psnr 23.13 | val_lpips 0.0559 | val_lpips_full 0.0694 | edge 0.0201 | dark_noise 0.0092 | chroma 0.0544 | decomp 0.0495 | smooth_enh 0.0150 | lambda_mean 0.8216 | lambda_min 0.0048 | lambda_max 1.2039

Epoch 078/120 train start
Epoch 078/120 validation start
Epoch 078 | train_loss 0.1792 | val_loss 0.1732 | val_psnr 24.23 | val_lpips 0.0480 | val_lpips_full 0.0629 | edge 0.0195 | dark_noise 0.0090 | chroma 0.0493 | decomp 0.0608 | smooth_enh 0.0153 | lambda_mean 0.8195 | lambda_min 0.0067 | lambda_max 1.2164

Epoch 079/120 train start
Epoch 079/120 validation start
Epoch 079 | train_loss 0.1784 | val_loss 0.1669 | val_psnr 24.16 | val_lpips 0.0468 | val_lpips_full 0.0610 | edge 0.0193 | dark_noise 0.0089 | chroma 0.0466 | decomp 0.0547 | smooth_enh 0.0150 | lambda_mean 0.8199 | lambda_min 0.0063 | lambda_max 1.2180

Epoch 080/120 train start
Epoch 080/120 validation start
Epoch 080 | train_loss 0.1766 | val_loss 0.1721 | val_psnr 23.11 | val_lpips 0.0502 | val_lpips_full 0.0640 | edge 0.0198 | dark_noise 0.0089 | chroma 0.0493 | decomp 0.0481 | smooth_enh 0.0150 | lambda_mean 0.8191 | lambda_min 0.0058 | lambda_max 1.2178

Epoch 081/120 train start
Epoch 081/120 validation start
Epoch 081 | train_loss 0.1773 | val_loss 0.1726 | val_psnr 24.60 | val_lpips 0.0463 | val_lpips_full 0.0613 | edge 0.0195 | dark_noise 0.0091 | chroma 0.0469 | decomp 0.0631 | smooth_enh 0.0150 | lambda_mean 0.8115 | lambda_min 0.0062 | lambda_max 1.2026
Best model updated -> Epoch: 81, psnr: 24.5992, PSNR: 24.5992, LPIPS@loss: 0.0463, LPIPS full: 0.0613

Epoch 082/120 train start
Epoch 082/120 validation start
Epoch 082 | train_loss 0.1768 | val_loss 0.1664 | val_psnr 24.54 | val_lpips 0.0464 | val_lpips_full 0.0611 | edge 0.0194 | dark_noise 0.0090 | chroma 0.0464 | decomp 0.0578 | smooth_enh 0.0158 | lambda_mean 0.8300 | lambda_min 0.0062 | lambda_max 1.2263

Epoch 083/120 train start
Epoch 083/120 validation start
Epoch 083 | train_loss 0.1751 | val_loss 0.1678 | val_psnr 24.01 | val_lpips 0.0465 | val_lpips_full 0.0612 | edge 0.0194 | dark_noise 0.0089 | chroma 0.0479 | decomp 0.0535 | smooth_enh 0.0156 | lambda_mean 0.8282 | lambda_min 0.0052 | lambda_max 1.2252

Epoch 084/120 train start
Epoch 084/120 validation start
Epoch 084 | train_loss 0.1763 | val_loss 0.1665 | val_psnr 24.35 | val_lpips 0.0454 | val_lpips_full 0.0596 | edge 0.0192 | dark_noise 0.0090 | chroma 0.0478 | decomp 0.0568 | smooth_enh 0.0151 | lambda_mean 0.8240 | lambda_min 0.0068 | lambda_max 1.2193

Epoch 085/120 train start
Epoch 085/120 validation start
Epoch 085 | train_loss 0.1755 | val_loss 0.1669 | val_psnr 24.66 | val_lpips 0.0451 | val_lpips_full 0.0599 | edge 0.0193 | dark_noise 0.0090 | chroma 0.0458 | decomp 0.0598 | smooth_enh 0.0155 | lambda_mean 0.8227 | lambda_min 0.0063 | lambda_max 1.2197
Best model updated -> Epoch: 85, psnr: 24.6607, PSNR: 24.6607, LPIPS@loss: 0.0451, LPIPS full: 0.0599

Epoch 086/120 train start
Epoch 086/120 validation start
Epoch 086 | train_loss 0.1744 | val_loss 0.1659 | val_psnr 24.49 | val_lpips 0.0454 | val_lpips_full 0.0602 | edge 0.0194 | dark_noise 0.0089 | chroma 0.0456 | decomp 0.0570 | smooth_enh 0.0160 | lambda_mean 0.8251 | lambda_min 0.0056 | lambda_max 1.2299

Epoch 087/120 train start
Epoch 087/120 validation start
Epoch 087 | train_loss 0.1731 | val_loss 0.1656 | val_psnr 24.66 | val_lpips 0.0445 | val_lpips_full 0.0590 | edge 0.0192 | dark_noise 0.0089 | chroma 0.0451 | decomp 0.0588 | smooth_enh 0.0150 | lambda_mean 0.8163 | lambda_min 0.0067 | lambda_max 1.2110
Best model updated -> Epoch: 87, psnr: 24.6637, PSNR: 24.6637, LPIPS@loss: 0.0445, LPIPS full: 0.0590

Epoch 088/120 train start
Epoch 088/120 validation start
Epoch 088 | train_loss 0.1740 | val_loss 0.1652 | val_psnr 24.18 | val_lpips 0.0456 | val_lpips_full 0.0599 | edge 0.0195 | dark_noise 0.0089 | chroma 0.0451 | decomp 0.0535 | smooth_enh 0.0152 | lambda_mean 0.8240 | lambda_min 0.0072 | lambda_max 1.2213

Epoch 089/120 train start
Epoch 089/120 validation start
Epoch 089 | train_loss 0.1735 | val_loss 0.1635 | val_psnr 24.53 | val_lpips 0.0450 | val_lpips_full 0.0594 | edge 0.0193 | dark_noise 0.0089 | chroma 0.0455 | decomp 0.0559 | smooth_enh 0.0153 | lambda_mean 0.8294 | lambda_min 0.0067 | lambda_max 1.2229

Epoch 090/120 train start
Epoch 090/120 validation start
Epoch 090 | train_loss 0.1730 | val_loss 0.1658 | val_psnr 24.44 | val_lpips 0.0449 | val_lpips_full 0.0595 | edge 0.0193 | dark_noise 0.0089 | chroma 0.0448 | decomp 0.0563 | smooth_enh 0.0152 | lambda_mean 0.8247 | lambda_min 0.0068 | lambda_max 1.2223

Epoch 091/120 train start
Epoch 091/120 validation start
Epoch 091 | train_loss 0.1735 | val_loss 0.1663 | val_psnr 24.49 | val_lpips 0.0462 | val_lpips_full 0.0607 | edge 0.0194 | dark_noise 0.0090 | chroma 0.0472 | decomp 0.0566 | smooth_enh 0.0149 | lambda_mean 0.8201 | lambda_min 0.0072 | lambda_max 1.2085

Epoch 092/120 train start
Epoch 092/120 validation start
Epoch 092 | train_loss 0.1731 | val_loss 0.1661 | val_psnr 24.20 | val_lpips 0.0453 | val_lpips_full 0.0596 | edge 0.0193 | dark_noise 0.0089 | chroma 0.0452 | decomp 0.0545 | smooth_enh 0.0149 | lambda_mean 0.8198 | lambda_min 0.0062 | lambda_max 1.2171

Epoch 093/120 train start
Epoch 093/120 validation start
Epoch 093 | train_loss 0.1722 | val_loss 0.1680 | val_psnr 24.60 | val_lpips 0.0446 | val_lpips_full 0.0592 | edge 0.0194 | dark_noise 0.0090 | chroma 0.0443 | decomp 0.0596 | smooth_enh 0.0151 | lambda_mean 0.8152 | lambda_min 0.0062 | lambda_max 1.2042

Epoch 094/120 train start
Epoch 094/120 validation start
Epoch 094 | train_loss 0.1714 | val_loss 0.1672 | val_psnr 24.09 | val_lpips 0.0460 | val_lpips_full 0.0603 | edge 0.0193 | dark_noise 0.0089 | chroma 0.0461 | decomp 0.0537 | smooth_enh 0.0151 | lambda_mean 0.8250 | lambda_min 0.0065 | lambda_max 1.2206

Epoch 095/120 train start
Epoch 095/120 validation start
Epoch 095 | train_loss 0.1711 | val_loss 0.1679 | val_psnr 24.08 | val_lpips 0.0448 | val_lpips_full 0.0590 | edge 0.0192 | dark_noise 0.0089 | chroma 0.0450 | decomp 0.0542 | smooth_enh 0.0148 | lambda_mean 0.8189 | lambda_min 0.0074 | lambda_max 1.2091

Epoch 096/120 train start
Epoch 096/120 validation start
Epoch 096 | train_loss 0.1725 | val_loss 0.1647 | val_psnr 24.73 | val_lpips 0.0435 | val_lpips_full 0.0580 | edge 0.0193 | dark_noise 0.0089 | chroma 0.0440 | decomp 0.0582 | smooth_enh 0.0151 | lambda_mean 0.8231 | lambda_min 0.0070 | lambda_max 1.2129
Best model updated -> Epoch: 96, psnr: 24.7325, PSNR: 24.7325, LPIPS@loss: 0.0435, LPIPS full: 0.0580

Epoch 097/120 train start
Epoch 097/120 validation start
Epoch 097 | train_loss 0.1700 | val_loss 0.1650 | val_psnr 23.87 | val_lpips 0.0455 | val_lpips_full 0.0595 | edge 0.0194 | dark_noise 0.0089 | chroma 0.0446 | decomp 0.0505 | smooth_enh 0.0148 | lambda_mean 0.8220 | lambda_min 0.0063 | lambda_max 1.2161

Epoch 098/120 train start
Epoch 098/120 validation start
Epoch 098 | train_loss 0.1711 | val_loss 0.1660 | val_psnr 23.88 | val_lpips 0.0455 | val_lpips_full 0.0596 | edge 0.0194 | dark_noise 0.0089 | chroma 0.0442 | decomp 0.0518 | smooth_enh 0.0148 | lambda_mean 0.8217 | lambda_min 0.0066 | lambda_max 1.2158

Epoch 099/120 train start
Epoch 099/120 validation start
Epoch 099 | train_loss 0.1689 | val_loss 0.1650 | val_psnr 24.59 | val_lpips 0.0448 | val_lpips_full 0.0591 | edge 0.0193 | dark_noise 0.0090 | chroma 0.0456 | decomp 0.0581 | smooth_enh 0.0152 | lambda_mean 0.8235 | lambda_min 0.0071 | lambda_max 1.2135

Epoch 100/120 train start
Epoch 100/120 validation start
Epoch 100 | train_loss 0.1697 | val_loss 0.1643 | val_psnr 23.88 | val_lpips 0.0464 | val_lpips_full 0.0603 | edge 0.0195 | dark_noise 0.0089 | chroma 0.0453 | decomp 0.0504 | smooth_enh 0.0149 | lambda_mean 0.8249 | lambda_min 0.0071 | lambda_max 1.2130

Epoch 101/120 train start
Epoch 101/120 validation start
Epoch 101 | train_loss 0.1700 | val_loss 0.1626 | val_psnr 24.26 | val_lpips 0.0449 | val_lpips_full 0.0590 | edge 0.0194 | dark_noise 0.0089 | chroma 0.0435 | decomp 0.0525 | smooth_enh 0.0151 | lambda_mean 0.8314 | lambda_min 0.0073 | lambda_max 1.2200

Epoch 102/120 train start
Epoch 102/120 validation start
Epoch 102 | train_loss 0.1701 | val_loss 0.1636 | val_psnr 24.65 | val_lpips 0.0441 | val_lpips_full 0.0587 | edge 0.0193 | dark_noise 0.0090 | chroma 0.0452 | decomp 0.0565 | smooth_enh 0.0151 | lambda_mean 0.8274 | lambda_min 0.0070 | lambda_max 1.2167

Epoch 103/120 train start
Epoch 103/120 validation start
Epoch 103 | train_loss 0.1704 | val_loss 0.1649 | val_psnr 24.41 | val_lpips 0.0440 | val_lpips_full 0.0581 | edge 0.0193 | dark_noise 0.0089 | chroma 0.0433 | decomp 0.0555 | smooth_enh 0.0152 | lambda_mean 0.8214 | lambda_min 0.0066 | lambda_max 1.2158

Epoch 104/120 train start
Epoch 104/120 validation start
Epoch 104 | train_loss 0.1699 | val_loss 0.1644 | val_psnr 23.84 | val_lpips 0.0454 | val_lpips_full 0.0591 | edge 0.0194 | dark_noise 0.0089 | chroma 0.0439 | decomp 0.0502 | smooth_enh 0.0150 | lambda_mean 0.8297 | lambda_min 0.0075 | lambda_max 1.2188

Epoch 105/120 train start
Epoch 105/120 validation start
Epoch 105 | train_loss 0.1693 | val_loss 0.1643 | val_psnr 24.45 | val_lpips 0.0443 | val_lpips_full 0.0585 | edge 0.0193 | dark_noise 0.0089 | chroma 0.0437 | decomp 0.0557 | smooth_enh 0.0151 | lambda_mean 0.8232 | lambda_min 0.0071 | lambda_max 1.2118

Epoch 106/120 train start
Epoch 106/120 validation start
Epoch 106 | train_loss 0.1690 | val_loss 0.1629 | val_psnr 24.24 | val_lpips 0.0443 | val_lpips_full 0.0582 | edge 0.0194 | dark_noise 0.0089 | chroma 0.0440 | decomp 0.0524 | smooth_enh 0.0151 | lambda_mean 0.8295 | lambda_min 0.0072 | lambda_max 1.2173

Epoch 107/120 train start
Epoch 107/120 validation start
Epoch 107 | train_loss 0.1682 | val_loss 0.1637 | val_psnr 24.04 | val_lpips 0.0442 | val_lpips_full 0.0581 | edge 0.0193 | dark_noise 0.0089 | chroma 0.0435 | decomp 0.0519 | smooth_enh 0.0148 | lambda_mean 0.8252 | lambda_min 0.0066 | lambda_max 1.2174

Epoch 108/120 train start
Epoch 108/120 validation start
Epoch 108 | train_loss 0.1691 | val_loss 0.1628 | val_psnr 24.37 | val_lpips 0.0440 | val_lpips_full 0.0581 | edge 0.0193 | dark_noise 0.0089 | chroma 0.0434 | decomp 0.0537 | smooth_enh 0.0151 | lambda_mean 0.8293 | lambda_min 0.0070 | lambda_max 1.2196

Epoch 109/120 train start
Epoch 109/120 validation start
Epoch 109 | train_loss 0.1683 | val_loss 0.1632 | val_psnr 24.22 | val_lpips 0.0441 | val_lpips_full 0.0581 | edge 0.0194 | dark_noise 0.0089 | chroma 0.0426 | decomp 0.0525 | smooth_enh 0.0151 | lambda_mean 0.8294 | lambda_min 0.0070 | lambda_max 1.2197

Epoch 110/120 train start
Epoch 110/120 validation start
Epoch 110 | train_loss 0.1669 | val_loss 0.1628 | val_psnr 24.32 | val_lpips 0.0448 | val_lpips_full 0.0589 | edge 0.0194 | dark_noise 0.0089 | chroma 0.0447 | decomp 0.0528 | smooth_enh 0.0151 | lambda_mean 0.8291 | lambda_min 0.0071 | lambda_max 1.2160

Epoch 111/120 train start
Epoch 111/120 validation start
Epoch 111 | train_loss 0.1672 | val_loss 0.1638 | val_psnr 24.30 | val_lpips 0.0442 | val_lpips_full 0.0581 | edge 0.0193 | dark_noise 0.0089 | chroma 0.0433 | decomp 0.0537 | smooth_enh 0.0150 | lambda_mean 0.8241 | lambda_min 0.0073 | lambda_max 1.2138

Epoch 112/120 train start
Epoch 112/120 validation start
Epoch 112 | train_loss 0.1690 | val_loss 0.1634 | val_psnr 24.29 | val_lpips 0.0437 | val_lpips_full 0.0577 | edge 0.0193 | dark_noise 0.0089 | chroma 0.0427 | decomp 0.0535 | smooth_enh 0.0150 | lambda_mean 0.8256 | lambda_min 0.0073 | lambda_max 1.2168

Epoch 113/120 train start
Epoch 113/120 validation start
Epoch 113 | train_loss 0.1673 | val_loss 0.1632 | val_psnr 24.09 | val_lpips 0.0440 | val_lpips_full 0.0578 | edge 0.0194 | dark_noise 0.0089 | chroma 0.0430 | decomp 0.0518 | smooth_enh 0.0150 | lambda_mean 0.8295 | lambda_min 0.0074 | lambda_max 1.2178

Epoch 114/120 train start
Epoch 114/120 validation start
Epoch 114 | train_loss 0.1668 | val_loss 0.1628 | val_psnr 24.35 | val_lpips 0.0433 | val_lpips_full 0.0574 | edge 0.0194 | dark_noise 0.0089 | chroma 0.0424 | decomp 0.0539 | smooth_enh 0.0151 | lambda_mean 0.8246 | lambda_min 0.0076 | lambda_max 1.2188

Epoch 115/120 train start
Epoch 115/120 validation start
Epoch 115 | train_loss 0.1666 | val_loss 0.1619 | val_psnr 24.57 | val_lpips 0.0433 | val_lpips_full 0.0573 | edge 0.0193 | dark_noise 0.0089 | chroma 0.0426 | decomp 0.0552 | smooth_enh 0.0153 | lambda_mean 0.8313 | lambda_min 0.0077 | lambda_max 1.2218

Epoch 116/120 train start
Epoch 116/120 validation start
Epoch 116 | train_loss 0.1679 | val_loss 0.1638 | val_psnr 23.86 | val_lpips 0.0449 | val_lpips_full 0.0585 | edge 0.0195 | dark_noise 0.0089 | chroma 0.0428 | decomp 0.0503 | smooth_enh 0.0149 | lambda_mean 0.8277 | lambda_min 0.0075 | lambda_max 1.2143

Epoch 117/120 train start
Epoch 117/120 validation start
Epoch 117 | train_loss 0.1676 | val_loss 0.1621 | val_psnr 24.33 | val_lpips 0.0438 | val_lpips_full 0.0576 | edge 0.0194 | dark_noise 0.0089 | chroma 0.0433 | decomp 0.0533 | smooth_enh 0.0150 | lambda_mean 0.8268 | lambda_min 0.0073 | lambda_max 1.2126

Epoch 118/120 train start
Epoch 118/120 validation start
Epoch 118 | train_loss 0.1672 | val_loss 0.1629 | val_psnr 24.41 | val_lpips 0.0431 | val_lpips_full 0.0571 | edge 0.0193 | dark_noise 0.0089 | chroma 0.0423 | decomp 0.0541 | smooth_enh 0.0150 | lambda_mean 0.8239 | lambda_min 0.0071 | lambda_max 1.2135

Epoch 119/120 train start
Epoch 119/120 validation start
Epoch 119 | train_loss 0.1681 | val_loss 0.1635 | val_psnr 24.22 | val_lpips 0.0442 | val_lpips_full 0.0581 | edge 0.0194 | dark_noise 0.0089 | chroma 0.0433 | decomp 0.0531 | smooth_enh 0.0149 | lambda_mean 0.8228 | lambda_min 0.0072 | lambda_max 1.2114

Epoch 120/120 train start
Epoch 120/120 validation start
Epoch 120 | train_loss 0.1676 | val_loss 0.1628 | val_psnr 24.25 | val_lpips 0.0441 | val_lpips_full 0.0581 | edge 0.0194 | dark_noise 0.0089 | chroma 0.0427 | decomp 0.0530 | smooth_enh 0.0151 | lambda_mean 0.8272 | lambda_min 0.0074 | lambda_max 1.2173
===== TRAIN FINISHED =====
Best epoch: 96
Best psnr: 24.73252927645096
Best PSNR: 24.73252927645096
Best LPIPS@loss: 0.04353461168292496
Best LPIPS full: 0.057978104758593774
Best checkpoint: /content/retinextapetum_hpo/projects/lol_v2_synthetic/final/source_profile_baseline_seed_123/run/checkpoints/best.pth
Last checkpoint: /content/retinextapetum_hpo/projects/lol_v2_synthetic/final/source_profile_baseline_seed_123/run/checkpoints/last.pth
