DEVICE: cuda
TRAIN_LOW_DIR : /content/drive/MyDrive/TAPETUM/datasets/LOL-v2/Real_captured/Train/Low
TRAIN_HIGH_DIR: /content/drive/MyDrive/TAPETUM/datasets/LOL-v2/Real_captured/Train/Normal
VAL_LOW_DIR   : /content/drive/MyDrive/TAPETUM/datasets/LOL-v2/Real_captured/Val/Low
VAL_HIGH_DIR  : /content/drive/MyDrive/TAPETUM/datasets/LOL-v2/Real_captured/Val/Normal
CKPT_DIR      : /content/retinextapetum_hpo/projects/lol_v2_real/final/hpo_candidate_02_trial_0012_3df5d5c6d5_seed_123/run/checkpoints
USE_TRAIN_VAL_SPLIT: True
VAL_RATIO     : 0.1
SPLIT_SEED    : 42
BASE_CHANNELS : 128
BATCH_SIZE    : 2
EPOCHS        : 120
LR            : 0.0006620890956705852
MIN_LR        : 4.082960740748955e-05
W_LPIPS       : 0.12
BEST_METRIC   : psnr
RESUME        : False
RESUME_CKPT   : last.pth
TRAIN_LOG_INTERVAL: 0
VAL_LOG_INTERVAL  : 0
DRIVE_CKPT_MIRROR_DIR: /content/drive/MyDrive/TAPETUM/HyperparameterSearch/lol_v2_real/final_confirmation/hpo_candidate_02_trial_0012_3df5d5c6d5/seed_123
Split manifest: /content/drive/MyDrive/TAPETUM/HyperparameterSearch/lol_v2_real/split_manifest.json
Train split images: 620
Val split images: 69
[Dataset] /content/drive/MyDrive/TAPETUM/datasets/LOL-v2/Real_captured/Train/Low
Mode: train
Split file_list: yes
Paired samples: 620
[Dataset] /content/drive/MyDrive/TAPETUM/datasets/LOL-v2/Real_captured/Train/Low
Mode: val/test
Split file_list: yes
Paired samples: 69
Train batches: 310
Val batches  : 69
Trainable params: 536,463
Setting up [LPIPS] perceptual loss: trunk [alex], v[0.1], spatial [off]
/usr/local/lib/python3.12/dist-packages/torchvision/models/_utils.py:208: UserWarning: The parameter 'pretrained' is deprecated since 0.13 and may be removed in the future, please use 'weights' instead.
  warnings.warn(
/usr/local/lib/python3.12/dist-packages/torchvision/models/_utils.py:223: UserWarning: Arguments other than a weight enum or `None` for 'weights' are deprecated since 0.13 and may be removed in the future. The current behavior is equivalent to passing `weights=AlexNet_Weights.IMAGENET1K_V1`. You can also use `weights=AlexNet_Weights.DEFAULT` to get the most up-to-date weights.
  warnings.warn(msg)
Loading model from: /usr/local/lib/python3.12/dist-packages/lpips/weights/v0.1/alex.pth
LPIPS training loss: enabled (alex, weight=0.12)
Resume disabled: RETINEX_TAPETUM_RESUME=0/config.RESUME_TRAINING=False

===== TRAIN START =====

Epoch 001/120 train start
Epoch 001/120 validation start
Epoch 001 | train_loss 0.6070 | val_loss 0.4596 | val_psnr 17.46 | val_lpips 0.3786 | val_lpips_full 0.4662 | edge 0.0377 | dark_noise 0.0135 | chroma 0.1220 | decomp 0.1211 | smooth_enh 0.0172 | lambda_mean 1.6654 | lambda_min 1.0806 | lambda_max 1.8885
Best model updated -> Epoch: 1, psnr: 17.4612, PSNR: 17.4612, LPIPS@loss: 0.3786, LPIPS full: 0.4662

Epoch 002/120 train start
Epoch 002/120 validation start
Epoch 002 | train_loss 0.4736 | val_loss 0.4261 | val_psnr 18.41 | val_lpips 0.3365 | val_lpips_full 0.4345 | edge 0.0378 | dark_noise 0.0136 | chroma 0.1135 | decomp 0.1099 | smooth_enh 0.0205 | lambda_mean 1.7252 | lambda_min 1.0260 | lambda_max 1.9719
Best model updated -> Epoch: 2, psnr: 18.4088, PSNR: 18.4088, LPIPS@loss: 0.3365, LPIPS full: 0.4345

Epoch 003/120 train start
Epoch 003/120 validation start
Epoch 003 | train_loss 0.4474 | val_loss 0.4125 | val_psnr 18.37 | val_lpips 0.3278 | val_lpips_full 0.4215 | edge 0.0374 | dark_noise 0.0134 | chroma 0.1191 | decomp 0.0976 | smooth_enh 0.0193 | lambda_mean 1.7346 | lambda_min 1.1114 | lambda_max 1.9706

Epoch 004/120 train start
Epoch 004/120 validation start
Epoch 004 | train_loss 0.4387 | val_loss 0.4226 | val_psnr 18.99 | val_lpips 0.3088 | val_lpips_full 0.4019 | edge 0.0394 | dark_noise 0.0138 | chroma 0.1139 | decomp 0.1203 | smooth_enh 0.0238 | lambda_mean 1.6976 | lambda_min 0.9729 | lambda_max 1.9681
Best model updated -> Epoch: 4, psnr: 18.9928, PSNR: 18.9928, LPIPS@loss: 0.3088, LPIPS full: 0.4019

Epoch 005/120 train start
Epoch 005/120 validation start
Epoch 005 | train_loss 0.4265 | val_loss 0.4002 | val_psnr 18.82 | val_lpips 0.3017 | val_lpips_full 0.3937 | edge 0.0379 | dark_noise 0.0135 | chroma 0.1102 | decomp 0.1002 | smooth_enh 0.0206 | lambda_mean 1.7320 | lambda_min 1.1275 | lambda_max 1.9802

Epoch 006/120 train start
Epoch 006/120 validation start
Epoch 006 | train_loss 0.4260 | val_loss 0.3916 | val_psnr 18.49 | val_lpips 0.2931 | val_lpips_full 0.3857 | edge 0.0375 | dark_noise 0.0133 | chroma 0.1099 | decomp 0.0851 | smooth_enh 0.0190 | lambda_mean 1.7610 | lambda_min 1.1470 | lambda_max 1.9750

Epoch 007/120 train start
Epoch 007/120 validation start
Epoch 007 | train_loss 0.4175 | val_loss 0.4160 | val_psnr 19.08 | val_lpips 0.2782 | val_lpips_full 0.3755 | edge 0.0376 | dark_noise 0.0136 | chroma 0.1081 | decomp 0.1227 | smooth_enh 0.0214 | lambda_mean 1.6792 | lambda_min 1.0347 | lambda_max 1.9604
Best model updated -> Epoch: 7, psnr: 19.0774, PSNR: 19.0774, LPIPS@loss: 0.2782, LPIPS full: 0.3755

Epoch 008/120 train start
Epoch 008/120 validation start
Epoch 008 | train_loss 0.3993 | val_loss 0.3765 | val_psnr 19.21 | val_lpips 0.2670 | val_lpips_full 0.3452 | edge 0.0357 | dark_noise 0.0132 | chroma 0.1015 | decomp 0.0950 | smooth_enh 0.0175 | lambda_mean 1.7491 | lambda_min 1.0822 | lambda_max 1.9798
Best model updated -> Epoch: 8, psnr: 19.2082, PSNR: 19.2082, LPIPS@loss: 0.2670, LPIPS full: 0.3452

Epoch 009/120 train start
Epoch 009/120 validation start
Epoch 009 | train_loss 0.3899 | val_loss 0.3757 | val_psnr 19.21 | val_lpips 0.2440 | val_lpips_full 0.3147 | edge 0.0350 | dark_noise 0.0132 | chroma 0.1124 | decomp 0.1026 | smooth_enh 0.0191 | lambda_mean 1.7440 | lambda_min 1.0101 | lambda_max 1.9842
Best model updated -> Epoch: 9, psnr: 19.2129, PSNR: 19.2129, LPIPS@loss: 0.2440, LPIPS full: 0.3147

Epoch 010/120 train start
Epoch 010/120 validation start
Epoch 010 | train_loss 0.3821 | val_loss 0.3547 | val_psnr 19.59 | val_lpips 0.2206 | val_lpips_full 0.2869 | edge 0.0344 | dark_noise 0.0133 | chroma 0.1000 | decomp 0.0961 | smooth_enh 0.0192 | lambda_mean 1.7411 | lambda_min 1.0217 | lambda_max 1.9873
Best model updated -> Epoch: 10, psnr: 19.5865, PSNR: 19.5865, LPIPS@loss: 0.2206, LPIPS full: 0.2869

Epoch 011/120 train start
Epoch 011/120 validation start
Epoch 011 | train_loss 0.3726 | val_loss 0.3862 | val_psnr 19.37 | val_lpips 0.2301 | val_lpips_full 0.2983 | edge 0.0355 | dark_noise 0.0131 | chroma 0.1067 | decomp 0.1171 | smooth_enh 0.0215 | lambda_mean 1.6879 | lambda_min 1.0032 | lambda_max 1.9699

Epoch 012/120 train start
Epoch 012/120 validation start
Epoch 012 | train_loss 0.3637 | val_loss 0.3497 | val_psnr 19.92 | val_lpips 0.2089 | val_lpips_full 0.2762 | edge 0.0344 | dark_noise 0.0132 | chroma 0.1031 | decomp 0.1018 | smooth_enh 0.0219 | lambda_mean 1.7264 | lambda_min 0.9859 | lambda_max 1.9852
Best model updated -> Epoch: 12, psnr: 19.9197, PSNR: 19.9197, LPIPS@loss: 0.2089, LPIPS full: 0.2762

Epoch 013/120 train start
Epoch 013/120 validation start
Epoch 013 | train_loss 0.3556 | val_loss 0.3478 | val_psnr 19.66 | val_lpips 0.2013 | val_lpips_full 0.2622 | edge 0.0336 | dark_noise 0.0131 | chroma 0.1026 | decomp 0.0993 | smooth_enh 0.0205 | lambda_mean 1.7481 | lambda_min 1.0460 | lambda_max 1.9921

Epoch 014/120 train start
Epoch 014/120 validation start
Epoch 014 | train_loss 0.3525 | val_loss 0.3328 | val_psnr 20.13 | val_lpips 0.1947 | val_lpips_full 0.2582 | edge 0.0337 | dark_noise 0.0132 | chroma 0.1018 | decomp 0.0943 | smooth_enh 0.0214 | lambda_mean 1.7378 | lambda_min 1.0200 | lambda_max 1.9880
Best model updated -> Epoch: 14, psnr: 20.1258, PSNR: 20.1258, LPIPS@loss: 0.1947, LPIPS full: 0.2582

Epoch 015/120 train start
Epoch 015/120 validation start
Epoch 015 | train_loss 0.3475 | val_loss 0.3351 | val_psnr 20.10 | val_lpips 0.1903 | val_lpips_full 0.2500 | edge 0.0332 | dark_noise 0.0132 | chroma 0.0984 | decomp 0.0965 | smooth_enh 0.0202 | lambda_mean 1.7326 | lambda_min 0.9842 | lambda_max 1.9898

Epoch 016/120 train start
Epoch 016/120 validation start
Epoch 016 | train_loss 0.3454 | val_loss 0.3358 | val_psnr 20.24 | val_lpips 0.1899 | val_lpips_full 0.2510 | edge 0.0330 | dark_noise 0.0131 | chroma 0.0999 | decomp 0.1009 | smooth_enh 0.0198 | lambda_mean 1.7335 | lambda_min 1.0164 | lambda_max 1.9899
Best model updated -> Epoch: 16, psnr: 20.2418, PSNR: 20.2418, LPIPS@loss: 0.1899, LPIPS full: 0.2510

Epoch 017/120 train start
Epoch 017/120 validation start
Epoch 017 | train_loss 0.3445 | val_loss 0.3369 | val_psnr 20.23 | val_lpips 0.1792 | val_lpips_full 0.2383 | edge 0.0327 | dark_noise 0.0131 | chroma 0.0967 | decomp 0.1011 | smooth_enh 0.0206 | lambda_mean 1.7269 | lambda_min 1.0431 | lambda_max 1.9841

Epoch 018/120 train start
Epoch 018/120 validation start
Epoch 018 | train_loss 0.3382 | val_loss 0.3616 | val_psnr 19.90 | val_lpips 0.1946 | val_lpips_full 0.2525 | edge 0.0324 | dark_noise 0.0131 | chroma 0.1013 | decomp 0.1193 | smooth_enh 0.0200 | lambda_mean 1.7118 | lambda_min 1.0669 | lambda_max 1.9774

Epoch 019/120 train start
Epoch 019/120 validation start
Epoch 019 | train_loss 0.3398 | val_loss 0.3438 | val_psnr 19.82 | val_lpips 0.1969 | val_lpips_full 0.2598 | edge 0.0321 | dark_noise 0.0130 | chroma 0.1108 | decomp 0.0992 | smooth_enh 0.0189 | lambda_mean 1.7542 | lambda_min 1.0284 | lambda_max 1.9872

Epoch 020/120 train start
Epoch 020/120 validation start
Epoch 020 | train_loss 0.3354 | val_loss 0.3241 | val_psnr 20.37 | val_lpips 0.1677 | val_lpips_full 0.2294 | edge 0.0322 | dark_noise 0.0132 | chroma 0.0946 | decomp 0.0958 | smooth_enh 0.0202 | lambda_mean 1.7424 | lambda_min 1.0596 | lambda_max 1.9914
Best model updated -> Epoch: 20, psnr: 20.3689, PSNR: 20.3689, LPIPS@loss: 0.1677, LPIPS full: 0.2294

Epoch 021/120 train start
Epoch 021/120 validation start
Epoch 021 | train_loss 0.3351 | val_loss 0.3161 | val_psnr 20.34 | val_lpips 0.1659 | val_lpips_full 0.2248 | edge 0.0321 | dark_noise 0.0130 | chroma 0.0937 | decomp 0.0895 | smooth_enh 0.0203 | lambda_mean 1.7451 | lambda_min 1.0430 | lambda_max 1.9912

Epoch 022/120 train start
Epoch 022/120 validation start
Epoch 022 | train_loss 0.3280 | val_loss 0.3124 | val_psnr 20.60 | val_lpips 0.1589 | val_lpips_full 0.2164 | edge 0.0321 | dark_noise 0.0130 | chroma 0.0917 | decomp 0.0905 | smooth_enh 0.0207 | lambda_mean 1.7425 | lambda_min 1.0581 | lambda_max 1.9888
Best model updated -> Epoch: 22, psnr: 20.5967, PSNR: 20.5967, LPIPS@loss: 0.1589, LPIPS full: 0.2164

Epoch 023/120 train start
Epoch 023/120 validation start
Epoch 023 | train_loss 0.3300 | val_loss 0.3122 | val_psnr 20.65 | val_lpips 0.1551 | val_lpips_full 0.2155 | edge 0.0321 | dark_noise 0.0131 | chroma 0.0911 | decomp 0.0912 | smooth_enh 0.0210 | lambda_mean 1.7433 | lambda_min 1.0501 | lambda_max 1.9906
Best model updated -> Epoch: 23, psnr: 20.6525, PSNR: 20.6525, LPIPS@loss: 0.1551, LPIPS full: 0.2155

Epoch 024/120 train start
Epoch 024/120 validation start
Epoch 024 | train_loss 0.3218 | val_loss 0.3159 | val_psnr 20.68 | val_lpips 0.1561 | val_lpips_full 0.2125 | edge 0.0318 | dark_noise 0.0129 | chroma 0.0917 | decomp 0.0972 | smooth_enh 0.0203 | lambda_mean 1.7228 | lambda_min 1.0432 | lambda_max 1.9865
Best model updated -> Epoch: 24, psnr: 20.6813, PSNR: 20.6813, LPIPS@loss: 0.1561, LPIPS full: 0.2125

Epoch 025/120 train start
Epoch 025/120 validation start
Epoch 025 | train_loss 0.3252 | val_loss 0.3125 | val_psnr 20.64 | val_lpips 0.1560 | val_lpips_full 0.2167 | edge 0.0316 | dark_noise 0.0130 | chroma 0.0915 | decomp 0.0909 | smooth_enh 0.0194 | lambda_mean 1.7480 | lambda_min 1.0750 | lambda_max 1.9851

Epoch 026/120 train start
Epoch 026/120 validation start
Epoch 026 | train_loss 0.3191 | val_loss 0.3136 | val_psnr 20.72 | val_lpips 0.1481 | val_lpips_full 0.2071 | edge 0.0327 | dark_noise 0.0130 | chroma 0.0886 | decomp 0.0966 | smooth_enh 0.0228 | lambda_mean 1.7361 | lambda_min 1.0448 | lambda_max 1.9904
Best model updated -> Epoch: 26, psnr: 20.7166, PSNR: 20.7166, LPIPS@loss: 0.1481, LPIPS full: 0.2071

Epoch 027/120 train start
Epoch 027/120 validation start
Epoch 027 | train_loss 0.3212 | val_loss 0.3174 | val_psnr 19.72 | val_lpips 0.1492 | val_lpips_full 0.2087 | edge 0.0316 | dark_noise 0.0130 | chroma 0.0905 | decomp 0.0848 | smooth_enh 0.0196 | lambda_mean 1.7720 | lambda_min 1.1024 | lambda_max 1.9925

Epoch 028/120 train start
Epoch 028/120 validation start
Epoch 028 | train_loss 0.3145 | val_loss 0.3155 | val_psnr 20.24 | val_lpips 0.1495 | val_lpips_full 0.2076 | edge 0.0318 | dark_noise 0.0130 | chroma 0.0908 | decomp 0.0886 | smooth_enh 0.0205 | lambda_mean 1.7522 | lambda_min 1.0700 | lambda_max 1.9909

Epoch 029/120 train start
Epoch 029/120 validation start
Epoch 029 | train_loss 0.3159 | val_loss 0.3039 | val_psnr 21.02 | val_lpips 0.1426 | val_lpips_full 0.1991 | edge 0.0315 | dark_noise 0.0129 | chroma 0.0870 | decomp 0.0948 | smooth_enh 0.0205 | lambda_mean 1.7284 | lambda_min 1.0513 | lambda_max 1.9881
Best model updated -> Epoch: 29, psnr: 21.0209, PSNR: 21.0209, LPIPS@loss: 0.1426, LPIPS full: 0.1991

Epoch 030/120 train start
Epoch 030/120 validation start
Epoch 030 | train_loss 0.3135 | val_loss 0.3088 | val_psnr 20.72 | val_lpips 0.1464 | val_lpips_full 0.2033 | edge 0.0315 | dark_noise 0.0129 | chroma 0.0916 | decomp 0.0930 | smooth_enh 0.0201 | lambda_mean 1.7398 | lambda_min 1.1055 | lambda_max 1.9877

Epoch 031/120 train start
Epoch 031/120 validation start
Epoch 031 | train_loss 0.3139 | val_loss 0.3170 | val_psnr 20.22 | val_lpips 0.1493 | val_lpips_full 0.2068 | edge 0.0316 | dark_noise 0.0128 | chroma 0.0895 | decomp 0.0893 | smooth_enh 0.0207 | lambda_mean 1.7561 | lambda_min 1.0667 | lambda_max 1.9908

Epoch 032/120 train start
Epoch 032/120 validation start
Epoch 032 | train_loss 0.3112 | val_loss 0.3065 | val_psnr 21.27 | val_lpips 0.1344 | val_lpips_full 0.1926 | edge 0.0317 | dark_noise 0.0130 | chroma 0.0853 | decomp 0.1015 | smooth_enh 0.0218 | lambda_mean 1.7189 | lambda_min 1.0403 | lambda_max 1.9900
Best model updated -> Epoch: 32, psnr: 21.2683, PSNR: 21.2683, LPIPS@loss: 0.1344, LPIPS full: 0.1926

Epoch 033/120 train start
Epoch 033/120 validation start
Epoch 033 | train_loss 0.3121 | val_loss 0.3231 | val_psnr 20.67 | val_lpips 0.1450 | val_lpips_full 0.2031 | edge 0.0309 | dark_noise 0.0128 | chroma 0.0885 | decomp 0.1032 | smooth_enh 0.0184 | lambda_mean 1.7107 | lambda_min 1.0977 | lambda_max 1.9755

Epoch 034/120 train start
Epoch 034/120 validation start
Epoch 034 | train_loss 0.3136 | val_loss 0.2989 | val_psnr 20.92 | val_lpips 0.1329 | val_lpips_full 0.1900 | edge 0.0315 | dark_noise 0.0129 | chroma 0.0856 | decomp 0.0918 | smooth_enh 0.0209 | lambda_mean 1.7379 | lambda_min 1.0938 | lambda_max 1.9922

Epoch 035/120 train start
Epoch 035/120 validation start
Epoch 035 | train_loss 0.3098 | val_loss 0.3058 | val_psnr 21.05 | val_lpips 0.1318 | val_lpips_full 0.1907 | edge 0.0315 | dark_noise 0.0128 | chroma 0.0849 | decomp 0.0963 | smooth_enh 0.0214 | lambda_mean 1.7281 | lambda_min 1.0761 | lambda_max 1.9885

Epoch 036/120 train start
Epoch 036/120 validation start
Epoch 036 | train_loss 0.3064 | val_loss 0.3014 | val_psnr 20.74 | val_lpips 0.1339 | val_lpips_full 0.1910 | edge 0.0313 | dark_noise 0.0127 | chroma 0.0869 | decomp 0.0912 | smooth_enh 0.0206 | lambda_mean 1.7421 | lambda_min 1.0954 | lambda_max 1.9892

Epoch 037/120 train start
Epoch 037/120 validation start
Epoch 037 | train_loss 0.3047 | val_loss 0.2994 | val_psnr 20.95 | val_lpips 0.1267 | val_lpips_full 0.1839 | edge 0.0313 | dark_noise 0.0128 | chroma 0.0834 | decomp 0.0892 | smooth_enh 0.0205 | lambda_mean 1.7430 | lambda_min 1.0932 | lambda_max 1.9880

Epoch 038/120 train start
Epoch 038/120 validation start
Epoch 038 | train_loss 0.3029 | val_loss 0.2965 | val_psnr 20.79 | val_lpips 0.1292 | val_lpips_full 0.1862 | edge 0.0307 | dark_noise 0.0128 | chroma 0.0836 | decomp 0.0866 | smooth_enh 0.0195 | lambda_mean 1.7564 | lambda_min 1.0812 | lambda_max 1.9930

Epoch 039/120 train start
Epoch 039/120 validation start
Epoch 039 | train_loss 0.3057 | val_loss 0.2992 | val_psnr 19.85 | val_lpips 0.1282 | val_lpips_full 0.1884 | edge 0.0309 | dark_noise 0.0129 | chroma 0.0827 | decomp 0.0745 | smooth_enh 0.0194 | lambda_mean 1.7760 | lambda_min 1.1413 | lambda_max 1.9950

Epoch 040/120 train start
Epoch 040/120 validation start
Epoch 040 | train_loss 0.3085 | val_loss 0.3031 | val_psnr 21.22 | val_lpips 0.1289 | val_lpips_full 0.1846 | edge 0.0313 | dark_noise 0.0129 | chroma 0.0829 | decomp 0.0985 | smooth_enh 0.0213 | lambda_mean 1.7251 | lambda_min 1.0782 | lambda_max 1.9884

Epoch 041/120 train start
Epoch 041/120 validation start
Epoch 041 | train_loss 0.3062 | val_loss 0.2962 | val_psnr 20.73 | val_lpips 0.1294 | val_lpips_full 0.1851 | edge 0.0312 | dark_noise 0.0128 | chroma 0.0839 | decomp 0.0878 | smooth_enh 0.0205 | lambda_mean 1.7480 | lambda_min 1.1135 | lambda_max 1.9920

Epoch 042/120 train start
Epoch 042/120 validation start
Epoch 042 | train_loss 0.3037 | val_loss 0.2962 | val_psnr 20.29 | val_lpips 0.1359 | val_lpips_full 0.1935 | edge 0.0306 | dark_noise 0.0128 | chroma 0.0894 | decomp 0.0759 | smooth_enh 0.0187 | lambda_mean 1.7693 | lambda_min 1.1281 | lambda_max 1.9910

Epoch 043/120 train start
Epoch 043/120 validation start
Epoch 043 | train_loss 0.2994 | val_loss 0.3095 | val_psnr 20.85 | val_lpips 0.1290 | val_lpips_full 0.1839 | edge 0.0309 | dark_noise 0.0128 | chroma 0.0846 | decomp 0.0992 | smooth_enh 0.0204 | lambda_mean 1.7282 | lambda_min 1.0974 | lambda_max 1.9840

Epoch 044/120 train start
Epoch 044/120 validation start
Epoch 044 | train_loss 0.3002 | val_loss 0.2892 | val_psnr 21.11 | val_lpips 0.1200 | val_lpips_full 0.1740 | edge 0.0307 | dark_noise 0.0127 | chroma 0.0805 | decomp 0.0885 | smooth_enh 0.0203 | lambda_mean 1.7404 | lambda_min 1.0756 | lambda_max 1.9908

Epoch 045/120 train start
Epoch 045/120 validation start
Epoch 045 | train_loss 0.3013 | val_loss 0.2932 | val_psnr 21.38 | val_lpips 0.1202 | val_lpips_full 0.1781 | edge 0.0308 | dark_noise 0.0127 | chroma 0.0814 | decomp 0.0949 | smooth_enh 0.0203 | lambda_mean 1.7312 | lambda_min 1.0917 | lambda_max 1.9905
Best model updated -> Epoch: 45, psnr: 21.3787, PSNR: 21.3787, LPIPS@loss: 0.1202, LPIPS full: 0.1781

Epoch 046/120 train start
Epoch 046/120 validation start
Epoch 046 | train_loss 0.2990 | val_loss 0.2915 | val_psnr 20.98 | val_lpips 0.1204 | val_lpips_full 0.1764 | edge 0.0308 | dark_noise 0.0128 | chroma 0.0826 | decomp 0.0869 | smooth_enh 0.0204 | lambda_mean 1.7422 | lambda_min 1.1092 | lambda_max 1.9912

Epoch 047/120 train start
Epoch 047/120 validation start
Epoch 047 | train_loss 0.3008 | val_loss 0.2924 | val_psnr 20.97 | val_lpips 0.1227 | val_lpips_full 0.1789 | edge 0.0306 | dark_noise 0.0128 | chroma 0.0819 | decomp 0.0883 | smooth_enh 0.0200 | lambda_mean 1.7419 | lambda_min 1.0829 | lambda_max 1.9907

Epoch 048/120 train start
Epoch 048/120 validation start
Epoch 048 | train_loss 0.3017 | val_loss 0.2927 | val_psnr 20.20 | val_lpips 0.1243 | val_lpips_full 0.1791 | edge 0.0308 | dark_noise 0.0128 | chroma 0.0826 | decomp 0.0753 | smooth_enh 0.0200 | lambda_mean 1.7678 | lambda_min 1.1098 | lambda_max 1.9933

Epoch 049/120 train start
Epoch 049/120 validation start
Epoch 049 | train_loss 0.2979 | val_loss 0.2963 | val_psnr 21.18 | val_lpips 0.1177 | val_lpips_full 0.1731 | edge 0.0311 | dark_noise 0.0129 | chroma 0.0811 | decomp 0.0936 | smooth_enh 0.0216 | lambda_mean 1.7321 | lambda_min 1.0723 | lambda_max 1.9894

Epoch 050/120 train start
Epoch 050/120 validation start
Epoch 050 | train_loss 0.2964 | val_loss 0.2876 | val_psnr 20.74 | val_lpips 0.1226 | val_lpips_full 0.1791 | edge 0.0308 | dark_noise 0.0128 | chroma 0.0823 | decomp 0.0798 | smooth_enh 0.0204 | lambda_mean 1.7592 | lambda_min 1.0968 | lambda_max 1.9930

Epoch 051/120 train start
Epoch 051/120 validation start
Epoch 051 | train_loss 0.2999 | val_loss 0.2888 | val_psnr 21.14 | val_lpips 0.1176 | val_lpips_full 0.1706 | edge 0.0306 | dark_noise 0.0127 | chroma 0.0804 | decomp 0.0883 | smooth_enh 0.0204 | lambda_mean 1.7403 | lambda_min 1.0993 | lambda_max 1.9887

Epoch 052/120 train start
Epoch 052/120 validation start
Epoch 052 | train_loss 0.2946 | val_loss 0.2877 | val_psnr 21.02 | val_lpips 0.1194 | val_lpips_full 0.1730 | edge 0.0305 | dark_noise 0.0128 | chroma 0.0821 | decomp 0.0856 | smooth_enh 0.0200 | lambda_mean 1.7468 | lambda_min 1.0872 | lambda_max 1.9913

Epoch 053/120 train start
Epoch 053/120 validation start
Epoch 053 | train_loss 0.2915 | val_loss 0.3055 | val_psnr 20.97 | val_lpips 0.1266 | val_lpips_full 0.1818 | edge 0.0309 | dark_noise 0.0129 | chroma 0.0842 | decomp 0.0988 | smooth_enh 0.0212 | lambda_mean 1.7159 | lambda_min 1.0630 | lambda_max 1.9859

Epoch 054/120 train start
Epoch 054/120 validation start
Epoch 054 | train_loss 0.2931 | val_loss 0.2903 | val_psnr 21.11 | val_lpips 0.1174 | val_lpips_full 0.1684 | edge 0.0307 | dark_noise 0.0126 | chroma 0.0817 | decomp 0.0919 | smooth_enh 0.0210 | lambda_mean 1.7387 | lambda_min 1.0745 | lambda_max 1.9906

Epoch 055/120 train start
Epoch 055/120 validation start
Epoch 055 | train_loss 0.2923 | val_loss 0.2862 | val_psnr 21.07 | val_lpips 0.1187 | val_lpips_full 0.1722 | edge 0.0306 | dark_noise 0.0127 | chroma 0.0826 | decomp 0.0848 | smooth_enh 0.0201 | lambda_mean 1.7491 | lambda_min 1.0732 | lambda_max 1.9913

Epoch 056/120 train start
Epoch 056/120 validation start
Epoch 056 | train_loss 0.2941 | val_loss 0.2862 | val_psnr 20.71 | val_lpips 0.1150 | val_lpips_full 0.1689 | edge 0.0306 | dark_noise 0.0128 | chroma 0.0787 | decomp 0.0804 | smooth_enh 0.0202 | lambda_mean 1.7577 | lambda_min 1.1191 | lambda_max 1.9923

Epoch 057/120 train start
Epoch 057/120 validation start
Epoch 057 | train_loss 0.2955 | val_loss 0.2909 | val_psnr 21.30 | val_lpips 0.1152 | val_lpips_full 0.1673 | edge 0.0307 | dark_noise 0.0128 | chroma 0.0810 | decomp 0.0928 | smooth_enh 0.0210 | lambda_mean 1.7334 | lambda_min 1.0827 | lambda_max 1.9892

Epoch 058/120 train start
Epoch 058/120 validation start
Epoch 058 | train_loss 0.2927 | val_loss 0.2832 | val_psnr 20.96 | val_lpips 0.1132 | val_lpips_full 0.1670 | edge 0.0306 | dark_noise 0.0128 | chroma 0.0802 | decomp 0.0824 | smooth_enh 0.0205 | lambda_mean 1.7519 | lambda_min 1.1091 | lambda_max 1.9920

Epoch 059/120 train start
Epoch 059/120 validation start
Epoch 059 | train_loss 0.2939 | val_loss 0.2857 | val_psnr 21.37 | val_lpips 0.1105 | val_lpips_full 0.1649 | edge 0.0303 | dark_noise 0.0127 | chroma 0.0777 | decomp 0.0928 | smooth_enh 0.0200 | lambda_mean 1.7313 | lambda_min 1.0915 | lambda_max 1.9893

Epoch 060/120 train start
Epoch 060/120 validation start
Epoch 060 | train_loss 0.2917 | val_loss 0.2835 | val_psnr 21.25 | val_lpips 0.1111 | val_lpips_full 0.1642 | edge 0.0303 | dark_noise 0.0127 | chroma 0.0775 | decomp 0.0875 | smooth_enh 0.0200 | lambda_mean 1.7399 | lambda_min 1.0982 | lambda_max 1.9899

Epoch 061/120 train start
Epoch 061/120 validation start
Epoch 061 | train_loss 0.2893 | val_loss 0.2904 | val_psnr 21.09 | val_lpips 0.1115 | val_lpips_full 0.1627 | edge 0.0308 | dark_noise 0.0128 | chroma 0.0786 | decomp 0.0900 | smooth_enh 0.0213 | lambda_mean 1.7353 | lambda_min 1.0729 | lambda_max 1.9891

Epoch 062/120 train start
Epoch 062/120 validation start
Epoch 062 | train_loss 0.2895 | val_loss 0.2949 | val_psnr 21.38 | val_lpips 0.1107 | val_lpips_full 0.1615 | edge 0.0305 | dark_noise 0.0127 | chroma 0.0793 | decomp 0.1002 | smooth_enh 0.0209 | lambda_mean 1.7161 | lambda_min 1.0762 | lambda_max 1.9869
Best model updated -> Epoch: 62, psnr: 21.3847, PSNR: 21.3847, LPIPS@loss: 0.1107, LPIPS full: 0.1615

Epoch 063/120 train start
Epoch 063/120 validation start
Epoch 063 | train_loss 0.2870 | val_loss 0.2918 | val_psnr 21.40 | val_lpips 0.1092 | val_lpips_full 0.1628 | edge 0.0308 | dark_noise 0.0128 | chroma 0.0791 | decomp 0.0990 | smooth_enh 0.0216 | lambda_mean 1.7182 | lambda_min 1.0795 | lambda_max 1.9889
Best model updated -> Epoch: 63, psnr: 21.4036, PSNR: 21.4036, LPIPS@loss: 0.1092, LPIPS full: 0.1628

Epoch 064/120 train start
Epoch 064/120 validation start
Epoch 064 | train_loss 0.2904 | val_loss 0.2812 | val_psnr 21.02 | val_lpips 0.1098 | val_lpips_full 0.1613 | edge 0.0303 | dark_noise 0.0127 | chroma 0.0783 | decomp 0.0834 | smooth_enh 0.0201 | lambda_mean 1.7492 | lambda_min 1.1036 | lambda_max 1.9915

Epoch 065/120 train start
Epoch 065/120 validation start
Epoch 065 | train_loss 0.2878 | val_loss 0.2896 | val_psnr 21.28 | val_lpips 0.1093 | val_lpips_full 0.1603 | edge 0.0303 | dark_noise 0.0126 | chroma 0.0791 | decomp 0.0920 | smooth_enh 0.0201 | lambda_mean 1.7315 | lambda_min 1.1129 | lambda_max 1.9877

Epoch 066/120 train start
Epoch 066/120 validation start
Epoch 066 | train_loss 0.2876 | val_loss 0.2916 | val_psnr 21.21 | val_lpips 0.1133 | val_lpips_full 0.1666 | edge 0.0299 | dark_noise 0.0126 | chroma 0.0808 | decomp 0.0919 | smooth_enh 0.0188 | lambda_mean 1.7308 | lambda_min 1.1010 | lambda_max 1.9860

Epoch 067/120 train start
Epoch 067/120 validation start
Epoch 067 | train_loss 0.2852 | val_loss 0.2803 | val_psnr 21.28 | val_lpips 0.1118 | val_lpips_full 0.1654 | edge 0.0303 | dark_noise 0.0127 | chroma 0.0793 | decomp 0.0860 | smooth_enh 0.0203 | lambda_mean 1.7421 | lambda_min 1.0956 | lambda_max 1.9905

Epoch 068/120 train start
Epoch 068/120 validation start
Epoch 068 | train_loss 0.2848 | val_loss 0.2837 | val_psnr 20.44 | val_lpips 0.1109 | val_lpips_full 0.1633 | edge 0.0302 | dark_noise 0.0126 | chroma 0.0779 | decomp 0.0755 | smooth_enh 0.0195 | lambda_mean 1.7669 | lambda_min 1.1169 | lambda_max 1.9923

Epoch 069/120 train start
Epoch 069/120 validation start
Epoch 069 | train_loss 0.2872 | val_loss 0.2799 | val_psnr 21.18 | val_lpips 0.1090 | val_lpips_full 0.1606 | edge 0.0302 | dark_noise 0.0126 | chroma 0.0772 | decomp 0.0835 | smooth_enh 0.0197 | lambda_mean 1.7460 | lambda_min 1.1095 | lambda_max 1.9902

Epoch 070/120 train start
Epoch 070/120 validation start
Epoch 070 | train_loss 0.2879 | val_loss 0.2903 | val_psnr 21.31 | val_lpips 0.1083 | val_lpips_full 0.1603 | edge 0.0306 | dark_noise 0.0128 | chroma 0.0770 | decomp 0.0957 | smooth_enh 0.0215 | lambda_mean 1.7224 | lambda_min 1.0724 | lambda_max 1.9897

Epoch 071/120 train start
Epoch 071/120 validation start
Epoch 071 | train_loss 0.2849 | val_loss 0.2782 | val_psnr 21.22 | val_lpips 0.1093 | val_lpips_full 0.1629 | edge 0.0300 | dark_noise 0.0126 | chroma 0.0775 | decomp 0.0843 | smooth_enh 0.0195 | lambda_mean 1.7432 | lambda_min 1.1065 | lambda_max 1.9904

Epoch 072/120 train start
Epoch 072/120 validation start
Epoch 072 | train_loss 0.2860 | val_loss 0.2873 | val_psnr 21.25 | val_lpips 0.1073 | val_lpips_full 0.1579 | edge 0.0301 | dark_noise 0.0126 | chroma 0.0777 | decomp 0.0909 | smooth_enh 0.0201 | lambda_mean 1.7330 | lambda_min 1.1115 | lambda_max 1.9884

Epoch 073/120 train start
Epoch 073/120 validation start
Epoch 073 | train_loss 0.2890 | val_loss 0.2792 | val_psnr 21.29 | val_lpips 0.1049 | val_lpips_full 0.1571 | edge 0.0304 | dark_noise 0.0127 | chroma 0.0767 | decomp 0.0866 | smooth_enh 0.0206 | lambda_mean 1.7414 | lambda_min 1.1052 | lambda_max 1.9903

Epoch 074/120 train start
Epoch 074/120 validation start
Epoch 074 | train_loss 0.2819 | val_loss 0.2864 | val_psnr 21.60 | val_lpips 0.1025 | val_lpips_full 0.1532 | edge 0.0305 | dark_noise 0.0127 | chroma 0.0754 | decomp 0.0978 | smooth_enh 0.0212 | lambda_mean 1.7174 | lambda_min 1.0802 | lambda_max 1.9881
Best model updated -> Epoch: 74, psnr: 21.5976, PSNR: 21.5976, LPIPS@loss: 0.1025, LPIPS full: 0.1532

Epoch 075/120 train start
Epoch 075/120 validation start
Epoch 075 | train_loss 0.2824 | val_loss 0.2814 | val_psnr 21.22 | val_lpips 0.1062 | val_lpips_full 0.1584 | edge 0.0304 | dark_noise 0.0127 | chroma 0.0756 | decomp 0.0866 | smooth_enh 0.0209 | lambda_mean 1.7420 | lambda_min 1.0932 | lambda_max 1.9913

Epoch 076/120 train start
Epoch 076/120 validation start
Epoch 076 | train_loss 0.2844 | val_loss 0.2842 | val_psnr 21.45 | val_lpips 0.1027 | val_lpips_full 0.1552 | edge 0.0302 | dark_noise 0.0127 | chroma 0.0765 | decomp 0.0933 | smooth_enh 0.0205 | lambda_mean 1.7253 | lambda_min 1.0846 | lambda_max 1.9890

Epoch 077/120 train start
Epoch 077/120 validation start
Epoch 077 | train_loss 0.2837 | val_loss 0.2867 | val_psnr 21.52 | val_lpips 0.1038 | val_lpips_full 0.1556 | edge 0.0303 | dark_noise 0.0127 | chroma 0.0766 | decomp 0.0956 | smooth_enh 0.0208 | lambda_mean 1.7219 | lambda_min 1.0692 | lambda_max 1.9879

Epoch 078/120 train start
Epoch 078/120 validation start
Epoch 078 | train_loss 0.2824 | val_loss 0.2815 | val_psnr 21.40 | val_lpips 0.1036 | val_lpips_full 0.1556 | edge 0.0303 | dark_noise 0.0127 | chroma 0.0755 | decomp 0.0893 | smooth_enh 0.0208 | lambda_mean 1.7372 | lambda_min 1.1034 | lambda_max 1.9894

Epoch 079/120 train start
Epoch 079/120 validation start
Epoch 079 | train_loss 0.2824 | val_loss 0.2931 | val_psnr 21.24 | val_lpips 0.1028 | val_lpips_full 0.1560 | edge 0.0304 | dark_noise 0.0128 | chroma 0.0771 | decomp 0.0965 | smooth_enh 0.0207 | lambda_mean 1.7162 | lambda_min 1.0969 | lambda_max 1.9853

Epoch 080/120 train start
Epoch 080/120 validation start
Epoch 080 | train_loss 0.2793 | val_loss 0.2836 | val_psnr 21.28 | val_lpips 0.1008 | val_lpips_full 0.1523 | edge 0.0305 | dark_noise 0.0127 | chroma 0.0752 | decomp 0.0917 | smooth_enh 0.0212 | lambda_mean 1.7306 | lambda_min 1.0908 | lambda_max 1.9895

Epoch 081/120 train start
Epoch 081/120 validation start
Epoch 081 | train_loss 0.2777 | val_loss 0.2779 | val_psnr 21.19 | val_lpips 0.1034 | val_lpips_full 0.1550 | edge 0.0305 | dark_noise 0.0128 | chroma 0.0752 | decomp 0.0848 | smooth_enh 0.0213 | lambda_mean 1.7450 | lambda_min 1.0971 | lambda_max 1.9923

Epoch 082/120 train start
Epoch 082/120 validation start
Epoch 082 | train_loss 0.2794 | val_loss 0.2786 | val_psnr 21.39 | val_lpips 0.1017 | val_lpips_full 0.1542 | edge 0.0304 | dark_noise 0.0128 | chroma 0.0758 | decomp 0.0881 | smooth_enh 0.0211 | lambda_mean 1.7359 | lambda_min 1.0971 | lambda_max 1.9897

Epoch 083/120 train start
Epoch 083/120 validation start
Epoch 083 | train_loss 0.2799 | val_loss 0.2776 | val_psnr 21.13 | val_lpips 0.1032 | val_lpips_full 0.1538 | edge 0.0304 | dark_noise 0.0127 | chroma 0.0747 | decomp 0.0835 | smooth_enh 0.0209 | lambda_mean 1.7470 | lambda_min 1.1070 | lambda_max 1.9915

Epoch 084/120 train start
Epoch 084/120 validation start
Epoch 084 | train_loss 0.2793 | val_loss 0.2778 | val_psnr 21.35 | val_lpips 0.1014 | val_lpips_full 0.1525 | edge 0.0302 | dark_noise 0.0126 | chroma 0.0755 | decomp 0.0866 | smooth_enh 0.0204 | lambda_mean 1.7411 | lambda_min 1.1215 | lambda_max 1.9893

Epoch 085/120 train start
Epoch 085/120 validation start
Epoch 085 | train_loss 0.2801 | val_loss 0.2760 | val_psnr 21.22 | val_lpips 0.1015 | val_lpips_full 0.1519 | edge 0.0300 | dark_noise 0.0126 | chroma 0.0739 | decomp 0.0823 | smooth_enh 0.0200 | lambda_mean 1.7480 | lambda_min 1.1125 | lambda_max 1.9897

Epoch 086/120 train start
Epoch 086/120 validation start
Epoch 086 | train_loss 0.2808 | val_loss 0.2767 | val_psnr 21.46 | val_lpips 0.1008 | val_lpips_full 0.1528 | edge 0.0303 | dark_noise 0.0127 | chroma 0.0748 | decomp 0.0883 | smooth_enh 0.0206 | lambda_mean 1.7360 | lambda_min 1.0959 | lambda_max 1.9901

Epoch 087/120 train start
Epoch 087/120 validation start
Epoch 087 | train_loss 0.2794 | val_loss 0.2748 | val_psnr 21.28 | val_lpips 0.0995 | val_lpips_full 0.1498 | edge 0.0303 | dark_noise 0.0126 | chroma 0.0749 | decomp 0.0831 | smooth_enh 0.0207 | lambda_mean 1.7472 | lambda_min 1.1100 | lambda_max 1.9903

Epoch 088/120 train start
Epoch 088/120 validation start
Epoch 088 | train_loss 0.2767 | val_loss 0.2756 | val_psnr 21.28 | val_lpips 0.1003 | val_lpips_full 0.1512 | edge 0.0302 | dark_noise 0.0127 | chroma 0.0739 | decomp 0.0846 | smooth_enh 0.0205 | lambda_mean 1.7417 | lambda_min 1.1088 | lambda_max 1.9899

Epoch 089/120 train start
Epoch 089/120 validation start
Epoch 089 | train_loss 0.2785 | val_loss 0.2739 | val_psnr 21.37 | val_lpips 0.0995 | val_lpips_full 0.1511 | edge 0.0303 | dark_noise 0.0127 | chroma 0.0740 | decomp 0.0841 | smooth_enh 0.0208 | lambda_mean 1.7442 | lambda_min 1.1108 | lambda_max 1.9906

Epoch 090/120 train start
Epoch 090/120 validation start
Epoch 090 | train_loss 0.2796 | val_loss 0.2768 | val_psnr 21.02 | val_lpips 0.1025 | val_lpips_full 0.1540 | edge 0.0302 | dark_noise 0.0126 | chroma 0.0743 | decomp 0.0805 | smooth_enh 0.0199 | lambda_mean 1.7548 | lambda_min 1.1288 | lambda_max 1.9913

Epoch 091/120 train start
Epoch 091/120 validation start
Epoch 091 | train_loss 0.2821 | val_loss 0.2740 | val_psnr 21.23 | val_lpips 0.1006 | val_lpips_full 0.1518 | edge 0.0301 | dark_noise 0.0127 | chroma 0.0740 | decomp 0.0827 | smooth_enh 0.0201 | lambda_mean 1.7473 | lambda_min 1.1256 | lambda_max 1.9909

Epoch 092/120 train start
Epoch 092/120 validation start
Epoch 092 | train_loss 0.2782 | val_loss 0.2775 | val_psnr 21.46 | val_lpips 0.0980 | val_lpips_full 0.1495 | edge 0.0302 | dark_noise 0.0127 | chroma 0.0733 | decomp 0.0896 | smooth_enh 0.0206 | lambda_mean 1.7326 | lambda_min 1.0992 | lambda_max 1.9890

Epoch 093/120 train start
Epoch 093/120 validation start
Epoch 093 | train_loss 0.2771 | val_loss 0.2741 | val_psnr 21.10 | val_lpips 0.1019 | val_lpips_full 0.1531 | edge 0.0300 | dark_noise 0.0126 | chroma 0.0733 | decomp 0.0800 | smooth_enh 0.0198 | lambda_mean 1.7508 | lambda_min 1.1240 | lambda_max 1.9915

Epoch 094/120 train start
Epoch 094/120 validation start
Epoch 094 | train_loss 0.2754 | val_loss 0.2746 | val_psnr 21.50 | val_lpips 0.0973 | val_lpips_full 0.1471 | edge 0.0302 | dark_noise 0.0127 | chroma 0.0722 | decomp 0.0877 | smooth_enh 0.0208 | lambda_mean 1.7364 | lambda_min 1.0992 | lambda_max 1.9898

Epoch 095/120 train start
Epoch 095/120 validation start
Epoch 095 | train_loss 0.2769 | val_loss 0.2734 | val_psnr 21.54 | val_lpips 0.0962 | val_lpips_full 0.1472 | edge 0.0304 | dark_noise 0.0127 | chroma 0.0722 | decomp 0.0872 | smooth_enh 0.0210 | lambda_mean 1.7366 | lambda_min 1.1106 | lambda_max 1.9903

Epoch 096/120 train start
Epoch 096/120 validation start
Epoch 096 | train_loss 0.2752 | val_loss 0.2778 | val_psnr 21.37 | val_lpips 0.1000 | val_lpips_full 0.1501 | edge 0.0300 | dark_noise 0.0126 | chroma 0.0740 | decomp 0.0866 | smooth_enh 0.0201 | lambda_mean 1.7375 | lambda_min 1.1075 | lambda_max 1.9879

Epoch 097/120 train start
Epoch 097/120 validation start
Epoch 097 | train_loss 0.2745 | val_loss 0.2759 | val_psnr 21.34 | val_lpips 0.0983 | val_lpips_full 0.1488 | edge 0.0303 | dark_noise 0.0127 | chroma 0.0737 | decomp 0.0854 | smooth_enh 0.0209 | lambda_mean 1.7404 | lambda_min 1.1013 | lambda_max 1.9899

Epoch 098/120 train start
Epoch 098/120 validation start
Epoch 098 | train_loss 0.2751 | val_loss 0.2729 | val_psnr 21.34 | val_lpips 0.0964 | val_lpips_full 0.1471 | edge 0.0304 | dark_noise 0.0127 | chroma 0.0727 | decomp 0.0830 | smooth_enh 0.0211 | lambda_mean 1.7455 | lambda_min 1.1088 | lambda_max 1.9901

Epoch 099/120 train start
Epoch 099/120 validation start
Epoch 099 | train_loss 0.2742 | val_loss 0.2779 | val_psnr 21.43 | val_lpips 0.0972 | val_lpips_full 0.1478 | edge 0.0302 | dark_noise 0.0126 | chroma 0.0733 | decomp 0.0896 | smooth_enh 0.0206 | lambda_mean 1.7318 | lambda_min 1.1064 | lambda_max 1.9885

Epoch 100/120 train start
Epoch 100/120 validation start
Epoch 100 | train_loss 0.2761 | val_loss 0.2726 | val_psnr 21.32 | val_lpips 0.0968 | val_lpips_full 0.1482 | edge 0.0302 | dark_noise 0.0127 | chroma 0.0722 | decomp 0.0836 | smooth_enh 0.0205 | lambda_mean 1.7444 | lambda_min 1.1180 | lambda_max 1.9908

Epoch 101/120 train start
Epoch 101/120 validation start
Epoch 101 | train_loss 0.2742 | val_loss 0.2757 | val_psnr 21.29 | val_lpips 0.0983 | val_lpips_full 0.1491 | edge 0.0301 | dark_noise 0.0126 | chroma 0.0730 | decomp 0.0841 | smooth_enh 0.0203 | lambda_mean 1.7423 | lambda_min 1.1119 | lambda_max 1.9888

Epoch 102/120 train start
Epoch 102/120 validation start
Epoch 102 | train_loss 0.2729 | val_loss 0.2735 | val_psnr 21.25 | val_lpips 0.0981 | val_lpips_full 0.1488 | edge 0.0300 | dark_noise 0.0126 | chroma 0.0721 | decomp 0.0829 | smooth_enh 0.0198 | lambda_mean 1.7465 | lambda_min 1.1250 | lambda_max 1.9891

Epoch 103/120 train start
Epoch 103/120 validation start
Epoch 103 | train_loss 0.2743 | val_loss 0.2733 | val_psnr 21.51 | val_lpips 0.0969 | val_lpips_full 0.1479 | edge 0.0302 | dark_noise 0.0127 | chroma 0.0717 | decomp 0.0869 | smooth_enh 0.0205 | lambda_mean 1.7382 | lambda_min 1.1038 | lambda_max 1.9898

Epoch 104/120 train start
Epoch 104/120 validation start
Epoch 104 | train_loss 0.2728 | val_loss 0.2721 | val_psnr 21.31 | val_lpips 0.0976 | val_lpips_full 0.1475 | edge 0.0301 | dark_noise 0.0126 | chroma 0.0720 | decomp 0.0832 | smooth_enh 0.0202 | lambda_mean 1.7446 | lambda_min 1.1158 | lambda_max 1.9901

Epoch 105/120 train start
Epoch 105/120 validation start
Epoch 105 | train_loss 0.2736 | val_loss 0.2761 | val_psnr 21.48 | val_lpips 0.0972 | val_lpips_full 0.1480 | edge 0.0302 | dark_noise 0.0127 | chroma 0.0725 | decomp 0.0890 | smooth_enh 0.0206 | lambda_mean 1.7321 | lambda_min 1.1021 | lambda_max 1.9891

Epoch 106/120 train start
Epoch 106/120 validation start
Epoch 106 | train_loss 0.2734 | val_loss 0.2745 | val_psnr 21.50 | val_lpips 0.0964 | val_lpips_full 0.1475 | edge 0.0302 | dark_noise 0.0127 | chroma 0.0720 | decomp 0.0884 | smooth_enh 0.0207 | lambda_mean 1.7332 | lambda_min 1.1010 | lambda_max 1.9898

Epoch 107/120 train start
Epoch 107/120 validation start
Epoch 107 | train_loss 0.2753 | val_loss 0.2731 | val_psnr 21.43 | val_lpips 0.0964 | val_lpips_full 0.1474 | edge 0.0302 | dark_noise 0.0126 | chroma 0.0721 | decomp 0.0862 | smooth_enh 0.0204 | lambda_mean 1.7378 | lambda_min 1.1050 | lambda_max 1.9893

Epoch 108/120 train start
Epoch 108/120 validation start
Epoch 108 | train_loss 0.2746 | val_loss 0.2733 | val_psnr 21.38 | val_lpips 0.0968 | val_lpips_full 0.1472 | edge 0.0301 | dark_noise 0.0126 | chroma 0.0723 | decomp 0.0856 | smooth_enh 0.0202 | lambda_mean 1.7401 | lambda_min 1.1174 | lambda_max 1.9893

Epoch 109/120 train start
Epoch 109/120 validation start
Epoch 109 | train_loss 0.2738 | val_loss 0.2740 | val_psnr 21.43 | val_lpips 0.0966 | val_lpips_full 0.1473 | edge 0.0301 | dark_noise 0.0126 | chroma 0.0725 | decomp 0.0870 | smooth_enh 0.0204 | lambda_mean 1.7367 | lambda_min 1.1071 | lambda_max 1.9890

Epoch 110/120 train start
Epoch 110/120 validation start
Epoch 110 | train_loss 0.2744 | val_loss 0.2744 | val_psnr 21.41 | val_lpips 0.0959 | val_lpips_full 0.1463 | edge 0.0302 | dark_noise 0.0127 | chroma 0.0720 | decomp 0.0873 | smooth_enh 0.0209 | lambda_mean 1.7364 | lambda_min 1.1066 | lambda_max 1.9899

Epoch 111/120 train start
Epoch 111/120 validation start
Epoch 111 | train_loss 0.2742 | val_loss 0.2721 | val_psnr 21.35 | val_lpips 0.0971 | val_lpips_full 0.1475 | edge 0.0301 | dark_noise 0.0127 | chroma 0.0716 | decomp 0.0838 | smooth_enh 0.0205 | lambda_mean 1.7438 | lambda_min 1.1102 | lambda_max 1.9909

Epoch 112/120 train start
Epoch 112/120 validation start
Epoch 112 | train_loss 0.2736 | val_loss 0.2732 | val_psnr 21.45 | val_lpips 0.0961 | val_lpips_full 0.1465 | edge 0.0302 | dark_noise 0.0127 | chroma 0.0716 | decomp 0.0865 | smooth_enh 0.0207 | lambda_mean 1.7378 | lambda_min 1.1078 | lambda_max 1.9896

Epoch 113/120 train start
Epoch 113/120 validation start
Epoch 113 | train_loss 0.2709 | val_loss 0.2731 | val_psnr 21.44 | val_lpips 0.0957 | val_lpips_full 0.1463 | edge 0.0302 | dark_noise 0.0127 | chroma 0.0714 | decomp 0.0861 | smooth_enh 0.0206 | lambda_mean 1.7386 | lambda_min 1.1099 | lambda_max 1.9895

Epoch 114/120 train start
Epoch 114/120 validation start
Epoch 114 | train_loss 0.2715 | val_loss 0.2720 | val_psnr 21.40 | val_lpips 0.0960 | val_lpips_full 0.1467 | edge 0.0301 | dark_noise 0.0127 | chroma 0.0711 | decomp 0.0848 | smooth_enh 0.0205 | lambda_mean 1.7410 | lambda_min 1.1066 | lambda_max 1.9904

Epoch 115/120 train start
Epoch 115/120 validation start
Epoch 115 | train_loss 0.2722 | val_loss 0.2725 | val_psnr 21.48 | val_lpips 0.0961 | val_lpips_full 0.1469 | edge 0.0301 | dark_noise 0.0127 | chroma 0.0709 | decomp 0.0868 | smooth_enh 0.0206 | lambda_mean 1.7368 | lambda_min 1.1053 | lambda_max 1.9900

Epoch 116/120 train start
Epoch 116/120 validation start
Epoch 116 | train_loss 0.2749 | val_loss 0.2723 | val_psnr 21.37 | val_lpips 0.0956 | val_lpips_full 0.1463 | edge 0.0302 | dark_noise 0.0127 | chroma 0.0717 | decomp 0.0848 | smooth_enh 0.0207 | lambda_mean 1.7419 | lambda_min 1.1127 | lambda_max 1.9901

Epoch 117/120 train start
Epoch 117/120 validation start
Epoch 117 | train_loss 0.2732 | val_loss 0.2742 | val_psnr 21.36 | val_lpips 0.0960 | val_lpips_full 0.1461 | edge 0.0302 | dark_noise 0.0127 | chroma 0.0716 | decomp 0.0860 | smooth_enh 0.0207 | lambda_mean 1.7391 | lambda_min 1.1042 | lambda_max 1.9899

Epoch 118/120 train start
Epoch 118/120 validation start
Epoch 118 | train_loss 0.2730 | val_loss 0.2720 | val_psnr 21.46 | val_lpips 0.0963 | val_lpips_full 0.1464 | edge 0.0301 | dark_noise 0.0127 | chroma 0.0711 | decomp 0.0861 | smooth_enh 0.0203 | lambda_mean 1.7379 | lambda_min 1.1100 | lambda_max 1.9897

Epoch 119/120 train start
Epoch 119/120 validation start
Epoch 119 | train_loss 0.2719 | val_loss 0.2716 | val_psnr 21.37 | val_lpips 0.0961 | val_lpips_full 0.1459 | edge 0.0301 | dark_noise 0.0127 | chroma 0.0708 | decomp 0.0840 | smooth_enh 0.0205 | lambda_mean 1.7426 | lambda_min 1.1093 | lambda_max 1.9899
Early stopping at epoch 119
Best epoch: 74 | Best psnr: 21.5976 | Best PSNR: 21.5976 | Best LPIPS@loss: 0.1025 | Best LPIPS full: 0.1532
===== TRAIN FINISHED =====
Best epoch: 74
Best psnr: 21.597631205454245
Best PSNR: 21.597631205454245
Best LPIPS@loss: 0.10250376515846321
Best LPIPS full: 0.15322812533249025
Best checkpoint: /content/retinextapetum_hpo/projects/lol_v2_real/final/hpo_candidate_02_trial_0012_3df5d5c6d5_seed_123/run/checkpoints/best.pth
Last checkpoint: /content/retinextapetum_hpo/projects/lol_v2_real/final/hpo_candidate_02_trial_0012_3df5d5c6d5_seed_123/run/checkpoints/last.pth
