DEVICE: cuda
TRAIN_LOW_DIR : /content/drive/MyDrive/TAPETUM/datasets/LOL-v1/Train/Low
TRAIN_HIGH_DIR: /content/drive/MyDrive/TAPETUM/datasets/LOL-v1/Train/Normal
VAL_LOW_DIR   : /content/drive/MyDrive/TAPETUM/datasets/LOL-v1/Val/Low
VAL_HIGH_DIR  : /content/drive/MyDrive/TAPETUM/datasets/LOL-v1/Val/Normal
CKPT_DIR      : /content/retinextapetum_hpo/projects/lol_v1/final/hpo_candidate_02_trial_0002_f1bfd5bf87_seed_3407/run/checkpoints
USE_TRAIN_VAL_SPLIT: True
VAL_RATIO     : 0.1
SPLIT_SEED    : 42
BASE_CHANNELS : 128
BATCH_SIZE    : 2
EPOCHS        : 120
LR            : 0.0006906348306112025
MIN_LR        : 1.4628463833389233e-05
W_LPIPS       : 0.1
BEST_METRIC   : psnr
RESUME        : False
RESUME_CKPT   : last.pth
TRAIN_LOG_INTERVAL: 0
VAL_LOG_INTERVAL  : 0
DRIVE_CKPT_MIRROR_DIR: /content/drive/MyDrive/TAPETUM/HyperparameterSearch/lol_v1/final_confirmation/hpo_candidate_02_trial_0002_f1bfd5bf87/seed_3407
Split manifest: /content/drive/MyDrive/TAPETUM/HyperparameterSearch/lol_v1/split_manifest.json
Train split images: 437
Val split images: 48
[Dataset] /content/drive/MyDrive/TAPETUM/datasets/LOL-v1/Train/Low
Mode: train
Split file_list: yes
Paired samples: 437
[Dataset] /content/drive/MyDrive/TAPETUM/datasets/LOL-v1/Train/Low
Mode: val/test
Split file_list: yes
Paired samples: 48
Train batches: 219
Val batches  : 48
Trainable params: 536,463
Setting up [LPIPS] perceptual loss: trunk [alex], v[0.1], spatial [off]
/usr/local/lib/python3.12/dist-packages/torchvision/models/_utils.py:208: UserWarning: The parameter 'pretrained' is deprecated since 0.13 and may be removed in the future, please use 'weights' instead.
  warnings.warn(
/usr/local/lib/python3.12/dist-packages/torchvision/models/_utils.py:223: UserWarning: Arguments other than a weight enum or `None` for 'weights' are deprecated since 0.13 and may be removed in the future. The current behavior is equivalent to passing `weights=AlexNet_Weights.IMAGENET1K_V1`. You can also use `weights=AlexNet_Weights.DEFAULT` to get the most up-to-date weights.
  warnings.warn(msg)
Downloading: "https://download.pytorch.org/models/alexnet-owt-7be5be79.pth" to /root/.cache/torch/hub/checkpoints/alexnet-owt-7be5be79.pth

  0%|          | 0.00/233M [00:00<?, ?B/s]
 10%|█         | 23.4M/233M [00:00<00:00, 244MB/s]
 21%|██        | 47.9M/233M [00:00<00:00, 252MB/s]
 31%|███       | 72.8M/233M [00:00<00:00, 255MB/s]
 42%|████▏     | 97.4M/233M [00:00<00:00, 256MB/s]
 52%|█████▏    | 122M/233M [00:00<00:00, 254MB/s] 
 63%|██████▎   | 146M/233M [00:00<00:00, 252MB/s]
 73%|███████▎  | 171M/233M [00:00<00:00, 253MB/s]
 84%|████████▍ | 196M/233M [00:00<00:00, 256MB/s]
 95%|█████████▍| 221M/233M [00:00<00:00, 257MB/s]
100%|██████████| 233M/233M [00:00<00:00, 255MB/s]
Loading model from: /usr/local/lib/python3.12/dist-packages/lpips/weights/v0.1/alex.pth
LPIPS training loss: enabled (alex, weight=0.1)
Resume disabled: RETINEX_TAPETUM_RESUME=0/config.RESUME_TRAINING=False

===== TRAIN START =====

Epoch 001/120 train start
Epoch 001/120 validation start
Epoch 001 | train_loss 0.5881 | val_loss 0.4668 | val_psnr 17.03 | val_lpips 0.3177 | val_lpips_full 0.3956 | edge 0.0354 | dark_noise 0.0135 | chroma 0.1004 | decomp 0.1488 | smooth_enh 0.0139 | lambda_mean 1.5277 | lambda_min 0.9311 | lambda_max 1.6826
Best model updated -> Epoch: 1, psnr: 17.0349, PSNR: 17.0349, LPIPS@loss: 0.3177, LPIPS full: 0.3956

Epoch 002/120 train start
Epoch 002/120 validation start
Epoch 002 | train_loss 0.4351 | val_loss 0.3764 | val_psnr 18.65 | val_lpips 0.2360 | val_lpips_full 0.3330 | edge 0.0344 | dark_noise 0.0135 | chroma 0.0898 | decomp 0.1032 | smooth_enh 0.0202 | lambda_mean 1.5602 | lambda_min 0.8454 | lambda_max 1.7652
Best model updated -> Epoch: 2, psnr: 18.6469, PSNR: 18.6469, LPIPS@loss: 0.2360, LPIPS full: 0.3330

Epoch 003/120 train start
Epoch 003/120 validation start
Epoch 003 | train_loss 0.4036 | val_loss 0.3833 | val_psnr 18.13 | val_lpips 0.2413 | val_lpips_full 0.3272 | edge 0.0342 | dark_noise 0.0137 | chroma 0.1036 | decomp 0.0958 | smooth_enh 0.0223 | lambda_mean 1.5815 | lambda_min 0.8582 | lambda_max 1.7789

Epoch 004/120 train start
Epoch 004/120 validation start
Epoch 004 | train_loss 0.3828 | val_loss 0.3406 | val_psnr 20.07 | val_lpips 0.1988 | val_lpips_full 0.2724 | edge 0.0340 | dark_noise 0.0135 | chroma 0.0854 | decomp 0.1101 | smooth_enh 0.0247 | lambda_mean 1.5231 | lambda_min 0.7934 | lambda_max 1.7761
Best model updated -> Epoch: 4, psnr: 20.0718, PSNR: 20.0718, LPIPS@loss: 0.1988, LPIPS full: 0.2724

Epoch 005/120 train start
Epoch 005/120 validation start
Epoch 005 | train_loss 0.3733 | val_loss 0.3855 | val_psnr 17.78 | val_lpips 0.2384 | val_lpips_full 0.3146 | edge 0.0335 | dark_noise 0.0136 | chroma 0.0973 | decomp 0.0838 | smooth_enh 0.0224 | lambda_mean 1.5814 | lambda_min 0.8239 | lambda_max 1.7903

Epoch 006/120 train start
Epoch 006/120 validation start
Epoch 006 | train_loss 0.3682 | val_loss 0.3331 | val_psnr 19.24 | val_lpips 0.1847 | val_lpips_full 0.2493 | edge 0.0328 | dark_noise 0.0134 | chroma 0.0806 | decomp 0.0816 | smooth_enh 0.0215 | lambda_mean 1.5725 | lambda_min 0.9028 | lambda_max 1.7860

Epoch 007/120 train start
Epoch 007/120 validation start
Epoch 007 | train_loss 0.3582 | val_loss 0.3252 | val_psnr 20.33 | val_lpips 0.1746 | val_lpips_full 0.2355 | edge 0.0327 | dark_noise 0.0134 | chroma 0.0818 | decomp 0.1013 | smooth_enh 0.0241 | lambda_mean 1.5401 | lambda_min 0.8017 | lambda_max 1.7859
Best model updated -> Epoch: 7, psnr: 20.3271, PSNR: 20.3271, LPIPS@loss: 0.1746, LPIPS full: 0.2355

Epoch 008/120 train start
Epoch 008/120 validation start
Epoch 008 | train_loss 0.3491 | val_loss 0.3200 | val_psnr 20.50 | val_lpips 0.1604 | val_lpips_full 0.2202 | edge 0.0330 | dark_noise 0.0136 | chroma 0.0787 | decomp 0.1057 | smooth_enh 0.0256 | lambda_mean 1.5302 | lambda_min 0.7426 | lambda_max 1.7861
Best model updated -> Epoch: 8, psnr: 20.4967, PSNR: 20.4967, LPIPS@loss: 0.1604, LPIPS full: 0.2202

Epoch 009/120 train start
Epoch 009/120 validation start
Epoch 009 | train_loss 0.3470 | val_loss 0.3214 | val_psnr 19.49 | val_lpips 0.1546 | val_lpips_full 0.2068 | edge 0.0319 | dark_noise 0.0135 | chroma 0.0788 | decomp 0.0806 | smooth_enh 0.0225 | lambda_mean 1.5749 | lambda_min 0.8312 | lambda_max 1.7896

Epoch 010/120 train start
Epoch 010/120 validation start
Epoch 010 | train_loss 0.3432 | val_loss 0.3158 | val_psnr 20.18 | val_lpips 0.1531 | val_lpips_full 0.2073 | edge 0.0322 | dark_noise 0.0136 | chroma 0.0809 | decomp 0.0908 | smooth_enh 0.0246 | lambda_mean 1.5619 | lambda_min 0.7635 | lambda_max 1.7935

Epoch 011/120 train start
Epoch 011/120 validation start
Epoch 011 | train_loss 0.3405 | val_loss 0.3155 | val_psnr 20.21 | val_lpips 0.1531 | val_lpips_full 0.2037 | edge 0.0316 | dark_noise 0.0136 | chroma 0.0872 | decomp 0.0985 | smooth_enh 0.0248 | lambda_mean 1.5486 | lambda_min 0.7826 | lambda_max 1.7948

Epoch 012/120 train start
Epoch 012/120 validation start
Epoch 012 | train_loss 0.3396 | val_loss 0.3088 | val_psnr 20.72 | val_lpips 0.1350 | val_lpips_full 0.1810 | edge 0.0309 | dark_noise 0.0136 | chroma 0.0791 | decomp 0.1051 | smooth_enh 0.0237 | lambda_mean 1.5332 | lambda_min 0.8105 | lambda_max 1.7936
Best model updated -> Epoch: 12, psnr: 20.7181, PSNR: 20.7181, LPIPS@loss: 0.1350, LPIPS full: 0.1810

Epoch 013/120 train start
Epoch 013/120 validation start
Epoch 013 | train_loss 0.3335 | val_loss 0.3141 | val_psnr 20.31 | val_lpips 0.1418 | val_lpips_full 0.1882 | edge 0.0308 | dark_noise 0.0137 | chroma 0.0818 | decomp 0.1025 | smooth_enh 0.0234 | lambda_mean 1.5526 | lambda_min 0.8273 | lambda_max 1.7906

Epoch 014/120 train start
Epoch 014/120 validation start
Epoch 014 | train_loss 0.3271 | val_loss 0.3109 | val_psnr 19.95 | val_lpips 0.1393 | val_lpips_full 0.1861 | edge 0.0311 | dark_noise 0.0136 | chroma 0.0772 | decomp 0.0847 | smooth_enh 0.0236 | lambda_mean 1.5662 | lambda_min 0.8636 | lambda_max 1.7943

Epoch 015/120 train start
Epoch 015/120 validation start
Epoch 015 | train_loss 0.3298 | val_loss 0.2959 | val_psnr 21.08 | val_lpips 0.1255 | val_lpips_full 0.1677 | edge 0.0306 | dark_noise 0.0135 | chroma 0.0739 | decomp 0.0998 | smooth_enh 0.0240 | lambda_mean 1.5389 | lambda_min 0.8100 | lambda_max 1.7945
Best model updated -> Epoch: 15, psnr: 21.0819, PSNR: 21.0819, LPIPS@loss: 0.1255, LPIPS full: 0.1677

Epoch 016/120 train start
Epoch 016/120 validation start
Epoch 016 | train_loss 0.3264 | val_loss 0.2998 | val_psnr 21.13 | val_lpips 0.1211 | val_lpips_full 0.1613 | edge 0.0302 | dark_noise 0.0134 | chroma 0.0718 | decomp 0.1076 | smooth_enh 0.0228 | lambda_mean 1.5303 | lambda_min 0.8165 | lambda_max 1.7920
Best model updated -> Epoch: 16, psnr: 21.1266, PSNR: 21.1266, LPIPS@loss: 0.1211, LPIPS full: 0.1613

Epoch 017/120 train start
Epoch 017/120 validation start
Epoch 017 | train_loss 0.3224 | val_loss 0.3000 | val_psnr 19.87 | val_lpips 0.1357 | val_lpips_full 0.1817 | edge 0.0301 | dark_noise 0.0135 | chroma 0.0791 | decomp 0.0767 | smooth_enh 0.0214 | lambda_mean 1.5789 | lambda_min 0.8841 | lambda_max 1.7971

Epoch 018/120 train start
Epoch 018/120 validation start
Epoch 018 | train_loss 0.3241 | val_loss 0.2961 | val_psnr 20.85 | val_lpips 0.1237 | val_lpips_full 0.1699 | edge 0.0305 | dark_noise 0.0135 | chroma 0.0749 | decomp 0.0932 | smooth_enh 0.0244 | lambda_mean 1.5524 | lambda_min 0.8146 | lambda_max 1.7906

Epoch 019/120 train start
Epoch 019/120 validation start
Epoch 019 | train_loss 0.3232 | val_loss 0.2977 | val_psnr 20.97 | val_lpips 0.1259 | val_lpips_full 0.1706 | edge 0.0305 | dark_noise 0.0135 | chroma 0.0774 | decomp 0.1006 | smooth_enh 0.0250 | lambda_mean 1.5357 | lambda_min 0.8090 | lambda_max 1.7966

Epoch 020/120 train start
Epoch 020/120 validation start
Epoch 020 | train_loss 0.3195 | val_loss 0.2956 | val_psnr 20.82 | val_lpips 0.1174 | val_lpips_full 0.1632 | edge 0.0304 | dark_noise 0.0135 | chroma 0.0707 | decomp 0.0938 | smooth_enh 0.0240 | lambda_mean 1.5548 | lambda_min 0.8203 | lambda_max 1.7945

Epoch 021/120 train start
Epoch 021/120 validation start
Epoch 021 | train_loss 0.3155 | val_loss 0.2987 | val_psnr 20.44 | val_lpips 0.1299 | val_lpips_full 0.1672 | edge 0.0298 | dark_noise 0.0133 | chroma 0.0769 | decomp 0.0912 | smooth_enh 0.0218 | lambda_mean 1.5675 | lambda_min 0.8802 | lambda_max 1.7908

Epoch 022/120 train start
Epoch 022/120 validation start
Epoch 022 | train_loss 0.3137 | val_loss 0.3032 | val_psnr 21.13 | val_lpips 0.1195 | val_lpips_full 0.1616 | edge 0.0298 | dark_noise 0.0135 | chroma 0.0746 | decomp 0.1125 | smooth_enh 0.0238 | lambda_mean 1.5272 | lambda_min 0.8253 | lambda_max 1.7918
Best model updated -> Epoch: 22, psnr: 21.1309, PSNR: 21.1309, LPIPS@loss: 0.1195, LPIPS full: 0.1616

Epoch 023/120 train start
Epoch 023/120 validation start
Epoch 023 | train_loss 0.3136 | val_loss 0.2872 | val_psnr 21.08 | val_lpips 0.1116 | val_lpips_full 0.1524 | edge 0.0296 | dark_noise 0.0133 | chroma 0.0690 | decomp 0.0932 | smooth_enh 0.0227 | lambda_mean 1.5473 | lambda_min 0.8057 | lambda_max 1.7930

Epoch 024/120 train start
Epoch 024/120 validation start
Epoch 024 | train_loss 0.3114 | val_loss 0.3245 | val_psnr 18.37 | val_lpips 0.1407 | val_lpips_full 0.1845 | edge 0.0305 | dark_noise 0.0134 | chroma 0.0754 | decomp 0.0613 | smooth_enh 0.0218 | lambda_mean 1.6149 | lambda_min 0.9162 | lambda_max 1.7984

Epoch 025/120 train start
Epoch 025/120 validation start
Epoch 025 | train_loss 0.3078 | val_loss 0.3010 | val_psnr 20.96 | val_lpips 0.1133 | val_lpips_full 0.1592 | edge 0.0299 | dark_noise 0.0135 | chroma 0.0687 | decomp 0.1056 | smooth_enh 0.0245 | lambda_mean 1.5388 | lambda_min 0.7897 | lambda_max 1.7960

Epoch 026/120 train start
Epoch 026/120 validation start
Epoch 026 | train_loss 0.3079 | val_loss 0.3005 | val_psnr 20.44 | val_lpips 0.1224 | val_lpips_full 0.1669 | edge 0.0295 | dark_noise 0.0135 | chroma 0.0709 | decomp 0.0876 | smooth_enh 0.0222 | lambda_mean 1.5650 | lambda_min 0.8526 | lambda_max 1.7971

Epoch 027/120 train start
Epoch 027/120 validation start
Epoch 027 | train_loss 0.3051 | val_loss 0.2890 | val_psnr 20.22 | val_lpips 0.1157 | val_lpips_full 0.1575 | edge 0.0294 | dark_noise 0.0132 | chroma 0.0671 | decomp 0.0764 | smooth_enh 0.0225 | lambda_mean 1.5793 | lambda_min 0.8528 | lambda_max 1.7948

Epoch 028/120 train start
Epoch 028/120 validation start
Epoch 028 | train_loss 0.3045 | val_loss 0.2979 | val_psnr 19.54 | val_lpips 0.1213 | val_lpips_full 0.1621 | edge 0.0297 | dark_noise 0.0133 | chroma 0.0694 | decomp 0.0694 | smooth_enh 0.0217 | lambda_mean 1.5915 | lambda_min 0.9006 | lambda_max 1.7959

Epoch 029/120 train start
Epoch 029/120 validation start
Epoch 029 | train_loss 0.3074 | val_loss 0.2871 | val_psnr 20.98 | val_lpips 0.1089 | val_lpips_full 0.1534 | edge 0.0298 | dark_noise 0.0135 | chroma 0.0670 | decomp 0.0909 | smooth_enh 0.0241 | lambda_mean 1.5589 | lambda_min 0.8263 | lambda_max 1.7959

Epoch 030/120 train start
Epoch 030/120 validation start
Epoch 030 | train_loss 0.3005 | val_loss 0.2878 | val_psnr 20.86 | val_lpips 0.1067 | val_lpips_full 0.1512 | edge 0.0287 | dark_noise 0.0132 | chroma 0.0664 | decomp 0.0909 | smooth_enh 0.0207 | lambda_mean 1.5551 | lambda_min 0.8465 | lambda_max 1.7928

Epoch 031/120 train start
Epoch 031/120 validation start
Epoch 031 | train_loss 0.3072 | val_loss 0.2844 | val_psnr 21.12 | val_lpips 0.1134 | val_lpips_full 0.1551 | edge 0.0290 | dark_noise 0.0133 | chroma 0.0692 | decomp 0.0908 | smooth_enh 0.0220 | lambda_mean 1.5626 | lambda_min 0.8429 | lambda_max 1.7950

Epoch 032/120 train start
Epoch 032/120 validation start
Epoch 032 | train_loss 0.3041 | val_loss 0.2832 | val_psnr 21.02 | val_lpips 0.1060 | val_lpips_full 0.1468 | edge 0.0288 | dark_noise 0.0133 | chroma 0.0667 | decomp 0.0899 | smooth_enh 0.0214 | lambda_mean 1.5613 | lambda_min 0.8648 | lambda_max 1.7949

Epoch 033/120 train start
Epoch 033/120 validation start
Epoch 033 | train_loss 0.2989 | val_loss 0.2936 | val_psnr 21.13 | val_lpips 0.1034 | val_lpips_full 0.1425 | edge 0.0288 | dark_noise 0.0132 | chroma 0.0669 | decomp 0.1067 | smooth_enh 0.0230 | lambda_mean 1.5314 | lambda_min 0.8066 | lambda_max 1.7930

Epoch 034/120 train start
Epoch 034/120 validation start
Epoch 034 | train_loss 0.3007 | val_loss 0.2758 | val_psnr 21.46 | val_lpips 0.1011 | val_lpips_full 0.1409 | edge 0.0287 | dark_noise 0.0132 | chroma 0.0658 | decomp 0.0910 | smooth_enh 0.0223 | lambda_mean 1.5543 | lambda_min 0.8510 | lambda_max 1.7939
Best model updated -> Epoch: 34, psnr: 21.4613, PSNR: 21.4613, LPIPS@loss: 0.1011, LPIPS full: 0.1409

Epoch 035/120 train start
Epoch 035/120 validation start
Epoch 035 | train_loss 0.2992 | val_loss 0.2970 | val_psnr 20.67 | val_lpips 0.1111 | val_lpips_full 0.1521 | edge 0.0289 | dark_noise 0.0133 | chroma 0.0741 | decomp 0.0985 | smooth_enh 0.0223 | lambda_mean 1.5662 | lambda_min 0.8664 | lambda_max 1.7955

Epoch 036/120 train start
Epoch 036/120 validation start
Epoch 036 | train_loss 0.2959 | val_loss 0.2805 | val_psnr 20.67 | val_lpips 0.1082 | val_lpips_full 0.1485 | edge 0.0289 | dark_noise 0.0133 | chroma 0.0662 | decomp 0.0775 | smooth_enh 0.0216 | lambda_mean 1.5793 | lambda_min 0.8816 | lambda_max 1.7948

Epoch 037/120 train start
Epoch 037/120 validation start
Epoch 037 | train_loss 0.2980 | val_loss 0.2823 | val_psnr 21.52 | val_lpips 0.0994 | val_lpips_full 0.1406 | edge 0.0295 | dark_noise 0.0133 | chroma 0.0635 | decomp 0.1004 | smooth_enh 0.0246 | lambda_mean 1.5367 | lambda_min 0.7893 | lambda_max 1.7943
Best model updated -> Epoch: 37, psnr: 21.5184, PSNR: 21.5184, LPIPS@loss: 0.0994, LPIPS full: 0.1406

Epoch 038/120 train start
Epoch 038/120 validation start
Epoch 038 | train_loss 0.2961 | val_loss 0.2761 | val_psnr 21.49 | val_lpips 0.0998 | val_lpips_full 0.1380 | edge 0.0285 | dark_noise 0.0132 | chroma 0.0649 | decomp 0.0945 | smooth_enh 0.0221 | lambda_mean 1.5463 | lambda_min 0.8348 | lambda_max 1.7928

Epoch 039/120 train start
Epoch 039/120 validation start
Epoch 039 | train_loss 0.2940 | val_loss 0.2989 | val_psnr 19.93 | val_lpips 0.1094 | val_lpips_full 0.1516 | edge 0.0288 | dark_noise 0.0132 | chroma 0.0675 | decomp 0.0774 | smooth_enh 0.0217 | lambda_mean 1.5820 | lambda_min 0.8711 | lambda_max 1.7961

Epoch 040/120 train start
Epoch 040/120 validation start
Epoch 040 | train_loss 0.2904 | val_loss 0.2753 | val_psnr 21.56 | val_lpips 0.0965 | val_lpips_full 0.1368 | edge 0.0284 | dark_noise 0.0132 | chroma 0.0629 | decomp 0.0950 | smooth_enh 0.0216 | lambda_mean 1.5470 | lambda_min 0.8407 | lambda_max 1.7923
Best model updated -> Epoch: 40, psnr: 21.5618, PSNR: 21.5618, LPIPS@loss: 0.0965, LPIPS full: 0.1368

Epoch 041/120 train start
Epoch 041/120 validation start
Epoch 041 | train_loss 0.2916 | val_loss 0.2804 | val_psnr 21.13 | val_lpips 0.1001 | val_lpips_full 0.1442 | edge 0.0286 | dark_noise 0.0132 | chroma 0.0650 | decomp 0.0895 | smooth_enh 0.0224 | lambda_mean 1.5559 | lambda_min 0.8501 | lambda_max 1.7947

Epoch 042/120 train start
Epoch 042/120 validation start
Epoch 042 | train_loss 0.2934 | val_loss 0.2768 | val_psnr 21.03 | val_lpips 0.1015 | val_lpips_full 0.1419 | edge 0.0287 | dark_noise 0.0131 | chroma 0.0620 | decomp 0.0818 | smooth_enh 0.0224 | lambda_mean 1.5682 | lambda_min 0.8386 | lambda_max 1.7946

Epoch 043/120 train start
Epoch 043/120 validation start
Epoch 043 | train_loss 0.2932 | val_loss 0.2745 | val_psnr 20.91 | val_lpips 0.1007 | val_lpips_full 0.1402 | edge 0.0289 | dark_noise 0.0133 | chroma 0.0634 | decomp 0.0794 | smooth_enh 0.0225 | lambda_mean 1.5716 | lambda_min 0.8816 | lambda_max 1.7952

Epoch 044/120 train start
Epoch 044/120 validation start
Epoch 044 | train_loss 0.2894 | val_loss 0.2778 | val_psnr 21.70 | val_lpips 0.0937 | val_lpips_full 0.1312 | edge 0.0286 | dark_noise 0.0131 | chroma 0.0634 | decomp 0.1017 | smooth_enh 0.0228 | lambda_mean 1.5353 | lambda_min 0.8089 | lambda_max 1.7912
Best model updated -> Epoch: 44, psnr: 21.7015, PSNR: 21.7015, LPIPS@loss: 0.0937, LPIPS full: 0.1312

Epoch 045/120 train start
Epoch 045/120 validation start
Epoch 045 | train_loss 0.2870 | val_loss 0.2852 | val_psnr 21.56 | val_lpips 0.1026 | val_lpips_full 0.1431 | edge 0.0285 | dark_noise 0.0132 | chroma 0.0648 | decomp 0.1067 | smooth_enh 0.0225 | lambda_mean 1.5404 | lambda_min 0.8131 | lambda_max 1.7935

Epoch 046/120 train start
Epoch 046/120 validation start
Epoch 046 | train_loss 0.2909 | val_loss 0.2812 | val_psnr 20.27 | val_lpips 0.1033 | val_lpips_full 0.1427 | edge 0.0284 | dark_noise 0.0130 | chroma 0.0639 | decomp 0.0729 | smooth_enh 0.0203 | lambda_mean 1.5844 | lambda_min 0.8972 | lambda_max 1.7950

Epoch 047/120 train start
Epoch 047/120 validation start
Epoch 047 | train_loss 0.2918 | val_loss 0.2778 | val_psnr 21.63 | val_lpips 0.0938 | val_lpips_full 0.1353 | edge 0.0284 | dark_noise 0.0130 | chroma 0.0614 | decomp 0.0957 | smooth_enh 0.0220 | lambda_mean 1.5414 | lambda_min 0.8210 | lambda_max 1.7902

Epoch 048/120 train start
Epoch 048/120 validation start
Epoch 048 | train_loss 0.2905 | val_loss 0.2812 | val_psnr 21.04 | val_lpips 0.0992 | val_lpips_full 0.1387 | edge 0.0286 | dark_noise 0.0131 | chroma 0.0619 | decomp 0.0855 | smooth_enh 0.0225 | lambda_mean 1.5667 | lambda_min 0.8469 | lambda_max 1.7952

Epoch 049/120 train start
Epoch 049/120 validation start
Epoch 049 | train_loss 0.2909 | val_loss 0.2722 | val_psnr 21.82 | val_lpips 0.0925 | val_lpips_full 0.1320 | edge 0.0284 | dark_noise 0.0131 | chroma 0.0609 | decomp 0.0960 | smooth_enh 0.0230 | lambda_mean 1.5421 | lambda_min 0.8284 | lambda_max 1.7937
Best model updated -> Epoch: 49, psnr: 21.8217, PSNR: 21.8217, LPIPS@loss: 0.0925, LPIPS full: 0.1320

Epoch 050/120 train start
Epoch 050/120 validation start
Epoch 050 | train_loss 0.2902 | val_loss 0.2724 | val_psnr 21.23 | val_lpips 0.0981 | val_lpips_full 0.1367 | edge 0.0284 | dark_noise 0.0130 | chroma 0.0620 | decomp 0.0857 | smooth_enh 0.0225 | lambda_mean 1.5629 | lambda_min 0.8613 | lambda_max 1.7945

Epoch 051/120 train start
Epoch 051/120 validation start
Epoch 051 | train_loss 0.2924 | val_loss 0.2886 | val_psnr 20.67 | val_lpips 0.1068 | val_lpips_full 0.1473 | edge 0.0291 | dark_noise 0.0132 | chroma 0.0693 | decomp 0.0846 | smooth_enh 0.0234 | lambda_mean 1.5762 | lambda_min 0.8350 | lambda_max 1.7975

Epoch 052/120 train start
Epoch 052/120 validation start
Epoch 052 | train_loss 0.2927 | val_loss 0.2757 | val_psnr 20.95 | val_lpips 0.0987 | val_lpips_full 0.1382 | edge 0.0286 | dark_noise 0.0131 | chroma 0.0633 | decomp 0.0798 | smooth_enh 0.0224 | lambda_mean 1.5722 | lambda_min 0.8536 | lambda_max 1.7947

Epoch 053/120 train start
Epoch 053/120 validation start
Epoch 053 | train_loss 0.2880 | val_loss 0.2770 | val_psnr 20.90 | val_lpips 0.0982 | val_lpips_full 0.1374 | edge 0.0289 | dark_noise 0.0130 | chroma 0.0619 | decomp 0.0798 | smooth_enh 0.0235 | lambda_mean 1.5720 | lambda_min 0.8188 | lambda_max 1.7945

Epoch 054/120 train start
Epoch 054/120 validation start
Epoch 054 | train_loss 0.2839 | val_loss 0.2712 | val_psnr 21.37 | val_lpips 0.0936 | val_lpips_full 0.1336 | edge 0.0283 | dark_noise 0.0130 | chroma 0.0598 | decomp 0.0845 | smooth_enh 0.0221 | lambda_mean 1.5645 | lambda_min 0.8410 | lambda_max 1.7949

Epoch 055/120 train start
Epoch 055/120 validation start
Epoch 055 | train_loss 0.2895 | val_loss 0.2748 | val_psnr 21.22 | val_lpips 0.0942 | val_lpips_full 0.1335 | edge 0.0283 | dark_noise 0.0131 | chroma 0.0614 | decomp 0.0867 | smooth_enh 0.0218 | lambda_mean 1.5583 | lambda_min 0.8569 | lambda_max 1.7945

Epoch 056/120 train start
Epoch 056/120 validation start
Epoch 056 | train_loss 0.2861 | val_loss 0.2738 | val_psnr 21.10 | val_lpips 0.0981 | val_lpips_full 0.1382 | edge 0.0288 | dark_noise 0.0131 | chroma 0.0655 | decomp 0.0825 | smooth_enh 0.0236 | lambda_mean 1.5708 | lambda_min 0.8389 | lambda_max 1.7947

Epoch 057/120 train start
Epoch 057/120 validation start
Epoch 057 | train_loss 0.2876 | val_loss 0.2684 | val_psnr 21.31 | val_lpips 0.0918 | val_lpips_full 0.1318 | edge 0.0286 | dark_noise 0.0131 | chroma 0.0594 | decomp 0.0832 | smooth_enh 0.0233 | lambda_mean 1.5659 | lambda_min 0.8459 | lambda_max 1.7940

Epoch 058/120 train start
Epoch 058/120 validation start
Epoch 058 | train_loss 0.2887 | val_loss 0.2793 | val_psnr 20.81 | val_lpips 0.0980 | val_lpips_full 0.1376 | edge 0.0285 | dark_noise 0.0130 | chroma 0.0611 | decomp 0.0778 | smooth_enh 0.0225 | lambda_mean 1.5739 | lambda_min 0.8539 | lambda_max 1.7944

Epoch 059/120 train start
Epoch 059/120 validation start
Epoch 059 | train_loss 0.2861 | val_loss 0.2742 | val_psnr 21.66 | val_lpips 0.0917 | val_lpips_full 0.1318 | edge 0.0284 | dark_noise 0.0131 | chroma 0.0591 | decomp 0.0942 | smooth_enh 0.0232 | lambda_mean 1.5515 | lambda_min 0.8320 | lambda_max 1.7949

Epoch 060/120 train start
Epoch 060/120 validation start
Epoch 060 | train_loss 0.2831 | val_loss 0.2734 | val_psnr 21.37 | val_lpips 0.0929 | val_lpips_full 0.1289 | edge 0.0282 | dark_noise 0.0129 | chroma 0.0604 | decomp 0.0906 | smooth_enh 0.0225 | lambda_mean 1.5510 | lambda_min 0.8378 | lambda_max 1.7923

Epoch 061/120 train start
Epoch 061/120 validation start
Epoch 061 | train_loss 0.2883 | val_loss 0.2689 | val_psnr 21.75 | val_lpips 0.0920 | val_lpips_full 0.1338 | edge 0.0281 | dark_noise 0.0130 | chroma 0.0604 | decomp 0.0923 | smooth_enh 0.0218 | lambda_mean 1.5515 | lambda_min 0.8477 | lambda_max 1.7944

Epoch 062/120 train start
Epoch 062/120 validation start
Epoch 062 | train_loss 0.2845 | val_loss 0.2742 | val_psnr 21.42 | val_lpips 0.0953 | val_lpips_full 0.1348 | edge 0.0284 | dark_noise 0.0130 | chroma 0.0632 | decomp 0.0928 | smooth_enh 0.0231 | lambda_mean 1.5473 | lambda_min 0.8357 | lambda_max 1.7943

Epoch 063/120 train start
Epoch 063/120 validation start
Epoch 063 | train_loss 0.2825 | val_loss 0.2671 | val_psnr 21.39 | val_lpips 0.0917 | val_lpips_full 0.1308 | edge 0.0285 | dark_noise 0.0130 | chroma 0.0590 | decomp 0.0835 | smooth_enh 0.0231 | lambda_mean 1.5634 | lambda_min 0.8096 | lambda_max 1.7947

Epoch 064/120 train start
Epoch 064/120 validation start
Epoch 064 | train_loss 0.2856 | val_loss 0.2733 | val_psnr 21.41 | val_lpips 0.0902 | val_lpips_full 0.1281 | edge 0.0285 | dark_noise 0.0131 | chroma 0.0597 | decomp 0.0928 | smooth_enh 0.0231 | lambda_mean 1.5504 | lambda_min 0.7972 | lambda_max 1.7928

Epoch 065/120 train start
Epoch 065/120 validation start
Epoch 065 | train_loss 0.2821 | val_loss 0.2703 | val_psnr 21.52 | val_lpips 0.0924 | val_lpips_full 0.1294 | edge 0.0281 | dark_noise 0.0129 | chroma 0.0630 | decomp 0.0902 | smooth_enh 0.0210 | lambda_mean 1.5512 | lambda_min 0.7819 | lambda_max 1.7924

Epoch 066/120 train start
Epoch 066/120 validation start
Epoch 066 | train_loss 0.2786 | val_loss 0.2646 | val_psnr 21.72 | val_lpips 0.0923 | val_lpips_full 0.1269 | edge 0.0282 | dark_noise 0.0129 | chroma 0.0621 | decomp 0.0881 | smooth_enh 0.0219 | lambda_mean 1.5565 | lambda_min 0.7787 | lambda_max 1.7902

Epoch 067/120 train start
Epoch 067/120 validation start
Epoch 067 | train_loss 0.2848 | val_loss 0.2742 | val_psnr 21.50 | val_lpips 0.0916 | val_lpips_full 0.1312 | edge 0.0286 | dark_noise 0.0131 | chroma 0.0588 | decomp 0.0945 | smooth_enh 0.0240 | lambda_mean 1.5457 | lambda_min 0.7445 | lambda_max 1.7945

Epoch 068/120 train start
Epoch 068/120 validation start
Epoch 068 | train_loss 0.2829 | val_loss 0.2667 | val_psnr 21.49 | val_lpips 0.0892 | val_lpips_full 0.1268 | edge 0.0283 | dark_noise 0.0130 | chroma 0.0589 | decomp 0.0866 | smooth_enh 0.0230 | lambda_mean 1.5565 | lambda_min 0.7906 | lambda_max 1.7934

Epoch 069/120 train start
Epoch 069/120 validation start
Epoch 069 | train_loss 0.2832 | val_loss 0.2701 | val_psnr 21.00 | val_lpips 0.0948 | val_lpips_full 0.1342 | edge 0.0283 | dark_noise 0.0129 | chroma 0.0597 | decomp 0.0779 | smooth_enh 0.0219 | lambda_mean 1.5734 | lambda_min 0.7870 | lambda_max 1.7945

Epoch 070/120 train start
Epoch 070/120 validation start
Epoch 070 | train_loss 0.2819 | val_loss 0.2649 | val_psnr 21.57 | val_lpips 0.0900 | val_lpips_full 0.1289 | edge 0.0280 | dark_noise 0.0130 | chroma 0.0606 | decomp 0.0833 | smooth_enh 0.0212 | lambda_mean 1.5616 | lambda_min 0.8075 | lambda_max 1.7924

Epoch 071/120 train start
Epoch 071/120 validation start
Epoch 071 | train_loss 0.2779 | val_loss 0.2728 | val_psnr 21.10 | val_lpips 0.0916 | val_lpips_full 0.1292 | edge 0.0286 | dark_noise 0.0130 | chroma 0.0600 | decomp 0.0819 | smooth_enh 0.0235 | lambda_mean 1.5671 | lambda_min 0.7548 | lambda_max 1.7943

Epoch 072/120 train start
Epoch 072/120 validation start
Epoch 072 | train_loss 0.2796 | val_loss 0.2712 | val_psnr 21.54 | val_lpips 0.0902 | val_lpips_full 0.1292 | edge 0.0285 | dark_noise 0.0130 | chroma 0.0593 | decomp 0.0896 | smooth_enh 0.0233 | lambda_mean 1.5586 | lambda_min 0.7951 | lambda_max 1.7936

Epoch 073/120 train start
Epoch 073/120 validation start
Epoch 073 | train_loss 0.2793 | val_loss 0.2707 | val_psnr 21.42 | val_lpips 0.0909 | val_lpips_full 0.1276 | edge 0.0280 | dark_noise 0.0129 | chroma 0.0597 | decomp 0.0877 | smooth_enh 0.0217 | lambda_mean 1.5552 | lambda_min 0.7833 | lambda_max 1.7911

Epoch 074/120 train start
Epoch 074/120 validation start
Epoch 074 | train_loss 0.2795 | val_loss 0.2653 | val_psnr 21.57 | val_lpips 0.0886 | val_lpips_full 0.1249 | edge 0.0281 | dark_noise 0.0129 | chroma 0.0602 | decomp 0.0879 | smooth_enh 0.0223 | lambda_mean 1.5550 | lambda_min 0.7737 | lambda_max 1.7928

Epoch 075/120 train start
Epoch 075/120 validation start
Epoch 075 | train_loss 0.2810 | val_loss 0.2681 | val_psnr 21.13 | val_lpips 0.0918 | val_lpips_full 0.1295 | edge 0.0281 | dark_noise 0.0129 | chroma 0.0601 | decomp 0.0802 | smooth_enh 0.0217 | lambda_mean 1.5703 | lambda_min 0.7320 | lambda_max 1.7942

Epoch 076/120 train start
Epoch 076/120 validation start
Epoch 076 | train_loss 0.2785 | val_loss 0.2683 | val_psnr 21.72 | val_lpips 0.0886 | val_lpips_full 0.1286 | edge 0.0282 | dark_noise 0.0130 | chroma 0.0598 | decomp 0.0926 | smooth_enh 0.0227 | lambda_mean 1.5471 | lambda_min 0.7798 | lambda_max 1.7925

Epoch 077/120 train start
Epoch 077/120 validation start
Epoch 077 | train_loss 0.2786 | val_loss 0.2681 | val_psnr 21.80 | val_lpips 0.0881 | val_lpips_full 0.1250 | edge 0.0284 | dark_noise 0.0130 | chroma 0.0588 | decomp 0.0948 | smooth_enh 0.0239 | lambda_mean 1.5437 | lambda_min 0.7326 | lambda_max 1.7926

Epoch 078/120 train start
Epoch 078/120 validation start
Epoch 078 | train_loss 0.2771 | val_loss 0.2666 | val_psnr 21.69 | val_lpips 0.0861 | val_lpips_full 0.1235 | edge 0.0283 | dark_noise 0.0129 | chroma 0.0579 | decomp 0.0893 | smooth_enh 0.0232 | lambda_mean 1.5514 | lambda_min 0.7098 | lambda_max 1.7924

Epoch 079/120 train start
Epoch 079/120 validation start
Epoch 079 | train_loss 0.2751 | val_loss 0.2651 | val_psnr 21.53 | val_lpips 0.0900 | val_lpips_full 0.1286 | edge 0.0282 | dark_noise 0.0130 | chroma 0.0611 | decomp 0.0844 | smooth_enh 0.0223 | lambda_mean 1.5631 | lambda_min 0.6728 | lambda_max 1.7929

Epoch 080/120 train start
Epoch 080/120 validation start
Epoch 080 | train_loss 0.2787 | val_loss 0.2665 | val_psnr 21.60 | val_lpips 0.0880 | val_lpips_full 0.1260 | edge 0.0281 | dark_noise 0.0129 | chroma 0.0595 | decomp 0.0885 | smooth_enh 0.0224 | lambda_mean 1.5547 | lambda_min 0.7041 | lambda_max 1.7929

Epoch 081/120 train start
Epoch 081/120 validation start
Epoch 081 | train_loss 0.2760 | val_loss 0.2680 | val_psnr 21.62 | val_lpips 0.0885 | val_lpips_full 0.1258 | edge 0.0283 | dark_noise 0.0129 | chroma 0.0589 | decomp 0.0883 | smooth_enh 0.0234 | lambda_mean 1.5542 | lambda_min 0.7280 | lambda_max 1.7935

Epoch 082/120 train start
Epoch 082/120 validation start
Epoch 082 | train_loss 0.2728 | val_loss 0.2673 | val_psnr 21.36 | val_lpips 0.0918 | val_lpips_full 0.1301 | edge 0.0282 | dark_noise 0.0129 | chroma 0.0596 | decomp 0.0812 | smooth_enh 0.0222 | lambda_mean 1.5678 | lambda_min 0.6184 | lambda_max 1.7942

Epoch 083/120 train start
Epoch 083/120 validation start
Epoch 083 | train_loss 0.2755 | val_loss 0.2631 | val_psnr 21.63 | val_lpips 0.0886 | val_lpips_full 0.1266 | edge 0.0281 | dark_noise 0.0129 | chroma 0.0587 | decomp 0.0839 | smooth_enh 0.0222 | lambda_mean 1.5606 | lambda_min 0.6270 | lambda_max 1.7936

Epoch 084/120 train start
Epoch 084/120 validation start
Epoch 084 | train_loss 0.2742 | val_loss 0.2702 | val_psnr 21.41 | val_lpips 0.0881 | val_lpips_full 0.1258 | edge 0.0280 | dark_noise 0.0129 | chroma 0.0589 | decomp 0.0854 | smooth_enh 0.0224 | lambda_mean 1.5603 | lambda_min 0.6445 | lambda_max 1.7923

Epoch 085/120 train start
Epoch 085/120 validation start
Epoch 085 | train_loss 0.2754 | val_loss 0.2693 | val_psnr 21.52 | val_lpips 0.0879 | val_lpips_full 0.1261 | edge 0.0280 | dark_noise 0.0129 | chroma 0.0574 | decomp 0.0872 | smooth_enh 0.0225 | lambda_mean 1.5577 | lambda_min 0.6337 | lambda_max 1.7938

Epoch 086/120 train start
Epoch 086/120 validation start
Epoch 086 | train_loss 0.2745 | val_loss 0.2668 | val_psnr 21.68 | val_lpips 0.0868 | val_lpips_full 0.1256 | edge 0.0281 | dark_noise 0.0129 | chroma 0.0575 | decomp 0.0887 | smooth_enh 0.0226 | lambda_mean 1.5514 | lambda_min 0.6525 | lambda_max 1.7931

Epoch 087/120 train start
Epoch 087/120 validation start
Epoch 087 | train_loss 0.2781 | val_loss 0.2704 | val_psnr 21.13 | val_lpips 0.0909 | val_lpips_full 0.1293 | edge 0.0282 | dark_noise 0.0129 | chroma 0.0581 | decomp 0.0797 | smooth_enh 0.0224 | lambda_mean 1.5686 | lambda_min 0.5642 | lambda_max 1.7946

Epoch 088/120 train start
Epoch 088/120 validation start
Epoch 088 | train_loss 0.2752 | val_loss 0.2660 | val_psnr 21.57 | val_lpips 0.0873 | val_lpips_full 0.1257 | edge 0.0281 | dark_noise 0.0129 | chroma 0.0585 | decomp 0.0847 | smooth_enh 0.0226 | lambda_mean 1.5604 | lambda_min 0.5993 | lambda_max 1.7937

Epoch 089/120 train start
Epoch 089/120 validation start
Epoch 089 | train_loss 0.2754 | val_loss 0.2677 | val_psnr 21.52 | val_lpips 0.0870 | val_lpips_full 0.1246 | edge 0.0281 | dark_noise 0.0129 | chroma 0.0579 | decomp 0.0879 | smooth_enh 0.0222 | lambda_mean 1.5552 | lambda_min 0.6333 | lambda_max 1.7928

Epoch 090/120 train start
Epoch 090/120 validation start
Epoch 090 | train_loss 0.2737 | val_loss 0.2672 | val_psnr 21.25 | val_lpips 0.0910 | val_lpips_full 0.1287 | edge 0.0281 | dark_noise 0.0129 | chroma 0.0589 | decomp 0.0783 | smooth_enh 0.0221 | lambda_mean 1.5704 | lambda_min 0.5770 | lambda_max 1.7943

Epoch 091/120 train start
Epoch 091/120 validation start
Epoch 091 | train_loss 0.2740 | val_loss 0.2672 | val_psnr 21.44 | val_lpips 0.0883 | val_lpips_full 0.1257 | edge 0.0281 | dark_noise 0.0129 | chroma 0.0579 | decomp 0.0832 | smooth_enh 0.0225 | lambda_mean 1.5616 | lambda_min 0.6321 | lambda_max 1.7936

Epoch 092/120 train start
Epoch 092/120 validation start
Epoch 092 | train_loss 0.2719 | val_loss 0.2654 | val_psnr 21.55 | val_lpips 0.0895 | val_lpips_full 0.1279 | edge 0.0281 | dark_noise 0.0129 | chroma 0.0590 | decomp 0.0804 | smooth_enh 0.0219 | lambda_mean 1.5674 | lambda_min 0.6011 | lambda_max 1.7929

Epoch 093/120 train start
Epoch 093/120 validation start
Epoch 093 | train_loss 0.2722 | val_loss 0.2670 | val_psnr 21.64 | val_lpips 0.0870 | val_lpips_full 0.1250 | edge 0.0281 | dark_noise 0.0129 | chroma 0.0577 | decomp 0.0883 | smooth_enh 0.0231 | lambda_mean 1.5535 | lambda_min 0.6086 | lambda_max 1.7941

Epoch 094/120 train start
Epoch 094/120 validation start
Epoch 094 | train_loss 0.2723 | val_loss 0.2678 | val_psnr 21.48 | val_lpips 0.0881 | val_lpips_full 0.1269 | edge 0.0281 | dark_noise 0.0129 | chroma 0.0581 | decomp 0.0850 | smooth_enh 0.0226 | lambda_mean 1.5592 | lambda_min 0.5797 | lambda_max 1.7927
Early stopping at epoch 94
Best epoch: 49 | Best psnr: 21.8217 | Best PSNR: 21.8217 | Best LPIPS@loss: 0.0925 | Best LPIPS full: 0.1320
===== TRAIN FINISHED =====
Best epoch: 49
Best psnr: 21.821688880261934
Best PSNR: 21.821688880261934
Best LPIPS@loss: 0.0924560062897702
Best LPIPS full: 0.13196766190230846
Best checkpoint: /content/retinextapetum_hpo/projects/lol_v1/final/hpo_candidate_02_trial_0002_f1bfd5bf87_seed_3407/run/checkpoints/best.pth
Last checkpoint: /content/retinextapetum_hpo/projects/lol_v1/final/hpo_candidate_02_trial_0002_f1bfd5bf87_seed_3407/run/checkpoints/last.pth
