DEVICE: cuda
TRAIN_LOW_DIR : /content/drive/MyDrive/TAPETUM/datasets/LOL-v1/Train/Low
TRAIN_HIGH_DIR: /content/drive/MyDrive/TAPETUM/datasets/LOL-v1/Train/Normal
VAL_LOW_DIR   : /content/drive/MyDrive/TAPETUM/datasets/LOL-v1/Val/Low
VAL_HIGH_DIR  : /content/drive/MyDrive/TAPETUM/datasets/LOL-v1/Val/Normal
CKPT_DIR      : /content/retinextapetum_hpo/projects/lol_v1/final/hpo_candidate_02_trial_0002_f1bfd5bf87_seed_123/run/checkpoints
USE_TRAIN_VAL_SPLIT: True
VAL_RATIO     : 0.1
SPLIT_SEED    : 42
BASE_CHANNELS : 128
BATCH_SIZE    : 2
EPOCHS        : 120
LR            : 0.0006906348306112025
MIN_LR        : 1.4628463833389233e-05
W_LPIPS       : 0.1
BEST_METRIC   : psnr
RESUME        : False
RESUME_CKPT   : last.pth
TRAIN_LOG_INTERVAL: 0
VAL_LOG_INTERVAL  : 0
Split manifest: /content/drive/MyDrive/TAPETUM/HyperparameterSearch/lol_v1/split_manifest.json
Train split images: 437
Val split images: 48
[Dataset] /content/drive/MyDrive/TAPETUM/datasets/LOL-v1/Train/Low
Mode: train
Split file_list: yes
Paired samples: 437
[Dataset] /content/drive/MyDrive/TAPETUM/datasets/LOL-v1/Train/Low
Mode: val/test
Split file_list: yes
Paired samples: 48
Train batches: 219
Val batches  : 48
Trainable params: 536,463
Setting up [LPIPS] perceptual loss: trunk [alex], v[0.1], spatial [off]
/usr/local/lib/python3.12/dist-packages/torchvision/models/_utils.py:208: UserWarning: The parameter 'pretrained' is deprecated since 0.13 and may be removed in the future, please use 'weights' instead.
  warnings.warn(
/usr/local/lib/python3.12/dist-packages/torchvision/models/_utils.py:223: UserWarning: Arguments other than a weight enum or `None` for 'weights' are deprecated since 0.13 and may be removed in the future. The current behavior is equivalent to passing `weights=AlexNet_Weights.IMAGENET1K_V1`. You can also use `weights=AlexNet_Weights.DEFAULT` to get the most up-to-date weights.
  warnings.warn(msg)
Loading model from: /usr/local/lib/python3.12/dist-packages/lpips/weights/v0.1/alex.pth
LPIPS training loss: enabled (alex, weight=0.1)
Resume disabled: RETINEX_TAPETUM_RESUME=0/config.RESUME_TRAINING=False

===== TRAIN START =====

Epoch 001/120 train start
Epoch 001/120 validation start
Epoch 001 | train_loss 0.5870 | val_loss 0.4424 | val_psnr 17.02 | val_lpips 0.3438 | val_lpips_full 0.4273 | edge 0.0358 | dark_noise 0.0135 | chroma 0.1105 | decomp 0.1011 | smooth_enh 0.0149 | lambda_mean 1.5708 | lambda_min 0.9241 | lambda_max 1.7387
Best model updated -> Epoch: 1, psnr: 17.0218, PSNR: 17.0218, LPIPS@loss: 0.3438, LPIPS full: 0.4273

Epoch 002/120 train start
Epoch 002/120 validation start
Epoch 002 | train_loss 0.4366 | val_loss 0.3968 | val_psnr 19.32 | val_lpips 0.2424 | val_lpips_full 0.3446 | edge 0.0353 | dark_noise 0.0135 | chroma 0.0958 | decomp 0.1457 | smooth_enh 0.0242 | lambda_mean 1.5228 | lambda_min 0.7452 | lambda_max 1.7719
Best model updated -> Epoch: 2, psnr: 19.3163, PSNR: 19.3163, LPIPS@loss: 0.2424, LPIPS full: 0.3446

Epoch 003/120 train start
Epoch 003/120 validation start
Epoch 003 | train_loss 0.3948 | val_loss 0.3612 | val_psnr 19.48 | val_lpips 0.2113 | val_lpips_full 0.2891 | edge 0.0340 | dark_noise 0.0133 | chroma 0.0872 | decomp 0.1191 | smooth_enh 0.0226 | lambda_mean 1.5361 | lambda_min 0.8541 | lambda_max 1.7654
Best model updated -> Epoch: 3, psnr: 19.4781, PSNR: 19.4781, LPIPS@loss: 0.2113, LPIPS full: 0.2891

Epoch 004/120 train start
Epoch 004/120 validation start
Epoch 004 | train_loss 0.3815 | val_loss 0.3455 | val_psnr 19.15 | val_lpips 0.2042 | val_lpips_full 0.2750 | edge 0.0338 | dark_noise 0.0134 | chroma 0.0863 | decomp 0.0869 | smooth_enh 0.0233 | lambda_mean 1.5684 | lambda_min 0.8333 | lambda_max 1.7798

Epoch 005/120 train start
Epoch 005/120 validation start
Epoch 005 | train_loss 0.3716 | val_loss 0.3396 | val_psnr 19.15 | val_lpips 0.2177 | val_lpips_full 0.2865 | edge 0.0329 | dark_noise 0.0134 | chroma 0.1062 | decomp 0.0874 | smooth_enh 0.0210 | lambda_mean 1.5684 | lambda_min 0.8553 | lambda_max 1.7813

Epoch 006/120 train start
Epoch 006/120 validation start
Epoch 006 | train_loss 0.3675 | val_loss 0.3624 | val_psnr 19.06 | val_lpips 0.1911 | val_lpips_full 0.2449 | edge 0.0323 | dark_noise 0.0133 | chroma 0.0851 | decomp 0.1115 | smooth_enh 0.0199 | lambda_mean 1.5777 | lambda_min 0.9004 | lambda_max 1.7772

Epoch 007/120 train start
Epoch 007/120 validation start
Epoch 007 | train_loss 0.3572 | val_loss 0.3391 | val_psnr 20.27 | val_lpips 0.1641 | val_lpips_full 0.2151 | edge 0.0316 | dark_noise 0.0133 | chroma 0.0787 | decomp 0.1235 | smooth_enh 0.0206 | lambda_mean 1.5301 | lambda_min 0.8493 | lambda_max 1.7816
Best model updated -> Epoch: 7, psnr: 20.2671, PSNR: 20.2671, LPIPS@loss: 0.1641, LPIPS full: 0.2151

Epoch 008/120 train start
Epoch 008/120 validation start
Epoch 008 | train_loss 0.3474 | val_loss 0.3271 | val_psnr 19.72 | val_lpips 0.1711 | val_lpips_full 0.2236 | edge 0.0322 | dark_noise 0.0135 | chroma 0.0863 | decomp 0.0946 | smooth_enh 0.0238 | lambda_mean 1.5619 | lambda_min 0.8056 | lambda_max 1.7963

Epoch 009/120 train start
Epoch 009/120 validation start
Epoch 009 | train_loss 0.3436 | val_loss 0.3323 | val_psnr 18.79 | val_lpips 0.1625 | val_lpips_full 0.2125 | edge 0.0314 | dark_noise 0.0135 | chroma 0.0837 | decomp 0.0751 | smooth_enh 0.0217 | lambda_mean 1.5944 | lambda_min 0.8680 | lambda_max 1.7964

Epoch 010/120 train start
Epoch 010/120 validation start
Epoch 010 | train_loss 0.3403 | val_loss 0.3171 | val_psnr 20.68 | val_lpips 0.1428 | val_lpips_full 0.1940 | edge 0.0324 | dark_noise 0.0137 | chroma 0.0883 | decomp 0.1125 | smooth_enh 0.0271 | lambda_mean 1.5197 | lambda_min 0.7438 | lambda_max 1.7903
Best model updated -> Epoch: 10, psnr: 20.6763, PSNR: 20.6763, LPIPS@loss: 0.1428, LPIPS full: 0.1940

Epoch 011/120 train start
Epoch 011/120 validation start
Epoch 011 | train_loss 0.3419 | val_loss 0.3098 | val_psnr 20.56 | val_lpips 0.1379 | val_lpips_full 0.1819 | edge 0.0305 | dark_noise 0.0134 | chroma 0.0802 | decomp 0.1017 | smooth_enh 0.0220 | lambda_mean 1.5459 | lambda_min 0.8156 | lambda_max 1.7819

Epoch 012/120 train start
Epoch 012/120 validation start
Epoch 012 | train_loss 0.3293 | val_loss 0.2994 | val_psnr 20.47 | val_lpips 0.1381 | val_lpips_full 0.1817 | edge 0.0303 | dark_noise 0.0135 | chroma 0.0816 | decomp 0.0862 | smooth_enh 0.0219 | lambda_mean 1.5630 | lambda_min 0.8381 | lambda_max 1.7914

Epoch 013/120 train start
Epoch 013/120 validation start
Epoch 013 | train_loss 0.3295 | val_loss 0.3006 | val_psnr 20.83 | val_lpips 0.1340 | val_lpips_full 0.1781 | edge 0.0302 | dark_noise 0.0134 | chroma 0.0746 | decomp 0.0965 | smooth_enh 0.0229 | lambda_mean 1.5522 | lambda_min 0.8269 | lambda_max 1.7938
Best model updated -> Epoch: 13, psnr: 20.8293, PSNR: 20.8293, LPIPS@loss: 0.1340, LPIPS full: 0.1781

Epoch 014/120 train start
Epoch 014/120 validation start
Epoch 014 | train_loss 0.3265 | val_loss 0.3020 | val_psnr 20.88 | val_lpips 0.1419 | val_lpips_full 0.1854 | edge 0.0304 | dark_noise 0.0134 | chroma 0.0824 | decomp 0.1054 | smooth_enh 0.0240 | lambda_mean 1.5350 | lambda_min 0.8115 | lambda_max 1.7861
Best model updated -> Epoch: 14, psnr: 20.8756, PSNR: 20.8756, LPIPS@loss: 0.1419, LPIPS full: 0.1854

Epoch 015/120 train start
Epoch 015/120 validation start
Epoch 015 | train_loss 0.3276 | val_loss 0.2978 | val_psnr 20.16 | val_lpips 0.1360 | val_lpips_full 0.1781 | edge 0.0304 | dark_noise 0.0134 | chroma 0.0755 | decomp 0.0775 | smooth_enh 0.0223 | lambda_mean 1.5818 | lambda_min 0.8786 | lambda_max 1.7953

Epoch 016/120 train start
Epoch 016/120 validation start
Epoch 016 | train_loss 0.3239 | val_loss 0.2926 | val_psnr 21.24 | val_lpips 0.1206 | val_lpips_full 0.1636 | edge 0.0299 | dark_noise 0.0134 | chroma 0.0727 | decomp 0.1018 | smooth_enh 0.0232 | lambda_mean 1.5365 | lambda_min 0.8186 | lambda_max 1.7863
Best model updated -> Epoch: 16, psnr: 21.2378, PSNR: 21.2378, LPIPS@loss: 0.1206, LPIPS full: 0.1636

Epoch 017/120 train start
Epoch 017/120 validation start
Epoch 017 | train_loss 0.3193 | val_loss 0.2996 | val_psnr 21.18 | val_lpips 0.1239 | val_lpips_full 0.1706 | edge 0.0299 | dark_noise 0.0135 | chroma 0.0704 | decomp 0.1075 | smooth_enh 0.0238 | lambda_mean 1.5290 | lambda_min 0.8387 | lambda_max 1.7950

Epoch 018/120 train start
Epoch 018/120 validation start
Epoch 018 | train_loss 0.3182 | val_loss 0.2933 | val_psnr 21.15 | val_lpips 0.1307 | val_lpips_full 0.1768 | edge 0.0298 | dark_noise 0.0134 | chroma 0.0771 | decomp 0.1004 | smooth_enh 0.0232 | lambda_mean 1.5465 | lambda_min 0.8253 | lambda_max 1.7946

Epoch 019/120 train start
Epoch 019/120 validation start
Epoch 019 | train_loss 0.3164 | val_loss 0.2946 | val_psnr 20.08 | val_lpips 0.1305 | val_lpips_full 0.1731 | edge 0.0297 | dark_noise 0.0134 | chroma 0.0754 | decomp 0.0739 | smooth_enh 0.0216 | lambda_mean 1.5886 | lambda_min 0.8663 | lambda_max 1.7958

Epoch 020/120 train start
Epoch 020/120 validation start
Epoch 020 | train_loss 0.3129 | val_loss 0.2875 | val_psnr 21.11 | val_lpips 0.1125 | val_lpips_full 0.1549 | edge 0.0296 | dark_noise 0.0135 | chroma 0.0717 | decomp 0.0922 | smooth_enh 0.0220 | lambda_mean 1.5597 | lambda_min 0.8648 | lambda_max 1.7923

Epoch 021/120 train start
Epoch 021/120 validation start
Epoch 021 | train_loss 0.3149 | val_loss 0.2900 | val_psnr 20.97 | val_lpips 0.1155 | val_lpips_full 0.1592 | edge 0.0294 | dark_noise 0.0135 | chroma 0.0720 | decomp 0.0904 | smooth_enh 0.0224 | lambda_mean 1.5653 | lambda_min 0.8258 | lambda_max 1.7963

Epoch 022/120 train start
Epoch 022/120 validation start
Epoch 022 | train_loss 0.3128 | val_loss 0.2916 | val_psnr 21.00 | val_lpips 0.1197 | val_lpips_full 0.1603 | edge 0.0291 | dark_noise 0.0133 | chroma 0.0698 | decomp 0.0939 | smooth_enh 0.0213 | lambda_mean 1.5495 | lambda_min 0.8643 | lambda_max 1.7956

Epoch 023/120 train start
Epoch 023/120 validation start
Epoch 023 | train_loss 0.3138 | val_loss 0.2862 | val_psnr 21.26 | val_lpips 0.1111 | val_lpips_full 0.1527 | edge 0.0289 | dark_noise 0.0133 | chroma 0.0694 | decomp 0.0971 | smooth_enh 0.0225 | lambda_mean 1.5411 | lambda_min 0.8155 | lambda_max 1.7937
Best model updated -> Epoch: 23, psnr: 21.2553, PSNR: 21.2553, LPIPS@loss: 0.1111, LPIPS full: 0.1527

Epoch 024/120 train start
Epoch 024/120 validation start
Epoch 024 | train_loss 0.3081 | val_loss 0.2894 | val_psnr 21.32 | val_lpips 0.1090 | val_lpips_full 0.1506 | edge 0.0291 | dark_noise 0.0133 | chroma 0.0674 | decomp 0.1007 | smooth_enh 0.0221 | lambda_mean 1.5431 | lambda_min 0.8275 | lambda_max 1.7913
Best model updated -> Epoch: 24, psnr: 21.3242, PSNR: 21.3242, LPIPS@loss: 0.1090, LPIPS full: 0.1506

Epoch 025/120 train start
Epoch 025/120 validation start
Epoch 025 | train_loss 0.3095 | val_loss 0.2856 | val_psnr 21.21 | val_lpips 0.1069 | val_lpips_full 0.1508 | edge 0.0294 | dark_noise 0.0133 | chroma 0.0680 | decomp 0.0932 | smooth_enh 0.0229 | lambda_mean 1.5507 | lambda_min 0.8333 | lambda_max 1.7920

Epoch 026/120 train start
Epoch 026/120 validation start
Epoch 026 | train_loss 0.3084 | val_loss 0.2865 | val_psnr 20.96 | val_lpips 0.1113 | val_lpips_full 0.1518 | edge 0.0292 | dark_noise 0.0133 | chroma 0.0691 | decomp 0.0919 | smooth_enh 0.0226 | lambda_mean 1.5519 | lambda_min 0.8279 | lambda_max 1.7871

Epoch 027/120 train start
Epoch 027/120 validation start
Epoch 027 | train_loss 0.3057 | val_loss 0.2888 | val_psnr 20.61 | val_lpips 0.1129 | val_lpips_full 0.1570 | edge 0.0295 | dark_noise 0.0133 | chroma 0.0694 | decomp 0.0840 | smooth_enh 0.0232 | lambda_mean 1.5650 | lambda_min 0.8236 | lambda_max 1.7931

Epoch 028/120 train start
Epoch 028/120 validation start
Epoch 028 | train_loss 0.3084 | val_loss 0.2892 | val_psnr 20.74 | val_lpips 0.1123 | val_lpips_full 0.1570 | edge 0.0298 | dark_noise 0.0134 | chroma 0.0673 | decomp 0.0840 | smooth_enh 0.0243 | lambda_mean 1.5665 | lambda_min 0.8478 | lambda_max 1.7958

Epoch 029/120 train start
Epoch 029/120 validation start
Epoch 029 | train_loss 0.3041 | val_loss 0.2920 | val_psnr 21.54 | val_lpips 0.1016 | val_lpips_full 0.1422 | edge 0.0291 | dark_noise 0.0133 | chroma 0.0647 | decomp 0.1109 | smooth_enh 0.0232 | lambda_mean 1.5253 | lambda_min 0.8055 | lambda_max 1.7941
Best model updated -> Epoch: 29, psnr: 21.5352, PSNR: 21.5352, LPIPS@loss: 0.1016, LPIPS full: 0.1422

Epoch 030/120 train start
Epoch 030/120 validation start
Epoch 030 | train_loss 0.3065 | val_loss 0.2896 | val_psnr 21.50 | val_lpips 0.0991 | val_lpips_full 0.1379 | edge 0.0289 | dark_noise 0.0132 | chroma 0.0657 | decomp 0.1069 | smooth_enh 0.0233 | lambda_mean 1.5296 | lambda_min 0.8129 | lambda_max 1.7867

Epoch 031/120 train start
Epoch 031/120 validation start
Epoch 031 | train_loss 0.3057 | val_loss 0.2795 | val_psnr 21.43 | val_lpips 0.0985 | val_lpips_full 0.1382 | edge 0.0290 | dark_noise 0.0133 | chroma 0.0638 | decomp 0.0932 | smooth_enh 0.0233 | lambda_mean 1.5502 | lambda_min 0.8489 | lambda_max 1.7887

Epoch 032/120 train start
Epoch 032/120 validation start
Epoch 032 | train_loss 0.3027 | val_loss 0.2779 | val_psnr 21.05 | val_lpips 0.1040 | val_lpips_full 0.1456 | edge 0.0289 | dark_noise 0.0132 | chroma 0.0666 | decomp 0.0816 | smooth_enh 0.0220 | lambda_mean 1.5710 | lambda_min 0.8703 | lambda_max 1.7927

Epoch 033/120 train start
Epoch 033/120 validation start
Epoch 033 | train_loss 0.3033 | val_loss 0.2818 | val_psnr 21.07 | val_lpips 0.1039 | val_lpips_full 0.1440 | edge 0.0290 | dark_noise 0.0132 | chroma 0.0630 | decomp 0.0888 | smooth_enh 0.0228 | lambda_mean 1.5649 | lambda_min 0.8417 | lambda_max 1.7950

Epoch 034/120 train start
Epoch 034/120 validation start
Epoch 034 | train_loss 0.3016 | val_loss 0.2853 | val_psnr 21.14 | val_lpips 0.1030 | val_lpips_full 0.1440 | edge 0.0289 | dark_noise 0.0133 | chroma 0.0659 | decomp 0.0927 | smooth_enh 0.0229 | lambda_mean 1.5600 | lambda_min 0.8556 | lambda_max 1.7935

Epoch 035/120 train start
Epoch 035/120 validation start
Epoch 035 | train_loss 0.3034 | val_loss 0.2764 | val_psnr 21.34 | val_lpips 0.1014 | val_lpips_full 0.1410 | edge 0.0289 | dark_noise 0.0132 | chroma 0.0669 | decomp 0.0894 | smooth_enh 0.0233 | lambda_mean 1.5560 | lambda_min 0.8517 | lambda_max 1.7924

Epoch 036/120 train start
Epoch 036/120 validation start
Epoch 036 | train_loss 0.3001 | val_loss 0.2788 | val_psnr 21.56 | val_lpips 0.0997 | val_lpips_full 0.1395 | edge 0.0290 | dark_noise 0.0132 | chroma 0.0639 | decomp 0.0981 | smooth_enh 0.0235 | lambda_mean 1.5408 | lambda_min 0.8177 | lambda_max 1.7939
Best model updated -> Epoch: 36, psnr: 21.5586, PSNR: 21.5586, LPIPS@loss: 0.0997, LPIPS full: 0.1395

Epoch 037/120 train start
Epoch 037/120 validation start
Epoch 037 | train_loss 0.3026 | val_loss 0.2764 | val_psnr 21.29 | val_lpips 0.1003 | val_lpips_full 0.1399 | edge 0.0284 | dark_noise 0.0131 | chroma 0.0665 | decomp 0.0882 | smooth_enh 0.0213 | lambda_mean 1.5614 | lambda_min 0.8694 | lambda_max 1.7923

Epoch 038/120 train start
Epoch 038/120 validation start
Epoch 038 | train_loss 0.2964 | val_loss 0.2824 | val_psnr 21.05 | val_lpips 0.1042 | val_lpips_full 0.1450 | edge 0.0289 | dark_noise 0.0132 | chroma 0.0697 | decomp 0.0882 | smooth_enh 0.0230 | lambda_mean 1.5644 | lambda_min 0.8260 | lambda_max 1.7962

Epoch 039/120 train start
Epoch 039/120 validation start
Epoch 039 | train_loss 0.2982 | val_loss 0.2761 | val_psnr 21.49 | val_lpips 0.1034 | val_lpips_full 0.1458 | edge 0.0287 | dark_noise 0.0132 | chroma 0.0686 | decomp 0.0930 | smooth_enh 0.0230 | lambda_mean 1.5470 | lambda_min 0.8343 | lambda_max 1.7938

Epoch 040/120 train start
Epoch 040/120 validation start
Epoch 040 | train_loss 0.2995 | val_loss 0.2793 | val_psnr 20.94 | val_lpips 0.1019 | val_lpips_full 0.1426 | edge 0.0286 | dark_noise 0.0131 | chroma 0.0630 | decomp 0.0797 | smooth_enh 0.0210 | lambda_mean 1.5749 | lambda_min 0.8766 | lambda_max 1.7941

Epoch 041/120 train start
Epoch 041/120 validation start
Epoch 041 | train_loss 0.2965 | val_loss 0.2778 | val_psnr 21.08 | val_lpips 0.1002 | val_lpips_full 0.1386 | edge 0.0287 | dark_noise 0.0131 | chroma 0.0657 | decomp 0.0841 | smooth_enh 0.0224 | lambda_mean 1.5685 | lambda_min 0.8505 | lambda_max 1.7915

Epoch 042/120 train start
Epoch 042/120 validation start
Epoch 042 | train_loss 0.2923 | val_loss 0.2760 | val_psnr 21.52 | val_lpips 0.0966 | val_lpips_full 0.1364 | edge 0.0289 | dark_noise 0.0132 | chroma 0.0622 | decomp 0.0932 | smooth_enh 0.0235 | lambda_mean 1.5456 | lambda_min 0.8239 | lambda_max 1.7949

Epoch 043/120 train start
Epoch 043/120 validation start
Epoch 043 | train_loss 0.2966 | val_loss 0.2821 | val_psnr 21.08 | val_lpips 0.1046 | val_lpips_full 0.1429 | edge 0.0285 | dark_noise 0.0130 | chroma 0.0649 | decomp 0.0887 | smooth_enh 0.0216 | lambda_mean 1.5703 | lambda_min 0.8610 | lambda_max 1.7945

Epoch 044/120 train start
Epoch 044/120 validation start
Epoch 044 | train_loss 0.2975 | val_loss 0.2824 | val_psnr 21.41 | val_lpips 0.0959 | val_lpips_full 0.1333 | edge 0.0287 | dark_noise 0.0130 | chroma 0.0639 | decomp 0.1003 | smooth_enh 0.0231 | lambda_mean 1.5362 | lambda_min 0.8237 | lambda_max 1.7912

Epoch 045/120 train start
Epoch 045/120 validation start
Epoch 045 | train_loss 0.2971 | val_loss 0.2757 | val_psnr 21.46 | val_lpips 0.0974 | val_lpips_full 0.1384 | edge 0.0286 | dark_noise 0.0131 | chroma 0.0662 | decomp 0.0930 | smooth_enh 0.0231 | lambda_mean 1.5500 | lambda_min 0.8468 | lambda_max 1.7922

Epoch 046/120 train start
Epoch 046/120 validation start
Epoch 046 | train_loss 0.2973 | val_loss 0.2766 | val_psnr 21.09 | val_lpips 0.0974 | val_lpips_full 0.1358 | edge 0.0287 | dark_noise 0.0131 | chroma 0.0624 | decomp 0.0830 | smooth_enh 0.0228 | lambda_mean 1.5648 | lambda_min 0.8575 | lambda_max 1.7918

Epoch 047/120 train start
Epoch 047/120 validation start
Epoch 047 | train_loss 0.2910 | val_loss 0.2709 | val_psnr 21.53 | val_lpips 0.0929 | val_lpips_full 0.1332 | edge 0.0285 | dark_noise 0.0131 | chroma 0.0619 | decomp 0.0874 | smooth_enh 0.0225 | lambda_mean 1.5571 | lambda_min 0.8653 | lambda_max 1.7928

Epoch 048/120 train start
Epoch 048/120 validation start
Epoch 048 | train_loss 0.2945 | val_loss 0.2800 | val_psnr 20.54 | val_lpips 0.0993 | val_lpips_full 0.1388 | edge 0.0286 | dark_noise 0.0130 | chroma 0.0608 | decomp 0.0767 | smooth_enh 0.0219 | lambda_mean 1.5789 | lambda_min 0.8667 | lambda_max 1.7953

Epoch 049/120 train start
Epoch 049/120 validation start
Epoch 049 | train_loss 0.2963 | val_loss 0.2723 | val_psnr 21.16 | val_lpips 0.0988 | val_lpips_full 0.1405 | edge 0.0287 | dark_noise 0.0130 | chroma 0.0618 | decomp 0.0821 | smooth_enh 0.0230 | lambda_mean 1.5673 | lambda_min 0.8669 | lambda_max 1.7952

Epoch 050/120 train start
Epoch 050/120 validation start
Epoch 050 | train_loss 0.2959 | val_loss 0.2745 | val_psnr 21.78 | val_lpips 0.0934 | val_lpips_full 0.1337 | edge 0.0283 | dark_noise 0.0130 | chroma 0.0607 | decomp 0.0995 | smooth_enh 0.0220 | lambda_mean 1.5375 | lambda_min 0.8575 | lambda_max 1.7931
Best model updated -> Epoch: 50, psnr: 21.7832, PSNR: 21.7832, LPIPS@loss: 0.0934, LPIPS full: 0.1337

Epoch 051/120 train start
Epoch 051/120 validation start
Epoch 051 | train_loss 0.2961 | val_loss 0.2734 | val_psnr 21.11 | val_lpips 0.0956 | val_lpips_full 0.1369 | edge 0.0282 | dark_noise 0.0130 | chroma 0.0618 | decomp 0.0812 | smooth_enh 0.0206 | lambda_mean 1.5701 | lambda_min 0.8791 | lambda_max 1.7914

Epoch 052/120 train start
Epoch 052/120 validation start
Epoch 052 | train_loss 0.2902 | val_loss 0.2735 | val_psnr 21.32 | val_lpips 0.0985 | val_lpips_full 0.1396 | edge 0.0286 | dark_noise 0.0132 | chroma 0.0653 | decomp 0.0875 | smooth_enh 0.0230 | lambda_mean 1.5570 | lambda_min 0.8504 | lambda_max 1.7944

Epoch 053/120 train start
Epoch 053/120 validation start
Epoch 053 | train_loss 0.2936 | val_loss 0.2708 | val_psnr 21.80 | val_lpips 0.0904 | val_lpips_full 0.1299 | edge 0.0288 | dark_noise 0.0131 | chroma 0.0598 | decomp 0.0940 | smooth_enh 0.0242 | lambda_mean 1.5463 | lambda_min 0.8310 | lambda_max 1.7943
Best model updated -> Epoch: 53, psnr: 21.7967, PSNR: 21.7967, LPIPS@loss: 0.0904, LPIPS full: 0.1299

Epoch 054/120 train start
Epoch 054/120 validation start
Epoch 054 | train_loss 0.2934 | val_loss 0.2727 | val_psnr 21.18 | val_lpips 0.0951 | val_lpips_full 0.1319 | edge 0.0285 | dark_noise 0.0130 | chroma 0.0612 | decomp 0.0804 | smooth_enh 0.0220 | lambda_mean 1.5702 | lambda_min 0.8552 | lambda_max 1.7923

Epoch 055/120 train start
Epoch 055/120 validation start
Epoch 055 | train_loss 0.2896 | val_loss 0.2837 | val_psnr 20.16 | val_lpips 0.1072 | val_lpips_full 0.1469 | edge 0.0285 | dark_noise 0.0130 | chroma 0.0654 | decomp 0.0698 | smooth_enh 0.0211 | lambda_mean 1.5935 | lambda_min 0.8733 | lambda_max 1.7957

Epoch 056/120 train start
Epoch 056/120 validation start
Epoch 056 | train_loss 0.2910 | val_loss 0.2732 | val_psnr 20.95 | val_lpips 0.0959 | val_lpips_full 0.1348 | edge 0.0282 | dark_noise 0.0129 | chroma 0.0619 | decomp 0.0791 | smooth_enh 0.0212 | lambda_mean 1.5752 | lambda_min 0.8809 | lambda_max 1.7936

Epoch 057/120 train start
Epoch 057/120 validation start
Epoch 057 | train_loss 0.2876 | val_loss 0.2763 | val_psnr 20.60 | val_lpips 0.0987 | val_lpips_full 0.1381 | edge 0.0287 | dark_noise 0.0131 | chroma 0.0630 | decomp 0.0746 | smooth_enh 0.0223 | lambda_mean 1.5790 | lambda_min 0.8791 | lambda_max 1.7956

Epoch 058/120 train start
Epoch 058/120 validation start
Epoch 058 | train_loss 0.2889 | val_loss 0.2765 | val_psnr 21.89 | val_lpips 0.0887 | val_lpips_full 0.1262 | edge 0.0285 | dark_noise 0.0130 | chroma 0.0612 | decomp 0.1035 | smooth_enh 0.0237 | lambda_mean 1.5272 | lambda_min 0.8277 | lambda_max 1.7903
Best model updated -> Epoch: 58, psnr: 21.8916, PSNR: 21.8916, LPIPS@loss: 0.0887, LPIPS full: 0.1262

Epoch 059/120 train start
Epoch 059/120 validation start
Epoch 059 | train_loss 0.2892 | val_loss 0.2728 | val_psnr 21.75 | val_lpips 0.0900 | val_lpips_full 0.1293 | edge 0.0282 | dark_noise 0.0130 | chroma 0.0600 | decomp 0.0950 | smooth_enh 0.0226 | lambda_mean 1.5518 | lambda_min 0.8622 | lambda_max 1.7926

Epoch 060/120 train start
Epoch 060/120 validation start
Epoch 060 | train_loss 0.2910 | val_loss 0.2707 | val_psnr 21.86 | val_lpips 0.0889 | val_lpips_full 0.1282 | edge 0.0285 | dark_noise 0.0131 | chroma 0.0588 | decomp 0.0966 | smooth_enh 0.0235 | lambda_mean 1.5414 | lambda_min 0.8342 | lambda_max 1.7939

Epoch 061/120 train start
Epoch 061/120 validation start
Epoch 061 | train_loss 0.2898 | val_loss 0.2705 | val_psnr 21.50 | val_lpips 0.0894 | val_lpips_full 0.1266 | edge 0.0283 | dark_noise 0.0130 | chroma 0.0591 | decomp 0.0892 | smooth_enh 0.0222 | lambda_mean 1.5537 | lambda_min 0.8570 | lambda_max 1.7925

Epoch 062/120 train start
Epoch 062/120 validation start
Epoch 062 | train_loss 0.2936 | val_loss 0.2762 | val_psnr 21.84 | val_lpips 0.0926 | val_lpips_full 0.1343 | edge 0.0281 | dark_noise 0.0130 | chroma 0.0598 | decomp 0.1009 | smooth_enh 0.0216 | lambda_mean 1.5399 | lambda_min 0.8549 | lambda_max 1.7936

Epoch 063/120 train start
Epoch 063/120 validation start
Epoch 063 | train_loss 0.2875 | val_loss 0.2720 | val_psnr 21.16 | val_lpips 0.0921 | val_lpips_full 0.1310 | edge 0.0288 | dark_noise 0.0131 | chroma 0.0606 | decomp 0.0831 | smooth_enh 0.0233 | lambda_mean 1.5678 | lambda_min 0.8481 | lambda_max 1.7943

Epoch 064/120 train start
Epoch 064/120 validation start
Epoch 064 | train_loss 0.2918 | val_loss 0.2760 | val_psnr 21.59 | val_lpips 0.0938 | val_lpips_full 0.1353 | edge 0.0289 | dark_noise 0.0133 | chroma 0.0631 | decomp 0.0954 | smooth_enh 0.0246 | lambda_mean 1.5510 | lambda_min 0.8302 | lambda_max 1.7949

Epoch 065/120 train start
Epoch 065/120 validation start
Epoch 065 | train_loss 0.2834 | val_loss 0.2712 | val_psnr 21.04 | val_lpips 0.0915 | val_lpips_full 0.1310 | edge 0.0283 | dark_noise 0.0130 | chroma 0.0591 | decomp 0.0802 | smooth_enh 0.0223 | lambda_mean 1.5698 | lambda_min 0.8614 | lambda_max 1.7942

Epoch 066/120 train start
Epoch 066/120 validation start
Epoch 066 | train_loss 0.2858 | val_loss 0.2682 | val_psnr 21.24 | val_lpips 0.0934 | val_lpips_full 0.1307 | edge 0.0284 | dark_noise 0.0130 | chroma 0.0596 | decomp 0.0801 | smooth_enh 0.0226 | lambda_mean 1.5700 | lambda_min 0.8581 | lambda_max 1.7950

Epoch 067/120 train start
Epoch 067/120 validation start
Epoch 067 | train_loss 0.2871 | val_loss 0.2685 | val_psnr 21.89 | val_lpips 0.0877 | val_lpips_full 0.1237 | edge 0.0281 | dark_noise 0.0130 | chroma 0.0594 | decomp 0.0949 | smooth_enh 0.0224 | lambda_mean 1.5443 | lambda_min 0.8417 | lambda_max 1.7910

Epoch 068/120 train start
Epoch 068/120 validation start
Epoch 068 | train_loss 0.2861 | val_loss 0.2684 | val_psnr 21.63 | val_lpips 0.0922 | val_lpips_full 0.1311 | edge 0.0281 | dark_noise 0.0129 | chroma 0.0599 | decomp 0.0894 | smooth_enh 0.0220 | lambda_mean 1.5522 | lambda_min 0.8585 | lambda_max 1.7942

Epoch 069/120 train start
Epoch 069/120 validation start
Epoch 069 | train_loss 0.2864 | val_loss 0.2719 | val_psnr 21.75 | val_lpips 0.0859 | val_lpips_full 0.1241 | edge 0.0282 | dark_noise 0.0130 | chroma 0.0582 | decomp 0.0968 | smooth_enh 0.0228 | lambda_mean 1.5414 | lambda_min 0.8262 | lambda_max 1.7920

Epoch 070/120 train start
Epoch 070/120 validation start
Epoch 070 | train_loss 0.2831 | val_loss 0.2703 | val_psnr 21.36 | val_lpips 0.0909 | val_lpips_full 0.1290 | edge 0.0281 | dark_noise 0.0129 | chroma 0.0583 | decomp 0.0842 | smooth_enh 0.0218 | lambda_mean 1.5623 | lambda_min 0.8619 | lambda_max 1.7927

Epoch 071/120 train start
Epoch 071/120 validation start
Epoch 071 | train_loss 0.2816 | val_loss 0.2699 | val_psnr 21.28 | val_lpips 0.0908 | val_lpips_full 0.1271 | edge 0.0283 | dark_noise 0.0129 | chroma 0.0584 | decomp 0.0822 | smooth_enh 0.0226 | lambda_mean 1.5651 | lambda_min 0.8549 | lambda_max 1.7932

Epoch 072/120 train start
Epoch 072/120 validation start
Epoch 072 | train_loss 0.2843 | val_loss 0.2701 | val_psnr 21.81 | val_lpips 0.0845 | val_lpips_full 0.1219 | edge 0.0282 | dark_noise 0.0129 | chroma 0.0586 | decomp 0.0964 | smooth_enh 0.0227 | lambda_mean 1.5419 | lambda_min 0.8460 | lambda_max 1.7912

Epoch 073/120 train start
Epoch 073/120 validation start
Epoch 073 | train_loss 0.2872 | val_loss 0.2664 | val_psnr 21.48 | val_lpips 0.0891 | val_lpips_full 0.1257 | edge 0.0282 | dark_noise 0.0129 | chroma 0.0597 | decomp 0.0847 | smooth_enh 0.0225 | lambda_mean 1.5616 | lambda_min 0.8493 | lambda_max 1.7927

Epoch 074/120 train start
Epoch 074/120 validation start
Epoch 074 | train_loss 0.2836 | val_loss 0.2717 | val_psnr 21.15 | val_lpips 0.0932 | val_lpips_full 0.1316 | edge 0.0283 | dark_noise 0.0130 | chroma 0.0599 | decomp 0.0821 | smooth_enh 0.0228 | lambda_mean 1.5659 | lambda_min 0.8503 | lambda_max 1.7937

Epoch 075/120 train start
Epoch 075/120 validation start
Epoch 075 | train_loss 0.2830 | val_loss 0.2709 | val_psnr 20.86 | val_lpips 0.0932 | val_lpips_full 0.1317 | edge 0.0281 | dark_noise 0.0129 | chroma 0.0588 | decomp 0.0757 | smooth_enh 0.0210 | lambda_mean 1.5757 | lambda_min 0.8831 | lambda_max 1.7933

Epoch 076/120 train start
Epoch 076/120 validation start
Epoch 076 | train_loss 0.2820 | val_loss 0.2700 | val_psnr 21.66 | val_lpips 0.0876 | val_lpips_full 0.1245 | edge 0.0283 | dark_noise 0.0129 | chroma 0.0584 | decomp 0.0900 | smooth_enh 0.0233 | lambda_mean 1.5511 | lambda_min 0.8481 | lambda_max 1.7924

Epoch 077/120 train start
Epoch 077/120 validation start
Epoch 077 | train_loss 0.2835 | val_loss 0.2671 | val_psnr 21.61 | val_lpips 0.0865 | val_lpips_full 0.1239 | edge 0.0281 | dark_noise 0.0129 | chroma 0.0578 | decomp 0.0866 | smooth_enh 0.0222 | lambda_mean 1.5578 | lambda_min 0.8577 | lambda_max 1.7930

Epoch 078/120 train start
Epoch 078/120 validation start
Epoch 078 | train_loss 0.2775 | val_loss 0.2681 | val_psnr 21.29 | val_lpips 0.0880 | val_lpips_full 0.1248 | edge 0.0282 | dark_noise 0.0130 | chroma 0.0581 | decomp 0.0819 | smooth_enh 0.0225 | lambda_mean 1.5648 | lambda_min 0.8619 | lambda_max 1.7926

Epoch 079/120 train start
Epoch 079/120 validation start
Epoch 079 | train_loss 0.2819 | val_loss 0.2703 | val_psnr 21.00 | val_lpips 0.0934 | val_lpips_full 0.1327 | edge 0.0284 | dark_noise 0.0131 | chroma 0.0596 | decomp 0.0790 | smooth_enh 0.0225 | lambda_mean 1.5695 | lambda_min 0.8635 | lambda_max 1.7941

Epoch 080/120 train start
Epoch 080/120 validation start
Epoch 080 | train_loss 0.2815 | val_loss 0.2688 | val_psnr 21.47 | val_lpips 0.0902 | val_lpips_full 0.1261 | edge 0.0283 | dark_noise 0.0129 | chroma 0.0616 | decomp 0.0867 | smooth_enh 0.0228 | lambda_mean 1.5593 | lambda_min 0.8590 | lambda_max 1.7899

Epoch 081/120 train start
Epoch 081/120 validation start
Epoch 081 | train_loss 0.2775 | val_loss 0.2660 | val_psnr 21.62 | val_lpips 0.0868 | val_lpips_full 0.1232 | edge 0.0281 | dark_noise 0.0129 | chroma 0.0582 | decomp 0.0872 | smooth_enh 0.0221 | lambda_mean 1.5554 | lambda_min 0.8536 | lambda_max 1.7921

Epoch 082/120 train start
Epoch 082/120 validation start
Epoch 082 | train_loss 0.2827 | val_loss 0.2672 | val_psnr 21.33 | val_lpips 0.0882 | val_lpips_full 0.1254 | edge 0.0282 | dark_noise 0.0130 | chroma 0.0581 | decomp 0.0811 | smooth_enh 0.0224 | lambda_mean 1.5669 | lambda_min 0.8601 | lambda_max 1.7936

Epoch 083/120 train start
Epoch 083/120 validation start
Epoch 083 | train_loss 0.2839 | val_loss 0.2704 | val_psnr 21.00 | val_lpips 0.0902 | val_lpips_full 0.1274 | edge 0.0283 | dark_noise 0.0130 | chroma 0.0579 | decomp 0.0781 | smooth_enh 0.0224 | lambda_mean 1.5710 | lambda_min 0.8604 | lambda_max 1.7928

Epoch 084/120 train start
Epoch 084/120 validation start
Epoch 084 | train_loss 0.2810 | val_loss 0.2696 | val_psnr 21.56 | val_lpips 0.0878 | val_lpips_full 0.1273 | edge 0.0283 | dark_noise 0.0130 | chroma 0.0576 | decomp 0.0895 | smooth_enh 0.0230 | lambda_mean 1.5525 | lambda_min 0.8503 | lambda_max 1.7936

Epoch 085/120 train start
Epoch 085/120 validation start
Epoch 085 | train_loss 0.2779 | val_loss 0.2679 | val_psnr 21.50 | val_lpips 0.0875 | val_lpips_full 0.1251 | edge 0.0281 | dark_noise 0.0129 | chroma 0.0596 | decomp 0.0871 | smooth_enh 0.0224 | lambda_mean 1.5558 | lambda_min 0.8619 | lambda_max 1.7929

Epoch 086/120 train start
Epoch 086/120 validation start
Epoch 086 | train_loss 0.2767 | val_loss 0.2674 | val_psnr 21.50 | val_lpips 0.0873 | val_lpips_full 0.1242 | edge 0.0284 | dark_noise 0.0130 | chroma 0.0575 | decomp 0.0848 | smooth_enh 0.0231 | lambda_mean 1.5613 | lambda_min 0.8479 | lambda_max 1.7939

Epoch 087/120 train start
Epoch 087/120 validation start
Epoch 087 | train_loss 0.2837 | val_loss 0.2688 | val_psnr 21.38 | val_lpips 0.0908 | val_lpips_full 0.1292 | edge 0.0280 | dark_noise 0.0129 | chroma 0.0597 | decomp 0.0833 | smooth_enh 0.0217 | lambda_mean 1.5637 | lambda_min 0.8651 | lambda_max 1.7931

Epoch 088/120 train start
Epoch 088/120 validation start
Epoch 088 | train_loss 0.2799 | val_loss 0.2668 | val_psnr 21.73 | val_lpips 0.0867 | val_lpips_full 0.1254 | edge 0.0283 | dark_noise 0.0131 | chroma 0.0580 | decomp 0.0909 | smooth_enh 0.0235 | lambda_mean 1.5474 | lambda_min 0.8455 | lambda_max 1.7939

Epoch 089/120 train start
Epoch 089/120 validation start
Epoch 089 | train_loss 0.2788 | val_loss 0.2647 | val_psnr 21.85 | val_lpips 0.0843 | val_lpips_full 0.1204 | edge 0.0281 | dark_noise 0.0129 | chroma 0.0576 | decomp 0.0900 | smooth_enh 0.0228 | lambda_mean 1.5495 | lambda_min 0.8466 | lambda_max 1.7927

Epoch 090/120 train start
Epoch 090/120 validation start
Epoch 090 | train_loss 0.2799 | val_loss 0.2696 | val_psnr 21.32 | val_lpips 0.0881 | val_lpips_full 0.1243 | edge 0.0282 | dark_noise 0.0129 | chroma 0.0573 | decomp 0.0830 | smooth_enh 0.0226 | lambda_mean 1.5624 | lambda_min 0.8518 | lambda_max 1.7920

Epoch 091/120 train start
Epoch 091/120 validation start
Epoch 091 | train_loss 0.2788 | val_loss 0.2657 | val_psnr 21.77 | val_lpips 0.0844 | val_lpips_full 0.1203 | edge 0.0281 | dark_noise 0.0129 | chroma 0.0575 | decomp 0.0895 | smooth_enh 0.0224 | lambda_mean 1.5505 | lambda_min 0.8538 | lambda_max 1.7908

Epoch 092/120 train start
Epoch 092/120 validation start
Epoch 092 | train_loss 0.2746 | val_loss 0.2660 | val_psnr 21.30 | val_lpips 0.0877 | val_lpips_full 0.1247 | edge 0.0281 | dark_noise 0.0129 | chroma 0.0576 | decomp 0.0804 | smooth_enh 0.0218 | lambda_mean 1.5663 | lambda_min 0.8638 | lambda_max 1.7919

Epoch 093/120 train start
Epoch 093/120 validation start
Epoch 093 | train_loss 0.2810 | val_loss 0.2664 | val_psnr 21.42 | val_lpips 0.0873 | val_lpips_full 0.1242 | edge 0.0282 | dark_noise 0.0129 | chroma 0.0572 | decomp 0.0824 | smooth_enh 0.0228 | lambda_mean 1.5640 | lambda_min 0.8628 | lambda_max 1.7938

Epoch 094/120 train start
Epoch 094/120 validation start
Epoch 094 | train_loss 0.2773 | val_loss 0.2672 | val_psnr 21.41 | val_lpips 0.0867 | val_lpips_full 0.1251 | edge 0.0282 | dark_noise 0.0129 | chroma 0.0569 | decomp 0.0824 | smooth_enh 0.0225 | lambda_mean 1.5630 | lambda_min 0.8598 | lambda_max 1.7936

Epoch 095/120 train start
Epoch 095/120 validation start
Epoch 095 | train_loss 0.2763 | val_loss 0.2643 | val_psnr 21.54 | val_lpips 0.0870 | val_lpips_full 0.1241 | edge 0.0281 | dark_noise 0.0129 | chroma 0.0575 | decomp 0.0830 | smooth_enh 0.0223 | lambda_mean 1.5625 | lambda_min 0.8571 | lambda_max 1.7925

Epoch 096/120 train start
Epoch 096/120 validation start
Epoch 096 | train_loss 0.2769 | val_loss 0.2677 | val_psnr 21.67 | val_lpips 0.0845 | val_lpips_full 0.1223 | edge 0.0281 | dark_noise 0.0129 | chroma 0.0576 | decomp 0.0903 | smooth_enh 0.0226 | lambda_mean 1.5491 | lambda_min 0.8446 | lambda_max 1.7912

Epoch 097/120 train start
Epoch 097/120 validation start
Epoch 097 | train_loss 0.2751 | val_loss 0.2665 | val_psnr 21.39 | val_lpips 0.0881 | val_lpips_full 0.1256 | edge 0.0281 | dark_noise 0.0129 | chroma 0.0578 | decomp 0.0820 | smooth_enh 0.0222 | lambda_mean 1.5648 | lambda_min 0.8599 | lambda_max 1.7932

Epoch 098/120 train start
Epoch 098/120 validation start
Epoch 098 | train_loss 0.2771 | val_loss 0.2675 | val_psnr 21.66 | val_lpips 0.0850 | val_lpips_full 0.1219 | edge 0.0280 | dark_noise 0.0129 | chroma 0.0573 | decomp 0.0900 | smooth_enh 0.0226 | lambda_mean 1.5508 | lambda_min 0.8437 | lambda_max 1.7921

Epoch 099/120 train start
Epoch 099/120 validation start
Epoch 099 | train_loss 0.2756 | val_loss 0.2674 | val_psnr 21.44 | val_lpips 0.0870 | val_lpips_full 0.1242 | edge 0.0281 | dark_noise 0.0129 | chroma 0.0572 | decomp 0.0849 | smooth_enh 0.0223 | lambda_mean 1.5591 | lambda_min 0.8548 | lambda_max 1.7924

Epoch 100/120 train start
Epoch 100/120 validation start
Epoch 100 | train_loss 0.2757 | val_loss 0.2665 | val_psnr 21.52 | val_lpips 0.0863 | val_lpips_full 0.1240 | edge 0.0283 | dark_noise 0.0129 | chroma 0.0573 | decomp 0.0857 | smooth_enh 0.0230 | lambda_mean 1.5577 | lambda_min 0.8475 | lambda_max 1.7928

Epoch 101/120 train start
Epoch 101/120 validation start
Epoch 101 | train_loss 0.2781 | val_loss 0.2707 | val_psnr 21.06 | val_lpips 0.0906 | val_lpips_full 0.1280 | edge 0.0282 | dark_noise 0.0129 | chroma 0.0580 | decomp 0.0784 | smooth_enh 0.0222 | lambda_mean 1.5713 | lambda_min 0.8631 | lambda_max 1.7937

Epoch 102/120 train start
Epoch 102/120 validation start
Epoch 102 | train_loss 0.2767 | val_loss 0.2667 | val_psnr 21.61 | val_lpips 0.0857 | val_lpips_full 0.1234 | edge 0.0281 | dark_noise 0.0129 | chroma 0.0570 | decomp 0.0885 | smooth_enh 0.0224 | lambda_mean 1.5528 | lambda_min 0.8490 | lambda_max 1.7919

Epoch 103/120 train start
Epoch 103/120 validation start
Epoch 103 | train_loss 0.2765 | val_loss 0.2654 | val_psnr 21.58 | val_lpips 0.0861 | val_lpips_full 0.1239 | edge 0.0282 | dark_noise 0.0129 | chroma 0.0567 | decomp 0.0862 | smooth_enh 0.0226 | lambda_mean 1.5561 | lambda_min 0.8520 | lambda_max 1.7928
Early stopping at epoch 103
Best epoch: 58 | Best psnr: 21.8916 | Best PSNR: 21.8916 | Best LPIPS@loss: 0.0887 | Best LPIPS full: 0.1262
===== TRAIN FINISHED =====
Best epoch: 58
Best psnr: 21.891555605422198
Best PSNR: 21.891555605422198
Best LPIPS@loss: 0.08869865761759381
Best LPIPS full: 0.12621104655166468
Best checkpoint: /content/retinextapetum_hpo/projects/lol_v1/final/hpo_candidate_02_trial_0002_f1bfd5bf87_seed_123/run/checkpoints/best.pth
Last checkpoint: /content/retinextapetum_hpo/projects/lol_v1/final/hpo_candidate_02_trial_0002_f1bfd5bf87_seed_123/run/checkpoints/last.pth
