DEVICE: cuda
TRAIN_LOW_DIR : /content/drive/MyDrive/TAPETUM/datasets/LOL-v2/Synthetic/Train/Low
TRAIN_HIGH_DIR: /content/drive/MyDrive/TAPETUM/datasets/LOL-v2/Synthetic/Train/Normal
VAL_LOW_DIR   : /content/drive/MyDrive/TAPETUM/datasets/LOL-v2/Synthetic/Val/Low
VAL_HIGH_DIR  : /content/drive/MyDrive/TAPETUM/datasets/LOL-v2/Synthetic/Val/Normal
CKPT_DIR      : /content/retinextapetum_hpo/projects/lol_v2_synthetic/final/hpo_candidate_01_trial_0007_f0fca1ff96_seed_123/run/checkpoints
USE_TRAIN_VAL_SPLIT: True
VAL_RATIO     : 0.1
SPLIT_SEED    : 42
BASE_CHANNELS : 128
BATCH_SIZE    : 2
EPOCHS        : 120
LR            : 0.0006991561452271401
MIN_LR        : 5.0237973942179794e-05
W_LPIPS       : 0.08
BEST_METRIC   : psnr
RESUME        : False
RESUME_CKPT   : last.pth
TRAIN_LOG_INTERVAL: 0
VAL_LOG_INTERVAL  : 0
DRIVE_CKPT_MIRROR_DIR: /content/drive/MyDrive/TAPETUM/HyperparameterSearch/lol_v2_synthetic/final_confirmation/hpo_candidate_01_trial_0007_f0fca1ff96/seed_123
Split manifest: /content/drive/MyDrive/TAPETUM/HyperparameterSearch/lol_v2_synthetic/split_manifest.json
Train split images: 810
Val split images: 90
[Dataset] /content/drive/MyDrive/TAPETUM/datasets/LOL-v2/Synthetic/Train/Low
Mode: train
Split file_list: yes
Paired samples: 810
[Dataset] /content/drive/MyDrive/TAPETUM/datasets/LOL-v2/Synthetic/Train/Low
Mode: val/test
Split file_list: yes
Paired samples: 90
Train batches: 405
Val batches  : 90
Trainable params: 536,463
Setting up [LPIPS] perceptual loss: trunk [alex], v[0.1], spatial [off]
/usr/local/lib/python3.12/dist-packages/torchvision/models/_utils.py:208: UserWarning: The parameter 'pretrained' is deprecated since 0.13 and may be removed in the future, please use 'weights' instead.
  warnings.warn(
/usr/local/lib/python3.12/dist-packages/torchvision/models/_utils.py:223: UserWarning: Arguments other than a weight enum or `None` for 'weights' are deprecated since 0.13 and may be removed in the future. The current behavior is equivalent to passing `weights=AlexNet_Weights.IMAGENET1K_V1`. You can also use `weights=AlexNet_Weights.DEFAULT` to get the most up-to-date weights.
  warnings.warn(msg)
Loading model from: /usr/local/lib/python3.12/dist-packages/lpips/weights/v0.1/alex.pth
LPIPS training loss: enabled (alex, weight=0.08)
Resume disabled: RETINEX_TAPETUM_RESUME=0/config.RESUME_TRAINING=False

===== TRAIN START =====

Epoch 001/120 train start
Epoch 001/120 validation start
Epoch 001 | train_loss 0.5462 | val_loss 0.3807 | val_psnr 18.60 | val_lpips 0.1887 | val_lpips_full 0.2482 | edge 0.0377 | dark_noise 0.0104 | chroma 0.1218 | decomp 0.0964 | smooth_enh 0.0332 | lambda_mean 0.7862 | lambda_min 0.0213 | lambda_max 1.2762
Best model updated -> Epoch: 1, psnr: 18.5980, PSNR: 18.5980, LPIPS@loss: 0.1887, LPIPS full: 0.2482

Epoch 002/120 train start
Epoch 002/120 validation start
Epoch 002 | train_loss 0.3646 | val_loss 0.3535 | val_psnr 19.11 | val_lpips 0.1550 | val_lpips_full 0.1910 | edge 0.0309 | dark_noise 0.0100 | chroma 0.1195 | decomp 0.1049 | smooth_enh 0.0362 | lambda_mean 0.7879 | lambda_min 0.0225 | lambda_max 1.2854
Best model updated -> Epoch: 2, psnr: 19.1054, PSNR: 19.1054, LPIPS@loss: 0.1550, LPIPS full: 0.1910

Epoch 003/120 train start
Epoch 003/120 validation start
Epoch 003 | train_loss 0.3290 | val_loss 0.3229 | val_psnr 19.76 | val_lpips 0.1244 | val_lpips_full 0.1505 | edge 0.0275 | dark_noise 0.0098 | chroma 0.1002 | decomp 0.0926 | smooth_enh 0.0353 | lambda_mean 0.7628 | lambda_min 0.0120 | lambda_max 1.2879
Best model updated -> Epoch: 3, psnr: 19.7584, PSNR: 19.7584, LPIPS@loss: 0.1244, LPIPS full: 0.1505

Epoch 004/120 train start
Epoch 004/120 validation start
Epoch 004 | train_loss 0.3136 | val_loss 0.3084 | val_psnr 19.48 | val_lpips 0.1276 | val_lpips_full 0.1533 | edge 0.0261 | dark_noise 0.0100 | chroma 0.1190 | decomp 0.0774 | smooth_enh 0.0369 | lambda_mean 0.8069 | lambda_min 0.0103 | lambda_max 1.2922

Epoch 005/120 train start
Epoch 005/120 validation start
Epoch 005 | train_loss 0.3008 | val_loss 0.2931 | val_psnr 19.86 | val_lpips 0.1141 | val_lpips_full 0.1348 | edge 0.0249 | dark_noise 0.0097 | chroma 0.0942 | decomp 0.0683 | smooth_enh 0.0353 | lambda_mean 0.7967 | lambda_min 0.0073 | lambda_max 1.2918
Best model updated -> Epoch: 5, psnr: 19.8594, PSNR: 19.8594, LPIPS@loss: 0.1141, LPIPS full: 0.1348

Epoch 006/120 train start
Epoch 006/120 validation start
Epoch 006 | train_loss 0.2937 | val_loss 0.2751 | val_psnr 20.34 | val_lpips 0.1068 | val_lpips_full 0.1260 | edge 0.0240 | dark_noise 0.0096 | chroma 0.0905 | decomp 0.0669 | smooth_enh 0.0355 | lambda_mean 0.8383 | lambda_min 0.0140 | lambda_max 1.2931
Best model updated -> Epoch: 6, psnr: 20.3438, PSNR: 20.3438, LPIPS@loss: 0.1068, LPIPS full: 0.1260

Epoch 007/120 train start
Epoch 007/120 validation start
Epoch 007 | train_loss 0.2847 | val_loss 0.2882 | val_psnr 20.98 | val_lpips 0.0970 | val_lpips_full 0.1173 | edge 0.0229 | dark_noise 0.0097 | chroma 0.0802 | decomp 0.0909 | smooth_enh 0.0357 | lambda_mean 0.7753 | lambda_min 0.0108 | lambda_max 1.2883
Best model updated -> Epoch: 7, psnr: 20.9750, PSNR: 20.9750, LPIPS@loss: 0.0970, LPIPS full: 0.1173

Epoch 008/120 train start
Epoch 008/120 validation start
Epoch 008 | train_loss 0.2820 | val_loss 0.2829 | val_psnr 20.66 | val_lpips 0.0952 | val_lpips_full 0.1151 | edge 0.0242 | dark_noise 0.0097 | chroma 0.0876 | decomp 0.0791 | smooth_enh 0.0366 | lambda_mean 0.8078 | lambda_min 0.0077 | lambda_max 1.2933

Epoch 009/120 train start
Epoch 009/120 validation start
Epoch 009 | train_loss 0.2800 | val_loss 0.2615 | val_psnr 21.06 | val_lpips 0.0873 | val_lpips_full 0.1086 | edge 0.0227 | dark_noise 0.0096 | chroma 0.0778 | decomp 0.0705 | smooth_enh 0.0344 | lambda_mean 0.7949 | lambda_min 0.0061 | lambda_max 1.2925
Best model updated -> Epoch: 9, psnr: 21.0605, PSNR: 21.0605, LPIPS@loss: 0.0873, LPIPS full: 0.1086

Epoch 010/120 train start
Epoch 010/120 validation start
Epoch 010 | train_loss 0.2694 | val_loss 0.2635 | val_psnr 20.82 | val_lpips 0.0902 | val_lpips_full 0.1071 | edge 0.0220 | dark_noise 0.0099 | chroma 0.0783 | decomp 0.0728 | smooth_enh 0.0333 | lambda_mean 0.8122 | lambda_min 0.0050 | lambda_max 1.2918

Epoch 011/120 train start
Epoch 011/120 validation start
Epoch 011 | train_loss 0.2644 | val_loss 0.2508 | val_psnr 21.98 | val_lpips 0.0770 | val_lpips_full 0.0946 | edge 0.0217 | dark_noise 0.0094 | chroma 0.0657 | decomp 0.0777 | smooth_enh 0.0305 | lambda_mean 0.7847 | lambda_min 0.0055 | lambda_max 1.2873
Best model updated -> Epoch: 11, psnr: 21.9846, PSNR: 21.9846, LPIPS@loss: 0.0770, LPIPS full: 0.0946

Epoch 012/120 train start
Epoch 012/120 validation start
Epoch 012 | train_loss 0.2619 | val_loss 0.2553 | val_psnr 21.26 | val_lpips 0.0796 | val_lpips_full 0.0973 | edge 0.0238 | dark_noise 0.0098 | chroma 0.0693 | decomp 0.0680 | smooth_enh 0.0353 | lambda_mean 0.8248 | lambda_min 0.0068 | lambda_max 1.2944

Epoch 013/120 train start
Epoch 013/120 validation start
Epoch 013 | train_loss 0.2637 | val_loss 0.2508 | val_psnr 21.31 | val_lpips 0.0823 | val_lpips_full 0.0990 | edge 0.0217 | dark_noise 0.0098 | chroma 0.0756 | decomp 0.0629 | smooth_enh 0.0320 | lambda_mean 0.8030 | lambda_min 0.0044 | lambda_max 1.2923

Epoch 014/120 train start
Epoch 014/120 validation start
Epoch 014 | train_loss 0.2563 | val_loss 0.2655 | val_psnr 21.12 | val_lpips 0.0830 | val_lpips_full 0.1011 | edge 0.0217 | dark_noise 0.0097 | chroma 0.0743 | decomp 0.0781 | smooth_enh 0.0299 | lambda_mean 0.7815 | lambda_min 0.0031 | lambda_max 1.2833

Epoch 015/120 train start
Epoch 015/120 validation start
Epoch 015 | train_loss 0.2563 | val_loss 0.2520 | val_psnr 22.25 | val_lpips 0.0765 | val_lpips_full 0.0947 | edge 0.0214 | dark_noise 0.0094 | chroma 0.0726 | decomp 0.0782 | smooth_enh 0.0288 | lambda_mean 0.7681 | lambda_min 0.0038 | lambda_max 1.2864
Best model updated -> Epoch: 15, psnr: 22.2470, PSNR: 22.2470, LPIPS@loss: 0.0765, LPIPS full: 0.0947

Epoch 016/120 train start
Epoch 016/120 validation start
Epoch 016 | train_loss 0.2547 | val_loss 0.2393 | val_psnr 21.87 | val_lpips 0.0698 | val_lpips_full 0.0861 | edge 0.0209 | dark_noise 0.0093 | chroma 0.0623 | decomp 0.0697 | smooth_enh 0.0292 | lambda_mean 0.7870 | lambda_min 0.0032 | lambda_max 1.2892

Epoch 017/120 train start
Epoch 017/120 validation start
Epoch 017 | train_loss 0.2484 | val_loss 0.2337 | val_psnr 22.00 | val_lpips 0.0725 | val_lpips_full 0.0894 | edge 0.0209 | dark_noise 0.0094 | chroma 0.0654 | decomp 0.0663 | smooth_enh 0.0279 | lambda_mean 0.8066 | lambda_min 0.0044 | lambda_max 1.2868

Epoch 018/120 train start
Epoch 018/120 validation start
Epoch 018 | train_loss 0.2498 | val_loss 0.2349 | val_psnr 22.15 | val_lpips 0.0751 | val_lpips_full 0.0911 | edge 0.0208 | dark_noise 0.0096 | chroma 0.0680 | decomp 0.0670 | smooth_enh 0.0279 | lambda_mean 0.7816 | lambda_min 0.0024 | lambda_max 1.2813

Epoch 019/120 train start
Epoch 019/120 validation start
Epoch 019 | train_loss 0.2504 | val_loss 0.2293 | val_psnr 22.39 | val_lpips 0.0696 | val_lpips_full 0.0866 | edge 0.0209 | dark_noise 0.0094 | chroma 0.0651 | decomp 0.0658 | smooth_enh 0.0274 | lambda_mean 0.8032 | lambda_min 0.0047 | lambda_max 1.2870
Best model updated -> Epoch: 19, psnr: 22.3908, PSNR: 22.3908, LPIPS@loss: 0.0696, LPIPS full: 0.0866

Epoch 020/120 train start
Epoch 020/120 validation start
Epoch 020 | train_loss 0.2462 | val_loss 0.2259 | val_psnr 22.35 | val_lpips 0.0667 | val_lpips_full 0.0827 | edge 0.0206 | dark_noise 0.0092 | chroma 0.0647 | decomp 0.0618 | smooth_enh 0.0265 | lambda_mean 0.7940 | lambda_min 0.0029 | lambda_max 1.2848

Epoch 021/120 train start
Epoch 021/120 validation start
Epoch 021 | train_loss 0.2473 | val_loss 0.2228 | val_psnr 22.83 | val_lpips 0.0644 | val_lpips_full 0.0796 | edge 0.0207 | dark_noise 0.0092 | chroma 0.0590 | decomp 0.0649 | smooth_enh 0.0261 | lambda_mean 0.8030 | lambda_min 0.0040 | lambda_max 1.2782
Best model updated -> Epoch: 21, psnr: 22.8270, PSNR: 22.8270, LPIPS@loss: 0.0644, LPIPS full: 0.0796

Epoch 022/120 train start
Epoch 022/120 validation start
Epoch 022 | train_loss 0.2417 | val_loss 0.2327 | val_psnr 22.09 | val_lpips 0.0697 | val_lpips_full 0.0864 | edge 0.0205 | dark_noise 0.0094 | chroma 0.0696 | decomp 0.0634 | smooth_enh 0.0256 | lambda_mean 0.7893 | lambda_min 0.0043 | lambda_max 1.2845

Epoch 023/120 train start
Epoch 023/120 validation start
Epoch 023 | train_loss 0.2435 | val_loss 0.2294 | val_psnr 22.57 | val_lpips 0.0745 | val_lpips_full 0.0903 | edge 0.0207 | dark_noise 0.0094 | chroma 0.0715 | decomp 0.0694 | smooth_enh 0.0242 | lambda_mean 0.7761 | lambda_min 0.0025 | lambda_max 1.2678

Epoch 024/120 train start
Epoch 024/120 validation start
Epoch 024 | train_loss 0.2410 | val_loss 0.2362 | val_psnr 22.40 | val_lpips 0.0716 | val_lpips_full 0.0876 | edge 0.0205 | dark_noise 0.0092 | chroma 0.0684 | decomp 0.0734 | smooth_enh 0.0238 | lambda_mean 0.7621 | lambda_min 0.0030 | lambda_max 1.2692

Epoch 025/120 train start
Epoch 025/120 validation start
Epoch 025 | train_loss 0.2434 | val_loss 0.2381 | val_psnr 22.62 | val_lpips 0.0708 | val_lpips_full 0.0879 | edge 0.0211 | dark_noise 0.0095 | chroma 0.0636 | decomp 0.0790 | smooth_enh 0.0244 | lambda_mean 0.7909 | lambda_min 0.0038 | lambda_max 1.2782

Epoch 026/120 train start
Epoch 026/120 validation start
Epoch 026 | train_loss 0.2350 | val_loss 0.2325 | val_psnr 23.32 | val_lpips 0.0608 | val_lpips_full 0.0763 | edge 0.0209 | dark_noise 0.0095 | chroma 0.0552 | decomp 0.0813 | smooth_enh 0.0233 | lambda_mean 0.7710 | lambda_min 0.0033 | lambda_max 1.2725
Best model updated -> Epoch: 26, psnr: 23.3190, PSNR: 23.3190, LPIPS@loss: 0.0608, LPIPS full: 0.0763

Epoch 027/120 train start
Epoch 027/120 validation start
Epoch 027 | train_loss 0.2371 | val_loss 0.2210 | val_psnr 22.96 | val_lpips 0.0626 | val_lpips_full 0.0781 | edge 0.0201 | dark_noise 0.0092 | chroma 0.0581 | decomp 0.0692 | smooth_enh 0.0210 | lambda_mean 0.7694 | lambda_min 0.0041 | lambda_max 1.2720

Epoch 028/120 train start
Epoch 028/120 validation start
Epoch 028 | train_loss 0.2350 | val_loss 0.2270 | val_psnr 22.82 | val_lpips 0.0692 | val_lpips_full 0.0850 | edge 0.0203 | dark_noise 0.0094 | chroma 0.0660 | decomp 0.0714 | smooth_enh 0.0203 | lambda_mean 0.7809 | lambda_min 0.0032 | lambda_max 1.2660

Epoch 029/120 train start
Epoch 029/120 validation start
Epoch 029 | train_loss 0.2352 | val_loss 0.2148 | val_psnr 23.06 | val_lpips 0.0621 | val_lpips_full 0.0770 | edge 0.0202 | dark_noise 0.0091 | chroma 0.0579 | decomp 0.0632 | smooth_enh 0.0210 | lambda_mean 0.7738 | lambda_min 0.0027 | lambda_max 1.2691

Epoch 030/120 train start
Epoch 030/120 validation start
Epoch 030 | train_loss 0.2310 | val_loss 0.2119 | val_psnr 23.17 | val_lpips 0.0601 | val_lpips_full 0.0740 | edge 0.0198 | dark_noise 0.0092 | chroma 0.0573 | decomp 0.0631 | smooth_enh 0.0191 | lambda_mean 0.7885 | lambda_min 0.0039 | lambda_max 1.2677

Epoch 031/120 train start
Epoch 031/120 validation start
Epoch 031 | train_loss 0.2322 | val_loss 0.2280 | val_psnr 22.36 | val_lpips 0.0695 | val_lpips_full 0.0849 | edge 0.0207 | dark_noise 0.0092 | chroma 0.0682 | decomp 0.0666 | smooth_enh 0.0207 | lambda_mean 0.7775 | lambda_min 0.0019 | lambda_max 1.2718

Epoch 032/120 train start
Epoch 032/120 validation start
Epoch 032 | train_loss 0.2276 | val_loss 0.2162 | val_psnr 23.11 | val_lpips 0.0600 | val_lpips_full 0.0742 | edge 0.0206 | dark_noise 0.0093 | chroma 0.0594 | decomp 0.0645 | smooth_enh 0.0199 | lambda_mean 0.7844 | lambda_min 0.0036 | lambda_max 1.2611

Epoch 033/120 train start
Epoch 033/120 validation start
Epoch 033 | train_loss 0.2304 | val_loss 0.2143 | val_psnr 23.02 | val_lpips 0.0631 | val_lpips_full 0.0789 | edge 0.0195 | dark_noise 0.0091 | chroma 0.0660 | decomp 0.0620 | smooth_enh 0.0189 | lambda_mean 0.7875 | lambda_min 0.0037 | lambda_max 1.2642

Epoch 034/120 train start
Epoch 034/120 validation start
Epoch 034 | train_loss 0.2311 | val_loss 0.2254 | val_psnr 23.10 | val_lpips 0.0659 | val_lpips_full 0.0828 | edge 0.0201 | dark_noise 0.0091 | chroma 0.0672 | decomp 0.0721 | smooth_enh 0.0197 | lambda_mean 0.7778 | lambda_min 0.0041 | lambda_max 1.2690

Epoch 035/120 train start
Epoch 035/120 validation start
Epoch 035 | train_loss 0.2253 | val_loss 0.2085 | val_psnr 23.31 | val_lpips 0.0585 | val_lpips_full 0.0733 | edge 0.0195 | dark_noise 0.0090 | chroma 0.0580 | decomp 0.0599 | smooth_enh 0.0188 | lambda_mean 0.7872 | lambda_min 0.0052 | lambda_max 1.2570

Epoch 036/120 train start
Epoch 036/120 validation start
Epoch 036 | train_loss 0.2262 | val_loss 0.2141 | val_psnr 22.68 | val_lpips 0.0654 | val_lpips_full 0.0781 | edge 0.0202 | dark_noise 0.0092 | chroma 0.0574 | decomp 0.0586 | smooth_enh 0.0184 | lambda_mean 0.8018 | lambda_min 0.0030 | lambda_max 1.2501

Epoch 037/120 train start
Epoch 037/120 validation start
Epoch 037 | train_loss 0.2288 | val_loss 0.2125 | val_psnr 23.79 | val_lpips 0.0563 | val_lpips_full 0.0713 | edge 0.0194 | dark_noise 0.0091 | chroma 0.0549 | decomp 0.0728 | smooth_enh 0.0183 | lambda_mean 0.7682 | lambda_min 0.0028 | lambda_max 1.2484
Best model updated -> Epoch: 37, psnr: 23.7895, PSNR: 23.7895, LPIPS@loss: 0.0563, LPIPS full: 0.0713

Epoch 038/120 train start
Epoch 038/120 validation start
Epoch 038 | train_loss 0.2239 | val_loss 0.2395 | val_psnr 21.59 | val_lpips 0.0829 | val_lpips_full 0.0971 | edge 0.0212 | dark_noise 0.0093 | chroma 0.0727 | decomp 0.0527 | smooth_enh 0.0185 | lambda_mean 0.7916 | lambda_min 0.0050 | lambda_max 1.2581

Epoch 039/120 train start
Epoch 039/120 validation start
Epoch 039 | train_loss 0.2212 | val_loss 0.2112 | val_psnr 23.88 | val_lpips 0.0528 | val_lpips_full 0.0674 | edge 0.0194 | dark_noise 0.0090 | chroma 0.0561 | decomp 0.0710 | smooth_enh 0.0183 | lambda_mean 0.7861 | lambda_min 0.0045 | lambda_max 1.2490
Best model updated -> Epoch: 39, psnr: 23.8794, PSNR: 23.8794, LPIPS@loss: 0.0528, LPIPS full: 0.0674

Epoch 040/120 train start
Epoch 040/120 validation start
Epoch 040 | train_loss 0.2213 | val_loss 0.2034 | val_psnr 24.05 | val_lpips 0.0520 | val_lpips_full 0.0674 | edge 0.0194 | dark_noise 0.0090 | chroma 0.0526 | decomp 0.0671 | smooth_enh 0.0189 | lambda_mean 0.7817 | lambda_min 0.0046 | lambda_max 1.2595
Best model updated -> Epoch: 40, psnr: 24.0514, PSNR: 24.0514, LPIPS@loss: 0.0520, LPIPS full: 0.0674

Epoch 041/120 train start
Epoch 041/120 validation start
Epoch 041 | train_loss 0.2191 | val_loss 0.2096 | val_psnr 23.71 | val_lpips 0.0536 | val_lpips_full 0.0676 | edge 0.0193 | dark_noise 0.0090 | chroma 0.0562 | decomp 0.0664 | smooth_enh 0.0181 | lambda_mean 0.7867 | lambda_min 0.0093 | lambda_max 1.2474

Epoch 042/120 train start
Epoch 042/120 validation start
Epoch 042 | train_loss 0.2202 | val_loss 0.2151 | val_psnr 22.73 | val_lpips 0.0593 | val_lpips_full 0.0744 | edge 0.0198 | dark_noise 0.0092 | chroma 0.0598 | decomp 0.0601 | smooth_enh 0.0186 | lambda_mean 0.8098 | lambda_min 0.0093 | lambda_max 1.2510

Epoch 043/120 train start
Epoch 043/120 validation start
Epoch 043 | train_loss 0.2222 | val_loss 0.2121 | val_psnr 23.45 | val_lpips 0.0557 | val_lpips_full 0.0715 | edge 0.0195 | dark_noise 0.0091 | chroma 0.0539 | decomp 0.0699 | smooth_enh 0.0188 | lambda_mean 0.7845 | lambda_min 0.0047 | lambda_max 1.2555

Epoch 044/120 train start
Epoch 044/120 validation start
Epoch 044 | train_loss 0.2188 | val_loss 0.2169 | val_psnr 23.89 | val_lpips 0.0574 | val_lpips_full 0.0733 | edge 0.0195 | dark_noise 0.0092 | chroma 0.0578 | decomp 0.0779 | smooth_enh 0.0181 | lambda_mean 0.7668 | lambda_min 0.0036 | lambda_max 1.2368

Epoch 045/120 train start
Epoch 045/120 validation start
Epoch 045 | train_loss 0.2157 | val_loss 0.2052 | val_psnr 24.04 | val_lpips 0.0535 | val_lpips_full 0.0678 | edge 0.0195 | dark_noise 0.0090 | chroma 0.0522 | decomp 0.0656 | smooth_enh 0.0177 | lambda_mean 0.7735 | lambda_min 0.0063 | lambda_max 1.2547

Epoch 046/120 train start
Epoch 046/120 validation start
Epoch 046 | train_loss 0.2189 | val_loss 0.2073 | val_psnr 23.50 | val_lpips 0.0582 | val_lpips_full 0.0736 | edge 0.0190 | dark_noise 0.0089 | chroma 0.0617 | decomp 0.0659 | smooth_enh 0.0178 | lambda_mean 0.7812 | lambda_min 0.0050 | lambda_max 1.2451

Epoch 047/120 train start
Epoch 047/120 validation start
Epoch 047 | train_loss 0.2136 | val_loss 0.2164 | val_psnr 22.76 | val_lpips 0.0619 | val_lpips_full 0.0765 | edge 0.0200 | dark_noise 0.0093 | chroma 0.0640 | decomp 0.0613 | smooth_enh 0.0178 | lambda_mean 0.7856 | lambda_min 0.0089 | lambda_max 1.2481

Epoch 048/120 train start
Epoch 048/120 validation start
Epoch 048 | train_loss 0.2124 | val_loss 0.1996 | val_psnr 23.90 | val_lpips 0.0491 | val_lpips_full 0.0632 | edge 0.0194 | dark_noise 0.0089 | chroma 0.0509 | decomp 0.0613 | smooth_enh 0.0192 | lambda_mean 0.7978 | lambda_min 0.0076 | lambda_max 1.2594

Epoch 049/120 train start
Epoch 049/120 validation start
Epoch 049 | train_loss 0.2090 | val_loss 0.2110 | val_psnr 23.89 | val_lpips 0.0554 | val_lpips_full 0.0700 | edge 0.0197 | dark_noise 0.0090 | chroma 0.0527 | decomp 0.0706 | smooth_enh 0.0187 | lambda_mean 0.7805 | lambda_min 0.0061 | lambda_max 1.2410

Epoch 050/120 train start
Epoch 050/120 validation start
Epoch 050 | train_loss 0.2123 | val_loss 0.2090 | val_psnr 23.66 | val_lpips 0.0526 | val_lpips_full 0.0668 | edge 0.0193 | dark_noise 0.0090 | chroma 0.0548 | decomp 0.0678 | smooth_enh 0.0174 | lambda_mean 0.7904 | lambda_min 0.0064 | lambda_max 1.2464

Epoch 051/120 train start
Epoch 051/120 validation start
Epoch 051 | train_loss 0.2097 | val_loss 0.2058 | val_psnr 23.14 | val_lpips 0.0556 | val_lpips_full 0.0696 | edge 0.0193 | dark_noise 0.0088 | chroma 0.0536 | decomp 0.0601 | smooth_enh 0.0170 | lambda_mean 0.7850 | lambda_min 0.0069 | lambda_max 1.2310

Epoch 052/120 train start
Epoch 052/120 validation start
Epoch 052 | train_loss 0.2118 | val_loss 0.2062 | val_psnr 23.89 | val_lpips 0.0513 | val_lpips_full 0.0660 | edge 0.0192 | dark_noise 0.0090 | chroma 0.0496 | decomp 0.0687 | smooth_enh 0.0179 | lambda_mean 0.7883 | lambda_min 0.0084 | lambda_max 1.2410

Epoch 053/120 train start
Epoch 053/120 validation start
Epoch 053 | train_loss 0.2071 | val_loss 0.1960 | val_psnr 23.49 | val_lpips 0.0503 | val_lpips_full 0.0641 | edge 0.0193 | dark_noise 0.0089 | chroma 0.0513 | decomp 0.0549 | smooth_enh 0.0177 | lambda_mean 0.8090 | lambda_min 0.0076 | lambda_max 1.2489

Epoch 054/120 train start
Epoch 054/120 validation start
Epoch 054 | train_loss 0.2080 | val_loss 0.1990 | val_psnr 24.20 | val_lpips 0.0513 | val_lpips_full 0.0660 | edge 0.0193 | dark_noise 0.0090 | chroma 0.0524 | decomp 0.0664 | smooth_enh 0.0176 | lambda_mean 0.7915 | lambda_min 0.0079 | lambda_max 1.2404
Best model updated -> Epoch: 54, psnr: 24.1971, PSNR: 24.1971, LPIPS@loss: 0.0513, LPIPS full: 0.0660

Epoch 055/120 train start
Epoch 055/120 validation start
Epoch 055 | train_loss 0.2060 | val_loss 0.2046 | val_psnr 24.21 | val_lpips 0.0522 | val_lpips_full 0.0666 | edge 0.0192 | dark_noise 0.0090 | chroma 0.0511 | decomp 0.0702 | smooth_enh 0.0175 | lambda_mean 0.7944 | lambda_min 0.0137 | lambda_max 1.2304
Best model updated -> Epoch: 55, psnr: 24.2086, PSNR: 24.2086, LPIPS@loss: 0.0522, LPIPS full: 0.0666

Epoch 056/120 train start
Epoch 056/120 validation start
Epoch 056 | train_loss 0.2055 | val_loss 0.1954 | val_psnr 23.89 | val_lpips 0.0485 | val_lpips_full 0.0617 | edge 0.0193 | dark_noise 0.0088 | chroma 0.0493 | decomp 0.0584 | smooth_enh 0.0176 | lambda_mean 0.8100 | lambda_min 0.0132 | lambda_max 1.2357

Epoch 057/120 train start
Epoch 057/120 validation start
Epoch 057 | train_loss 0.2060 | val_loss 0.2206 | val_psnr 21.86 | val_lpips 0.0653 | val_lpips_full 0.0796 | edge 0.0204 | dark_noise 0.0091 | chroma 0.0594 | decomp 0.0508 | smooth_enh 0.0172 | lambda_mean 0.7856 | lambda_min 0.0101 | lambda_max 1.2382

Epoch 058/120 train start
Epoch 058/120 validation start
Epoch 058 | train_loss 0.2068 | val_loss 0.1956 | val_psnr 23.95 | val_lpips 0.0484 | val_lpips_full 0.0620 | edge 0.0191 | dark_noise 0.0088 | chroma 0.0486 | decomp 0.0607 | smooth_enh 0.0175 | lambda_mean 0.8069 | lambda_min 0.0109 | lambda_max 1.2383

Epoch 059/120 train start
Epoch 059/120 validation start
Epoch 059 | train_loss 0.2029 | val_loss 0.2127 | val_psnr 23.89 | val_lpips 0.0516 | val_lpips_full 0.0664 | edge 0.0193 | dark_noise 0.0089 | chroma 0.0564 | decomp 0.0755 | smooth_enh 0.0175 | lambda_mean 0.7950 | lambda_min 0.0064 | lambda_max 1.2286

Epoch 060/120 train start
Epoch 060/120 validation start
Epoch 060 | train_loss 0.2025 | val_loss 0.1939 | val_psnr 24.13 | val_lpips 0.0493 | val_lpips_full 0.0634 | edge 0.0189 | dark_noise 0.0088 | chroma 0.0484 | decomp 0.0604 | smooth_enh 0.0172 | lambda_mean 0.7988 | lambda_min 0.0088 | lambda_max 1.2314

Epoch 061/120 train start
Epoch 061/120 validation start
Epoch 061 | train_loss 0.2031 | val_loss 0.1992 | val_psnr 24.03 | val_lpips 0.0499 | val_lpips_full 0.0640 | edge 0.0195 | dark_noise 0.0089 | chroma 0.0498 | decomp 0.0640 | smooth_enh 0.0182 | lambda_mean 0.8186 | lambda_min 0.0140 | lambda_max 1.2452

Epoch 062/120 train start
Epoch 062/120 validation start
Epoch 062 | train_loss 0.2044 | val_loss 0.2012 | val_psnr 23.55 | val_lpips 0.0493 | val_lpips_full 0.0633 | edge 0.0194 | dark_noise 0.0089 | chroma 0.0491 | decomp 0.0609 | smooth_enh 0.0169 | lambda_mean 0.7936 | lambda_min 0.0107 | lambda_max 1.2136

Epoch 063/120 train start
Epoch 063/120 validation start
Epoch 063 | train_loss 0.2020 | val_loss 0.1985 | val_psnr 23.76 | val_lpips 0.0471 | val_lpips_full 0.0607 | edge 0.0192 | dark_noise 0.0088 | chroma 0.0465 | decomp 0.0597 | smooth_enh 0.0171 | lambda_mean 0.7972 | lambda_min 0.0102 | lambda_max 1.2274

Epoch 064/120 train start
Epoch 064/120 validation start
Epoch 064 | train_loss 0.2018 | val_loss 0.1941 | val_psnr 24.46 | val_lpips 0.0476 | val_lpips_full 0.0618 | edge 0.0195 | dark_noise 0.0089 | chroma 0.0492 | decomp 0.0641 | smooth_enh 0.0185 | lambda_mean 0.7967 | lambda_min 0.0108 | lambda_max 1.2369
Best model updated -> Epoch: 64, psnr: 24.4607, PSNR: 24.4607, LPIPS@loss: 0.0476, LPIPS full: 0.0618

Epoch 065/120 train start
Epoch 065/120 validation start
Epoch 065 | train_loss 0.1990 | val_loss 0.1953 | val_psnr 24.15 | val_lpips 0.0471 | val_lpips_full 0.0609 | edge 0.0194 | dark_noise 0.0088 | chroma 0.0482 | decomp 0.0633 | smooth_enh 0.0172 | lambda_mean 0.7985 | lambda_min 0.0096 | lambda_max 1.2294

Epoch 066/120 train start
Epoch 066/120 validation start
Epoch 066 | train_loss 0.1996 | val_loss 0.1936 | val_psnr 24.28 | val_lpips 0.0471 | val_lpips_full 0.0612 | edge 0.0191 | dark_noise 0.0088 | chroma 0.0487 | decomp 0.0618 | smooth_enh 0.0177 | lambda_mean 0.8051 | lambda_min 0.0100 | lambda_max 1.2347

Epoch 067/120 train start
Epoch 067/120 validation start
Epoch 067 | train_loss 0.1978 | val_loss 0.1921 | val_psnr 24.50 | val_lpips 0.0459 | val_lpips_full 0.0600 | edge 0.0191 | dark_noise 0.0089 | chroma 0.0500 | decomp 0.0618 | smooth_enh 0.0173 | lambda_mean 0.8033 | lambda_min 0.0119 | lambda_max 1.2233
Best model updated -> Epoch: 67, psnr: 24.4979, PSNR: 24.4979, LPIPS@loss: 0.0459, LPIPS full: 0.0600

Epoch 068/120 train start
Epoch 068/120 validation start
Epoch 068 | train_loss 0.1950 | val_loss 0.1972 | val_psnr 24.02 | val_lpips 0.0563 | val_lpips_full 0.0704 | edge 0.0195 | dark_noise 0.0090 | chroma 0.0570 | decomp 0.0602 | smooth_enh 0.0168 | lambda_mean 0.8029 | lambda_min 0.0108 | lambda_max 1.2233

Epoch 069/120 train start
Epoch 069/120 validation start
Epoch 069 | train_loss 0.1964 | val_loss 0.1955 | val_psnr 24.58 | val_lpips 0.0463 | val_lpips_full 0.0612 | edge 0.0193 | dark_noise 0.0089 | chroma 0.0498 | decomp 0.0681 | smooth_enh 0.0181 | lambda_mean 0.8035 | lambda_min 0.0090 | lambda_max 1.2369
Best model updated -> Epoch: 69, psnr: 24.5793, PSNR: 24.5793, LPIPS@loss: 0.0463, LPIPS full: 0.0612

Epoch 070/120 train start
Epoch 070/120 validation start
Epoch 070 | train_loss 0.1971 | val_loss 0.1923 | val_psnr 23.92 | val_lpips 0.0460 | val_lpips_full 0.0595 | edge 0.0192 | dark_noise 0.0088 | chroma 0.0461 | decomp 0.0573 | smooth_enh 0.0174 | lambda_mean 0.8056 | lambda_min 0.0123 | lambda_max 1.2329

Epoch 071/120 train start
Epoch 071/120 validation start
Epoch 071 | train_loss 0.1946 | val_loss 0.1980 | val_psnr 24.89 | val_lpips 0.0480 | val_lpips_full 0.0626 | edge 0.0191 | dark_noise 0.0089 | chroma 0.0483 | decomp 0.0712 | smooth_enh 0.0180 | lambda_mean 0.7946 | lambda_min 0.0127 | lambda_max 1.2224
Best model updated -> Epoch: 71, psnr: 24.8915, PSNR: 24.8915, LPIPS@loss: 0.0480, LPIPS full: 0.0626

Epoch 072/120 train start
Epoch 072/120 validation start
Epoch 072 | train_loss 0.1946 | val_loss 0.1894 | val_psnr 24.68 | val_lpips 0.0432 | val_lpips_full 0.0570 | edge 0.0189 | dark_noise 0.0088 | chroma 0.0445 | decomp 0.0629 | smooth_enh 0.0172 | lambda_mean 0.8003 | lambda_min 0.0115 | lambda_max 1.2296

Epoch 073/120 train start
Epoch 073/120 validation start
Epoch 073 | train_loss 0.1933 | val_loss 0.1935 | val_psnr 23.85 | val_lpips 0.0471 | val_lpips_full 0.0605 | edge 0.0191 | dark_noise 0.0088 | chroma 0.0477 | decomp 0.0575 | smooth_enh 0.0172 | lambda_mean 0.8060 | lambda_min 0.0132 | lambda_max 1.2275

Epoch 074/120 train start
Epoch 074/120 validation start
Epoch 074 | train_loss 0.1913 | val_loss 0.1946 | val_psnr 23.86 | val_lpips 0.0499 | val_lpips_full 0.0636 | edge 0.0195 | dark_noise 0.0089 | chroma 0.0489 | decomp 0.0597 | smooth_enh 0.0178 | lambda_mean 0.8123 | lambda_min 0.0120 | lambda_max 1.2317

Epoch 075/120 train start
Epoch 075/120 validation start
Epoch 075 | train_loss 0.1949 | val_loss 0.1856 | val_psnr 24.12 | val_lpips 0.0474 | val_lpips_full 0.0612 | edge 0.0192 | dark_noise 0.0088 | chroma 0.0476 | decomp 0.0557 | smooth_enh 0.0177 | lambda_mean 0.8122 | lambda_min 0.0116 | lambda_max 1.2377

Epoch 076/120 train start
Epoch 076/120 validation start
Epoch 076 | train_loss 0.1926 | val_loss 0.2001 | val_psnr 23.70 | val_lpips 0.0534 | val_lpips_full 0.0675 | edge 0.0194 | dark_noise 0.0088 | chroma 0.0506 | decomp 0.0622 | smooth_enh 0.0173 | lambda_mean 0.7998 | lambda_min 0.0103 | lambda_max 1.2224

Epoch 077/120 train start
Epoch 077/120 validation start
Epoch 077 | train_loss 0.1918 | val_loss 0.1968 | val_psnr 23.80 | val_lpips 0.0527 | val_lpips_full 0.0658 | edge 0.0196 | dark_noise 0.0090 | chroma 0.0520 | decomp 0.0554 | smooth_enh 0.0172 | lambda_mean 0.8110 | lambda_min 0.0110 | lambda_max 1.2243

Epoch 078/120 train start
Epoch 078/120 validation start
Epoch 078 | train_loss 0.1906 | val_loss 0.1868 | val_psnr 24.84 | val_lpips 0.0432 | val_lpips_full 0.0568 | edge 0.0190 | dark_noise 0.0088 | chroma 0.0447 | decomp 0.0634 | smooth_enh 0.0175 | lambda_mean 0.8088 | lambda_min 0.0140 | lambda_max 1.2234

Epoch 079/120 train start
Epoch 079/120 validation start
Epoch 079 | train_loss 0.1898 | val_loss 0.1868 | val_psnr 24.41 | val_lpips 0.0447 | val_lpips_full 0.0581 | edge 0.0189 | dark_noise 0.0087 | chroma 0.0462 | decomp 0.0581 | smooth_enh 0.0170 | lambda_mean 0.8065 | lambda_min 0.0138 | lambda_max 1.2200

Epoch 080/120 train start
Epoch 080/120 validation start
Epoch 080 | train_loss 0.1875 | val_loss 0.1926 | val_psnr 23.55 | val_lpips 0.0472 | val_lpips_full 0.0606 | edge 0.0192 | dark_noise 0.0087 | chroma 0.0465 | decomp 0.0543 | smooth_enh 0.0174 | lambda_mean 0.8101 | lambda_min 0.0127 | lambda_max 1.2354

Epoch 081/120 train start
Epoch 081/120 validation start
Epoch 081 | train_loss 0.1877 | val_loss 0.1900 | val_psnr 24.92 | val_lpips 0.0440 | val_lpips_full 0.0579 | edge 0.0190 | dark_noise 0.0088 | chroma 0.0459 | decomp 0.0654 | smooth_enh 0.0168 | lambda_mean 0.7981 | lambda_min 0.0138 | lambda_max 1.2126
Best model updated -> Epoch: 81, psnr: 24.9208, PSNR: 24.9208, LPIPS@loss: 0.0440, LPIPS full: 0.0579

Epoch 082/120 train start
Epoch 082/120 validation start
Epoch 082 | train_loss 0.1875 | val_loss 0.1834 | val_psnr 24.67 | val_lpips 0.0431 | val_lpips_full 0.0566 | edge 0.0190 | dark_noise 0.0088 | chroma 0.0433 | decomp 0.0579 | smooth_enh 0.0176 | lambda_mean 0.8175 | lambda_min 0.0146 | lambda_max 1.2279

Epoch 083/120 train start
Epoch 083/120 validation start
Epoch 083 | train_loss 0.1860 | val_loss 0.1839 | val_psnr 24.36 | val_lpips 0.0430 | val_lpips_full 0.0563 | edge 0.0187 | dark_noise 0.0087 | chroma 0.0449 | decomp 0.0572 | smooth_enh 0.0174 | lambda_mean 0.8105 | lambda_min 0.0119 | lambda_max 1.2275

Epoch 084/120 train start
Epoch 084/120 validation start
Epoch 084 | train_loss 0.1865 | val_loss 0.1818 | val_psnr 24.76 | val_lpips 0.0424 | val_lpips_full 0.0560 | edge 0.0189 | dark_noise 0.0088 | chroma 0.0438 | decomp 0.0596 | smooth_enh 0.0172 | lambda_mean 0.8079 | lambda_min 0.0116 | lambda_max 1.2231

Epoch 085/120 train start
Epoch 085/120 validation start
Epoch 085 | train_loss 0.1873 | val_loss 0.1837 | val_psnr 24.91 | val_lpips 0.0426 | val_lpips_full 0.0565 | edge 0.0189 | dark_noise 0.0087 | chroma 0.0440 | decomp 0.0620 | smooth_enh 0.0173 | lambda_mean 0.8092 | lambda_min 0.0139 | lambda_max 1.2229

Epoch 086/120 train start
Epoch 086/120 validation start
Epoch 086 | train_loss 0.1841 | val_loss 0.1839 | val_psnr 24.68 | val_lpips 0.0438 | val_lpips_full 0.0575 | edge 0.0191 | dark_noise 0.0087 | chroma 0.0442 | decomp 0.0603 | smooth_enh 0.0177 | lambda_mean 0.8053 | lambda_min 0.0118 | lambda_max 1.2261

Epoch 087/120 train start
Epoch 087/120 validation start
Epoch 087 | train_loss 0.1843 | val_loss 0.1876 | val_psnr 25.05 | val_lpips 0.0417 | val_lpips_full 0.0558 | edge 0.0189 | dark_noise 0.0088 | chroma 0.0435 | decomp 0.0660 | smooth_enh 0.0170 | lambda_mean 0.7984 | lambda_min 0.0147 | lambda_max 1.2128
Best model updated -> Epoch: 87, psnr: 25.0517, PSNR: 25.0517, LPIPS@loss: 0.0417, LPIPS full: 0.0558

Epoch 088/120 train start
Epoch 088/120 validation start
Epoch 088 | train_loss 0.1842 | val_loss 0.1856 | val_psnr 24.10 | val_lpips 0.0445 | val_lpips_full 0.0576 | edge 0.0192 | dark_noise 0.0087 | chroma 0.0439 | decomp 0.0550 | smooth_enh 0.0172 | lambda_mean 0.8131 | lambda_min 0.0146 | lambda_max 1.2271

Epoch 089/120 train start
Epoch 089/120 validation start
Epoch 089 | train_loss 0.1832 | val_loss 0.1856 | val_psnr 25.06 | val_lpips 0.0429 | val_lpips_full 0.0566 | edge 0.0190 | dark_noise 0.0088 | chroma 0.0437 | decomp 0.0646 | smooth_enh 0.0171 | lambda_mean 0.8078 | lambda_min 0.0131 | lambda_max 1.2224
Best model updated -> Epoch: 89, psnr: 25.0646, PSNR: 25.0646, LPIPS@loss: 0.0429, LPIPS full: 0.0566

Epoch 090/120 train start
Epoch 090/120 validation start
Epoch 090 | train_loss 0.1840 | val_loss 0.1837 | val_psnr 24.79 | val_lpips 0.0419 | val_lpips_full 0.0557 | edge 0.0190 | dark_noise 0.0088 | chroma 0.0432 | decomp 0.0607 | smooth_enh 0.0172 | lambda_mean 0.8105 | lambda_min 0.0122 | lambda_max 1.2208

Epoch 091/120 train start
Epoch 091/120 validation start
Epoch 091 | train_loss 0.1837 | val_loss 0.1861 | val_psnr 24.72 | val_lpips 0.0431 | val_lpips_full 0.0567 | edge 0.0191 | dark_noise 0.0088 | chroma 0.0436 | decomp 0.0616 | smooth_enh 0.0167 | lambda_mean 0.7998 | lambda_min 0.0142 | lambda_max 1.2119

Epoch 092/120 train start
Epoch 092/120 validation start
Epoch 092 | train_loss 0.1829 | val_loss 0.1860 | val_psnr 24.37 | val_lpips 0.0430 | val_lpips_full 0.0563 | edge 0.0189 | dark_noise 0.0087 | chroma 0.0440 | decomp 0.0580 | smooth_enh 0.0172 | lambda_mean 0.8116 | lambda_min 0.0139 | lambda_max 1.2244

Epoch 093/120 train start
Epoch 093/120 validation start
Epoch 093 | train_loss 0.1831 | val_loss 0.1907 | val_psnr 24.84 | val_lpips 0.0447 | val_lpips_full 0.0590 | edge 0.0192 | dark_noise 0.0089 | chroma 0.0460 | decomp 0.0654 | smooth_enh 0.0169 | lambda_mean 0.7998 | lambda_min 0.0136 | lambda_max 1.2096

Epoch 094/120 train start
Epoch 094/120 validation start
Epoch 094 | train_loss 0.1809 | val_loss 0.1863 | val_psnr 24.27 | val_lpips 0.0428 | val_lpips_full 0.0561 | edge 0.0189 | dark_noise 0.0087 | chroma 0.0446 | decomp 0.0573 | smooth_enh 0.0168 | lambda_mean 0.8063 | lambda_min 0.0127 | lambda_max 1.2205

Epoch 095/120 train start
Epoch 095/120 validation start
Epoch 095 | train_loss 0.1811 | val_loss 0.1885 | val_psnr 23.87 | val_lpips 0.0443 | val_lpips_full 0.0575 | edge 0.0189 | dark_noise 0.0087 | chroma 0.0446 | decomp 0.0549 | smooth_enh 0.0166 | lambda_mean 0.8083 | lambda_min 0.0137 | lambda_max 1.2192

Epoch 096/120 train start
Epoch 096/120 validation start
Epoch 096 | train_loss 0.1818 | val_loss 0.1859 | val_psnr 24.64 | val_lpips 0.0432 | val_lpips_full 0.0568 | edge 0.0190 | dark_noise 0.0088 | chroma 0.0433 | decomp 0.0610 | smooth_enh 0.0169 | lambda_mean 0.8070 | lambda_min 0.0139 | lambda_max 1.2184

Epoch 097/120 train start
Epoch 097/120 validation start
Epoch 097 | train_loss 0.1798 | val_loss 0.1833 | val_psnr 24.22 | val_lpips 0.0424 | val_lpips_full 0.0557 | edge 0.0188 | dark_noise 0.0087 | chroma 0.0426 | decomp 0.0548 | smooth_enh 0.0167 | lambda_mean 0.8093 | lambda_min 0.0129 | lambda_max 1.2216

Epoch 098/120 train start
Epoch 098/120 validation start
Epoch 098 | train_loss 0.1808 | val_loss 0.1860 | val_psnr 24.16 | val_lpips 0.0437 | val_lpips_full 0.0570 | edge 0.0190 | dark_noise 0.0087 | chroma 0.0430 | decomp 0.0553 | smooth_enh 0.0167 | lambda_mean 0.8089 | lambda_min 0.0125 | lambda_max 1.2201

Epoch 099/120 train start
Epoch 099/120 validation start
Epoch 099 | train_loss 0.1790 | val_loss 0.1833 | val_psnr 25.17 | val_lpips 0.0423 | val_lpips_full 0.0559 | edge 0.0189 | dark_noise 0.0088 | chroma 0.0439 | decomp 0.0631 | smooth_enh 0.0168 | lambda_mean 0.8062 | lambda_min 0.0139 | lambda_max 1.2130
Best model updated -> Epoch: 99, psnr: 25.1743, PSNR: 25.1743, LPIPS@loss: 0.0423, LPIPS full: 0.0559

Epoch 100/120 train start
Epoch 100/120 validation start
Epoch 100 | train_loss 0.1792 | val_loss 0.1832 | val_psnr 24.11 | val_lpips 0.0437 | val_lpips_full 0.0562 | edge 0.0191 | dark_noise 0.0087 | chroma 0.0434 | decomp 0.0538 | smooth_enh 0.0166 | lambda_mean 0.8119 | lambda_min 0.0143 | lambda_max 1.2178

Epoch 101/120 train start
Epoch 101/120 validation start
Epoch 101 | train_loss 0.1789 | val_loss 0.1815 | val_psnr 24.57 | val_lpips 0.0427 | val_lpips_full 0.0562 | edge 0.0190 | dark_noise 0.0087 | chroma 0.0425 | decomp 0.0564 | smooth_enh 0.0170 | lambda_mean 0.8160 | lambda_min 0.0146 | lambda_max 1.2214

Epoch 102/120 train start
Epoch 102/120 validation start
Epoch 102 | train_loss 0.1792 | val_loss 0.1804 | val_psnr 24.72 | val_lpips 0.0419 | val_lpips_full 0.0553 | edge 0.0189 | dark_noise 0.0087 | chroma 0.0437 | decomp 0.0577 | smooth_enh 0.0171 | lambda_mean 0.8129 | lambda_min 0.0134 | lambda_max 1.2183

Epoch 103/120 train start
Epoch 103/120 validation start
Epoch 103 | train_loss 0.1790 | val_loss 0.1846 | val_psnr 24.49 | val_lpips 0.0426 | val_lpips_full 0.0558 | edge 0.0191 | dark_noise 0.0087 | chroma 0.0421 | decomp 0.0583 | smooth_enh 0.0169 | lambda_mean 0.8068 | lambda_min 0.0129 | lambda_max 1.2134

Epoch 104/120 train start
Epoch 104/120 validation start
Epoch 104 | train_loss 0.1790 | val_loss 0.1846 | val_psnr 23.93 | val_lpips 0.0436 | val_lpips_full 0.0562 | edge 0.0190 | dark_noise 0.0087 | chroma 0.0422 | decomp 0.0533 | smooth_enh 0.0168 | lambda_mean 0.8138 | lambda_min 0.0147 | lambda_max 1.2175

Epoch 105/120 train start
Epoch 105/120 validation start
Epoch 105 | train_loss 0.1788 | val_loss 0.1826 | val_psnr 24.60 | val_lpips 0.0430 | val_lpips_full 0.0559 | edge 0.0188 | dark_noise 0.0087 | chroma 0.0434 | decomp 0.0579 | smooth_enh 0.0167 | lambda_mean 0.8089 | lambda_min 0.0140 | lambda_max 1.2102

Epoch 106/120 train start
Epoch 106/120 validation start
Epoch 106 | train_loss 0.1770 | val_loss 0.1837 | val_psnr 24.03 | val_lpips 0.0434 | val_lpips_full 0.0562 | edge 0.0190 | dark_noise 0.0087 | chroma 0.0436 | decomp 0.0528 | smooth_enh 0.0168 | lambda_mean 0.8148 | lambda_min 0.0141 | lambda_max 1.2171

Epoch 107/120 train start
Epoch 107/120 validation start
Epoch 107 | train_loss 0.1777 | val_loss 0.1826 | val_psnr 24.20 | val_lpips 0.0429 | val_lpips_full 0.0557 | edge 0.0189 | dark_noise 0.0086 | chroma 0.0422 | decomp 0.0545 | smooth_enh 0.0167 | lambda_mean 0.8112 | lambda_min 0.0132 | lambda_max 1.2181

Epoch 108/120 train start
Epoch 108/120 validation start
Epoch 108 | train_loss 0.1774 | val_loss 0.1824 | val_psnr 24.44 | val_lpips 0.0424 | val_lpips_full 0.0554 | edge 0.0189 | dark_noise 0.0087 | chroma 0.0424 | decomp 0.0561 | smooth_enh 0.0167 | lambda_mean 0.8095 | lambda_min 0.0139 | lambda_max 1.2141

Epoch 109/120 train start
Epoch 109/120 validation start
Epoch 109 | train_loss 0.1769 | val_loss 0.1847 | val_psnr 23.97 | val_lpips 0.0436 | val_lpips_full 0.0565 | edge 0.0192 | dark_noise 0.0087 | chroma 0.0419 | decomp 0.0529 | smooth_enh 0.0168 | lambda_mean 0.8131 | lambda_min 0.0130 | lambda_max 1.2210

Epoch 110/120 train start
Epoch 110/120 validation start
Epoch 110 | train_loss 0.1752 | val_loss 0.1833 | val_psnr 24.44 | val_lpips 0.0431 | val_lpips_full 0.0562 | edge 0.0192 | dark_noise 0.0087 | chroma 0.0434 | decomp 0.0561 | smooth_enh 0.0169 | lambda_mean 0.8121 | lambda_min 0.0135 | lambda_max 1.2169

Epoch 111/120 train start
Epoch 111/120 validation start
Epoch 111 | train_loss 0.1758 | val_loss 0.1822 | val_psnr 24.65 | val_lpips 0.0415 | val_lpips_full 0.0548 | edge 0.0189 | dark_noise 0.0087 | chroma 0.0417 | decomp 0.0581 | smooth_enh 0.0168 | lambda_mean 0.8080 | lambda_min 0.0144 | lambda_max 1.2141

Epoch 112/120 train start
Epoch 112/120 validation start
Epoch 112 | train_loss 0.1761 | val_loss 0.1827 | val_psnr 24.56 | val_lpips 0.0422 | val_lpips_full 0.0554 | edge 0.0190 | dark_noise 0.0087 | chroma 0.0416 | decomp 0.0575 | smooth_enh 0.0168 | lambda_mean 0.8128 | lambda_min 0.0141 | lambda_max 1.2179

Epoch 113/120 train start
Epoch 113/120 validation start
Epoch 113 | train_loss 0.1754 | val_loss 0.1821 | val_psnr 24.25 | val_lpips 0.0418 | val_lpips_full 0.0547 | edge 0.0189 | dark_noise 0.0087 | chroma 0.0420 | decomp 0.0546 | smooth_enh 0.0168 | lambda_mean 0.8158 | lambda_min 0.0143 | lambda_max 1.2191

Epoch 114/120 train start
Epoch 114/120 validation start
Epoch 114 | train_loss 0.1743 | val_loss 0.1829 | val_psnr 24.26 | val_lpips 0.0425 | val_lpips_full 0.0556 | edge 0.0191 | dark_noise 0.0087 | chroma 0.0415 | decomp 0.0550 | smooth_enh 0.0169 | lambda_mean 0.8107 | lambda_min 0.0143 | lambda_max 1.2199

Epoch 115/120 train start
Epoch 115/120 validation start
Epoch 115 | train_loss 0.1747 | val_loss 0.1797 | val_psnr 24.86 | val_lpips 0.0415 | val_lpips_full 0.0546 | edge 0.0189 | dark_noise 0.0087 | chroma 0.0425 | decomp 0.0582 | smooth_enh 0.0168 | lambda_mean 0.8126 | lambda_min 0.0147 | lambda_max 1.2170

Epoch 116/120 train start
Epoch 116/120 validation start
Epoch 116 | train_loss 0.1756 | val_loss 0.1845 | val_psnr 24.08 | val_lpips 0.0430 | val_lpips_full 0.0558 | edge 0.0190 | dark_noise 0.0087 | chroma 0.0431 | decomp 0.0545 | smooth_enh 0.0165 | lambda_mean 0.8112 | lambda_min 0.0146 | lambda_max 1.2129

Epoch 117/120 train start
Epoch 117/120 validation start
Epoch 117 | train_loss 0.1760 | val_loss 0.1805 | val_psnr 24.44 | val_lpips 0.0417 | val_lpips_full 0.0546 | edge 0.0189 | dark_noise 0.0087 | chroma 0.0426 | decomp 0.0550 | smooth_enh 0.0166 | lambda_mean 0.8116 | lambda_min 0.0147 | lambda_max 1.2146

Epoch 118/120 train start
Epoch 118/120 validation start
Epoch 118 | train_loss 0.1765 | val_loss 0.1826 | val_psnr 24.39 | val_lpips 0.0418 | val_lpips_full 0.0547 | edge 0.0188 | dark_noise 0.0087 | chroma 0.0423 | decomp 0.0564 | smooth_enh 0.0166 | lambda_mean 0.8082 | lambda_min 0.0143 | lambda_max 1.2123

Epoch 119/120 train start
Epoch 119/120 validation start
Epoch 119 | train_loss 0.1767 | val_loss 0.1823 | val_psnr 24.48 | val_lpips 0.0420 | val_lpips_full 0.0550 | edge 0.0189 | dark_noise 0.0087 | chroma 0.0420 | decomp 0.0571 | smooth_enh 0.0167 | lambda_mean 0.8074 | lambda_min 0.0147 | lambda_max 1.2119

Epoch 120/120 train start
Epoch 120/120 validation start
Epoch 120 | train_loss 0.1756 | val_loss 0.1802 | val_psnr 24.68 | val_lpips 0.0412 | val_lpips_full 0.0543 | edge 0.0189 | dark_noise 0.0087 | chroma 0.0416 | decomp 0.0572 | smooth_enh 0.0166 | lambda_mean 0.8101 | lambda_min 0.0146 | lambda_max 1.2126
===== TRAIN FINISHED =====
Best epoch: 99
Best psnr: 25.174257101113614
Best PSNR: 25.174257101113614
Best LPIPS@loss: 0.04230907104081578
Best LPIPS full: 0.05593644984894329
Best checkpoint: /content/retinextapetum_hpo/projects/lol_v2_synthetic/final/hpo_candidate_01_trial_0007_f0fca1ff96_seed_123/run/checkpoints/best.pth
Last checkpoint: /content/retinextapetum_hpo/projects/lol_v2_synthetic/final/hpo_candidate_01_trial_0007_f0fca1ff96_seed_123/run/checkpoints/last.pth
