DEVICE: cuda
TRAIN_LOW_DIR : /content/drive/MyDrive/TAPETUM/datasets/LOL-v1/Train/Low
TRAIN_HIGH_DIR: /content/drive/MyDrive/TAPETUM/datasets/LOL-v1/Train/Normal
VAL_LOW_DIR   : /content/drive/MyDrive/TAPETUM/datasets/LOL-v1/Val/Low
VAL_HIGH_DIR  : /content/drive/MyDrive/TAPETUM/datasets/LOL-v1/Val/Normal
CKPT_DIR      : /content/retinextapetum_hpo/projects/lol_v1/final/hpo_candidate_01_trial_0005_171f3c86dc_seed_3407/run/checkpoints
USE_TRAIN_VAL_SPLIT: True
VAL_RATIO     : 0.1
SPLIT_SEED    : 42
BASE_CHANNELS : 128
BATCH_SIZE    : 2
EPOCHS        : 120
LR            : 0.0006906348306112025
MIN_LR        : 1.4628463833389233e-05
W_LPIPS       : 0.1
BEST_METRIC   : psnr
RESUME        : False
RESUME_CKPT   : last.pth
TRAIN_LOG_INTERVAL: 0
VAL_LOG_INTERVAL  : 0
Split manifest: /content/drive/MyDrive/TAPETUM/HyperparameterSearch/lol_v1/split_manifest.json
Train split images: 437
Val split images: 48
[Dataset] /content/drive/MyDrive/TAPETUM/datasets/LOL-v1/Train/Low
Mode: train
Split file_list: yes
Paired samples: 437
[Dataset] /content/drive/MyDrive/TAPETUM/datasets/LOL-v1/Train/Low
Mode: val/test
Split file_list: yes
Paired samples: 48
Train batches: 219
Val batches  : 48
Trainable params: 536,463
Setting up [LPIPS] perceptual loss: trunk [alex], v[0.1], spatial [off]
/usr/local/lib/python3.12/dist-packages/torchvision/models/_utils.py:208: UserWarning: The parameter 'pretrained' is deprecated since 0.13 and may be removed in the future, please use 'weights' instead.
  warnings.warn(
/usr/local/lib/python3.12/dist-packages/torchvision/models/_utils.py:223: UserWarning: Arguments other than a weight enum or `None` for 'weights' are deprecated since 0.13 and may be removed in the future. The current behavior is equivalent to passing `weights=AlexNet_Weights.IMAGENET1K_V1`. You can also use `weights=AlexNet_Weights.DEFAULT` to get the most up-to-date weights.
  warnings.warn(msg)
Loading model from: /usr/local/lib/python3.12/dist-packages/lpips/weights/v0.1/alex.pth
LPIPS training loss: enabled (alex, weight=0.1)
Resume disabled: RETINEX_TAPETUM_RESUME=0/config.RESUME_TRAINING=False

===== TRAIN START =====

Epoch 001/120 train start
Epoch 001/120 validation start
Epoch 001 | train_loss 0.6094 | val_loss 0.4829 | val_psnr 16.89 | val_lpips 0.3292 | val_lpips_full 0.4045 | edge 0.0355 | dark_noise 0.0135 | chroma 0.1012 | decomp 0.1487 | smooth_enh 0.0136 | lambda_mean 1.5222 | lambda_min 0.9263 | lambda_max 1.6709
Best model updated -> Epoch: 1, psnr: 16.8870, PSNR: 16.8870, LPIPS@loss: 0.3292, LPIPS full: 0.4045

Epoch 002/120 train start
Epoch 002/120 validation start
Epoch 002 | train_loss 0.4574 | val_loss 0.3947 | val_psnr 18.25 | val_lpips 0.2651 | val_lpips_full 0.3655 | edge 0.0346 | dark_noise 0.0135 | chroma 0.1036 | decomp 0.0984 | smooth_enh 0.0198 | lambda_mean 1.5590 | lambda_min 0.8388 | lambda_max 1.7623
Best model updated -> Epoch: 2, psnr: 18.2529, PSNR: 18.2529, LPIPS@loss: 0.2651, LPIPS full: 0.3655

Epoch 003/120 train start
Epoch 003/120 validation start
Epoch 003 | train_loss 0.4224 | val_loss 0.4061 | val_psnr 17.79 | val_lpips 0.2485 | val_lpips_full 0.3312 | edge 0.0342 | dark_noise 0.0136 | chroma 0.1031 | decomp 0.0965 | smooth_enh 0.0214 | lambda_mean 1.5884 | lambda_min 0.8621 | lambda_max 1.7707

Epoch 004/120 train start
Epoch 004/120 validation start
Epoch 004 | train_loss 0.3964 | val_loss 0.3539 | val_psnr 20.09 | val_lpips 0.2018 | val_lpips_full 0.2794 | edge 0.0339 | dark_noise 0.0135 | chroma 0.0874 | decomp 0.1161 | smooth_enh 0.0246 | lambda_mean 1.5128 | lambda_min 0.7911 | lambda_max 1.7718
Best model updated -> Epoch: 4, psnr: 20.0882, PSNR: 20.0882, LPIPS@loss: 0.2018, LPIPS full: 0.2794

Epoch 005/120 train start
Epoch 005/120 validation start
Epoch 005 | train_loss 0.3877 | val_loss 0.4034 | val_psnr 17.66 | val_lpips 0.2454 | val_lpips_full 0.3254 | edge 0.0337 | dark_noise 0.0136 | chroma 0.1040 | decomp 0.0890 | smooth_enh 0.0222 | lambda_mean 1.5741 | lambda_min 0.8093 | lambda_max 1.7902

Epoch 006/120 train start
Epoch 006/120 validation start
Epoch 006 | train_loss 0.3799 | val_loss 0.3464 | val_psnr 19.30 | val_lpips 0.1832 | val_lpips_full 0.2484 | edge 0.0329 | dark_noise 0.0133 | chroma 0.0798 | decomp 0.0873 | smooth_enh 0.0214 | lambda_mean 1.5663 | lambda_min 0.9063 | lambda_max 1.7824

Epoch 007/120 train start
Epoch 007/120 validation start
Epoch 007 | train_loss 0.3683 | val_loss 0.3328 | val_psnr 20.36 | val_lpips 0.1696 | val_lpips_full 0.2314 | edge 0.0328 | dark_noise 0.0134 | chroma 0.0811 | decomp 0.1006 | smooth_enh 0.0239 | lambda_mean 1.5369 | lambda_min 0.8020 | lambda_max 1.7862
Best model updated -> Epoch: 7, psnr: 20.3594, PSNR: 20.3594, LPIPS@loss: 0.1696, LPIPS full: 0.2314

Epoch 008/120 train start
Epoch 008/120 validation start
Epoch 008 | train_loss 0.3618 | val_loss 0.3261 | val_psnr 20.50 | val_lpips 0.1530 | val_lpips_full 0.2098 | edge 0.0329 | dark_noise 0.0135 | chroma 0.0761 | decomp 0.1043 | smooth_enh 0.0253 | lambda_mean 1.5320 | lambda_min 0.7480 | lambda_max 1.7829
Best model updated -> Epoch: 8, psnr: 20.4972, PSNR: 20.4972, LPIPS@loss: 0.1530, LPIPS full: 0.2098

Epoch 009/120 train start
Epoch 009/120 validation start
Epoch 009 | train_loss 0.3572 | val_loss 0.3348 | val_psnr 19.38 | val_lpips 0.1554 | val_lpips_full 0.2068 | edge 0.0321 | dark_noise 0.0134 | chroma 0.0782 | decomp 0.0806 | smooth_enh 0.0231 | lambda_mean 1.5779 | lambda_min 0.8328 | lambda_max 1.7900

Epoch 010/120 train start
Epoch 010/120 validation start
Epoch 010 | train_loss 0.3537 | val_loss 0.3238 | val_psnr 20.48 | val_lpips 0.1474 | val_lpips_full 0.2023 | edge 0.0324 | dark_noise 0.0136 | chroma 0.0784 | decomp 0.0965 | smooth_enh 0.0252 | lambda_mean 1.5514 | lambda_min 0.7679 | lambda_max 1.7921

Epoch 011/120 train start
Epoch 011/120 validation start
Epoch 011 | train_loss 0.3559 | val_loss 0.3265 | val_psnr 20.12 | val_lpips 0.1624 | val_lpips_full 0.2142 | edge 0.0317 | dark_noise 0.0136 | chroma 0.0928 | decomp 0.0981 | smooth_enh 0.0242 | lambda_mean 1.5471 | lambda_min 0.8212 | lambda_max 1.7945

Epoch 012/120 train start
Epoch 012/120 validation start
Epoch 012 | train_loss 0.3512 | val_loss 0.3181 | val_psnr 20.91 | val_lpips 0.1339 | val_lpips_full 0.1814 | edge 0.0319 | dark_noise 0.0136 | chroma 0.0764 | decomp 0.1074 | smooth_enh 0.0258 | lambda_mean 1.5275 | lambda_min 0.8189 | lambda_max 1.7931
Best model updated -> Epoch: 12, psnr: 20.9129, PSNR: 20.9129, LPIPS@loss: 0.1339, LPIPS full: 0.1814

Epoch 013/120 train start
Epoch 013/120 validation start
Epoch 013 | train_loss 0.3420 | val_loss 0.3155 | val_psnr 20.80 | val_lpips 0.1348 | val_lpips_full 0.1793 | edge 0.0309 | dark_noise 0.0135 | chroma 0.0777 | decomp 0.1048 | smooth_enh 0.0235 | lambda_mean 1.5389 | lambda_min 0.8217 | lambda_max 1.7898

Epoch 014/120 train start
Epoch 014/120 validation start
Epoch 014 | train_loss 0.3381 | val_loss 0.3313 | val_psnr 19.86 | val_lpips 0.1440 | val_lpips_full 0.1911 | edge 0.0314 | dark_noise 0.0136 | chroma 0.0787 | decomp 0.0897 | smooth_enh 0.0243 | lambda_mean 1.5680 | lambda_min 0.8706 | lambda_max 1.7954

Epoch 015/120 train start
Epoch 015/120 validation start
Epoch 015 | train_loss 0.3388 | val_loss 0.3075 | val_psnr 21.17 | val_lpips 0.1267 | val_lpips_full 0.1696 | edge 0.0307 | dark_noise 0.0135 | chroma 0.0762 | decomp 0.1056 | smooth_enh 0.0241 | lambda_mean 1.5316 | lambda_min 0.8136 | lambda_max 1.7954
Best model updated -> Epoch: 15, psnr: 21.1729, PSNR: 21.1729, LPIPS@loss: 0.1267, LPIPS full: 0.1696

Epoch 016/120 train start
Epoch 016/120 validation start
Epoch 016 | train_loss 0.3369 | val_loss 0.3035 | val_psnr 21.18 | val_lpips 0.1220 | val_lpips_full 0.1651 | edge 0.0302 | dark_noise 0.0134 | chroma 0.0743 | decomp 0.1040 | smooth_enh 0.0228 | lambda_mean 1.5346 | lambda_min 0.8053 | lambda_max 1.7917
Best model updated -> Epoch: 16, psnr: 21.1774, PSNR: 21.1774, LPIPS@loss: 0.1220, LPIPS full: 0.1651

Epoch 017/120 train start
Epoch 017/120 validation start
Epoch 017 | train_loss 0.3338 | val_loss 0.3085 | val_psnr 20.18 | val_lpips 0.1353 | val_lpips_full 0.1825 | edge 0.0305 | dark_noise 0.0135 | chroma 0.0777 | decomp 0.0787 | smooth_enh 0.0224 | lambda_mean 1.5746 | lambda_min 0.8659 | lambda_max 1.7973

Epoch 018/120 train start
Epoch 018/120 validation start
Epoch 018 | train_loss 0.3347 | val_loss 0.3032 | val_psnr 21.10 | val_lpips 0.1166 | val_lpips_full 0.1614 | edge 0.0307 | dark_noise 0.0135 | chroma 0.0716 | decomp 0.0978 | smooth_enh 0.0249 | lambda_mean 1.5434 | lambda_min 0.8419 | lambda_max 1.7894

Epoch 019/120 train start
Epoch 019/120 validation start
Epoch 019 | train_loss 0.3355 | val_loss 0.3066 | val_psnr 20.99 | val_lpips 0.1234 | val_lpips_full 0.1674 | edge 0.0308 | dark_noise 0.0135 | chroma 0.0755 | decomp 0.0988 | smooth_enh 0.0250 | lambda_mean 1.5389 | lambda_min 0.8277 | lambda_max 1.7967

Epoch 020/120 train start
Epoch 020/120 validation start
Epoch 020 | train_loss 0.3319 | val_loss 0.2990 | val_psnr 21.15 | val_lpips 0.1137 | val_lpips_full 0.1561 | edge 0.0303 | dark_noise 0.0135 | chroma 0.0680 | decomp 0.0968 | smooth_enh 0.0239 | lambda_mean 1.5478 | lambda_min 0.8645 | lambda_max 1.7943

Epoch 021/120 train start
Epoch 021/120 validation start
Epoch 021 | train_loss 0.3282 | val_loss 0.3060 | val_psnr 20.69 | val_lpips 0.1258 | val_lpips_full 0.1640 | edge 0.0301 | dark_noise 0.0133 | chroma 0.0740 | decomp 0.0937 | smooth_enh 0.0222 | lambda_mean 1.5646 | lambda_min 0.9008 | lambda_max 1.7917

Epoch 022/120 train start
Epoch 022/120 validation start
Epoch 022 | train_loss 0.3259 | val_loss 0.3165 | val_psnr 21.17 | val_lpips 0.1201 | val_lpips_full 0.1626 | edge 0.0302 | dark_noise 0.0135 | chroma 0.0714 | decomp 0.1175 | smooth_enh 0.0243 | lambda_mean 1.5217 | lambda_min 0.8647 | lambda_max 1.7937

Epoch 023/120 train start
Epoch 023/120 validation start
Epoch 023 | train_loss 0.3258 | val_loss 0.2982 | val_psnr 20.90 | val_lpips 0.1145 | val_lpips_full 0.1554 | edge 0.0297 | dark_noise 0.0133 | chroma 0.0703 | decomp 0.0922 | smooth_enh 0.0226 | lambda_mean 1.5548 | lambda_min 0.8528 | lambda_max 1.7936

Epoch 024/120 train start
Epoch 024/120 validation start
Epoch 024 | train_loss 0.3237 | val_loss 0.3325 | val_psnr 18.71 | val_lpips 0.1340 | val_lpips_full 0.1766 | edge 0.0307 | dark_noise 0.0134 | chroma 0.0713 | decomp 0.0642 | smooth_enh 0.0220 | lambda_mean 1.6095 | lambda_min 0.9414 | lambda_max 1.7982

Epoch 025/120 train start
Epoch 025/120 validation start
Epoch 025 | train_loss 0.3208 | val_loss 0.3046 | val_psnr 21.31 | val_lpips 0.1143 | val_lpips_full 0.1599 | edge 0.0301 | dark_noise 0.0135 | chroma 0.0692 | decomp 0.1052 | smooth_enh 0.0252 | lambda_mean 1.5373 | lambda_min 0.7779 | lambda_max 1.7962
Best model updated -> Epoch: 25, psnr: 21.3053, PSNR: 21.3053, LPIPS@loss: 0.1143, LPIPS full: 0.1599

Epoch 026/120 train start
Epoch 026/120 validation start
Epoch 026 | train_loss 0.3201 | val_loss 0.3089 | val_psnr 20.65 | val_lpips 0.1171 | val_lpips_full 0.1603 | edge 0.0296 | dark_noise 0.0134 | chroma 0.0711 | decomp 0.0917 | smooth_enh 0.0224 | lambda_mean 1.5632 | lambda_min 0.8815 | lambda_max 1.7973

Epoch 027/120 train start
Epoch 027/120 validation start
Epoch 027 | train_loss 0.3167 | val_loss 0.2924 | val_psnr 20.75 | val_lpips 0.1177 | val_lpips_full 0.1604 | edge 0.0294 | dark_noise 0.0133 | chroma 0.0688 | decomp 0.0808 | smooth_enh 0.0228 | lambda_mean 1.5702 | lambda_min 0.8447 | lambda_max 1.7939

Epoch 028/120 train start
Epoch 028/120 validation start
Epoch 028 | train_loss 0.3181 | val_loss 0.3032 | val_psnr 20.13 | val_lpips 0.1212 | val_lpips_full 0.1645 | edge 0.0297 | dark_noise 0.0134 | chroma 0.0749 | decomp 0.0761 | smooth_enh 0.0223 | lambda_mean 1.5830 | lambda_min 0.8874 | lambda_max 1.7955

Epoch 029/120 train start
Epoch 029/120 validation start
Epoch 029 | train_loss 0.3205 | val_loss 0.2977 | val_psnr 20.98 | val_lpips 0.1116 | val_lpips_full 0.1561 | edge 0.0303 | dark_noise 0.0134 | chroma 0.0671 | decomp 0.0918 | smooth_enh 0.0252 | lambda_mean 1.5553 | lambda_min 0.8380 | lambda_max 1.7962

Epoch 030/120 train start
Epoch 030/120 validation start
Epoch 030 | train_loss 0.3142 | val_loss 0.2886 | val_psnr 21.20 | val_lpips 0.1033 | val_lpips_full 0.1474 | edge 0.0288 | dark_noise 0.0133 | chroma 0.0652 | decomp 0.0896 | smooth_enh 0.0210 | lambda_mean 1.5575 | lambda_min 0.8701 | lambda_max 1.7923

Epoch 031/120 train start
Epoch 031/120 validation start
Epoch 031 | train_loss 0.3198 | val_loss 0.2918 | val_psnr 21.35 | val_lpips 0.1117 | val_lpips_full 0.1537 | edge 0.0290 | dark_noise 0.0133 | chroma 0.0675 | decomp 0.0951 | smooth_enh 0.0220 | lambda_mean 1.5580 | lambda_min 0.8691 | lambda_max 1.7944
Best model updated -> Epoch: 31, psnr: 21.3532, PSNR: 21.3532, LPIPS@loss: 0.1117, LPIPS full: 0.1537

Epoch 032/120 train start
Epoch 032/120 validation start
Epoch 032 | train_loss 0.3194 | val_loss 0.2922 | val_psnr 21.20 | val_lpips 0.1078 | val_lpips_full 0.1489 | edge 0.0290 | dark_noise 0.0135 | chroma 0.0678 | decomp 0.0943 | smooth_enh 0.0226 | lambda_mean 1.5516 | lambda_min 0.8576 | lambda_max 1.7941

Epoch 033/120 train start
Epoch 033/120 validation start
Epoch 033 | train_loss 0.3132 | val_loss 0.2988 | val_psnr 21.50 | val_lpips 0.1025 | val_lpips_full 0.1416 | edge 0.0289 | dark_noise 0.0132 | chroma 0.0667 | decomp 0.1093 | smooth_enh 0.0226 | lambda_mean 1.5321 | lambda_min 0.8335 | lambda_max 1.7927
Best model updated -> Epoch: 33, psnr: 21.4955, PSNR: 21.4955, LPIPS@loss: 0.1025, LPIPS full: 0.1416

Epoch 034/120 train start
Epoch 034/120 validation start
Epoch 034 | train_loss 0.3139 | val_loss 0.2837 | val_psnr 21.43 | val_lpips 0.1014 | val_lpips_full 0.1421 | edge 0.0288 | dark_noise 0.0132 | chroma 0.0663 | decomp 0.0908 | smooth_enh 0.0225 | lambda_mean 1.5534 | lambda_min 0.8577 | lambda_max 1.7945

Epoch 035/120 train start
Epoch 035/120 validation start
Epoch 035 | train_loss 0.3104 | val_loss 0.2953 | val_psnr 21.02 | val_lpips 0.1103 | val_lpips_full 0.1501 | edge 0.0287 | dark_noise 0.0132 | chroma 0.0729 | decomp 0.0947 | smooth_enh 0.0217 | lambda_mean 1.5637 | lambda_min 0.8676 | lambda_max 1.7950

Epoch 036/120 train start
Epoch 036/120 validation start
Epoch 036 | train_loss 0.3100 | val_loss 0.2901 | val_psnr 20.82 | val_lpips 0.1060 | val_lpips_full 0.1461 | edge 0.0291 | dark_noise 0.0133 | chroma 0.0638 | decomp 0.0801 | smooth_enh 0.0218 | lambda_mean 1.5755 | lambda_min 0.9001 | lambda_max 1.7951

Epoch 037/120 train start
Epoch 037/120 validation start
Epoch 037 | train_loss 0.3106 | val_loss 0.2891 | val_psnr 21.62 | val_lpips 0.0987 | val_lpips_full 0.1391 | edge 0.0298 | dark_noise 0.0133 | chroma 0.0628 | decomp 0.1012 | smooth_enh 0.0251 | lambda_mean 1.5340 | lambda_min 0.7891 | lambda_max 1.7945
Best model updated -> Epoch: 37, psnr: 21.6196, PSNR: 21.6196, LPIPS@loss: 0.0987, LPIPS full: 0.1391

Epoch 038/120 train start
Epoch 038/120 validation start
Epoch 038 | train_loss 0.3113 | val_loss 0.2877 | val_psnr 21.52 | val_lpips 0.0997 | val_lpips_full 0.1380 | edge 0.0287 | dark_noise 0.0132 | chroma 0.0645 | decomp 0.0989 | smooth_enh 0.0225 | lambda_mean 1.5419 | lambda_min 0.8421 | lambda_max 1.7932

Epoch 039/120 train start
Epoch 039/120 validation start
Epoch 039 | train_loss 0.3103 | val_loss 0.2961 | val_psnr 20.42 | val_lpips 0.1059 | val_lpips_full 0.1462 | edge 0.0290 | dark_noise 0.0132 | chroma 0.0658 | decomp 0.0781 | smooth_enh 0.0217 | lambda_mean 1.5848 | lambda_min 0.8903 | lambda_max 1.7949

Epoch 040/120 train start
Epoch 040/120 validation start
Epoch 040 | train_loss 0.3041 | val_loss 0.2856 | val_psnr 21.53 | val_lpips 0.0996 | val_lpips_full 0.1407 | edge 0.0286 | dark_noise 0.0131 | chroma 0.0649 | decomp 0.0968 | smooth_enh 0.0218 | lambda_mean 1.5467 | lambda_min 0.8453 | lambda_max 1.7928

Epoch 041/120 train start
Epoch 041/120 validation start
Epoch 041 | train_loss 0.3058 | val_loss 0.2911 | val_psnr 21.26 | val_lpips 0.1005 | val_lpips_full 0.1427 | edge 0.0291 | dark_noise 0.0133 | chroma 0.0629 | decomp 0.0926 | smooth_enh 0.0234 | lambda_mean 1.5520 | lambda_min 0.8444 | lambda_max 1.7956

Epoch 042/120 train start
Epoch 042/120 validation start
Epoch 042 | train_loss 0.3064 | val_loss 0.2858 | val_psnr 21.10 | val_lpips 0.1018 | val_lpips_full 0.1413 | edge 0.0287 | dark_noise 0.0131 | chroma 0.0645 | decomp 0.0847 | smooth_enh 0.0222 | lambda_mean 1.5637 | lambda_min 0.8602 | lambda_max 1.7937

Epoch 043/120 train start
Epoch 043/120 validation start
Epoch 043 | train_loss 0.3036 | val_loss 0.2858 | val_psnr 20.89 | val_lpips 0.1034 | val_lpips_full 0.1424 | edge 0.0290 | dark_noise 0.0132 | chroma 0.0638 | decomp 0.0796 | smooth_enh 0.0221 | lambda_mean 1.5744 | lambda_min 0.8948 | lambda_max 1.7962

Epoch 044/120 train start
Epoch 044/120 validation start
Epoch 044 | train_loss 0.3029 | val_loss 0.2879 | val_psnr 21.68 | val_lpips 0.0926 | val_lpips_full 0.1320 | edge 0.0289 | dark_noise 0.0132 | chroma 0.0636 | decomp 0.1037 | smooth_enh 0.0233 | lambda_mean 1.5336 | lambda_min 0.8066 | lambda_max 1.7900
Best model updated -> Epoch: 44, psnr: 21.6820, PSNR: 21.6820, LPIPS@loss: 0.0926, LPIPS full: 0.1320

Epoch 045/120 train start
Epoch 045/120 validation start
Epoch 045 | train_loss 0.2999 | val_loss 0.2852 | val_psnr 21.88 | val_lpips 0.1002 | val_lpips_full 0.1411 | edge 0.0285 | dark_noise 0.0131 | chroma 0.0645 | decomp 0.1029 | smooth_enh 0.0220 | lambda_mean 1.5388 | lambda_min 0.8305 | lambda_max 1.7924
Best model updated -> Epoch: 45, psnr: 21.8813, PSNR: 21.8813, LPIPS@loss: 0.1002, LPIPS full: 0.1411

Epoch 046/120 train start
Epoch 046/120 validation start
Epoch 046 | train_loss 0.3047 | val_loss 0.2903 | val_psnr 20.51 | val_lpips 0.1031 | val_lpips_full 0.1434 | edge 0.0286 | dark_noise 0.0131 | chroma 0.0650 | decomp 0.0733 | smooth_enh 0.0207 | lambda_mean 1.5847 | lambda_min 0.8962 | lambda_max 1.7956

Epoch 047/120 train start
Epoch 047/120 validation start
Epoch 047 | train_loss 0.3049 | val_loss 0.2873 | val_psnr 21.60 | val_lpips 0.0939 | val_lpips_full 0.1350 | edge 0.0286 | dark_noise 0.0131 | chroma 0.0608 | decomp 0.0981 | smooth_enh 0.0229 | lambda_mean 1.5388 | lambda_min 0.8070 | lambda_max 1.7914

Epoch 048/120 train start
Epoch 048/120 validation start
Epoch 048 | train_loss 0.3032 | val_loss 0.2967 | val_psnr 21.01 | val_lpips 0.1012 | val_lpips_full 0.1391 | edge 0.0288 | dark_noise 0.0132 | chroma 0.0622 | decomp 0.0908 | smooth_enh 0.0228 | lambda_mean 1.5645 | lambda_min 0.8441 | lambda_max 1.7948

Epoch 049/120 train start
Epoch 049/120 validation start
Epoch 049 | train_loss 0.3030 | val_loss 0.2846 | val_psnr 21.61 | val_lpips 0.0938 | val_lpips_full 0.1332 | edge 0.0287 | dark_noise 0.0132 | chroma 0.0624 | decomp 0.0969 | smooth_enh 0.0233 | lambda_mean 1.5413 | lambda_min 0.8171 | lambda_max 1.7924

Epoch 050/120 train start
Epoch 050/120 validation start
Epoch 050 | train_loss 0.3041 | val_loss 0.2815 | val_psnr 21.20 | val_lpips 0.0942 | val_lpips_full 0.1321 | edge 0.0287 | dark_noise 0.0131 | chroma 0.0606 | decomp 0.0850 | smooth_enh 0.0227 | lambda_mean 1.5635 | lambda_min 0.8811 | lambda_max 1.7939

Epoch 051/120 train start
Epoch 051/120 validation start
Epoch 051 | train_loss 0.3066 | val_loss 0.2985 | val_psnr 20.50 | val_lpips 0.1093 | val_lpips_full 0.1489 | edge 0.0291 | dark_noise 0.0132 | chroma 0.0673 | decomp 0.0812 | smooth_enh 0.0230 | lambda_mean 1.5776 | lambda_min 0.8453 | lambda_max 1.7974

Epoch 052/120 train start
Epoch 052/120 validation start
Epoch 052 | train_loss 0.3040 | val_loss 0.2828 | val_psnr 21.13 | val_lpips 0.0979 | val_lpips_full 0.1358 | edge 0.0288 | dark_noise 0.0131 | chroma 0.0614 | decomp 0.0820 | smooth_enh 0.0229 | lambda_mean 1.5675 | lambda_min 0.8454 | lambda_max 1.7942

Epoch 053/120 train start
Epoch 053/120 validation start
Epoch 053 | train_loss 0.3021 | val_loss 0.2852 | val_psnr 21.00 | val_lpips 0.0997 | val_lpips_full 0.1397 | edge 0.0291 | dark_noise 0.0132 | chroma 0.0648 | decomp 0.0830 | smooth_enh 0.0237 | lambda_mean 1.5673 | lambda_min 0.8334 | lambda_max 1.7939

Epoch 054/120 train start
Epoch 054/120 validation start
Epoch 054 | train_loss 0.2974 | val_loss 0.2822 | val_psnr 21.31 | val_lpips 0.0951 | val_lpips_full 0.1358 | edge 0.0285 | dark_noise 0.0131 | chroma 0.0613 | decomp 0.0861 | smooth_enh 0.0227 | lambda_mean 1.5593 | lambda_min 0.8388 | lambda_max 1.7950

Epoch 055/120 train start
Epoch 055/120 validation start
Epoch 055 | train_loss 0.3024 | val_loss 0.2853 | val_psnr 21.29 | val_lpips 0.0962 | val_lpips_full 0.1352 | edge 0.0287 | dark_noise 0.0132 | chroma 0.0631 | decomp 0.0894 | smooth_enh 0.0222 | lambda_mean 1.5558 | lambda_min 0.8692 | lambda_max 1.7950

Epoch 056/120 train start
Epoch 056/120 validation start
Epoch 056 | train_loss 0.2984 | val_loss 0.2855 | val_psnr 21.08 | val_lpips 0.1001 | val_lpips_full 0.1410 | edge 0.0291 | dark_noise 0.0132 | chroma 0.0660 | decomp 0.0829 | smooth_enh 0.0238 | lambda_mean 1.5692 | lambda_min 0.8456 | lambda_max 1.7938

Epoch 057/120 train start
Epoch 057/120 validation start
Epoch 057 | train_loss 0.2995 | val_loss 0.2778 | val_psnr 21.33 | val_lpips 0.0923 | val_lpips_full 0.1304 | edge 0.0287 | dark_noise 0.0131 | chroma 0.0608 | decomp 0.0849 | smooth_enh 0.0231 | lambda_mean 1.5619 | lambda_min 0.8613 | lambda_max 1.7924

Epoch 058/120 train start
Epoch 058/120 validation start
Epoch 058 | train_loss 0.3002 | val_loss 0.2870 | val_psnr 21.06 | val_lpips 0.0967 | val_lpips_full 0.1366 | edge 0.0288 | dark_noise 0.0131 | chroma 0.0607 | decomp 0.0833 | smooth_enh 0.0233 | lambda_mean 1.5671 | lambda_min 0.8580 | lambda_max 1.7941

Epoch 059/120 train start
Epoch 059/120 validation start
Epoch 059 | train_loss 0.2993 | val_loss 0.2809 | val_psnr 21.65 | val_lpips 0.0919 | val_lpips_full 0.1294 | edge 0.0286 | dark_noise 0.0131 | chroma 0.0592 | decomp 0.0943 | smooth_enh 0.0234 | lambda_mean 1.5460 | lambda_min 0.8351 | lambda_max 1.7941

Epoch 060/120 train start
Epoch 060/120 validation start
Epoch 060 | train_loss 0.2961 | val_loss 0.2790 | val_psnr 21.52 | val_lpips 0.0921 | val_lpips_full 0.1279 | edge 0.0285 | dark_noise 0.0130 | chroma 0.0598 | decomp 0.0903 | smooth_enh 0.0226 | lambda_mean 1.5543 | lambda_min 0.8576 | lambda_max 1.7920

Epoch 061/120 train start
Epoch 061/120 validation start
Epoch 061 | train_loss 0.3010 | val_loss 0.2802 | val_psnr 21.64 | val_lpips 0.0936 | val_lpips_full 0.1364 | edge 0.0284 | dark_noise 0.0132 | chroma 0.0625 | decomp 0.0930 | smooth_enh 0.0226 | lambda_mean 1.5516 | lambda_min 0.8488 | lambda_max 1.7938

Epoch 062/120 train start
Epoch 062/120 validation start
Epoch 062 | train_loss 0.2971 | val_loss 0.2825 | val_psnr 21.47 | val_lpips 0.0903 | val_lpips_full 0.1284 | edge 0.0286 | dark_noise 0.0131 | chroma 0.0601 | decomp 0.0936 | smooth_enh 0.0234 | lambda_mean 1.5450 | lambda_min 0.8320 | lambda_max 1.7924

Epoch 063/120 train start
Epoch 063/120 validation start
Epoch 063 | train_loss 0.2954 | val_loss 0.2807 | val_psnr 21.24 | val_lpips 0.0918 | val_lpips_full 0.1300 | edge 0.0287 | dark_noise 0.0131 | chroma 0.0603 | decomp 0.0858 | smooth_enh 0.0232 | lambda_mean 1.5599 | lambda_min 0.8548 | lambda_max 1.7943

Epoch 064/120 train start
Epoch 064/120 validation start
Epoch 064 | train_loss 0.2982 | val_loss 0.2882 | val_psnr 21.50 | val_lpips 0.0883 | val_lpips_full 0.1245 | edge 0.0287 | dark_noise 0.0131 | chroma 0.0589 | decomp 0.1016 | smooth_enh 0.0232 | lambda_mean 1.5394 | lambda_min 0.8641 | lambda_max 1.7896

Epoch 065/120 train start
Epoch 065/120 validation start
Epoch 065 | train_loss 0.2945 | val_loss 0.2831 | val_psnr 21.37 | val_lpips 0.0940 | val_lpips_full 0.1318 | edge 0.0283 | dark_noise 0.0130 | chroma 0.0658 | decomp 0.0926 | smooth_enh 0.0217 | lambda_mean 1.5476 | lambda_min 0.8619 | lambda_max 1.7918

Epoch 066/120 train start
Epoch 066/120 validation start
Epoch 066 | train_loss 0.2904 | val_loss 0.2826 | val_psnr 21.52 | val_lpips 0.0922 | val_lpips_full 0.1275 | edge 0.0284 | dark_noise 0.0130 | chroma 0.0627 | decomp 0.0970 | smooth_enh 0.0220 | lambda_mean 1.5441 | lambda_min 0.8370 | lambda_max 1.7873

Epoch 067/120 train start
Epoch 067/120 validation start
Epoch 067 | train_loss 0.2978 | val_loss 0.2898 | val_psnr 21.58 | val_lpips 0.0895 | val_lpips_full 0.1272 | edge 0.0289 | dark_noise 0.0131 | chroma 0.0581 | decomp 0.1028 | smooth_enh 0.0244 | lambda_mean 1.5417 | lambda_min 0.8288 | lambda_max 1.7920

Epoch 068/120 train start
Epoch 068/120 validation start
Epoch 068 | train_loss 0.2938 | val_loss 0.2814 | val_psnr 21.35 | val_lpips 0.0907 | val_lpips_full 0.1283 | edge 0.0286 | dark_noise 0.0131 | chroma 0.0600 | decomp 0.0887 | smooth_enh 0.0232 | lambda_mean 1.5561 | lambda_min 0.8695 | lambda_max 1.7928

Epoch 069/120 train start
Epoch 069/120 validation start
Epoch 069 | train_loss 0.2960 | val_loss 0.2804 | val_psnr 21.12 | val_lpips 0.0959 | val_lpips_full 0.1368 | edge 0.0286 | dark_noise 0.0131 | chroma 0.0626 | decomp 0.0811 | smooth_enh 0.0224 | lambda_mean 1.5670 | lambda_min 0.8849 | lambda_max 1.7934

Epoch 070/120 train start
Epoch 070/120 validation start
Epoch 070 | train_loss 0.2947 | val_loss 0.2780 | val_psnr 21.60 | val_lpips 0.0899 | val_lpips_full 0.1280 | edge 0.0282 | dark_noise 0.0130 | chroma 0.0601 | decomp 0.0881 | smooth_enh 0.0218 | lambda_mean 1.5541 | lambda_min 0.8679 | lambda_max 1.7899

Epoch 071/120 train start
Epoch 071/120 validation start
Epoch 071 | train_loss 0.2917 | val_loss 0.2858 | val_psnr 21.19 | val_lpips 0.0933 | val_lpips_full 0.1302 | edge 0.0288 | dark_noise 0.0131 | chroma 0.0602 | decomp 0.0859 | smooth_enh 0.0235 | lambda_mean 1.5652 | lambda_min 0.8478 | lambda_max 1.7925

Epoch 072/120 train start
Epoch 072/120 validation start
Epoch 072 | train_loss 0.2920 | val_loss 0.2835 | val_psnr 21.45 | val_lpips 0.0907 | val_lpips_full 0.1287 | edge 0.0287 | dark_noise 0.0131 | chroma 0.0595 | decomp 0.0933 | smooth_enh 0.0236 | lambda_mean 1.5547 | lambda_min 0.8673 | lambda_max 1.7933

Epoch 073/120 train start
Epoch 073/120 validation start
Epoch 073 | train_loss 0.2916 | val_loss 0.2832 | val_psnr 21.39 | val_lpips 0.0917 | val_lpips_full 0.1277 | edge 0.0282 | dark_noise 0.0129 | chroma 0.0594 | decomp 0.0909 | smooth_enh 0.0217 | lambda_mean 1.5536 | lambda_min 0.8592 | lambda_max 1.7900

Epoch 074/120 train start
Epoch 074/120 validation start
Epoch 074 | train_loss 0.2921 | val_loss 0.2773 | val_psnr 21.54 | val_lpips 0.0901 | val_lpips_full 0.1270 | edge 0.0283 | dark_noise 0.0130 | chroma 0.0602 | decomp 0.0896 | smooth_enh 0.0225 | lambda_mean 1.5535 | lambda_min 0.8548 | lambda_max 1.7919

Epoch 075/120 train start
Epoch 075/120 validation start
Epoch 075 | train_loss 0.2934 | val_loss 0.2753 | val_psnr 21.54 | val_lpips 0.0901 | val_lpips_full 0.1279 | edge 0.0283 | dark_noise 0.0131 | chroma 0.0599 | decomp 0.0843 | smooth_enh 0.0218 | lambda_mean 1.5624 | lambda_min 0.8784 | lambda_max 1.7930

Epoch 076/120 train start
Epoch 076/120 validation start
Epoch 076 | train_loss 0.2917 | val_loss 0.2797 | val_psnr 21.66 | val_lpips 0.0878 | val_lpips_full 0.1275 | edge 0.0284 | dark_noise 0.0130 | chroma 0.0599 | decomp 0.0952 | smooth_enh 0.0229 | lambda_mean 1.5420 | lambda_min 0.8566 | lambda_max 1.7911

Epoch 077/120 train start
Epoch 077/120 validation start
Epoch 077 | train_loss 0.2908 | val_loss 0.2797 | val_psnr 21.66 | val_lpips 0.0865 | val_lpips_full 0.1233 | edge 0.0287 | dark_noise 0.0131 | chroma 0.0577 | decomp 0.0955 | smooth_enh 0.0242 | lambda_mean 1.5416 | lambda_min 0.8409 | lambda_max 1.7913

Epoch 078/120 train start
Epoch 078/120 validation start
Epoch 078 | train_loss 0.2885 | val_loss 0.2771 | val_psnr 21.61 | val_lpips 0.0860 | val_lpips_full 0.1232 | edge 0.0285 | dark_noise 0.0130 | chroma 0.0582 | decomp 0.0906 | smooth_enh 0.0231 | lambda_mean 1.5501 | lambda_min 0.8620 | lambda_max 1.7909

Epoch 079/120 train start
Epoch 079/120 validation start
Epoch 079 | train_loss 0.2878 | val_loss 0.2757 | val_psnr 21.53 | val_lpips 0.0928 | val_lpips_full 0.1304 | edge 0.0285 | dark_noise 0.0130 | chroma 0.0622 | decomp 0.0843 | smooth_enh 0.0224 | lambda_mean 1.5635 | lambda_min 0.8593 | lambda_max 1.7917

Epoch 080/120 train start
Epoch 080/120 validation start
Epoch 080 | train_loss 0.2919 | val_loss 0.2775 | val_psnr 21.59 | val_lpips 0.0883 | val_lpips_full 0.1267 | edge 0.0284 | dark_noise 0.0131 | chroma 0.0591 | decomp 0.0915 | smooth_enh 0.0229 | lambda_mean 1.5511 | lambda_min 0.8458 | lambda_max 1.7926

Epoch 081/120 train start
Epoch 081/120 validation start
Epoch 081 | train_loss 0.2879 | val_loss 0.2794 | val_psnr 21.58 | val_lpips 0.0870 | val_lpips_full 0.1237 | edge 0.0287 | dark_noise 0.0131 | chroma 0.0574 | decomp 0.0920 | smooth_enh 0.0239 | lambda_mean 1.5495 | lambda_min 0.8379 | lambda_max 1.7920

Epoch 082/120 train start
Epoch 082/120 validation start
Epoch 082 | train_loss 0.2846 | val_loss 0.2797 | val_psnr 21.25 | val_lpips 0.0910 | val_lpips_full 0.1289 | edge 0.0285 | dark_noise 0.0130 | chroma 0.0585 | decomp 0.0833 | smooth_enh 0.0227 | lambda_mean 1.5642 | lambda_min 0.8616 | lambda_max 1.7936

Epoch 083/120 train start
Epoch 083/120 validation start
Epoch 083 | train_loss 0.2862 | val_loss 0.2777 | val_psnr 21.43 | val_lpips 0.0883 | val_lpips_full 0.1276 | edge 0.0285 | dark_noise 0.0131 | chroma 0.0581 | decomp 0.0869 | smooth_enh 0.0231 | lambda_mean 1.5564 | lambda_min 0.8604 | lambda_max 1.7932

Epoch 084/120 train start
Epoch 084/120 validation start
Epoch 084 | train_loss 0.2862 | val_loss 0.2781 | val_psnr 21.52 | val_lpips 0.0896 | val_lpips_full 0.1272 | edge 0.0283 | dark_noise 0.0130 | chroma 0.0596 | decomp 0.0852 | smooth_enh 0.0225 | lambda_mean 1.5609 | lambda_min 0.8534 | lambda_max 1.7915

Epoch 085/120 train start
Epoch 085/120 validation start
Epoch 085 | train_loss 0.2866 | val_loss 0.2802 | val_psnr 21.51 | val_lpips 0.0880 | val_lpips_full 0.1259 | edge 0.0283 | dark_noise 0.0130 | chroma 0.0577 | decomp 0.0905 | smooth_enh 0.0227 | lambda_mean 1.5538 | lambda_min 0.8524 | lambda_max 1.7925

Epoch 086/120 train start
Epoch 086/120 validation start
Epoch 086 | train_loss 0.2855 | val_loss 0.2768 | val_psnr 21.58 | val_lpips 0.0868 | val_lpips_full 0.1252 | edge 0.0284 | dark_noise 0.0130 | chroma 0.0571 | decomp 0.0896 | smooth_enh 0.0230 | lambda_mean 1.5510 | lambda_min 0.8414 | lambda_max 1.7925

Epoch 087/120 train start
Epoch 087/120 validation start
Epoch 087 | train_loss 0.2912 | val_loss 0.2786 | val_psnr 21.24 | val_lpips 0.0899 | val_lpips_full 0.1280 | edge 0.0284 | dark_noise 0.0130 | chroma 0.0576 | decomp 0.0819 | smooth_enh 0.0226 | lambda_mean 1.5662 | lambda_min 0.8581 | lambda_max 1.7935

Epoch 088/120 train start
Epoch 088/120 validation start
Epoch 088 | train_loss 0.2868 | val_loss 0.2742 | val_psnr 21.74 | val_lpips 0.0863 | val_lpips_full 0.1240 | edge 0.0283 | dark_noise 0.0130 | chroma 0.0568 | decomp 0.0888 | smooth_enh 0.0229 | lambda_mean 1.5535 | lambda_min 0.8519 | lambda_max 1.7922

Epoch 089/120 train start
Epoch 089/120 validation start
Epoch 089 | train_loss 0.2879 | val_loss 0.2748 | val_psnr 21.65 | val_lpips 0.0860 | val_lpips_full 0.1244 | edge 0.0283 | dark_noise 0.0130 | chroma 0.0571 | decomp 0.0888 | smooth_enh 0.0224 | lambda_mean 1.5534 | lambda_min 0.8719 | lambda_max 1.7916

Epoch 090/120 train start
Epoch 090/120 validation start
Epoch 090 | train_loss 0.2852 | val_loss 0.2768 | val_psnr 21.39 | val_lpips 0.0898 | val_lpips_full 0.1280 | edge 0.0284 | dark_noise 0.0130 | chroma 0.0576 | decomp 0.0804 | smooth_enh 0.0224 | lambda_mean 1.5679 | lambda_min 0.8658 | lambda_max 1.7929
Early stopping at epoch 90
Best epoch: 45 | Best psnr: 21.8813 | Best PSNR: 21.8813 | Best LPIPS@loss: 0.1002 | Best LPIPS full: 0.1411
===== TRAIN FINISHED =====
Best epoch: 45
Best psnr: 21.881348834033687
Best PSNR: 21.881348834033687
Best LPIPS@loss: 0.10018849885091186
Best LPIPS full: 0.14106436516158283
Best checkpoint: /content/retinextapetum_hpo/projects/lol_v1/final/hpo_candidate_01_trial_0005_171f3c86dc_seed_3407/run/checkpoints/best.pth
Last checkpoint: /content/retinextapetum_hpo/projects/lol_v1/final/hpo_candidate_01_trial_0005_171f3c86dc_seed_3407/run/checkpoints/last.pth
