DEVICE: cuda
TRAIN_LOW_DIR : /content/drive/MyDrive/TAPETUM/datasets/LOL-v1/Train/Low
TRAIN_HIGH_DIR: /content/drive/MyDrive/TAPETUM/datasets/LOL-v1/Train/Normal
VAL_LOW_DIR   : /content/drive/MyDrive/TAPETUM/datasets/LOL-v1/Val/Low
VAL_HIGH_DIR  : /content/drive/MyDrive/TAPETUM/datasets/LOL-v1/Val/Normal
CKPT_DIR      : /content/retinextapetum_hpo/projects/lol_v1/final/source_profile_baseline_seed_42/run/checkpoints
USE_TRAIN_VAL_SPLIT: True
VAL_RATIO     : 0.1
SPLIT_SEED    : 42
BASE_CHANNELS : 128
BATCH_SIZE    : 2
EPOCHS        : 120
LR            : 0.00046948014087030786
MIN_LR        : 2.12826357198832e-05
W_LPIPS       : 0.08
BEST_METRIC   : psnr
RESUME        : False
RESUME_CKPT   : last.pth
TRAIN_LOG_INTERVAL: 0
VAL_LOG_INTERVAL  : 0
Split manifest: /content/drive/MyDrive/TAPETUM/HyperparameterSearch/lol_v1/split_manifest.json
Train split images: 437
Val split images: 48
[Dataset] /content/drive/MyDrive/TAPETUM/datasets/LOL-v1/Train/Low
Mode: train
Split file_list: yes
Paired samples: 437
[Dataset] /content/drive/MyDrive/TAPETUM/datasets/LOL-v1/Train/Low
Mode: val/test
Split file_list: yes
Paired samples: 48
Train batches: 219
Val batches  : 48
Trainable params: 536,463
Setting up [LPIPS] perceptual loss: trunk [alex], v[0.1], spatial [off]
/usr/local/lib/python3.12/dist-packages/torchvision/models/_utils.py:208: UserWarning: The parameter 'pretrained' is deprecated since 0.13 and may be removed in the future, please use 'weights' instead.
  warnings.warn(
/usr/local/lib/python3.12/dist-packages/torchvision/models/_utils.py:223: UserWarning: Arguments other than a weight enum or `None` for 'weights' are deprecated since 0.13 and may be removed in the future. The current behavior is equivalent to passing `weights=AlexNet_Weights.IMAGENET1K_V1`. You can also use `weights=AlexNet_Weights.DEFAULT` to get the most up-to-date weights.
  warnings.warn(msg)
Downloading: "https://download.pytorch.org/models/alexnet-owt-7be5be79.pth" to /root/.cache/torch/hub/checkpoints/alexnet-owt-7be5be79.pth

  0%|          | 0.00/233M [00:00<?, ?B/s]
  5%|▍         | 10.9M/233M [00:00<00:02, 114MB/s]
 15%|█▌        | 35.8M/233M [00:00<00:01, 199MB/s]
 26%|██▌       | 61.0M/233M [00:00<00:00, 229MB/s]
 37%|███▋      | 86.0M/233M [00:00<00:00, 242MB/s]
 48%|████▊     | 112M/233M [00:00<00:00, 251MB/s] 
 59%|█████▊    | 137M/233M [00:00<00:00, 255MB/s]
 70%|██████▉   | 162M/233M [00:00<00:00, 259MB/s]
 81%|████████  | 188M/233M [00:00<00:00, 261MB/s]
 91%|█████████▏| 213M/233M [00:00<00:00, 260MB/s]
100%|██████████| 233M/233M [00:00<00:00, 247MB/s]
Loading model from: /usr/local/lib/python3.12/dist-packages/lpips/weights/v0.1/alex.pth
LPIPS training loss: enabled (alex, weight=0.08)
Resume disabled: RETINEX_TAPETUM_RESUME=0/config.RESUME_TRAINING=False

===== TRAIN START =====

Epoch 001/120 train start
Epoch 001/120 validation start
Epoch 001 | train_loss 0.5884 | val_loss 0.4719 | val_psnr 16.27 | val_lpips 0.3905 | val_lpips_full 0.4614 | edge 0.0362 | dark_noise 0.0135 | chroma 0.1022 | decomp 0.1527 | smooth_enh 0.0096 | lambda_mean 1.1068 | lambda_min 0.6630 | lambda_max 1.2095
Best model updated -> Epoch: 1, psnr: 16.2672, PSNR: 16.2672, LPIPS@loss: 0.3905, LPIPS full: 0.4614

Epoch 002/120 train start
Epoch 002/120 validation start
Epoch 002 | train_loss 0.4427 | val_loss 0.3915 | val_psnr 17.45 | val_lpips 0.2949 | val_lpips_full 0.3927 | edge 0.0354 | dark_noise 0.0135 | chroma 0.1058 | decomp 0.1037 | smooth_enh 0.0179 | lambda_mean 1.1606 | lambda_min 0.5759 | lambda_max 1.3155
Best model updated -> Epoch: 2, psnr: 17.4463, PSNR: 17.4463, LPIPS@loss: 0.2949, LPIPS full: 0.3927

Epoch 003/120 train start
Epoch 003/120 validation start
Epoch 003 | train_loss 0.3995 | val_loss 0.3770 | val_psnr 18.91 | val_lpips 0.2420 | val_lpips_full 0.3408 | edge 0.0349 | dark_noise 0.0135 | chroma 0.1001 | decomp 0.1376 | smooth_enh 0.0220 | lambda_mean 1.1196 | lambda_min 0.5396 | lambda_max 1.3221
Best model updated -> Epoch: 3, psnr: 18.9080, PSNR: 18.9080, LPIPS@loss: 0.2420, LPIPS full: 0.3408

Epoch 004/120 train start
Epoch 004/120 validation start
Epoch 004 | train_loss 0.3839 | val_loss 0.3536 | val_psnr 19.20 | val_lpips 0.2212 | val_lpips_full 0.3068 | edge 0.0344 | dark_noise 0.0134 | chroma 0.0916 | decomp 0.1285 | smooth_enh 0.0223 | lambda_mean 1.1191 | lambda_min 0.5790 | lambda_max 1.3177
Best model updated -> Epoch: 4, psnr: 19.2014, PSNR: 19.2014, LPIPS@loss: 0.2212, LPIPS full: 0.3068

Epoch 005/120 train start
Epoch 005/120 validation start
Epoch 005 | train_loss 0.3715 | val_loss 0.3614 | val_psnr 17.45 | val_lpips 0.2286 | val_lpips_full 0.3024 | edge 0.0338 | dark_noise 0.0134 | chroma 0.0876 | decomp 0.0842 | smooth_enh 0.0194 | lambda_mean 1.1808 | lambda_min 0.6347 | lambda_max 1.3367

Epoch 006/120 train start
Epoch 006/120 validation start
Epoch 006 | train_loss 0.3669 | val_loss 0.3475 | val_psnr 18.31 | val_lpips 0.2260 | val_lpips_full 0.2982 | edge 0.0335 | dark_noise 0.0134 | chroma 0.1012 | decomp 0.0931 | smooth_enh 0.0206 | lambda_mean 1.1657 | lambda_min 0.6075 | lambda_max 1.3346

Epoch 007/120 train start
Epoch 007/120 validation start
Epoch 007 | train_loss 0.3600 | val_loss 0.3433 | val_psnr 19.81 | val_lpips 0.2007 | val_lpips_full 0.2663 | edge 0.0332 | dark_noise 0.0134 | chroma 0.0871 | decomp 0.1310 | smooth_enh 0.0216 | lambda_mean 1.1229 | lambda_min 0.5736 | lambda_max 1.3215
Best model updated -> Epoch: 7, psnr: 19.8124, PSNR: 19.8124, LPIPS@loss: 0.2007, LPIPS full: 0.2663

Epoch 008/120 train start
Epoch 008/120 validation start
Epoch 008 | train_loss 0.3550 | val_loss 0.3341 | val_psnr 20.19 | val_lpips 0.1882 | val_lpips_full 0.2542 | edge 0.0334 | dark_noise 0.0135 | chroma 0.0853 | decomp 0.1268 | smooth_enh 0.0240 | lambda_mean 1.1257 | lambda_min 0.5467 | lambda_max 1.3385
Best model updated -> Epoch: 8, psnr: 20.1917, PSNR: 20.1917, LPIPS@loss: 0.1882, LPIPS full: 0.2542

Epoch 009/120 train start
Epoch 009/120 validation start
Epoch 009 | train_loss 0.3472 | val_loss 0.3336 | val_psnr 19.56 | val_lpips 0.1814 | val_lpips_full 0.2458 | edge 0.0331 | dark_noise 0.0136 | chroma 0.0880 | decomp 0.1147 | smooth_enh 0.0235 | lambda_mean 1.1430 | lambda_min 0.5564 | lambda_max 1.3390

Epoch 010/120 train start
Epoch 010/120 validation start
Epoch 010 | train_loss 0.3483 | val_loss 0.3255 | val_psnr 20.06 | val_lpips 0.1694 | val_lpips_full 0.2287 | edge 0.0327 | dark_noise 0.0134 | chroma 0.0769 | decomp 0.1197 | smooth_enh 0.0223 | lambda_mean 1.1284 | lambda_min 0.5524 | lambda_max 1.3282

Epoch 011/120 train start
Epoch 011/120 validation start
Epoch 011 | train_loss 0.3451 | val_loss 0.3282 | val_psnr 19.43 | val_lpips 0.1718 | val_lpips_full 0.2319 | edge 0.0331 | dark_noise 0.0134 | chroma 0.0788 | decomp 0.1044 | smooth_enh 0.0241 | lambda_mean 1.1541 | lambda_min 0.5439 | lambda_max 1.3429

Epoch 012/120 train start
Epoch 012/120 validation start
Epoch 012 | train_loss 0.3387 | val_loss 0.3169 | val_psnr 19.53 | val_lpips 0.1664 | val_lpips_full 0.2215 | edge 0.0327 | dark_noise 0.0134 | chroma 0.0764 | decomp 0.0961 | smooth_enh 0.0232 | lambda_mean 1.1599 | lambda_min 0.5323 | lambda_max 1.3467

Epoch 013/120 train start
Epoch 013/120 validation start
Epoch 013 | train_loss 0.3383 | val_loss 0.3244 | val_psnr 20.08 | val_lpips 0.1628 | val_lpips_full 0.2163 | edge 0.0322 | dark_noise 0.0135 | chroma 0.0852 | decomp 0.1221 | smooth_enh 0.0233 | lambda_mean 1.1330 | lambda_min 0.5161 | lambda_max 1.3404

Epoch 014/120 train start
Epoch 014/120 validation start
Epoch 014 | train_loss 0.3358 | val_loss 0.3239 | val_psnr 20.68 | val_lpips 0.1480 | val_lpips_full 0.2000 | edge 0.0326 | dark_noise 0.0135 | chroma 0.0754 | decomp 0.1323 | smooth_enh 0.0253 | lambda_mean 1.1187 | lambda_min 0.4794 | lambda_max 1.3410
Best model updated -> Epoch: 14, psnr: 20.6844, PSNR: 20.6844, LPIPS@loss: 0.1480, LPIPS full: 0.2000

Epoch 015/120 train start
Epoch 015/120 validation start
Epoch 015 | train_loss 0.3354 | val_loss 0.3225 | val_psnr 19.91 | val_lpips 0.1586 | val_lpips_full 0.2131 | edge 0.0320 | dark_noise 0.0135 | chroma 0.0797 | decomp 0.1122 | smooth_enh 0.0231 | lambda_mean 1.1439 | lambda_min 0.5113 | lambda_max 1.3484

Epoch 016/120 train start
Epoch 016/120 validation start
Epoch 016 | train_loss 0.3286 | val_loss 0.3157 | val_psnr 19.92 | val_lpips 0.1576 | val_lpips_full 0.2114 | edge 0.0318 | dark_noise 0.0135 | chroma 0.0842 | decomp 0.1099 | smooth_enh 0.0235 | lambda_mean 1.1445 | lambda_min 0.5142 | lambda_max 1.3464

Epoch 017/120 train start
Epoch 017/120 validation start
Epoch 017 | train_loss 0.3335 | val_loss 0.3149 | val_psnr 20.50 | val_lpips 0.1490 | val_lpips_full 0.2020 | edge 0.0314 | dark_noise 0.0134 | chroma 0.0784 | decomp 0.1207 | smooth_enh 0.0230 | lambda_mean 1.1294 | lambda_min 0.5020 | lambda_max 1.3456

Epoch 018/120 train start
Epoch 018/120 validation start
Epoch 018 | train_loss 0.3339 | val_loss 0.3193 | val_psnr 19.90 | val_lpips 0.1450 | val_lpips_full 0.1947 | edge 0.0311 | dark_noise 0.0134 | chroma 0.0736 | decomp 0.1143 | smooth_enh 0.0223 | lambda_mean 1.1444 | lambda_min 0.5459 | lambda_max 1.3449

Epoch 019/120 train start
Epoch 019/120 validation start
Epoch 019 | train_loss 0.3267 | val_loss 0.3078 | val_psnr 19.80 | val_lpips 0.1453 | val_lpips_full 0.1931 | edge 0.0311 | dark_noise 0.0134 | chroma 0.0751 | decomp 0.0987 | smooth_enh 0.0224 | lambda_mean 1.1560 | lambda_min 0.5316 | lambda_max 1.3464

Epoch 020/120 train start
Epoch 020/120 validation start
Epoch 020 | train_loss 0.3223 | val_loss 0.3079 | val_psnr 20.55 | val_lpips 0.1358 | val_lpips_full 0.1834 | edge 0.0309 | dark_noise 0.0134 | chroma 0.0724 | decomp 0.1167 | smooth_enh 0.0231 | lambda_mean 1.1354 | lambda_min 0.5125 | lambda_max 1.3436

Epoch 021/120 train start
Epoch 021/120 validation start
Epoch 021 | train_loss 0.3238 | val_loss 0.3016 | val_psnr 20.46 | val_lpips 0.1395 | val_lpips_full 0.1856 | edge 0.0305 | dark_noise 0.0134 | chroma 0.0738 | decomp 0.1067 | smooth_enh 0.0217 | lambda_mean 1.1448 | lambda_min 0.5342 | lambda_max 1.3471

Epoch 022/120 train start
Epoch 022/120 validation start
Epoch 022 | train_loss 0.3264 | val_loss 0.3043 | val_psnr 20.57 | val_lpips 0.1347 | val_lpips_full 0.1809 | edge 0.0309 | dark_noise 0.0135 | chroma 0.0736 | decomp 0.1115 | smooth_enh 0.0233 | lambda_mean 1.1455 | lambda_min 0.5144 | lambda_max 1.3456

Epoch 023/120 train start
Epoch 023/120 validation start
Epoch 023 | train_loss 0.3226 | val_loss 0.3264 | val_psnr 18.62 | val_lpips 0.1558 | val_lpips_full 0.2040 | edge 0.0308 | dark_noise 0.0135 | chroma 0.0764 | decomp 0.0869 | smooth_enh 0.0201 | lambda_mean 1.1785 | lambda_min 0.5704 | lambda_max 1.3482

Epoch 024/120 train start
Epoch 024/120 validation start
Epoch 024 | train_loss 0.3238 | val_loss 0.3193 | val_psnr 19.29 | val_lpips 0.1570 | val_lpips_full 0.2072 | edge 0.0311 | dark_noise 0.0136 | chroma 0.0882 | decomp 0.0957 | smooth_enh 0.0229 | lambda_mean 1.1633 | lambda_min 0.5399 | lambda_max 1.3496

Epoch 025/120 train start
Epoch 025/120 validation start
Epoch 025 | train_loss 0.3253 | val_loss 0.3083 | val_psnr 20.19 | val_lpips 0.1356 | val_lpips_full 0.1835 | edge 0.0303 | dark_noise 0.0135 | chroma 0.0813 | decomp 0.1108 | smooth_enh 0.0215 | lambda_mean 1.1429 | lambda_min 0.5550 | lambda_max 1.3444

Epoch 026/120 train start
Epoch 026/120 validation start
Epoch 026 | train_loss 0.3194 | val_loss 0.3049 | val_psnr 20.62 | val_lpips 0.1313 | val_lpips_full 0.1765 | edge 0.0303 | dark_noise 0.0134 | chroma 0.0724 | decomp 0.1154 | smooth_enh 0.0225 | lambda_mean 1.1384 | lambda_min 0.5335 | lambda_max 1.3355

Epoch 027/120 train start
Epoch 027/120 validation start
Epoch 027 | train_loss 0.3203 | val_loss 0.3008 | val_psnr 21.09 | val_lpips 0.1330 | val_lpips_full 0.1811 | edge 0.0300 | dark_noise 0.0135 | chroma 0.0760 | decomp 0.1225 | smooth_enh 0.0222 | lambda_mean 1.1219 | lambda_min 0.5105 | lambda_max 1.3452
Best model updated -> Epoch: 27, psnr: 21.0905, PSNR: 21.0905, LPIPS@loss: 0.1330, LPIPS full: 0.1811

Epoch 028/120 train start
Epoch 028/120 validation start
Epoch 028 | train_loss 0.3164 | val_loss 0.2992 | val_psnr 20.95 | val_lpips 0.1255 | val_lpips_full 0.1705 | edge 0.0300 | dark_noise 0.0134 | chroma 0.0707 | decomp 0.1172 | smooth_enh 0.0225 | lambda_mean 1.1336 | lambda_min 0.5262 | lambda_max 1.3440

Epoch 029/120 train start
Epoch 029/120 validation start
Epoch 029 | train_loss 0.3235 | val_loss 0.3068 | val_psnr 19.98 | val_lpips 0.1289 | val_lpips_full 0.1732 | edge 0.0303 | dark_noise 0.0135 | chroma 0.0732 | decomp 0.1030 | smooth_enh 0.0225 | lambda_mean 1.1553 | lambda_min 0.5175 | lambda_max 1.3429

Epoch 030/120 train start
Epoch 030/120 validation start
Epoch 030 | train_loss 0.3156 | val_loss 0.3035 | val_psnr 20.83 | val_lpips 0.1302 | val_lpips_full 0.1729 | edge 0.0299 | dark_noise 0.0133 | chroma 0.0736 | decomp 0.1206 | smooth_enh 0.0223 | lambda_mean 1.1334 | lambda_min 0.5286 | lambda_max 1.3433

Epoch 031/120 train start
Epoch 031/120 validation start
Epoch 031 | train_loss 0.3127 | val_loss 0.3095 | val_psnr 19.37 | val_lpips 0.1407 | val_lpips_full 0.1867 | edge 0.0300 | dark_noise 0.0134 | chroma 0.0846 | decomp 0.0925 | smooth_enh 0.0209 | lambda_mean 1.1688 | lambda_min 0.5658 | lambda_max 1.3445

Epoch 032/120 train start
Epoch 032/120 validation start
Epoch 032 | train_loss 0.3150 | val_loss 0.3009 | val_psnr 20.66 | val_lpips 0.1257 | val_lpips_full 0.1722 | edge 0.0297 | dark_noise 0.0134 | chroma 0.0742 | decomp 0.1127 | smooth_enh 0.0219 | lambda_mean 1.1409 | lambda_min 0.5430 | lambda_max 1.3477

Epoch 033/120 train start
Epoch 033/120 validation start
Epoch 033 | train_loss 0.3171 | val_loss 0.2984 | val_psnr 20.87 | val_lpips 0.1174 | val_lpips_full 0.1632 | edge 0.0296 | dark_noise 0.0134 | chroma 0.0690 | decomp 0.1144 | smooth_enh 0.0221 | lambda_mean 1.1394 | lambda_min 0.5390 | lambda_max 1.3437

Epoch 034/120 train start
Epoch 034/120 validation start
Epoch 034 | train_loss 0.3111 | val_loss 0.2942 | val_psnr 20.79 | val_lpips 0.1169 | val_lpips_full 0.1609 | edge 0.0298 | dark_noise 0.0134 | chroma 0.0669 | decomp 0.1073 | smooth_enh 0.0231 | lambda_mean 1.1419 | lambda_min 0.5205 | lambda_max 1.3463

Epoch 035/120 train start
Epoch 035/120 validation start
Epoch 035 | train_loss 0.3145 | val_loss 0.2996 | val_psnr 20.67 | val_lpips 0.1189 | val_lpips_full 0.1631 | edge 0.0296 | dark_noise 0.0133 | chroma 0.0702 | decomp 0.1140 | smooth_enh 0.0223 | lambda_mean 1.1370 | lambda_min 0.5445 | lambda_max 1.3435

Epoch 036/120 train start
Epoch 036/120 validation start
Epoch 036 | train_loss 0.3080 | val_loss 0.2969 | val_psnr 20.58 | val_lpips 0.1162 | val_lpips_full 0.1645 | edge 0.0294 | dark_noise 0.0135 | chroma 0.0688 | decomp 0.1064 | smooth_enh 0.0211 | lambda_mean 1.1481 | lambda_min 0.5524 | lambda_max 1.3453

Epoch 037/120 train start
Epoch 037/120 validation start
Epoch 037 | train_loss 0.3100 | val_loss 0.3047 | val_psnr 19.47 | val_lpips 0.1234 | val_lpips_full 0.1691 | edge 0.0296 | dark_noise 0.0134 | chroma 0.0689 | decomp 0.0926 | smooth_enh 0.0214 | lambda_mean 1.1668 | lambda_min 0.5626 | lambda_max 1.3458

Epoch 038/120 train start
Epoch 038/120 validation start
Epoch 038 | train_loss 0.3067 | val_loss 0.2961 | val_psnr 21.33 | val_lpips 0.1074 | val_lpips_full 0.1527 | edge 0.0291 | dark_noise 0.0133 | chroma 0.0661 | decomp 0.1237 | smooth_enh 0.0215 | lambda_mean 1.1216 | lambda_min 0.5319 | lambda_max 1.3423
Best model updated -> Epoch: 38, psnr: 21.3325, PSNR: 21.3325, LPIPS@loss: 0.1074, LPIPS full: 0.1527

Epoch 039/120 train start
Epoch 039/120 validation start
Epoch 039 | train_loss 0.3074 | val_loss 0.2962 | val_psnr 21.09 | val_lpips 0.1132 | val_lpips_full 0.1574 | edge 0.0292 | dark_noise 0.0132 | chroma 0.0686 | decomp 0.1190 | smooth_enh 0.0220 | lambda_mean 1.1275 | lambda_min 0.5100 | lambda_max 1.3443

Epoch 040/120 train start
Epoch 040/120 validation start
Epoch 040 | train_loss 0.3048 | val_loss 0.3021 | val_psnr 19.46 | val_lpips 0.1229 | val_lpips_full 0.1695 | edge 0.0302 | dark_noise 0.0134 | chroma 0.0664 | decomp 0.0885 | smooth_enh 0.0230 | lambda_mean 1.1697 | lambda_min 0.5541 | lambda_max 1.3473

Epoch 041/120 train start
Epoch 041/120 validation start
Epoch 041 | train_loss 0.3057 | val_loss 0.2999 | val_psnr 21.18 | val_lpips 0.1099 | val_lpips_full 0.1521 | edge 0.0295 | dark_noise 0.0133 | chroma 0.0682 | decomp 0.1264 | smooth_enh 0.0234 | lambda_mean 1.1198 | lambda_min 0.5092 | lambda_max 1.3452

Epoch 042/120 train start
Epoch 042/120 validation start
Epoch 042 | train_loss 0.3080 | val_loss 0.3004 | val_psnr 19.88 | val_lpips 0.1173 | val_lpips_full 0.1601 | edge 0.0297 | dark_noise 0.0133 | chroma 0.0664 | decomp 0.0977 | smooth_enh 0.0218 | lambda_mean 1.1613 | lambda_min 0.5670 | lambda_max 1.3471

Epoch 043/120 train start
Epoch 043/120 validation start
Epoch 043 | train_loss 0.3070 | val_loss 0.2938 | val_psnr 20.90 | val_lpips 0.1099 | val_lpips_full 0.1519 | edge 0.0291 | dark_noise 0.0133 | chroma 0.0662 | decomp 0.1124 | smooth_enh 0.0219 | lambda_mean 1.1392 | lambda_min 0.5294 | lambda_max 1.3442

Epoch 044/120 train start
Epoch 044/120 validation start
Epoch 044 | train_loss 0.3049 | val_loss 0.2942 | val_psnr 20.54 | val_lpips 0.1133 | val_lpips_full 0.1573 | edge 0.0293 | dark_noise 0.0134 | chroma 0.0655 | decomp 0.1035 | smooth_enh 0.0220 | lambda_mean 1.1484 | lambda_min 0.5474 | lambda_max 1.3462

Epoch 045/120 train start
Epoch 045/120 validation start
Epoch 045 | train_loss 0.3098 | val_loss 0.2924 | val_psnr 20.37 | val_lpips 0.1099 | val_lpips_full 0.1529 | edge 0.0296 | dark_noise 0.0134 | chroma 0.0651 | decomp 0.0991 | smooth_enh 0.0231 | lambda_mean 1.1551 | lambda_min 0.5304 | lambda_max 1.3462

Epoch 046/120 train start
Epoch 046/120 validation start
Epoch 046 | train_loss 0.3044 | val_loss 0.3022 | val_psnr 19.21 | val_lpips 0.1234 | val_lpips_full 0.1662 | edge 0.0294 | dark_noise 0.0132 | chroma 0.0677 | decomp 0.0842 | smooth_enh 0.0212 | lambda_mean 1.1741 | lambda_min 0.5667 | lambda_max 1.3467

Epoch 047/120 train start
Epoch 047/120 validation start
Epoch 047 | train_loss 0.3066 | val_loss 0.2925 | val_psnr 21.29 | val_lpips 0.1041 | val_lpips_full 0.1458 | edge 0.0290 | dark_noise 0.0133 | chroma 0.0639 | decomp 0.1176 | smooth_enh 0.0221 | lambda_mean 1.1300 | lambda_min 0.5276 | lambda_max 1.3437

Epoch 048/120 train start
Epoch 048/120 validation start
Epoch 048 | train_loss 0.3056 | val_loss 0.2873 | val_psnr 21.11 | val_lpips 0.1041 | val_lpips_full 0.1482 | edge 0.0290 | dark_noise 0.0133 | chroma 0.0634 | decomp 0.1095 | smooth_enh 0.0221 | lambda_mean 1.1376 | lambda_min 0.5261 | lambda_max 1.3460

Epoch 049/120 train start
Epoch 049/120 validation start
Epoch 049 | train_loss 0.3022 | val_loss 0.2917 | val_psnr 20.86 | val_lpips 0.1066 | val_lpips_full 0.1516 | edge 0.0289 | dark_noise 0.0133 | chroma 0.0634 | decomp 0.1056 | smooth_enh 0.0211 | lambda_mean 1.1475 | lambda_min 0.5397 | lambda_max 1.3442

Epoch 050/120 train start
Epoch 050/120 validation start
Epoch 050 | train_loss 0.2999 | val_loss 0.2934 | val_psnr 20.84 | val_lpips 0.1046 | val_lpips_full 0.1490 | edge 0.0294 | dark_noise 0.0134 | chroma 0.0635 | decomp 0.1101 | smooth_enh 0.0235 | lambda_mean 1.1398 | lambda_min 0.5188 | lambda_max 1.3468

Epoch 051/120 train start
Epoch 051/120 validation start
Epoch 051 | train_loss 0.2999 | val_loss 0.2898 | val_psnr 20.77 | val_lpips 0.1079 | val_lpips_full 0.1529 | edge 0.0288 | dark_noise 0.0132 | chroma 0.0633 | decomp 0.1058 | smooth_enh 0.0213 | lambda_mean 1.1419 | lambda_min 0.5457 | lambda_max 1.3472

Epoch 052/120 train start
Epoch 052/120 validation start
Epoch 052 | train_loss 0.3039 | val_loss 0.2920 | val_psnr 21.07 | val_lpips 0.1055 | val_lpips_full 0.1517 | edge 0.0300 | dark_noise 0.0134 | chroma 0.0655 | decomp 0.1134 | smooth_enh 0.0249 | lambda_mean 1.1352 | lambda_min 0.5012 | lambda_max 1.3455

Epoch 053/120 train start
Epoch 053/120 validation start
Epoch 053 | train_loss 0.2998 | val_loss 0.2935 | val_psnr 20.96 | val_lpips 0.1062 | val_lpips_full 0.1532 | edge 0.0288 | dark_noise 0.0133 | chroma 0.0643 | decomp 0.1133 | smooth_enh 0.0212 | lambda_mean 1.1362 | lambda_min 0.5465 | lambda_max 1.3456

Epoch 054/120 train start
Epoch 054/120 validation start
Epoch 054 | train_loss 0.3013 | val_loss 0.2900 | val_psnr 21.16 | val_lpips 0.1028 | val_lpips_full 0.1476 | edge 0.0286 | dark_noise 0.0132 | chroma 0.0623 | decomp 0.1130 | smooth_enh 0.0206 | lambda_mean 1.1351 | lambda_min 0.5408 | lambda_max 1.3432

Epoch 055/120 train start
Epoch 055/120 validation start
Epoch 055 | train_loss 0.3011 | val_loss 0.2886 | val_psnr 20.81 | val_lpips 0.1043 | val_lpips_full 0.1458 | edge 0.0288 | dark_noise 0.0132 | chroma 0.0627 | decomp 0.1066 | smooth_enh 0.0218 | lambda_mean 1.1433 | lambda_min 0.5407 | lambda_max 1.3462

Epoch 056/120 train start
Epoch 056/120 validation start
Epoch 056 | train_loss 0.3018 | val_loss 0.2901 | val_psnr 20.34 | val_lpips 0.1059 | val_lpips_full 0.1505 | edge 0.0287 | dark_noise 0.0132 | chroma 0.0630 | decomp 0.0985 | smooth_enh 0.0209 | lambda_mean 1.1539 | lambda_min 0.5527 | lambda_max 1.3457

Epoch 057/120 train start
Epoch 057/120 validation start
Epoch 057 | train_loss 0.2997 | val_loss 0.2890 | val_psnr 21.05 | val_lpips 0.1041 | val_lpips_full 0.1465 | edge 0.0289 | dark_noise 0.0132 | chroma 0.0623 | decomp 0.1123 | smooth_enh 0.0218 | lambda_mean 1.1360 | lambda_min 0.5388 | lambda_max 1.3459

Epoch 058/120 train start
Epoch 058/120 validation start
Epoch 058 | train_loss 0.3059 | val_loss 0.2875 | val_psnr 20.95 | val_lpips 0.1026 | val_lpips_full 0.1454 | edge 0.0290 | dark_noise 0.0133 | chroma 0.0626 | decomp 0.1074 | smooth_enh 0.0227 | lambda_mean 1.1429 | lambda_min 0.5266 | lambda_max 1.3457

Epoch 059/120 train start
Epoch 059/120 validation start
Epoch 059 | train_loss 0.2954 | val_loss 0.2891 | val_psnr 20.91 | val_lpips 0.1030 | val_lpips_full 0.1439 | edge 0.0295 | dark_noise 0.0133 | chroma 0.0633 | decomp 0.1078 | smooth_enh 0.0235 | lambda_mean 1.1434 | lambda_min 0.5255 | lambda_max 1.3454

Epoch 060/120 train start
Epoch 060/120 validation start
Epoch 060 | train_loss 0.3003 | val_loss 0.2870 | val_psnr 20.98 | val_lpips 0.1040 | val_lpips_full 0.1443 | edge 0.0288 | dark_noise 0.0132 | chroma 0.0644 | decomp 0.1078 | smooth_enh 0.0220 | lambda_mean 1.1422 | lambda_min 0.5397 | lambda_max 1.3469

Epoch 061/120 train start
Epoch 061/120 validation start
Epoch 061 | train_loss 0.3032 | val_loss 0.2895 | val_psnr 20.51 | val_lpips 0.1051 | val_lpips_full 0.1490 | edge 0.0291 | dark_noise 0.0133 | chroma 0.0622 | decomp 0.0983 | smooth_enh 0.0227 | lambda_mean 1.1553 | lambda_min 0.5404 | lambda_max 1.3472

Epoch 062/120 train start
Epoch 062/120 validation start
Epoch 062 | train_loss 0.2968 | val_loss 0.2951 | val_psnr 20.59 | val_lpips 0.1077 | val_lpips_full 0.1509 | edge 0.0290 | dark_noise 0.0133 | chroma 0.0621 | decomp 0.1042 | smooth_enh 0.0221 | lambda_mean 1.1465 | lambda_min 0.5372 | lambda_max 1.3484

Epoch 063/120 train start
Epoch 063/120 validation start
Epoch 063 | train_loss 0.2974 | val_loss 0.2912 | val_psnr 21.21 | val_lpips 0.1017 | val_lpips_full 0.1445 | edge 0.0287 | dark_noise 0.0133 | chroma 0.0619 | decomp 0.1155 | smooth_enh 0.0220 | lambda_mean 1.1348 | lambda_min 0.5238 | lambda_max 1.3463

Epoch 064/120 train start
Epoch 064/120 validation start
Epoch 064 | train_loss 0.2981 | val_loss 0.2879 | val_psnr 20.49 | val_lpips 0.1025 | val_lpips_full 0.1463 | edge 0.0286 | dark_noise 0.0132 | chroma 0.0612 | decomp 0.0989 | smooth_enh 0.0210 | lambda_mean 1.1524 | lambda_min 0.5467 | lambda_max 1.3470

Epoch 065/120 train start
Epoch 065/120 validation start
Epoch 065 | train_loss 0.2928 | val_loss 0.2903 | val_psnr 21.16 | val_lpips 0.0989 | val_lpips_full 0.1398 | edge 0.0288 | dark_noise 0.0132 | chroma 0.0616 | decomp 0.1152 | smooth_enh 0.0223 | lambda_mean 1.1389 | lambda_min 0.5330 | lambda_max 1.3449

Epoch 066/120 train start
Epoch 066/120 validation start
Epoch 066 | train_loss 0.3026 | val_loss 0.2912 | val_psnr 20.91 | val_lpips 0.1023 | val_lpips_full 0.1420 | edge 0.0288 | dark_noise 0.0132 | chroma 0.0610 | decomp 0.1120 | smooth_enh 0.0222 | lambda_mean 1.1358 | lambda_min 0.5362 | lambda_max 1.3465

Epoch 067/120 train start
Epoch 067/120 validation start
Epoch 067 | train_loss 0.2993 | val_loss 0.2865 | val_psnr 20.58 | val_lpips 0.1024 | val_lpips_full 0.1434 | edge 0.0288 | dark_noise 0.0132 | chroma 0.0639 | decomp 0.0998 | smooth_enh 0.0219 | lambda_mean 1.1517 | lambda_min 0.5356 | lambda_max 1.3473

Epoch 068/120 train start
Epoch 068/120 validation start
Epoch 068 | train_loss 0.2947 | val_loss 0.2856 | val_psnr 21.27 | val_lpips 0.0989 | val_lpips_full 0.1449 | edge 0.0285 | dark_noise 0.0132 | chroma 0.0609 | decomp 0.1119 | smooth_enh 0.0213 | lambda_mean 1.1351 | lambda_min 0.5364 | lambda_max 1.3470

Epoch 069/120 train start
Epoch 069/120 validation start
Epoch 069 | train_loss 0.2972 | val_loss 0.2898 | val_psnr 20.08 | val_lpips 0.1061 | val_lpips_full 0.1497 | edge 0.0291 | dark_noise 0.0133 | chroma 0.0621 | decomp 0.0922 | smooth_enh 0.0222 | lambda_mean 1.1612 | lambda_min 0.5634 | lambda_max 1.3474

Epoch 070/120 train start
Epoch 070/120 validation start
Epoch 070 | train_loss 0.2964 | val_loss 0.2868 | val_psnr 21.12 | val_lpips 0.1023 | val_lpips_full 0.1455 | edge 0.0287 | dark_noise 0.0133 | chroma 0.0640 | decomp 0.1109 | smooth_enh 0.0221 | lambda_mean 1.1384 | lambda_min 0.5318 | lambda_max 1.3467

Epoch 071/120 train start
Epoch 071/120 validation start
Epoch 071 | train_loss 0.2954 | val_loss 0.2848 | val_psnr 21.09 | val_lpips 0.0975 | val_lpips_full 0.1389 | edge 0.0287 | dark_noise 0.0132 | chroma 0.0592 | decomp 0.1065 | smooth_enh 0.0223 | lambda_mean 1.1430 | lambda_min 0.5274 | lambda_max 1.3461

Epoch 072/120 train start
Epoch 072/120 validation start
Epoch 072 | train_loss 0.2905 | val_loss 0.2837 | val_psnr 21.07 | val_lpips 0.0989 | val_lpips_full 0.1385 | edge 0.0288 | dark_noise 0.0132 | chroma 0.0595 | decomp 0.1055 | smooth_enh 0.0224 | lambda_mean 1.1432 | lambda_min 0.5291 | lambda_max 1.3461

Epoch 073/120 train start
Epoch 073/120 validation start
Epoch 073 | train_loss 0.2941 | val_loss 0.2848 | val_psnr 21.40 | val_lpips 0.0952 | val_lpips_full 0.1371 | edge 0.0285 | dark_noise 0.0132 | chroma 0.0613 | decomp 0.1127 | smooth_enh 0.0216 | lambda_mean 1.1330 | lambda_min 0.5249 | lambda_max 1.3441
Best model updated -> Epoch: 73, psnr: 21.4020, PSNR: 21.4020, LPIPS@loss: 0.0952, LPIPS full: 0.1371

Epoch 074/120 train start
Epoch 074/120 validation start
Epoch 074 | train_loss 0.2942 | val_loss 0.2842 | val_psnr 20.78 | val_lpips 0.1008 | val_lpips_full 0.1441 | edge 0.0287 | dark_noise 0.0132 | chroma 0.0620 | decomp 0.1023 | smooth_enh 0.0215 | lambda_mean 1.1453 | lambda_min 0.5461 | lambda_max 1.3460

Epoch 075/120 train start
Epoch 075/120 validation start
Epoch 075 | train_loss 0.2920 | val_loss 0.2871 | val_psnr 20.32 | val_lpips 0.1028 | val_lpips_full 0.1425 | edge 0.0288 | dark_noise 0.0132 | chroma 0.0619 | decomp 0.0948 | smooth_enh 0.0213 | lambda_mean 1.1585 | lambda_min 0.5517 | lambda_max 1.3466

Epoch 076/120 train start
Epoch 076/120 validation start
Epoch 076 | train_loss 0.2917 | val_loss 0.2971 | val_psnr 19.91 | val_lpips 0.1073 | val_lpips_full 0.1500 | edge 0.0290 | dark_noise 0.0133 | chroma 0.0616 | decomp 0.0936 | smooth_enh 0.0221 | lambda_mean 1.1609 | lambda_min 0.5513 | lambda_max 1.3481

Epoch 077/120 train start
Epoch 077/120 validation start
Epoch 077 | train_loss 0.2936 | val_loss 0.2860 | val_psnr 20.57 | val_lpips 0.0995 | val_lpips_full 0.1417 | edge 0.0289 | dark_noise 0.0132 | chroma 0.0601 | decomp 0.0988 | smooth_enh 0.0224 | lambda_mean 1.1521 | lambda_min 0.5390 | lambda_max 1.3471

Epoch 078/120 train start
Epoch 078/120 validation start
Epoch 078 | train_loss 0.2911 | val_loss 0.2827 | val_psnr 21.06 | val_lpips 0.0971 | val_lpips_full 0.1399 | edge 0.0285 | dark_noise 0.0132 | chroma 0.0596 | decomp 0.1055 | smooth_enh 0.0216 | lambda_mean 1.1428 | lambda_min 0.5437 | lambda_max 1.3467

Epoch 079/120 train start
Epoch 079/120 validation start
Epoch 079 | train_loss 0.2923 | val_loss 0.2845 | val_psnr 20.87 | val_lpips 0.0981 | val_lpips_full 0.1396 | edge 0.0287 | dark_noise 0.0132 | chroma 0.0615 | decomp 0.1031 | smooth_enh 0.0222 | lambda_mean 1.1449 | lambda_min 0.5359 | lambda_max 1.3462

Epoch 080/120 train start
Epoch 080/120 validation start
Epoch 080 | train_loss 0.2929 | val_loss 0.2836 | val_psnr 21.42 | val_lpips 0.0951 | val_lpips_full 0.1374 | edge 0.0284 | dark_noise 0.0132 | chroma 0.0600 | decomp 0.1135 | smooth_enh 0.0213 | lambda_mean 1.1311 | lambda_min 0.5290 | lambda_max 1.3452
Best model updated -> Epoch: 80, psnr: 21.4169, PSNR: 21.4169, LPIPS@loss: 0.0951, LPIPS full: 0.1374

Epoch 081/120 train start
Epoch 081/120 validation start
Epoch 081 | train_loss 0.2960 | val_loss 0.2825 | val_psnr 21.24 | val_lpips 0.0949 | val_lpips_full 0.1348 | edge 0.0287 | dark_noise 0.0131 | chroma 0.0587 | decomp 0.1077 | smooth_enh 0.0227 | lambda_mean 1.1393 | lambda_min 0.5211 | lambda_max 1.3463

Epoch 082/120 train start
Epoch 082/120 validation start
Epoch 082 | train_loss 0.2903 | val_loss 0.2843 | val_psnr 20.61 | val_lpips 0.0987 | val_lpips_full 0.1398 | edge 0.0286 | dark_noise 0.0131 | chroma 0.0590 | decomp 0.0985 | smooth_enh 0.0215 | lambda_mean 1.1525 | lambda_min 0.5493 | lambda_max 1.3463

Epoch 083/120 train start
Epoch 083/120 validation start
Epoch 083 | train_loss 0.2946 | val_loss 0.2855 | val_psnr 21.61 | val_lpips 0.0919 | val_lpips_full 0.1327 | edge 0.0285 | dark_noise 0.0131 | chroma 0.0583 | decomp 0.1192 | smooth_enh 0.0224 | lambda_mean 1.1238 | lambda_min 0.5159 | lambda_max 1.3442
Best model updated -> Epoch: 83, psnr: 21.6086, PSNR: 21.6086, LPIPS@loss: 0.0919, LPIPS full: 0.1327

Epoch 084/120 train start
Epoch 084/120 validation start
Epoch 084 | train_loss 0.2923 | val_loss 0.2826 | val_psnr 20.78 | val_lpips 0.0983 | val_lpips_full 0.1381 | edge 0.0287 | dark_noise 0.0131 | chroma 0.0593 | decomp 0.0994 | smooth_enh 0.0222 | lambda_mean 1.1508 | lambda_min 0.5408 | lambda_max 1.3466

Epoch 085/120 train start
Epoch 085/120 validation start
Epoch 085 | train_loss 0.2909 | val_loss 0.2826 | val_psnr 20.93 | val_lpips 0.0980 | val_lpips_full 0.1378 | edge 0.0287 | dark_noise 0.0132 | chroma 0.0603 | decomp 0.1041 | smooth_enh 0.0221 | lambda_mean 1.1455 | lambda_min 0.5387 | lambda_max 1.3462

Epoch 086/120 train start
Epoch 086/120 validation start
Epoch 086 | train_loss 0.2892 | val_loss 0.2820 | val_psnr 21.42 | val_lpips 0.0936 | val_lpips_full 0.1348 | edge 0.0285 | dark_noise 0.0132 | chroma 0.0582 | decomp 0.1095 | smooth_enh 0.0219 | lambda_mean 1.1358 | lambda_min 0.5352 | lambda_max 1.3447

Epoch 087/120 train start
Epoch 087/120 validation start
Epoch 087 | train_loss 0.2925 | val_loss 0.2871 | val_psnr 20.28 | val_lpips 0.1024 | val_lpips_full 0.1424 | edge 0.0288 | dark_noise 0.0132 | chroma 0.0592 | decomp 0.0934 | smooth_enh 0.0218 | lambda_mean 1.1591 | lambda_min 0.5575 | lambda_max 1.3474

Epoch 088/120 train start
Epoch 088/120 validation start
Epoch 088 | train_loss 0.2904 | val_loss 0.2871 | val_psnr 21.78 | val_lpips 0.0901 | val_lpips_full 0.1302 | edge 0.0285 | dark_noise 0.0132 | chroma 0.0582 | decomp 0.1246 | smooth_enh 0.0226 | lambda_mean 1.1167 | lambda_min 0.5110 | lambda_max 1.3430
Best model updated -> Epoch: 88, psnr: 21.7802, PSNR: 21.7802, LPIPS@loss: 0.0901, LPIPS full: 0.1302

Epoch 089/120 train start
Epoch 089/120 validation start
Epoch 089 | train_loss 0.2926 | val_loss 0.2843 | val_psnr 20.62 | val_lpips 0.0990 | val_lpips_full 0.1397 | edge 0.0286 | dark_noise 0.0131 | chroma 0.0594 | decomp 0.0970 | smooth_enh 0.0215 | lambda_mean 1.1533 | lambda_min 0.5480 | lambda_max 1.3472

Epoch 090/120 train start
Epoch 090/120 validation start
Epoch 090 | train_loss 0.2908 | val_loss 0.2842 | val_psnr 20.81 | val_lpips 0.0987 | val_lpips_full 0.1397 | edge 0.0288 | dark_noise 0.0132 | chroma 0.0602 | decomp 0.1000 | smooth_enh 0.0226 | lambda_mean 1.1500 | lambda_min 0.5413 | lambda_max 1.3473

Epoch 091/120 train start
Epoch 091/120 validation start
Epoch 091 | train_loss 0.2858 | val_loss 0.2800 | val_psnr 21.25 | val_lpips 0.0939 | val_lpips_full 0.1340 | edge 0.0286 | dark_noise 0.0131 | chroma 0.0577 | decomp 0.1059 | smooth_enh 0.0221 | lambda_mean 1.1413 | lambda_min 0.5358 | lambda_max 1.3461

Epoch 092/120 train start
Epoch 092/120 validation start
Epoch 092 | train_loss 0.2931 | val_loss 0.2821 | val_psnr 21.18 | val_lpips 0.0962 | val_lpips_full 0.1360 | edge 0.0285 | dark_noise 0.0131 | chroma 0.0591 | decomp 0.1056 | smooth_enh 0.0221 | lambda_mean 1.1432 | lambda_min 0.5365 | lambda_max 1.3459

Epoch 093/120 train start
Epoch 093/120 validation start
Epoch 093 | train_loss 0.2890 | val_loss 0.2811 | val_psnr 21.33 | val_lpips 0.0948 | val_lpips_full 0.1377 | edge 0.0285 | dark_noise 0.0132 | chroma 0.0587 | decomp 0.1082 | smooth_enh 0.0217 | lambda_mean 1.1378 | lambda_min 0.5379 | lambda_max 1.3463

Epoch 094/120 train start
Epoch 094/120 validation start
Epoch 094 | train_loss 0.2873 | val_loss 0.2810 | val_psnr 21.35 | val_lpips 0.0936 | val_lpips_full 0.1346 | edge 0.0286 | dark_noise 0.0132 | chroma 0.0580 | decomp 0.1100 | smooth_enh 0.0223 | lambda_mean 1.1362 | lambda_min 0.5304 | lambda_max 1.3466

Epoch 095/120 train start
Epoch 095/120 validation start
Epoch 095 | train_loss 0.2907 | val_loss 0.2806 | val_psnr 21.37 | val_lpips 0.0941 | val_lpips_full 0.1355 | edge 0.0287 | dark_noise 0.0132 | chroma 0.0582 | decomp 0.1096 | smooth_enh 0.0228 | lambda_mean 1.1366 | lambda_min 0.5302 | lambda_max 1.3464

Epoch 096/120 train start
Epoch 096/120 validation start
Epoch 096 | train_loss 0.2884 | val_loss 0.2822 | val_psnr 21.22 | val_lpips 0.0952 | val_lpips_full 0.1372 | edge 0.0286 | dark_noise 0.0133 | chroma 0.0584 | decomp 0.1074 | smooth_enh 0.0224 | lambda_mean 1.1399 | lambda_min 0.5308 | lambda_max 1.3468

Epoch 097/120 train start
Epoch 097/120 validation start
Epoch 097 | train_loss 0.2870 | val_loss 0.2799 | val_psnr 21.22 | val_lpips 0.0933 | val_lpips_full 0.1339 | edge 0.0286 | dark_noise 0.0132 | chroma 0.0584 | decomp 0.1056 | smooth_enh 0.0222 | lambda_mean 1.1412 | lambda_min 0.5385 | lambda_max 1.3460

Epoch 098/120 train start
Epoch 098/120 validation start
Epoch 098 | train_loss 0.2897 | val_loss 0.2805 | val_psnr 21.06 | val_lpips 0.0947 | val_lpips_full 0.1359 | edge 0.0285 | dark_noise 0.0132 | chroma 0.0576 | decomp 0.1039 | smooth_enh 0.0218 | lambda_mean 1.1433 | lambda_min 0.5420 | lambda_max 1.3468

Epoch 099/120 train start
Epoch 099/120 validation start
Epoch 099 | train_loss 0.2896 | val_loss 0.2797 | val_psnr 21.47 | val_lpips 0.0923 | val_lpips_full 0.1333 | edge 0.0285 | dark_noise 0.0132 | chroma 0.0579 | decomp 0.1106 | smooth_enh 0.0221 | lambda_mean 1.1353 | lambda_min 0.5326 | lambda_max 1.3461

Epoch 100/120 train start
Epoch 100/120 validation start
Epoch 100 | train_loss 0.2905 | val_loss 0.2817 | val_psnr 20.80 | val_lpips 0.0968 | val_lpips_full 0.1375 | edge 0.0287 | dark_noise 0.0132 | chroma 0.0578 | decomp 0.0994 | smooth_enh 0.0222 | lambda_mean 1.1497 | lambda_min 0.5461 | lambda_max 1.3468

Epoch 101/120 train start
Epoch 101/120 validation start
Epoch 101 | train_loss 0.2842 | val_loss 0.2801 | val_psnr 20.95 | val_lpips 0.0949 | val_lpips_full 0.1355 | edge 0.0286 | dark_noise 0.0131 | chroma 0.0572 | decomp 0.1008 | smooth_enh 0.0220 | lambda_mean 1.1476 | lambda_min 0.5443 | lambda_max 1.3467

Epoch 102/120 train start
Epoch 102/120 validation start
Epoch 102 | train_loss 0.2869 | val_loss 0.2798 | val_psnr 21.26 | val_lpips 0.0931 | val_lpips_full 0.1330 | edge 0.0286 | dark_noise 0.0132 | chroma 0.0571 | decomp 0.1064 | smooth_enh 0.0225 | lambda_mean 1.1413 | lambda_min 0.5331 | lambda_max 1.3467

Epoch 103/120 train start
Epoch 103/120 validation start
Epoch 103 | train_loss 0.2835 | val_loss 0.2803 | val_psnr 21.31 | val_lpips 0.0929 | val_lpips_full 0.1332 | edge 0.0285 | dark_noise 0.0131 | chroma 0.0578 | decomp 0.1067 | smooth_enh 0.0219 | lambda_mean 1.1400 | lambda_min 0.5390 | lambda_max 1.3455

Epoch 104/120 train start
Epoch 104/120 validation start
Epoch 104 | train_loss 0.2872 | val_loss 0.2801 | val_psnr 21.01 | val_lpips 0.0950 | val_lpips_full 0.1354 | edge 0.0286 | dark_noise 0.0131 | chroma 0.0576 | decomp 0.1007 | smooth_enh 0.0222 | lambda_mean 1.1477 | lambda_min 0.5452 | lambda_max 1.3465

Epoch 105/120 train start
Epoch 105/120 validation start
Epoch 105 | train_loss 0.2866 | val_loss 0.2789 | val_psnr 21.38 | val_lpips 0.0919 | val_lpips_full 0.1325 | edge 0.0285 | dark_noise 0.0131 | chroma 0.0571 | decomp 0.1080 | smooth_enh 0.0222 | lambda_mean 1.1377 | lambda_min 0.5350 | lambda_max 1.3459

Epoch 106/120 train start
Epoch 106/120 validation start
Epoch 106 | train_loss 0.2894 | val_loss 0.2798 | val_psnr 21.44 | val_lpips 0.0917 | val_lpips_full 0.1324 | edge 0.0285 | dark_noise 0.0132 | chroma 0.0572 | decomp 0.1096 | smooth_enh 0.0223 | lambda_mean 1.1360 | lambda_min 0.5336 | lambda_max 1.3460

Epoch 107/120 train start
Epoch 107/120 validation start
Epoch 107 | train_loss 0.2899 | val_loss 0.2792 | val_psnr 21.23 | val_lpips 0.0933 | val_lpips_full 0.1340 | edge 0.0284 | dark_noise 0.0131 | chroma 0.0573 | decomp 0.1055 | smooth_enh 0.0216 | lambda_mean 1.1417 | lambda_min 0.5438 | lambda_max 1.3460

Epoch 108/120 train start
Epoch 108/120 validation start
Epoch 108 | train_loss 0.2845 | val_loss 0.2807 | val_psnr 21.33 | val_lpips 0.0924 | val_lpips_full 0.1321 | edge 0.0286 | dark_noise 0.0131 | chroma 0.0577 | decomp 0.1077 | smooth_enh 0.0223 | lambda_mean 1.1386 | lambda_min 0.5328 | lambda_max 1.3456

Epoch 109/120 train start
Epoch 109/120 validation start
Epoch 109 | train_loss 0.2854 | val_loss 0.2801 | val_psnr 20.99 | val_lpips 0.0945 | val_lpips_full 0.1351 | edge 0.0285 | dark_noise 0.0132 | chroma 0.0586 | decomp 0.1019 | smooth_enh 0.0218 | lambda_mean 1.1467 | lambda_min 0.5468 | lambda_max 1.3464

Epoch 110/120 train start
Epoch 110/120 validation start
Epoch 110 | train_loss 0.2829 | val_loss 0.2794 | val_psnr 21.04 | val_lpips 0.0942 | val_lpips_full 0.1341 | edge 0.0286 | dark_noise 0.0132 | chroma 0.0572 | decomp 0.1027 | smooth_enh 0.0220 | lambda_mean 1.1451 | lambda_min 0.5433 | lambda_max 1.3465

Epoch 111/120 train start
Epoch 111/120 validation start
Epoch 111 | train_loss 0.2859 | val_loss 0.2802 | val_psnr 21.09 | val_lpips 0.0934 | val_lpips_full 0.1335 | edge 0.0286 | dark_noise 0.0132 | chroma 0.0570 | decomp 0.1036 | smooth_enh 0.0223 | lambda_mean 1.1439 | lambda_min 0.5399 | lambda_max 1.3462

Epoch 112/120 train start
Epoch 112/120 validation start
Epoch 112 | train_loss 0.2866 | val_loss 0.2799 | val_psnr 21.24 | val_lpips 0.0934 | val_lpips_full 0.1342 | edge 0.0286 | dark_noise 0.0132 | chroma 0.0570 | decomp 0.1063 | smooth_enh 0.0223 | lambda_mean 1.1398 | lambda_min 0.5357 | lambda_max 1.3466

Epoch 113/120 train start
Epoch 113/120 validation start
Epoch 113 | train_loss 0.2873 | val_loss 0.2802 | val_psnr 21.02 | val_lpips 0.0944 | val_lpips_full 0.1343 | edge 0.0286 | dark_noise 0.0131 | chroma 0.0572 | decomp 0.1017 | smooth_enh 0.0220 | lambda_mean 1.1464 | lambda_min 0.5430 | lambda_max 1.3464

Epoch 114/120 train start
Epoch 114/120 validation start
Epoch 114 | train_loss 0.2872 | val_loss 0.2792 | val_psnr 21.22 | val_lpips 0.0934 | val_lpips_full 0.1332 | edge 0.0285 | dark_noise 0.0131 | chroma 0.0574 | decomp 0.1044 | smooth_enh 0.0220 | lambda_mean 1.1429 | lambda_min 0.5412 | lambda_max 1.3462

Epoch 115/120 train start
Epoch 115/120 validation start
Epoch 115 | train_loss 0.2838 | val_loss 0.2788 | val_psnr 21.22 | val_lpips 0.0929 | val_lpips_full 0.1331 | edge 0.0285 | dark_noise 0.0131 | chroma 0.0571 | decomp 0.1049 | smooth_enh 0.0220 | lambda_mean 1.1422 | lambda_min 0.5408 | lambda_max 1.3463

Epoch 116/120 train start
Epoch 116/120 validation start
Epoch 116 | train_loss 0.2854 | val_loss 0.2790 | val_psnr 21.17 | val_lpips 0.0931 | val_lpips_full 0.1335 | edge 0.0285 | dark_noise 0.0131 | chroma 0.0571 | decomp 0.1034 | smooth_enh 0.0218 | lambda_mean 1.1441 | lambda_min 0.5436 | lambda_max 1.3460

Epoch 117/120 train start
Epoch 117/120 validation start
Epoch 117 | train_loss 0.2872 | val_loss 0.2796 | val_psnr 21.06 | val_lpips 0.0944 | val_lpips_full 0.1350 | edge 0.0285 | dark_noise 0.0132 | chroma 0.0577 | decomp 0.1023 | smooth_enh 0.0218 | lambda_mean 1.1457 | lambda_min 0.5474 | lambda_max 1.3464

Epoch 118/120 train start
Epoch 118/120 validation start
Epoch 118 | train_loss 0.2867 | val_loss 0.2790 | val_psnr 21.32 | val_lpips 0.0929 | val_lpips_full 0.1337 | edge 0.0285 | dark_noise 0.0132 | chroma 0.0577 | decomp 0.1072 | smooth_enh 0.0221 | lambda_mean 1.1393 | lambda_min 0.5367 | lambda_max 1.3462

Epoch 119/120 train start
Epoch 119/120 validation start
Epoch 119 | train_loss 0.2868 | val_loss 0.2794 | val_psnr 21.23 | val_lpips 0.0935 | val_lpips_full 0.1342 | edge 0.0286 | dark_noise 0.0132 | chroma 0.0575 | decomp 0.1050 | smooth_enh 0.0223 | lambda_mean 1.1423 | lambda_min 0.5367 | lambda_max 1.3466

Epoch 120/120 train start
Epoch 120/120 validation start
Epoch 120 | train_loss 0.2861 | val_loss 0.2791 | val_psnr 21.42 | val_lpips 0.0923 | val_lpips_full 0.1332 | edge 0.0285 | dark_noise 0.0132 | chroma 0.0575 | decomp 0.1088 | smooth_enh 0.0223 | lambda_mean 1.1370 | lambda_min 0.5343 | lambda_max 1.3463
===== TRAIN FINISHED =====
Best epoch: 88
Best psnr: 21.78017866448376
Best PSNR: 21.78017866448376
Best LPIPS@loss: 0.09007070031172286
Best LPIPS full: 0.13019928553452095
Best checkpoint: /content/retinextapetum_hpo/projects/lol_v1/final/source_profile_baseline_seed_42/run/checkpoints/best.pth
Last checkpoint: /content/retinextapetum_hpo/projects/lol_v1/final/source_profile_baseline_seed_42/run/checkpoints/last.pth
