DEVICE: cuda
TRAIN_LOW_DIR : /content/drive/MyDrive/TAPETUM/datasets/UHD-LL down4/Train/Low
TRAIN_HIGH_DIR: /content/drive/MyDrive/TAPETUM/datasets/UHD-LL down4/Train/Normal
VAL_LOW_DIR   : /content/drive/MyDrive/TAPETUM/datasets/UHD-LL down4/Val/Low
VAL_HIGH_DIR  : /content/drive/MyDrive/TAPETUM/datasets/UHD-LL down4/Val/Normal
CKPT_DIR      : /content/retinextapetum_hpo/projects/uhd_ll_down4/final/hpo_candidate_01_trial_0012_fac8898781_seed_123/run/checkpoints
USE_TRAIN_VAL_SPLIT: True
VAL_RATIO     : 0.05
SPLIT_SEED    : 42
BASE_CHANNELS : 128
BATCH_SIZE    : 2
EPOCHS        : 120
LR            : 0.0007873952428969634
MIN_LR        : 1.667796398728883e-05
W_LPIPS       : 0.05
BEST_METRIC   : psnr
RESUME        : False
RESUME_CKPT   : last.pth
TRAIN_LOG_INTERVAL: 0
VAL_LOG_INTERVAL  : 0
DRIVE_CKPT_MIRROR_DIR: /content/drive/MyDrive/TAPETUM/HyperparameterSearch/uhd_ll_down4/final_confirmation/hpo_candidate_01_trial_0012_fac8898781/seed_123
Split manifest: /content/drive/MyDrive/TAPETUM/HyperparameterSearch/uhd_ll_down4/split_manifest.json
Train split images: 1884
Val split images: 116
[Dataset] /content/drive/MyDrive/TAPETUM/datasets/UHD-LL down4/Train/Low
Mode: train
Split file_list: yes
Paired samples: 1884
[Dataset] /content/drive/MyDrive/TAPETUM/datasets/UHD-LL down4/Train/Low
Mode: val/test
Split file_list: yes
Paired samples: 116
Train batches: 942
Val batches  : 116
Trainable params: 536,463
Setting up [LPIPS] perceptual loss: trunk [alex], v[0.1], spatial [off]
/usr/local/lib/python3.12/dist-packages/torchvision/models/_utils.py:208: UserWarning: The parameter 'pretrained' is deprecated since 0.13 and may be removed in the future, please use 'weights' instead.
  warnings.warn(
/usr/local/lib/python3.12/dist-packages/torchvision/models/_utils.py:223: UserWarning: Arguments other than a weight enum or `None` for 'weights' are deprecated since 0.13 and may be removed in the future. The current behavior is equivalent to passing `weights=AlexNet_Weights.IMAGENET1K_V1`. You can also use `weights=AlexNet_Weights.DEFAULT` to get the most up-to-date weights.
  warnings.warn(msg)
Loading model from: /usr/local/lib/python3.12/dist-packages/lpips/weights/v0.1/alex.pth
LPIPS training loss: enabled (alex, weight=0.05)
Resume disabled: RETINEX_TAPETUM_RESUME=0/config.RESUME_TRAINING=False

===== TRAIN START =====

Epoch 001/120 train start
Epoch 001/120 validation start
Epoch 001 | train_loss 0.3237 | val_loss 0.2467 | val_psnr 20.97 | val_lpips 0.1188 | val_lpips_full 0.1641 | edge 0.0237 | dark_noise 0.0040 | chroma 0.0609 | decomp 0.0609 | smooth_enh 0.0213 | lambda_mean 1.2050 | lambda_min 0.3444 | lambda_max 1.8751
Best model updated -> Epoch: 1, psnr: 20.9669, PSNR: 20.9669, LPIPS@loss: 0.1188, LPIPS full: 0.1641

Epoch 002/120 train start
Epoch 002/120 validation start
Epoch 002 | train_loss 0.2469 | val_loss 0.2009 | val_psnr 23.62 | val_lpips 0.0859 | val_lpips_full 0.1258 | edge 0.0222 | dark_noise 0.0042 | chroma 0.0584 | decomp 0.0509 | smooth_enh 0.0191 | lambda_mean 1.2625 | lambda_min 0.4986 | lambda_max 1.8660
Best model updated -> Epoch: 2, psnr: 23.6224, PSNR: 23.6224, LPIPS@loss: 0.0859, LPIPS full: 0.1258

Epoch 003/120 train start
Epoch 003/120 validation start
Epoch 003 | train_loss 0.2221 | val_loss 0.2192 | val_psnr 22.72 | val_lpips 0.0784 | val_lpips_full 0.1181 | edge 0.0208 | dark_noise 0.0042 | chroma 0.0512 | decomp 0.0602 | smooth_enh 0.0134 | lambda_mean 1.2364 | lambda_min 0.5766 | lambda_max 1.8105

Epoch 004/120 train start
Epoch 004/120 validation start
Epoch 004 | train_loss 0.2118 | val_loss 0.1836 | val_psnr 24.64 | val_lpips 0.0824 | val_lpips_full 0.1194 | edge 0.0207 | dark_noise 0.0043 | chroma 0.0607 | decomp 0.0493 | smooth_enh 0.0128 | lambda_mean 1.2060 | lambda_min 0.5968 | lambda_max 1.8125
Best model updated -> Epoch: 4, psnr: 24.6387, PSNR: 24.6387, LPIPS@loss: 0.0824, LPIPS full: 0.1194

Epoch 005/120 train start
Epoch 005/120 validation start
Epoch 005 | train_loss 0.2060 | val_loss 0.1838 | val_psnr 24.54 | val_lpips 0.0642 | val_lpips_full 0.1011 | edge 0.0202 | dark_noise 0.0041 | chroma 0.0454 | decomp 0.0430 | smooth_enh 0.0116 | lambda_mean 1.2327 | lambda_min 0.5940 | lambda_max 1.7896

Epoch 006/120 train start
Epoch 006/120 validation start
Epoch 006 | train_loss 0.2037 | val_loss 0.1794 | val_psnr 24.60 | val_lpips 0.0623 | val_lpips_full 0.0984 | edge 0.0200 | dark_noise 0.0042 | chroma 0.0461 | decomp 0.0452 | smooth_enh 0.0102 | lambda_mean 1.2406 | lambda_min 0.6231 | lambda_max 1.7042

Epoch 007/120 train start
Epoch 007/120 validation start
Epoch 007 | train_loss 0.1979 | val_loss 0.1852 | val_psnr 24.34 | val_lpips 0.0781 | val_lpips_full 0.1137 | edge 0.0202 | dark_noise 0.0042 | chroma 0.0572 | decomp 0.0415 | smooth_enh 0.0105 | lambda_mean 1.2818 | lambda_min 0.6357 | lambda_max 1.7093

Epoch 008/120 train start
Epoch 008/120 validation start
Epoch 008 | train_loss 0.1971 | val_loss 0.1835 | val_psnr 24.42 | val_lpips 0.0638 | val_lpips_full 0.1005 | edge 0.0197 | dark_noise 0.0042 | chroma 0.0517 | decomp 0.0478 | smooth_enh 0.0092 | lambda_mean 1.2499 | lambda_min 0.6460 | lambda_max 1.6623

Epoch 009/120 train start
Epoch 009/120 validation start
Epoch 009 | train_loss 0.1935 | val_loss 0.1685 | val_psnr 25.30 | val_lpips 0.0588 | val_lpips_full 0.0930 | edge 0.0195 | dark_noise 0.0042 | chroma 0.0438 | decomp 0.0433 | smooth_enh 0.0091 | lambda_mean 1.2536 | lambda_min 0.6074 | lambda_max 1.6457
Best model updated -> Epoch: 9, psnr: 25.2994, PSNR: 25.2994, LPIPS@loss: 0.0588, LPIPS full: 0.0930

Epoch 010/120 train start
Epoch 010/120 validation start
Epoch 010 | train_loss 0.1912 | val_loss 0.1632 | val_psnr 25.37 | val_lpips 0.0602 | val_lpips_full 0.0935 | edge 0.0193 | dark_noise 0.0042 | chroma 0.0463 | decomp 0.0388 | smooth_enh 0.0092 | lambda_mean 1.2792 | lambda_min 0.6343 | lambda_max 1.6684
Best model updated -> Epoch: 10, psnr: 25.3735, PSNR: 25.3735, LPIPS@loss: 0.0602, LPIPS full: 0.0935

Epoch 011/120 train start
Epoch 011/120 validation start
Epoch 011 | train_loss 0.1897 | val_loss 0.1678 | val_psnr 24.77 | val_lpips 0.0572 | val_lpips_full 0.0884 | edge 0.0200 | dark_noise 0.0042 | chroma 0.0437 | decomp 0.0395 | smooth_enh 0.0092 | lambda_mean 1.2422 | lambda_min 0.5512 | lambda_max 1.5599

Epoch 012/120 train start
Epoch 012/120 validation start
Epoch 012 | train_loss 0.1914 | val_loss 0.1643 | val_psnr 25.26 | val_lpips 0.0547 | val_lpips_full 0.0886 | edge 0.0192 | dark_noise 0.0041 | chroma 0.0441 | decomp 0.0399 | smooth_enh 0.0084 | lambda_mean 1.2382 | lambda_min 0.5876 | lambda_max 1.5893

Epoch 013/120 train start
Epoch 013/120 validation start
Epoch 013 | train_loss 0.1878 | val_loss 0.1681 | val_psnr 24.59 | val_lpips 0.0566 | val_lpips_full 0.0914 | edge 0.0190 | dark_noise 0.0040 | chroma 0.0438 | decomp 0.0372 | smooth_enh 0.0080 | lambda_mean 1.2543 | lambda_min 0.6093 | lambda_max 1.5518

Epoch 014/120 train start
Epoch 014/120 validation start
Epoch 014 | train_loss 0.1863 | val_loss 0.1687 | val_psnr 24.34 | val_lpips 0.0625 | val_lpips_full 0.0957 | edge 0.0198 | dark_noise 0.0042 | chroma 0.0476 | decomp 0.0336 | smooth_enh 0.0092 | lambda_mean 1.2981 | lambda_min 0.5988 | lambda_max 1.5832

Epoch 015/120 train start
Epoch 015/120 validation start
Epoch 015 | train_loss 0.1830 | val_loss 0.1694 | val_psnr 24.73 | val_lpips 0.0616 | val_lpips_full 0.0982 | edge 0.0190 | dark_noise 0.0041 | chroma 0.0490 | decomp 0.0385 | smooth_enh 0.0089 | lambda_mean 1.3243 | lambda_min 0.6488 | lambda_max 1.6225

Epoch 016/120 train start
Epoch 016/120 validation start
Epoch 016 | train_loss 0.1830 | val_loss 0.1596 | val_psnr 25.70 | val_lpips 0.0526 | val_lpips_full 0.0860 | edge 0.0189 | dark_noise 0.0041 | chroma 0.0409 | decomp 0.0368 | smooth_enh 0.0080 | lambda_mean 1.2518 | lambda_min 0.6113 | lambda_max 1.5426
Best model updated -> Epoch: 16, psnr: 25.6978, PSNR: 25.6978, LPIPS@loss: 0.0526, LPIPS full: 0.0860

Epoch 017/120 train start
Epoch 017/120 validation start
Epoch 017 | train_loss 0.1819 | val_loss 0.1603 | val_psnr 25.54 | val_lpips 0.0510 | val_lpips_full 0.0827 | edge 0.0190 | dark_noise 0.0041 | chroma 0.0417 | decomp 0.0415 | smooth_enh 0.0085 | lambda_mean 1.2819 | lambda_min 0.6370 | lambda_max 1.5518

Epoch 018/120 train start
Epoch 018/120 validation start
Epoch 018 | train_loss 0.1807 | val_loss 0.1569 | val_psnr 26.35 | val_lpips 0.0513 | val_lpips_full 0.0822 | edge 0.0195 | dark_noise 0.0041 | chroma 0.0420 | decomp 0.0418 | smooth_enh 0.0095 | lambda_mean 1.2844 | lambda_min 0.6007 | lambda_max 1.5828
Best model updated -> Epoch: 18, psnr: 26.3497, PSNR: 26.3497, LPIPS@loss: 0.0513, LPIPS full: 0.0822

Epoch 019/120 train start
Epoch 019/120 validation start
Epoch 019 | train_loss 0.1785 | val_loss 0.1654 | val_psnr 25.92 | val_lpips 0.0502 | val_lpips_full 0.0815 | edge 0.0194 | dark_noise 0.0043 | chroma 0.0420 | decomp 0.0506 | smooth_enh 0.0093 | lambda_mean 1.3021 | lambda_min 0.6322 | lambda_max 1.5719

Epoch 020/120 train start
Epoch 020/120 validation start
Epoch 020 | train_loss 0.1792 | val_loss 0.1602 | val_psnr 25.22 | val_lpips 0.0541 | val_lpips_full 0.0853 | edge 0.0190 | dark_noise 0.0041 | chroma 0.0409 | decomp 0.0329 | smooth_enh 0.0087 | lambda_mean 1.3236 | lambda_min 0.6512 | lambda_max 1.6032

Epoch 021/120 train start
Epoch 021/120 validation start
Epoch 021 | train_loss 0.1792 | val_loss 0.1564 | val_psnr 26.14 | val_lpips 0.0484 | val_lpips_full 0.0804 | edge 0.0189 | dark_noise 0.0042 | chroma 0.0399 | decomp 0.0434 | smooth_enh 0.0086 | lambda_mean 1.3037 | lambda_min 0.6207 | lambda_max 1.5927

Epoch 022/120 train start
Epoch 022/120 validation start
Epoch 022 | train_loss 0.1762 | val_loss 0.1545 | val_psnr 26.29 | val_lpips 0.0540 | val_lpips_full 0.0888 | edge 0.0189 | dark_noise 0.0041 | chroma 0.0428 | decomp 0.0412 | smooth_enh 0.0089 | lambda_mean 1.3186 | lambda_min 0.6120 | lambda_max 1.6193

Epoch 023/120 train start
Epoch 023/120 validation start
Epoch 023 | train_loss 0.1750 | val_loss 0.1589 | val_psnr 26.02 | val_lpips 0.0506 | val_lpips_full 0.0807 | edge 0.0191 | dark_noise 0.0041 | chroma 0.0411 | decomp 0.0431 | smooth_enh 0.0091 | lambda_mean 1.3363 | lambda_min 0.6713 | lambda_max 1.6146

Epoch 024/120 train start
Epoch 024/120 validation start
Epoch 024 | train_loss 0.1777 | val_loss 0.1531 | val_psnr 26.41 | val_lpips 0.0499 | val_lpips_full 0.0811 | edge 0.0190 | dark_noise 0.0041 | chroma 0.0420 | decomp 0.0404 | smooth_enh 0.0084 | lambda_mean 1.2934 | lambda_min 0.6190 | lambda_max 1.5713
Best model updated -> Epoch: 24, psnr: 26.4055, PSNR: 26.4055, LPIPS@loss: 0.0499, LPIPS full: 0.0811

Epoch 025/120 train start
Epoch 025/120 validation start
Epoch 025 | train_loss 0.1774 | val_loss 0.1542 | val_psnr 26.58 | val_lpips 0.0470 | val_lpips_full 0.0770 | edge 0.0189 | dark_noise 0.0041 | chroma 0.0399 | decomp 0.0442 | smooth_enh 0.0085 | lambda_mean 1.3223 | lambda_min 0.6683 | lambda_max 1.5847
Best model updated -> Epoch: 25, psnr: 26.5794, PSNR: 26.5794, LPIPS@loss: 0.0470, LPIPS full: 0.0770

Epoch 026/120 train start
Epoch 026/120 validation start
Epoch 026 | train_loss 0.1757 | val_loss 0.1666 | val_psnr 25.56 | val_lpips 0.0554 | val_lpips_full 0.0898 | edge 0.0188 | dark_noise 0.0042 | chroma 0.0468 | decomp 0.0492 | smooth_enh 0.0081 | lambda_mean 1.3373 | lambda_min 0.7011 | lambda_max 1.5860

Epoch 027/120 train start
Epoch 027/120 validation start
Epoch 027 | train_loss 0.1753 | val_loss 0.1574 | val_psnr 25.66 | val_lpips 0.0521 | val_lpips_full 0.0838 | edge 0.0190 | dark_noise 0.0041 | chroma 0.0410 | decomp 0.0393 | smooth_enh 0.0088 | lambda_mean 1.3626 | lambda_min 0.6963 | lambda_max 1.6263

Epoch 028/120 train start
Epoch 028/120 validation start
Epoch 028 | train_loss 0.1739 | val_loss 0.1513 | val_psnr 26.24 | val_lpips 0.0494 | val_lpips_full 0.0836 | edge 0.0187 | dark_noise 0.0041 | chroma 0.0400 | decomp 0.0374 | smooth_enh 0.0084 | lambda_mean 1.3520 | lambda_min 0.6997 | lambda_max 1.6080

Epoch 029/120 train start
Epoch 029/120 validation start
Epoch 029 | train_loss 0.1743 | val_loss 0.1564 | val_psnr 25.53 | val_lpips 0.0507 | val_lpips_full 0.0818 | edge 0.0191 | dark_noise 0.0041 | chroma 0.0412 | decomp 0.0334 | smooth_enh 0.0088 | lambda_mean 1.3476 | lambda_min 0.6729 | lambda_max 1.6104

Epoch 030/120 train start
Epoch 030/120 validation start
Epoch 030 | train_loss 0.1723 | val_loss 0.1521 | val_psnr 26.58 | val_lpips 0.0462 | val_lpips_full 0.0777 | edge 0.0186 | dark_noise 0.0041 | chroma 0.0393 | decomp 0.0407 | smooth_enh 0.0081 | lambda_mean 1.3212 | lambda_min 0.6947 | lambda_max 1.5711

Epoch 031/120 train start
Epoch 031/120 validation start
Epoch 031 | train_loss 0.1732 | val_loss 0.1536 | val_psnr 26.33 | val_lpips 0.0462 | val_lpips_full 0.0766 | edge 0.0188 | dark_noise 0.0041 | chroma 0.0381 | decomp 0.0394 | smooth_enh 0.0081 | lambda_mean 1.3026 | lambda_min 0.6476 | lambda_max 1.5426

Epoch 032/120 train start
Epoch 032/120 validation start
Epoch 032 | train_loss 0.1705 | val_loss 0.1536 | val_psnr 26.35 | val_lpips 0.0467 | val_lpips_full 0.0759 | edge 0.0191 | dark_noise 0.0041 | chroma 0.0390 | decomp 0.0406 | smooth_enh 0.0088 | lambda_mean 1.3295 | lambda_min 0.6565 | lambda_max 1.5703

Epoch 033/120 train start
Epoch 033/120 validation start
Epoch 033 | train_loss 0.1741 | val_loss 0.1522 | val_psnr 25.87 | val_lpips 0.0491 | val_lpips_full 0.0793 | edge 0.0189 | dark_noise 0.0041 | chroma 0.0408 | decomp 0.0335 | smooth_enh 0.0084 | lambda_mean 1.3388 | lambda_min 0.6914 | lambda_max 1.5865

Epoch 034/120 train start
Epoch 034/120 validation start
Epoch 034 | train_loss 0.1676 | val_loss 0.1592 | val_psnr 25.30 | val_lpips 0.0518 | val_lpips_full 0.0864 | edge 0.0187 | dark_noise 0.0041 | chroma 0.0423 | decomp 0.0386 | smooth_enh 0.0082 | lambda_mean 1.3620 | lambda_min 0.7153 | lambda_max 1.6027

Epoch 035/120 train start
Epoch 035/120 validation start
Epoch 035 | train_loss 0.1711 | val_loss 0.1567 | val_psnr 25.95 | val_lpips 0.0499 | val_lpips_full 0.0820 | edge 0.0187 | dark_noise 0.0041 | chroma 0.0397 | decomp 0.0386 | smooth_enh 0.0084 | lambda_mean 1.3591 | lambda_min 0.6855 | lambda_max 1.6210

Epoch 036/120 train start
Epoch 036/120 validation start
Epoch 036 | train_loss 0.1683 | val_loss 0.1545 | val_psnr 26.24 | val_lpips 0.0447 | val_lpips_full 0.0743 | edge 0.0191 | dark_noise 0.0042 | chroma 0.0392 | decomp 0.0422 | smooth_enh 0.0089 | lambda_mean 1.3469 | lambda_min 0.6831 | lambda_max 1.5942

Epoch 037/120 train start
Epoch 037/120 validation start
Epoch 037 | train_loss 0.1694 | val_loss 0.1574 | val_psnr 26.31 | val_lpips 0.0467 | val_lpips_full 0.0769 | edge 0.0187 | dark_noise 0.0041 | chroma 0.0404 | decomp 0.0452 | smooth_enh 0.0086 | lambda_mean 1.3363 | lambda_min 0.6611 | lambda_max 1.5912

Epoch 038/120 train start
Epoch 038/120 validation start
Epoch 038 | train_loss 0.1675 | val_loss 0.1577 | val_psnr 26.32 | val_lpips 0.0474 | val_lpips_full 0.0781 | edge 0.0189 | dark_noise 0.0042 | chroma 0.0393 | decomp 0.0434 | smooth_enh 0.0086 | lambda_mean 1.3408 | lambda_min 0.6831 | lambda_max 1.5782

Epoch 039/120 train start
Epoch 039/120 validation start
Epoch 039 | train_loss 0.1679 | val_loss 0.1585 | val_psnr 25.90 | val_lpips 0.0454 | val_lpips_full 0.0755 | edge 0.0187 | dark_noise 0.0041 | chroma 0.0386 | decomp 0.0425 | smooth_enh 0.0085 | lambda_mean 1.3679 | lambda_min 0.7386 | lambda_max 1.6113

Epoch 040/120 train start
Epoch 040/120 validation start
Epoch 040 | train_loss 0.1701 | val_loss 0.1549 | val_psnr 25.83 | val_lpips 0.0506 | val_lpips_full 0.0827 | edge 0.0188 | dark_noise 0.0041 | chroma 0.0401 | decomp 0.0344 | smooth_enh 0.0081 | lambda_mean 1.3474 | lambda_min 0.6969 | lambda_max 1.5846

Epoch 041/120 train start
Epoch 041/120 validation start
Epoch 041 | train_loss 0.1682 | val_loss 0.1629 | val_psnr 25.18 | val_lpips 0.0492 | val_lpips_full 0.0803 | edge 0.0185 | dark_noise 0.0041 | chroma 0.0397 | decomp 0.0404 | smooth_enh 0.0089 | lambda_mean 1.3959 | lambda_min 0.7259 | lambda_max 1.6697

Epoch 042/120 train start
Epoch 042/120 validation start
Epoch 042 | train_loss 0.1687 | val_loss 0.1553 | val_psnr 25.67 | val_lpips 0.0491 | val_lpips_full 0.0809 | edge 0.0186 | dark_noise 0.0041 | chroma 0.0398 | decomp 0.0366 | smooth_enh 0.0085 | lambda_mean 1.3709 | lambda_min 0.7136 | lambda_max 1.6162

Epoch 043/120 train start
Epoch 043/120 validation start
Epoch 043 | train_loss 0.1688 | val_loss 0.1628 | val_psnr 25.76 | val_lpips 0.0489 | val_lpips_full 0.0809 | edge 0.0185 | dark_noise 0.0041 | chroma 0.0393 | decomp 0.0444 | smooth_enh 0.0086 | lambda_mean 1.3828 | lambda_min 0.7258 | lambda_max 1.6367

Epoch 044/120 train start
Epoch 044/120 validation start
Epoch 044 | train_loss 0.1676 | val_loss 0.1508 | val_psnr 26.62 | val_lpips 0.0440 | val_lpips_full 0.0734 | edge 0.0185 | dark_noise 0.0041 | chroma 0.0373 | decomp 0.0415 | smooth_enh 0.0081 | lambda_mean 1.3517 | lambda_min 0.7104 | lambda_max 1.5894
Best model updated -> Epoch: 44, psnr: 26.6232, PSNR: 26.6232, LPIPS@loss: 0.0440, LPIPS full: 0.0734

Epoch 045/120 train start
Epoch 045/120 validation start
Epoch 045 | train_loss 0.1656 | val_loss 0.1639 | val_psnr 25.58 | val_lpips 0.0489 | val_lpips_full 0.0793 | edge 0.0186 | dark_noise 0.0042 | chroma 0.0400 | decomp 0.0468 | smooth_enh 0.0082 | lambda_mean 1.3578 | lambda_min 0.7158 | lambda_max 1.5939

Epoch 046/120 train start
Epoch 046/120 validation start
Epoch 046 | train_loss 0.1651 | val_loss 0.1585 | val_psnr 26.05 | val_lpips 0.0456 | val_lpips_full 0.0773 | edge 0.0184 | dark_noise 0.0041 | chroma 0.0372 | decomp 0.0451 | smooth_enh 0.0081 | lambda_mean 1.3556 | lambda_min 0.7059 | lambda_max 1.6060

Epoch 047/120 train start
Epoch 047/120 validation start
Epoch 047 | train_loss 0.1636 | val_loss 0.1583 | val_psnr 25.72 | val_lpips 0.0440 | val_lpips_full 0.0729 | edge 0.0186 | dark_noise 0.0042 | chroma 0.0389 | decomp 0.0421 | smooth_enh 0.0087 | lambda_mean 1.3668 | lambda_min 0.7109 | lambda_max 1.6170

Epoch 048/120 train start
Epoch 048/120 validation start
Epoch 048 | train_loss 0.1648 | val_loss 0.1531 | val_psnr 25.87 | val_lpips 0.0431 | val_lpips_full 0.0730 | edge 0.0185 | dark_noise 0.0041 | chroma 0.0369 | decomp 0.0388 | smooth_enh 0.0086 | lambda_mean 1.3826 | lambda_min 0.7104 | lambda_max 1.6353

Epoch 049/120 train start
Epoch 049/120 validation start
Epoch 049 | train_loss 0.1627 | val_loss 0.1506 | val_psnr 26.44 | val_lpips 0.0443 | val_lpips_full 0.0724 | edge 0.0186 | dark_noise 0.0041 | chroma 0.0407 | decomp 0.0412 | smooth_enh 0.0081 | lambda_mean 1.3516 | lambda_min 0.7193 | lambda_max 1.5850

Epoch 050/120 train start
Epoch 050/120 validation start
Epoch 050 | train_loss 0.1621 | val_loss 0.1507 | val_psnr 26.43 | val_lpips 0.0441 | val_lpips_full 0.0739 | edge 0.0185 | dark_noise 0.0041 | chroma 0.0380 | decomp 0.0393 | smooth_enh 0.0084 | lambda_mean 1.3742 | lambda_min 0.7169 | lambda_max 1.6146

Epoch 051/120 train start
Epoch 051/120 validation start
Epoch 051 | train_loss 0.1623 | val_loss 0.1554 | val_psnr 26.35 | val_lpips 0.0422 | val_lpips_full 0.0711 | edge 0.0187 | dark_noise 0.0041 | chroma 0.0372 | decomp 0.0449 | smooth_enh 0.0084 | lambda_mean 1.3440 | lambda_min 0.7059 | lambda_max 1.5887

Epoch 052/120 train start
Epoch 052/120 validation start
Epoch 052 | train_loss 0.1638 | val_loss 0.1565 | val_psnr 25.23 | val_lpips 0.0455 | val_lpips_full 0.0756 | edge 0.0185 | dark_noise 0.0041 | chroma 0.0372 | decomp 0.0377 | smooth_enh 0.0089 | lambda_mean 1.4062 | lambda_min 0.7451 | lambda_max 1.6560

Epoch 053/120 train start
Epoch 053/120 validation start
Epoch 053 | train_loss 0.1639 | val_loss 0.1583 | val_psnr 25.97 | val_lpips 0.0479 | val_lpips_full 0.0786 | edge 0.0186 | dark_noise 0.0041 | chroma 0.0417 | decomp 0.0434 | smooth_enh 0.0082 | lambda_mean 1.3610 | lambda_min 0.7069 | lambda_max 1.6172

Epoch 054/120 train start
Epoch 054/120 validation start
Epoch 054 | train_loss 0.1642 | val_loss 0.1541 | val_psnr 25.64 | val_lpips 0.0441 | val_lpips_full 0.0717 | edge 0.0187 | dark_noise 0.0041 | chroma 0.0377 | decomp 0.0385 | smooth_enh 0.0087 | lambda_mean 1.3793 | lambda_min 0.7206 | lambda_max 1.6338

Epoch 055/120 train start
Epoch 055/120 validation start
Epoch 055 | train_loss 0.1637 | val_loss 0.1538 | val_psnr 25.53 | val_lpips 0.0454 | val_lpips_full 0.0750 | edge 0.0185 | dark_noise 0.0041 | chroma 0.0377 | decomp 0.0351 | smooth_enh 0.0085 | lambda_mean 1.3878 | lambda_min 0.7339 | lambda_max 1.6183

Epoch 056/120 train start
Epoch 056/120 validation start
Epoch 056 | train_loss 0.1635 | val_loss 0.1577 | val_psnr 25.60 | val_lpips 0.0445 | val_lpips_full 0.0737 | edge 0.0185 | dark_noise 0.0041 | chroma 0.0372 | decomp 0.0396 | smooth_enh 0.0086 | lambda_mean 1.3794 | lambda_min 0.7239 | lambda_max 1.6274

Epoch 057/120 train start
Epoch 057/120 validation start
Epoch 057 | train_loss 0.1618 | val_loss 0.1569 | val_psnr 25.35 | val_lpips 0.0452 | val_lpips_full 0.0744 | edge 0.0185 | dark_noise 0.0041 | chroma 0.0384 | decomp 0.0382 | smooth_enh 0.0086 | lambda_mean 1.3866 | lambda_min 0.7429 | lambda_max 1.6427

Epoch 058/120 train start
Epoch 058/120 validation start
Epoch 058 | train_loss 0.1613 | val_loss 0.1559 | val_psnr 25.74 | val_lpips 0.0428 | val_lpips_full 0.0721 | edge 0.0184 | dark_noise 0.0041 | chroma 0.0362 | decomp 0.0380 | smooth_enh 0.0085 | lambda_mean 1.3759 | lambda_min 0.7230 | lambda_max 1.6120

Epoch 059/120 train start
Epoch 059/120 validation start
Epoch 059 | train_loss 0.1625 | val_loss 0.1573 | val_psnr 25.28 | val_lpips 0.0437 | val_lpips_full 0.0730 | edge 0.0185 | dark_noise 0.0041 | chroma 0.0368 | decomp 0.0375 | smooth_enh 0.0087 | lambda_mean 1.3954 | lambda_min 0.7298 | lambda_max 1.6508

Epoch 060/120 train start
Epoch 060/120 validation start
Epoch 060 | train_loss 0.1607 | val_loss 0.1599 | val_psnr 25.45 | val_lpips 0.0446 | val_lpips_full 0.0746 | edge 0.0183 | dark_noise 0.0041 | chroma 0.0371 | decomp 0.0409 | smooth_enh 0.0083 | lambda_mean 1.3869 | lambda_min 0.7342 | lambda_max 1.6341

Epoch 061/120 train start
Epoch 061/120 validation start
Epoch 061 | train_loss 0.1610 | val_loss 0.1542 | val_psnr 25.64 | val_lpips 0.0464 | val_lpips_full 0.0745 | edge 0.0188 | dark_noise 0.0041 | chroma 0.0385 | decomp 0.0351 | smooth_enh 0.0085 | lambda_mean 1.3840 | lambda_min 0.7191 | lambda_max 1.6255

Epoch 062/120 train start
Epoch 062/120 validation start
Epoch 062 | train_loss 0.1605 | val_loss 0.1518 | val_psnr 26.08 | val_lpips 0.0425 | val_lpips_full 0.0704 | edge 0.0186 | dark_noise 0.0041 | chroma 0.0372 | decomp 0.0380 | smooth_enh 0.0087 | lambda_mean 1.3699 | lambda_min 0.7116 | lambda_max 1.6132

Epoch 063/120 train start
Epoch 063/120 validation start
Epoch 063 | train_loss 0.1603 | val_loss 0.1617 | val_psnr 25.60 | val_lpips 0.0450 | val_lpips_full 0.0749 | edge 0.0184 | dark_noise 0.0041 | chroma 0.0377 | decomp 0.0460 | smooth_enh 0.0081 | lambda_mean 1.3730 | lambda_min 0.7177 | lambda_max 1.6126

Epoch 064/120 train start
Epoch 064/120 validation start
Epoch 064 | train_loss 0.1600 | val_loss 0.1500 | val_psnr 26.24 | val_lpips 0.0421 | val_lpips_full 0.0710 | edge 0.0184 | dark_noise 0.0041 | chroma 0.0362 | decomp 0.0385 | smooth_enh 0.0082 | lambda_mean 1.3670 | lambda_min 0.7054 | lambda_max 1.6079

Epoch 065/120 train start
Epoch 065/120 validation start
Epoch 065 | train_loss 0.1584 | val_loss 0.1527 | val_psnr 26.31 | val_lpips 0.0434 | val_lpips_full 0.0735 | edge 0.0183 | dark_noise 0.0041 | chroma 0.0381 | decomp 0.0411 | smooth_enh 0.0078 | lambda_mean 1.3605 | lambda_min 0.7007 | lambda_max 1.5958

Epoch 066/120 train start
Epoch 066/120 validation start
Epoch 066 | train_loss 0.1587 | val_loss 0.1539 | val_psnr 25.65 | val_lpips 0.0442 | val_lpips_full 0.0712 | edge 0.0186 | dark_noise 0.0041 | chroma 0.0375 | decomp 0.0364 | smooth_enh 0.0091 | lambda_mean 1.3943 | lambda_min 0.7049 | lambda_max 1.6464

Epoch 067/120 train start
Epoch 067/120 validation start
Epoch 067 | train_loss 0.1590 | val_loss 0.1562 | val_psnr 25.05 | val_lpips 0.0440 | val_lpips_full 0.0733 | edge 0.0183 | dark_noise 0.0041 | chroma 0.0371 | decomp 0.0335 | smooth_enh 0.0086 | lambda_mean 1.4074 | lambda_min 0.7334 | lambda_max 1.6415

Epoch 068/120 train start
Epoch 068/120 validation start
Epoch 068 | train_loss 0.1589 | val_loss 0.1500 | val_psnr 26.35 | val_lpips 0.0409 | val_lpips_full 0.0690 | edge 0.0183 | dark_noise 0.0040 | chroma 0.0366 | decomp 0.0405 | smooth_enh 0.0082 | lambda_mean 1.3748 | lambda_min 0.7096 | lambda_max 1.6209

Epoch 069/120 train start
Epoch 069/120 validation start
Epoch 069 | train_loss 0.1592 | val_loss 0.1512 | val_psnr 25.76 | val_lpips 0.0424 | val_lpips_full 0.0704 | edge 0.0184 | dark_noise 0.0040 | chroma 0.0363 | decomp 0.0363 | smooth_enh 0.0085 | lambda_mean 1.3962 | lambda_min 0.7283 | lambda_max 1.6377

Epoch 070/120 train start
Epoch 070/120 validation start
Epoch 070 | train_loss 0.1592 | val_loss 0.1531 | val_psnr 25.68 | val_lpips 0.0425 | val_lpips_full 0.0710 | edge 0.0184 | dark_noise 0.0041 | chroma 0.0368 | decomp 0.0373 | smooth_enh 0.0084 | lambda_mean 1.3824 | lambda_min 0.7217 | lambda_max 1.6267

Epoch 071/120 train start
Epoch 071/120 validation start
Epoch 071 | train_loss 0.1572 | val_loss 0.1520 | val_psnr 26.04 | val_lpips 0.0409 | val_lpips_full 0.0673 | edge 0.0184 | dark_noise 0.0041 | chroma 0.0369 | decomp 0.0383 | smooth_enh 0.0085 | lambda_mean 1.3745 | lambda_min 0.6962 | lambda_max 1.6264

Epoch 072/120 train start
Epoch 072/120 validation start
Epoch 072 | train_loss 0.1576 | val_loss 0.1574 | val_psnr 25.35 | val_lpips 0.0437 | val_lpips_full 0.0722 | edge 0.0184 | dark_noise 0.0041 | chroma 0.0368 | decomp 0.0370 | smooth_enh 0.0085 | lambda_mean 1.3923 | lambda_min 0.7283 | lambda_max 1.6394

Epoch 073/120 train start
Epoch 073/120 validation start
Epoch 073 | train_loss 0.1587 | val_loss 0.1523 | val_psnr 26.07 | val_lpips 0.0403 | val_lpips_full 0.0669 | edge 0.0187 | dark_noise 0.0042 | chroma 0.0358 | decomp 0.0402 | smooth_enh 0.0087 | lambda_mean 1.3744 | lambda_min 0.7063 | lambda_max 1.6115

Epoch 074/120 train start
Epoch 074/120 validation start
Epoch 074 | train_loss 0.1569 | val_loss 0.1489 | val_psnr 26.51 | val_lpips 0.0404 | val_lpips_full 0.0680 | edge 0.0184 | dark_noise 0.0041 | chroma 0.0361 | decomp 0.0408 | smooth_enh 0.0080 | lambda_mean 1.3652 | lambda_min 0.7025 | lambda_max 1.5929

Epoch 075/120 train start
Epoch 075/120 validation start
Epoch 075 | train_loss 0.1582 | val_loss 0.1569 | val_psnr 25.46 | val_lpips 0.0413 | val_lpips_full 0.0682 | edge 0.0185 | dark_noise 0.0041 | chroma 0.0354 | decomp 0.0400 | smooth_enh 0.0089 | lambda_mean 1.3937 | lambda_min 0.7337 | lambda_max 1.6444

Epoch 076/120 train start
Epoch 076/120 validation start
Epoch 076 | train_loss 0.1587 | val_loss 0.1539 | val_psnr 25.97 | val_lpips 0.0425 | val_lpips_full 0.0712 | edge 0.0184 | dark_noise 0.0041 | chroma 0.0377 | decomp 0.0399 | smooth_enh 0.0085 | lambda_mean 1.3801 | lambda_min 0.7034 | lambda_max 1.6251

Epoch 077/120 train start
Epoch 077/120 validation start
Epoch 077 | train_loss 0.1562 | val_loss 0.1531 | val_psnr 25.78 | val_lpips 0.0410 | val_lpips_full 0.0689 | edge 0.0184 | dark_noise 0.0041 | chroma 0.0358 | decomp 0.0378 | smooth_enh 0.0086 | lambda_mean 1.3940 | lambda_min 0.7116 | lambda_max 1.6381

Epoch 078/120 train start
Epoch 078/120 validation start
Epoch 078 | train_loss 0.1562 | val_loss 0.1506 | val_psnr 26.05 | val_lpips 0.0424 | val_lpips_full 0.0709 | edge 0.0183 | dark_noise 0.0040 | chroma 0.0367 | decomp 0.0364 | smooth_enh 0.0081 | lambda_mean 1.3808 | lambda_min 0.7173 | lambda_max 1.6222

Epoch 079/120 train start
Epoch 079/120 validation start
Epoch 079 | train_loss 0.1553 | val_loss 0.1609 | val_psnr 25.32 | val_lpips 0.0413 | val_lpips_full 0.0683 | edge 0.0184 | dark_noise 0.0041 | chroma 0.0356 | decomp 0.0426 | smooth_enh 0.0087 | lambda_mean 1.3880 | lambda_min 0.7130 | lambda_max 1.6440

Epoch 080/120 train start
Epoch 080/120 validation start
Epoch 080 | train_loss 0.1570 | val_loss 0.1490 | val_psnr 26.31 | val_lpips 0.0401 | val_lpips_full 0.0677 | edge 0.0183 | dark_noise 0.0041 | chroma 0.0360 | decomp 0.0379 | smooth_enh 0.0082 | lambda_mean 1.3745 | lambda_min 0.7119 | lambda_max 1.6166

Epoch 081/120 train start
Epoch 081/120 validation start
Epoch 081 | train_loss 0.1552 | val_loss 0.1646 | val_psnr 24.95 | val_lpips 0.0421 | val_lpips_full 0.0705 | edge 0.0185 | dark_noise 0.0041 | chroma 0.0351 | decomp 0.0417 | smooth_enh 0.0089 | lambda_mean 1.3980 | lambda_min 0.7218 | lambda_max 1.6527

Epoch 082/120 train start
Epoch 082/120 validation start
Epoch 082 | train_loss 0.1548 | val_loss 0.1535 | val_psnr 25.78 | val_lpips 0.0418 | val_lpips_full 0.0688 | edge 0.0185 | dark_noise 0.0041 | chroma 0.0360 | decomp 0.0378 | smooth_enh 0.0088 | lambda_mean 1.3927 | lambda_min 0.7157 | lambda_max 1.6446

Epoch 083/120 train start
Epoch 083/120 validation start
Epoch 083 | train_loss 0.1559 | val_loss 0.1585 | val_psnr 25.37 | val_lpips 0.0421 | val_lpips_full 0.0705 | edge 0.0183 | dark_noise 0.0041 | chroma 0.0354 | decomp 0.0378 | smooth_enh 0.0088 | lambda_mean 1.4064 | lambda_min 0.7255 | lambda_max 1.6625

Epoch 084/120 train start
Epoch 084/120 validation start
Epoch 084 | train_loss 0.1541 | val_loss 0.1574 | val_psnr 25.41 | val_lpips 0.0421 | val_lpips_full 0.0705 | edge 0.0183 | dark_noise 0.0041 | chroma 0.0361 | decomp 0.0382 | smooth_enh 0.0086 | lambda_mean 1.4014 | lambda_min 0.7235 | lambda_max 1.6481

Epoch 085/120 train start
Epoch 085/120 validation start
Epoch 085 | train_loss 0.1548 | val_loss 0.1529 | val_psnr 25.70 | val_lpips 0.0405 | val_lpips_full 0.0676 | edge 0.0184 | dark_noise 0.0041 | chroma 0.0358 | decomp 0.0374 | smooth_enh 0.0086 | lambda_mean 1.3948 | lambda_min 0.7163 | lambda_max 1.6387

Epoch 086/120 train start
Epoch 086/120 validation start
Epoch 086 | train_loss 0.1540 | val_loss 0.1545 | val_psnr 25.59 | val_lpips 0.0407 | val_lpips_full 0.0679 | edge 0.0183 | dark_noise 0.0040 | chroma 0.0357 | decomp 0.0374 | smooth_enh 0.0082 | lambda_mean 1.3925 | lambda_min 0.7265 | lambda_max 1.6226

Epoch 087/120 train start
Epoch 087/120 validation start
Epoch 087 | train_loss 0.1544 | val_loss 0.1487 | val_psnr 26.28 | val_lpips 0.0400 | val_lpips_full 0.0676 | edge 0.0183 | dark_noise 0.0041 | chroma 0.0356 | decomp 0.0369 | smooth_enh 0.0080 | lambda_mean 1.3738 | lambda_min 0.7020 | lambda_max 1.6132

Epoch 088/120 train start
Epoch 088/120 validation start
Epoch 088 | train_loss 0.1552 | val_loss 0.1535 | val_psnr 25.74 | val_lpips 0.0403 | val_lpips_full 0.0676 | edge 0.0184 | dark_noise 0.0041 | chroma 0.0354 | decomp 0.0385 | smooth_enh 0.0084 | lambda_mean 1.3907 | lambda_min 0.7243 | lambda_max 1.6265

Epoch 089/120 train start
Epoch 089/120 validation start
Epoch 089 | train_loss 0.1550 | val_loss 0.1534 | val_psnr 25.95 | val_lpips 0.0420 | val_lpips_full 0.0691 | edge 0.0184 | dark_noise 0.0041 | chroma 0.0366 | decomp 0.0395 | smooth_enh 0.0086 | lambda_mean 1.3867 | lambda_min 0.7067 | lambda_max 1.6366
Early stopping at epoch 89
Best epoch: 44 | Best psnr: 26.6232 | Best PSNR: 26.6232 | Best LPIPS@loss: 0.0440 | Best LPIPS full: 0.0734
===== TRAIN FINISHED =====
Best epoch: 44
Best psnr: 26.623234246999207
Best PSNR: 26.623234246999207
Best LPIPS@loss: 0.04397652147674997
Best LPIPS full: 0.07338396086485992
Best checkpoint: /content/retinextapetum_hpo/projects/uhd_ll_down4/final/hpo_candidate_01_trial_0012_fac8898781_seed_123/run/checkpoints/best.pth
Last checkpoint: /content/retinextapetum_hpo/projects/uhd_ll_down4/final/hpo_candidate_01_trial_0012_fac8898781_seed_123/run/checkpoints/last.pth
