DEVICE: cuda
TRAIN_LOW_DIR : /content/drive/MyDrive/TAPETUM/datasets/LOL-v2/Real_captured/Train/Low
TRAIN_HIGH_DIR: /content/drive/MyDrive/TAPETUM/datasets/LOL-v2/Real_captured/Train/Normal
VAL_LOW_DIR   : /content/drive/MyDrive/TAPETUM/datasets/LOL-v2/Real_captured/Val/Low
VAL_HIGH_DIR  : /content/drive/MyDrive/TAPETUM/datasets/LOL-v2/Real_captured/Val/Normal
CKPT_DIR      : /content/retinextapetum_hpo/projects/lol_v2_real/final/hpo_candidate_01_trial_0003_4225fc3909_seed_42/run/checkpoints
USE_TRAIN_VAL_SPLIT: True
VAL_RATIO     : 0.1
SPLIT_SEED    : 42
BASE_CHANNELS : 128
BATCH_SIZE    : 2
EPOCHS        : 120
LR            : 0.0006620890956705852
MIN_LR        : 4.082960740748955e-05
W_LPIPS       : 0.12
BEST_METRIC   : psnr
RESUME        : False
RESUME_CKPT   : last.pth
TRAIN_LOG_INTERVAL: 0
VAL_LOG_INTERVAL  : 0
Split manifest: /content/drive/MyDrive/TAPETUM/HyperparameterSearch/lol_v2_real/split_manifest.json
Train split images: 620
Val split images: 69
[Dataset] /content/drive/MyDrive/TAPETUM/datasets/LOL-v2/Real_captured/Train/Low
Mode: train
Split file_list: yes
Paired samples: 620
[Dataset] /content/drive/MyDrive/TAPETUM/datasets/LOL-v2/Real_captured/Train/Low
Mode: val/test
Split file_list: yes
Paired samples: 69
Train batches: 310
Val batches  : 69
Trainable params: 536,463
Setting up [LPIPS] perceptual loss: trunk [alex], v[0.1], spatial [off]
/usr/local/lib/python3.12/dist-packages/torchvision/models/_utils.py:208: UserWarning: The parameter 'pretrained' is deprecated since 0.13 and may be removed in the future, please use 'weights' instead.
  warnings.warn(
/usr/local/lib/python3.12/dist-packages/torchvision/models/_utils.py:223: UserWarning: Arguments other than a weight enum or `None` for 'weights' are deprecated since 0.13 and may be removed in the future. The current behavior is equivalent to passing `weights=AlexNet_Weights.IMAGENET1K_V1`. You can also use `weights=AlexNet_Weights.DEFAULT` to get the most up-to-date weights.
  warnings.warn(msg)
Loading model from: /usr/local/lib/python3.12/dist-packages/lpips/weights/v0.1/alex.pth
LPIPS training loss: enabled (alex, weight=0.12)
Resume disabled: RETINEX_TAPETUM_RESUME=0/config.RESUME_TRAINING=False

===== TRAIN START =====

Epoch 001/120 train start
Epoch 001/120 validation start
Epoch 001 | train_loss 0.6044 | val_loss 0.4619 | val_psnr 17.11 | val_lpips 0.4190 | val_lpips_full 0.5099 | edge 0.0378 | dark_noise 0.0134 | chroma 0.1353 | decomp 0.1040 | smooth_enh 0.0176 | lambda_mean 1.7074 | lambda_min 1.0368 | lambda_max 1.9229
Best model updated -> Epoch: 1, psnr: 17.1065, PSNR: 17.1065, LPIPS@loss: 0.4190, LPIPS full: 0.5099

Epoch 002/120 train start
Epoch 002/120 validation start
Epoch 002 | train_loss 0.4757 | val_loss 0.4422 | val_psnr 18.37 | val_lpips 0.3466 | val_lpips_full 0.4442 | edge 0.0381 | dark_noise 0.0136 | chroma 0.1294 | decomp 0.1283 | smooth_enh 0.0214 | lambda_mean 1.6721 | lambda_min 1.0210 | lambda_max 1.9575
Best model updated -> Epoch: 2, psnr: 18.3735, PSNR: 18.3735, LPIPS@loss: 0.3466, LPIPS full: 0.4442

Epoch 003/120 train start
Epoch 003/120 validation start
Epoch 003 | train_loss 0.4517 | val_loss 0.4233 | val_psnr 17.34 | val_lpips 0.3433 | val_lpips_full 0.4433 | edge 0.0377 | dark_noise 0.0132 | chroma 0.1199 | decomp 0.0853 | smooth_enh 0.0190 | lambda_mean 1.7564 | lambda_min 1.1182 | lambda_max 1.9754

Epoch 004/120 train start
Epoch 004/120 validation start
Epoch 004 | train_loss 0.4392 | val_loss 0.4076 | val_psnr 18.42 | val_lpips 0.3040 | val_lpips_full 0.3976 | edge 0.0381 | dark_noise 0.0133 | chroma 0.1086 | decomp 0.0983 | smooth_enh 0.0207 | lambda_mean 1.7340 | lambda_min 1.1042 | lambda_max 1.9786
Best model updated -> Epoch: 4, psnr: 18.4218, PSNR: 18.4218, LPIPS@loss: 0.3040, LPIPS full: 0.3976

Epoch 005/120 train start
Epoch 005/120 validation start
Epoch 005 | train_loss 0.4286 | val_loss 0.3934 | val_psnr 18.74 | val_lpips 0.3003 | val_lpips_full 0.3906 | edge 0.0383 | dark_noise 0.0134 | chroma 0.1093 | decomp 0.0896 | smooth_enh 0.0210 | lambda_mean 1.7445 | lambda_min 1.0941 | lambda_max 1.9778
Best model updated -> Epoch: 5, psnr: 18.7361, PSNR: 18.7361, LPIPS@loss: 0.3003, LPIPS full: 0.3906

Epoch 006/120 train start
Epoch 006/120 validation start
Epoch 006 | train_loss 0.4238 | val_loss 0.3889 | val_psnr 18.91 | val_lpips 0.2868 | val_lpips_full 0.3753 | edge 0.0379 | dark_noise 0.0135 | chroma 0.1051 | decomp 0.0920 | smooth_enh 0.0204 | lambda_mean 1.7402 | lambda_min 1.0935 | lambda_max 1.9750
Best model updated -> Epoch: 6, psnr: 18.9088, PSNR: 18.9088, LPIPS@loss: 0.2868, LPIPS full: 0.3753

Epoch 007/120 train start
Epoch 007/120 validation start
Epoch 007 | train_loss 0.4171 | val_loss 0.3964 | val_psnr 18.44 | val_lpips 0.3060 | val_lpips_full 0.3953 | edge 0.0370 | dark_noise 0.0134 | chroma 0.1222 | decomp 0.0907 | smooth_enh 0.0191 | lambda_mean 1.7626 | lambda_min 1.0868 | lambda_max 1.9877

Epoch 008/120 train start
Epoch 008/120 validation start
Epoch 008 | train_loss 0.4067 | val_loss 0.3893 | val_psnr 19.11 | val_lpips 0.2744 | val_lpips_full 0.3588 | edge 0.0375 | dark_noise 0.0133 | chroma 0.1077 | decomp 0.1009 | smooth_enh 0.0211 | lambda_mean 1.7169 | lambda_min 0.9885 | lambda_max 1.9618
Best model updated -> Epoch: 8, psnr: 19.1124, PSNR: 19.1124, LPIPS@loss: 0.2744, LPIPS full: 0.3588

Epoch 009/120 train start
Epoch 009/120 validation start
Epoch 009 | train_loss 0.3942 | val_loss 0.3705 | val_psnr 19.23 | val_lpips 0.2576 | val_lpips_full 0.3476 | edge 0.0368 | dark_noise 0.0133 | chroma 0.1099 | decomp 0.0900 | smooth_enh 0.0220 | lambda_mean 1.7438 | lambda_min 0.9864 | lambda_max 1.9838
Best model updated -> Epoch: 9, psnr: 19.2283, PSNR: 19.2283, LPIPS@loss: 0.2576, LPIPS full: 0.3476

Epoch 010/120 train start
Epoch 010/120 validation start
Epoch 010 | train_loss 0.3867 | val_loss 0.3629 | val_psnr 19.07 | val_lpips 0.2404 | val_lpips_full 0.3188 | edge 0.0348 | dark_noise 0.0132 | chroma 0.1111 | decomp 0.0846 | smooth_enh 0.0194 | lambda_mean 1.7625 | lambda_min 1.0053 | lambda_max 1.9883

Epoch 011/120 train start
Epoch 011/120 validation start
Epoch 011 | train_loss 0.3794 | val_loss 0.3683 | val_psnr 19.45 | val_lpips 0.2292 | val_lpips_full 0.3037 | edge 0.0341 | dark_noise 0.0131 | chroma 0.1055 | decomp 0.1060 | smooth_enh 0.0172 | lambda_mean 1.7462 | lambda_min 1.0756 | lambda_max 1.9799
Best model updated -> Epoch: 11, psnr: 19.4548, PSNR: 19.4548, LPIPS@loss: 0.2292, LPIPS full: 0.3037

Epoch 012/120 train start
Epoch 012/120 validation start
Epoch 012 | train_loss 0.3648 | val_loss 0.3503 | val_psnr 19.82 | val_lpips 0.2093 | val_lpips_full 0.2836 | edge 0.0360 | dark_noise 0.0134 | chroma 0.1010 | decomp 0.0953 | smooth_enh 0.0238 | lambda_mean 1.7478 | lambda_min 1.0067 | lambda_max 1.9894
Best model updated -> Epoch: 12, psnr: 19.8236, PSNR: 19.8236, LPIPS@loss: 0.2093, LPIPS full: 0.2836

Epoch 013/120 train start
Epoch 013/120 validation start
Epoch 013 | train_loss 0.3643 | val_loss 0.3458 | val_psnr 19.84 | val_lpips 0.2109 | val_lpips_full 0.2799 | edge 0.0334 | dark_noise 0.0132 | chroma 0.1010 | decomp 0.0998 | smooth_enh 0.0189 | lambda_mean 1.7297 | lambda_min 1.0463 | lambda_max 1.9900
Best model updated -> Epoch: 13, psnr: 19.8371, PSNR: 19.8371, LPIPS@loss: 0.2109, LPIPS full: 0.2799

Epoch 014/120 train start
Epoch 014/120 validation start
Epoch 014 | train_loss 0.3580 | val_loss 0.3427 | val_psnr 19.54 | val_lpips 0.1997 | val_lpips_full 0.2645 | edge 0.0332 | dark_noise 0.0131 | chroma 0.0968 | decomp 0.0870 | smooth_enh 0.0192 | lambda_mean 1.7715 | lambda_min 1.0349 | lambda_max 1.9918

Epoch 015/120 train start
Epoch 015/120 validation start
Epoch 015 | train_loss 0.3543 | val_loss 0.3497 | val_psnr 20.15 | val_lpips 0.1926 | val_lpips_full 0.2620 | edge 0.0340 | dark_noise 0.0132 | chroma 0.0950 | decomp 0.1090 | smooth_enh 0.0208 | lambda_mean 1.7103 | lambda_min 1.0409 | lambda_max 1.9836
Best model updated -> Epoch: 15, psnr: 20.1517, PSNR: 20.1517, LPIPS@loss: 0.1926, LPIPS full: 0.2620

Epoch 016/120 train start
Epoch 016/120 validation start
Epoch 016 | train_loss 0.3462 | val_loss 0.3297 | val_psnr 19.63 | val_lpips 0.1916 | val_lpips_full 0.2558 | edge 0.0324 | dark_noise 0.0129 | chroma 0.0943 | decomp 0.0822 | smooth_enh 0.0175 | lambda_mean 1.7695 | lambda_min 1.0875 | lambda_max 1.9901

Epoch 017/120 train start
Epoch 017/120 validation start
Epoch 017 | train_loss 0.3456 | val_loss 0.3306 | val_psnr 20.47 | val_lpips 0.1764 | val_lpips_full 0.2389 | edge 0.0333 | dark_noise 0.0132 | chroma 0.0941 | decomp 0.1011 | smooth_enh 0.0216 | lambda_mean 1.7227 | lambda_min 0.9972 | lambda_max 1.9901
Best model updated -> Epoch: 17, psnr: 20.4676, PSNR: 20.4676, LPIPS@loss: 0.1764, LPIPS full: 0.2389

Epoch 018/120 train start
Epoch 018/120 validation start
Epoch 018 | train_loss 0.3405 | val_loss 0.3364 | val_psnr 19.55 | val_lpips 0.1759 | val_lpips_full 0.2383 | edge 0.0324 | dark_noise 0.0130 | chroma 0.0940 | decomp 0.0895 | smooth_enh 0.0191 | lambda_mean 1.7740 | lambda_min 1.0307 | lambda_max 1.9928

Epoch 019/120 train start
Epoch 019/120 validation start
Epoch 019 | train_loss 0.3373 | val_loss 0.3233 | val_psnr 19.85 | val_lpips 0.1764 | val_lpips_full 0.2384 | edge 0.0320 | dark_noise 0.0129 | chroma 0.0958 | decomp 0.0871 | smooth_enh 0.0191 | lambda_mean 1.7661 | lambda_min 1.0702 | lambda_max 1.9952

Epoch 020/120 train start
Epoch 020/120 validation start
Epoch 020 | train_loss 0.3381 | val_loss 0.3382 | val_psnr 20.39 | val_lpips 0.1776 | val_lpips_full 0.2392 | edge 0.0327 | dark_noise 0.0131 | chroma 0.0957 | decomp 0.1066 | smooth_enh 0.0206 | lambda_mean 1.7108 | lambda_min 1.0162 | lambda_max 1.9839

Epoch 021/120 train start
Epoch 021/120 validation start
Epoch 021 | train_loss 0.3356 | val_loss 0.3217 | val_psnr 19.97 | val_lpips 0.1708 | val_lpips_full 0.2361 | edge 0.0321 | dark_noise 0.0130 | chroma 0.0969 | decomp 0.0887 | smooth_enh 0.0196 | lambda_mean 1.7648 | lambda_min 1.0874 | lambda_max 1.9922

Epoch 022/120 train start
Epoch 022/120 validation start
Epoch 022 | train_loss 0.3316 | val_loss 0.3215 | val_psnr 20.51 | val_lpips 0.1638 | val_lpips_full 0.2267 | edge 0.0327 | dark_noise 0.0131 | chroma 0.0927 | decomp 0.0960 | smooth_enh 0.0219 | lambda_mean 1.7355 | lambda_min 1.0101 | lambda_max 1.9891
Best model updated -> Epoch: 22, psnr: 20.5074, PSNR: 20.5074, LPIPS@loss: 0.1638, LPIPS full: 0.2267

Epoch 023/120 train start
Epoch 023/120 validation start
Epoch 023 | train_loss 0.3266 | val_loss 0.3232 | val_psnr 20.66 | val_lpips 0.1671 | val_lpips_full 0.2259 | edge 0.0322 | dark_noise 0.0130 | chroma 0.0930 | decomp 0.1021 | smooth_enh 0.0203 | lambda_mean 1.7201 | lambda_min 1.0574 | lambda_max 1.9947
Best model updated -> Epoch: 23, psnr: 20.6554, PSNR: 20.6554, LPIPS@loss: 0.1671, LPIPS full: 0.2259

Epoch 024/120 train start
Epoch 024/120 validation start
Epoch 024 | train_loss 0.3273 | val_loss 0.3166 | val_psnr 20.08 | val_lpips 0.1655 | val_lpips_full 0.2252 | edge 0.0317 | dark_noise 0.0129 | chroma 0.0948 | decomp 0.0862 | smooth_enh 0.0193 | lambda_mean 1.7579 | lambda_min 1.0666 | lambda_max 1.9937

Epoch 025/120 train start
Epoch 025/120 validation start
Epoch 025 | train_loss 0.3292 | val_loss 0.3165 | val_psnr 20.10 | val_lpips 0.1613 | val_lpips_full 0.2224 | edge 0.0315 | dark_noise 0.0129 | chroma 0.0934 | decomp 0.0887 | smooth_enh 0.0194 | lambda_mean 1.7570 | lambda_min 1.1004 | lambda_max 1.9925

Epoch 026/120 train start
Epoch 026/120 validation start
Epoch 026 | train_loss 0.3242 | val_loss 0.3112 | val_psnr 19.98 | val_lpips 0.1574 | val_lpips_full 0.2190 | edge 0.0314 | dark_noise 0.0129 | chroma 0.0896 | decomp 0.0794 | smooth_enh 0.0191 | lambda_mean 1.7716 | lambda_min 1.0892 | lambda_max 1.9939

Epoch 027/120 train start
Epoch 027/120 validation start
Epoch 027 | train_loss 0.3245 | val_loss 0.3194 | val_psnr 20.37 | val_lpips 0.1557 | val_lpips_full 0.2182 | edge 0.0315 | dark_noise 0.0129 | chroma 0.0909 | decomp 0.0939 | smooth_enh 0.0197 | lambda_mean 1.7350 | lambda_min 1.0698 | lambda_max 1.9838

Epoch 028/120 train start
Epoch 028/120 validation start
Epoch 028 | train_loss 0.3270 | val_loss 0.3159 | val_psnr 20.68 | val_lpips 0.1545 | val_lpips_full 0.2134 | edge 0.0315 | dark_noise 0.0129 | chroma 0.0934 | decomp 0.0969 | smooth_enh 0.0200 | lambda_mean 1.7365 | lambda_min 1.0464 | lambda_max 1.9896
Best model updated -> Epoch: 28, psnr: 20.6789, PSNR: 20.6789, LPIPS@loss: 0.1545, LPIPS full: 0.2134

Epoch 029/120 train start
Epoch 029/120 validation start
Epoch 029 | train_loss 0.3168 | val_loss 0.3134 | val_psnr 20.36 | val_lpips 0.1533 | val_lpips_full 0.2099 | edge 0.0316 | dark_noise 0.0128 | chroma 0.0923 | decomp 0.0902 | smooth_enh 0.0206 | lambda_mean 1.7529 | lambda_min 1.0418 | lambda_max 1.9936

Epoch 030/120 train start
Epoch 030/120 validation start
Epoch 030 | train_loss 0.3172 | val_loss 0.3136 | val_psnr 20.76 | val_lpips 0.1476 | val_lpips_full 0.2061 | edge 0.0315 | dark_noise 0.0130 | chroma 0.0874 | decomp 0.0994 | smooth_enh 0.0202 | lambda_mean 1.7312 | lambda_min 1.0926 | lambda_max 1.9896
Best model updated -> Epoch: 30, psnr: 20.7636, PSNR: 20.7636, LPIPS@loss: 0.1476, LPIPS full: 0.2061

Epoch 031/120 train start
Epoch 031/120 validation start
Epoch 031 | train_loss 0.3211 | val_loss 0.3214 | val_psnr 20.61 | val_lpips 0.1517 | val_lpips_full 0.2068 | edge 0.0316 | dark_noise 0.0129 | chroma 0.0909 | decomp 0.1025 | smooth_enh 0.0206 | lambda_mean 1.7175 | lambda_min 1.0351 | lambda_max 1.9880

Epoch 032/120 train start
Epoch 032/120 validation start
Epoch 032 | train_loss 0.3212 | val_loss 0.3135 | val_psnr 20.59 | val_lpips 0.1450 | val_lpips_full 0.2027 | edge 0.0318 | dark_noise 0.0129 | chroma 0.0875 | decomp 0.0958 | smooth_enh 0.0210 | lambda_mean 1.7447 | lambda_min 1.0625 | lambda_max 1.9909

Epoch 033/120 train start
Epoch 033/120 validation start
Epoch 033 | train_loss 0.3149 | val_loss 0.3042 | val_psnr 20.64 | val_lpips 0.1445 | val_lpips_full 0.2032 | edge 0.0315 | dark_noise 0.0130 | chroma 0.0872 | decomp 0.0896 | smooth_enh 0.0206 | lambda_mean 1.7502 | lambda_min 1.0650 | lambda_max 1.9955

Epoch 034/120 train start
Epoch 034/120 validation start
Epoch 034 | train_loss 0.3156 | val_loss 0.3169 | val_psnr 20.63 | val_lpips 0.1490 | val_lpips_full 0.2042 | edge 0.0314 | dark_noise 0.0127 | chroma 0.0903 | decomp 0.1005 | smooth_enh 0.0201 | lambda_mean 1.7208 | lambda_min 1.0572 | lambda_max 1.9879

Epoch 035/120 train start
Epoch 035/120 validation start
Epoch 035 | train_loss 0.3134 | val_loss 0.2995 | val_psnr 20.36 | val_lpips 0.1441 | val_lpips_full 0.2023 | edge 0.0312 | dark_noise 0.0129 | chroma 0.0849 | decomp 0.0812 | smooth_enh 0.0197 | lambda_mean 1.7657 | lambda_min 1.0695 | lambda_max 1.9962

Epoch 036/120 train start
Epoch 036/120 validation start
Epoch 036 | train_loss 0.3122 | val_loss 0.3029 | val_psnr 20.99 | val_lpips 0.1397 | val_lpips_full 0.1980 | edge 0.0319 | dark_noise 0.0130 | chroma 0.0834 | decomp 0.0952 | smooth_enh 0.0220 | lambda_mean 1.7324 | lambda_min 1.0523 | lambda_max 1.9946
Best model updated -> Epoch: 36, psnr: 20.9900, PSNR: 20.9900, LPIPS@loss: 0.1397, LPIPS full: 0.1980

Epoch 037/120 train start
Epoch 037/120 validation start
Epoch 037 | train_loss 0.3131 | val_loss 0.3035 | val_psnr 20.87 | val_lpips 0.1405 | val_lpips_full 0.1956 | edge 0.0309 | dark_noise 0.0127 | chroma 0.0861 | decomp 0.0926 | smooth_enh 0.0198 | lambda_mean 1.7385 | lambda_min 1.0897 | lambda_max 1.9898

Epoch 038/120 train start
Epoch 038/120 validation start
Epoch 038 | train_loss 0.3090 | val_loss 0.2981 | val_psnr 20.94 | val_lpips 0.1406 | val_lpips_full 0.1985 | edge 0.0311 | dark_noise 0.0127 | chroma 0.0843 | decomp 0.0899 | smooth_enh 0.0203 | lambda_mean 1.7449 | lambda_min 1.0777 | lambda_max 1.9925

Epoch 039/120 train start
Epoch 039/120 validation start
Epoch 039 | train_loss 0.3118 | val_loss 0.3120 | val_psnr 20.97 | val_lpips 0.1384 | val_lpips_full 0.1937 | edge 0.0317 | dark_noise 0.0129 | chroma 0.0860 | decomp 0.1016 | smooth_enh 0.0222 | lambda_mean 1.7242 | lambda_min 1.0610 | lambda_max 1.9907

Epoch 040/120 train start
Epoch 040/120 validation start
Epoch 040 | train_loss 0.3100 | val_loss 0.2988 | val_psnr 21.16 | val_lpips 0.1378 | val_lpips_full 0.1934 | edge 0.0311 | dark_noise 0.0128 | chroma 0.0851 | decomp 0.0931 | smooth_enh 0.0204 | lambda_mean 1.7416 | lambda_min 1.0780 | lambda_max 1.9924
Best model updated -> Epoch: 40, psnr: 21.1588, PSNR: 21.1588, LPIPS@loss: 0.1378, LPIPS full: 0.1934

Epoch 041/120 train start
Epoch 041/120 validation start
Epoch 041 | train_loss 0.3102 | val_loss 0.3209 | val_psnr 20.54 | val_lpips 0.1430 | val_lpips_full 0.1973 | edge 0.0308 | dark_noise 0.0127 | chroma 0.0860 | decomp 0.1041 | smooth_enh 0.0187 | lambda_mean 1.7106 | lambda_min 1.1000 | lambda_max 1.9847

Epoch 042/120 train start
Epoch 042/120 validation start
Epoch 042 | train_loss 0.3080 | val_loss 0.2977 | val_psnr 20.80 | val_lpips 0.1403 | val_lpips_full 0.1975 | edge 0.0308 | dark_noise 0.0127 | chroma 0.0891 | decomp 0.0882 | smooth_enh 0.0191 | lambda_mean 1.7470 | lambda_min 1.1169 | lambda_max 1.9915

Epoch 043/120 train start
Epoch 043/120 validation start
Epoch 043 | train_loss 0.3095 | val_loss 0.3009 | val_psnr 21.00 | val_lpips 0.1388 | val_lpips_full 0.1975 | edge 0.0309 | dark_noise 0.0128 | chroma 0.0877 | decomp 0.0928 | smooth_enh 0.0196 | lambda_mean 1.7362 | lambda_min 1.1084 | lambda_max 1.9914

Epoch 044/120 train start
Epoch 044/120 validation start
Epoch 044 | train_loss 0.3060 | val_loss 0.2934 | val_psnr 20.75 | val_lpips 0.1391 | val_lpips_full 0.1959 | edge 0.0310 | dark_noise 0.0128 | chroma 0.0833 | decomp 0.0843 | smooth_enh 0.0197 | lambda_mean 1.7560 | lambda_min 1.1092 | lambda_max 1.9964

Epoch 045/120 train start
Epoch 045/120 validation start
Epoch 045 | train_loss 0.3047 | val_loss 0.2897 | val_psnr 20.78 | val_lpips 0.1333 | val_lpips_full 0.1910 | edge 0.0314 | dark_noise 0.0129 | chroma 0.0818 | decomp 0.0824 | smooth_enh 0.0211 | lambda_mean 1.7532 | lambda_min 1.1058 | lambda_max 1.9952

Epoch 046/120 train start
Epoch 046/120 validation start
Epoch 046 | train_loss 0.3042 | val_loss 0.2953 | val_psnr 21.10 | val_lpips 0.1306 | val_lpips_full 0.1875 | edge 0.0311 | dark_noise 0.0128 | chroma 0.0810 | decomp 0.0894 | smooth_enh 0.0200 | lambda_mean 1.7416 | lambda_min 1.0951 | lambda_max 1.9913

Epoch 047/120 train start
Epoch 047/120 validation start
Epoch 047 | train_loss 0.3041 | val_loss 0.3011 | val_psnr 21.08 | val_lpips 0.1356 | val_lpips_full 0.1918 | edge 0.0312 | dark_noise 0.0128 | chroma 0.0876 | decomp 0.0938 | smooth_enh 0.0211 | lambda_mean 1.7378 | lambda_min 1.1239 | lambda_max 1.9907

Epoch 048/120 train start
Epoch 048/120 validation start
Epoch 048 | train_loss 0.3053 | val_loss 0.3016 | val_psnr 20.87 | val_lpips 0.1359 | val_lpips_full 0.1930 | edge 0.0311 | dark_noise 0.0129 | chroma 0.0828 | decomp 0.0925 | smooth_enh 0.0211 | lambda_mean 1.7359 | lambda_min 1.0976 | lambda_max 1.9917

Epoch 049/120 train start
Epoch 049/120 validation start
Epoch 049 | train_loss 0.3031 | val_loss 0.2969 | val_psnr 21.18 | val_lpips 0.1301 | val_lpips_full 0.1842 | edge 0.0311 | dark_noise 0.0128 | chroma 0.0821 | decomp 0.0938 | smooth_enh 0.0210 | lambda_mean 1.7330 | lambda_min 1.0998 | lambda_max 1.9909
Best model updated -> Epoch: 49, psnr: 21.1783, PSNR: 21.1783, LPIPS@loss: 0.1301, LPIPS full: 0.1842

Epoch 050/120 train start
Epoch 050/120 validation start
Epoch 050 | train_loss 0.3024 | val_loss 0.2931 | val_psnr 21.32 | val_lpips 0.1293 | val_lpips_full 0.1838 | edge 0.0309 | dark_noise 0.0127 | chroma 0.0815 | decomp 0.0937 | smooth_enh 0.0202 | lambda_mean 1.7353 | lambda_min 1.1142 | lambda_max 1.9919
Best model updated -> Epoch: 50, psnr: 21.3175, PSNR: 21.3175, LPIPS@loss: 0.1293, LPIPS full: 0.1838

Epoch 051/120 train start
Epoch 051/120 validation start
Epoch 051 | train_loss 0.3018 | val_loss 0.2951 | val_psnr 20.28 | val_lpips 0.1331 | val_lpips_full 0.1889 | edge 0.0312 | dark_noise 0.0128 | chroma 0.0803 | decomp 0.0758 | smooth_enh 0.0206 | lambda_mean 1.7735 | lambda_min 1.1353 | lambda_max 1.9949

Epoch 052/120 train start
Epoch 052/120 validation start
Epoch 052 | train_loss 0.3001 | val_loss 0.2930 | val_psnr 20.71 | val_lpips 0.1335 | val_lpips_full 0.1875 | edge 0.0312 | dark_noise 0.0128 | chroma 0.0815 | decomp 0.0852 | smooth_enh 0.0211 | lambda_mean 1.7612 | lambda_min 1.1056 | lambda_max 1.9954

Epoch 053/120 train start
Epoch 053/120 validation start
Epoch 053 | train_loss 0.3008 | val_loss 0.2888 | val_psnr 21.53 | val_lpips 0.1264 | val_lpips_full 0.1812 | edge 0.0310 | dark_noise 0.0129 | chroma 0.0784 | decomp 0.0948 | smooth_enh 0.0207 | lambda_mean 1.7292 | lambda_min 1.1158 | lambda_max 1.9941
Best model updated -> Epoch: 53, psnr: 21.5303, PSNR: 21.5303, LPIPS@loss: 0.1264, LPIPS full: 0.1812

Epoch 054/120 train start
Epoch 054/120 validation start
Epoch 054 | train_loss 0.2996 | val_loss 0.2907 | val_psnr 21.08 | val_lpips 0.1295 | val_lpips_full 0.1838 | edge 0.0309 | dark_noise 0.0127 | chroma 0.0805 | decomp 0.0870 | smooth_enh 0.0206 | lambda_mean 1.7511 | lambda_min 1.1218 | lambda_max 1.9939

Epoch 055/120 train start
Epoch 055/120 validation start
Epoch 055 | train_loss 0.3005 | val_loss 0.2942 | val_psnr 21.00 | val_lpips 0.1324 | val_lpips_full 0.1861 | edge 0.0311 | dark_noise 0.0127 | chroma 0.0848 | decomp 0.0896 | smooth_enh 0.0209 | lambda_mean 1.7396 | lambda_min 1.1257 | lambda_max 1.9905

Epoch 056/120 train start
Epoch 056/120 validation start
Epoch 056 | train_loss 0.2998 | val_loss 0.2902 | val_psnr 21.56 | val_lpips 0.1251 | val_lpips_full 0.1793 | edge 0.0311 | dark_noise 0.0128 | chroma 0.0787 | decomp 0.0955 | smooth_enh 0.0212 | lambda_mean 1.7282 | lambda_min 1.1153 | lambda_max 1.9928
Best model updated -> Epoch: 56, psnr: 21.5567, PSNR: 21.5567, LPIPS@loss: 0.1251, LPIPS full: 0.1793

Epoch 057/120 train start
Epoch 057/120 validation start
Epoch 057 | train_loss 0.2985 | val_loss 0.2927 | val_psnr 21.18 | val_lpips 0.1282 | val_lpips_full 0.1814 | edge 0.0308 | dark_noise 0.0127 | chroma 0.0806 | decomp 0.0930 | smooth_enh 0.0207 | lambda_mean 1.7356 | lambda_min 1.1202 | lambda_max 1.9937

Epoch 058/120 train start
Epoch 058/120 validation start
Epoch 058 | train_loss 0.2951 | val_loss 0.2985 | val_psnr 21.31 | val_lpips 0.1267 | val_lpips_full 0.1811 | edge 0.0311 | dark_noise 0.0128 | chroma 0.0795 | decomp 0.0995 | smooth_enh 0.0214 | lambda_mean 1.7219 | lambda_min 1.1077 | lambda_max 1.9913

Epoch 059/120 train start
Epoch 059/120 validation start
Epoch 059 | train_loss 0.2996 | val_loss 0.2947 | val_psnr 20.86 | val_lpips 0.1295 | val_lpips_full 0.1827 | edge 0.0308 | dark_noise 0.0127 | chroma 0.0830 | decomp 0.0877 | smooth_enh 0.0201 | lambda_mean 1.7460 | lambda_min 1.1348 | lambda_max 1.9916

Epoch 060/120 train start
Epoch 060/120 validation start
Epoch 060 | train_loss 0.2978 | val_loss 0.2864 | val_psnr 21.20 | val_lpips 0.1250 | val_lpips_full 0.1780 | edge 0.0307 | dark_noise 0.0127 | chroma 0.0774 | decomp 0.0884 | smooth_enh 0.0202 | lambda_mean 1.7416 | lambda_min 1.1258 | lambda_max 1.9932

Epoch 061/120 train start
Epoch 061/120 validation start
Epoch 061 | train_loss 0.2974 | val_loss 0.2899 | val_psnr 21.12 | val_lpips 0.1255 | val_lpips_full 0.1782 | edge 0.0309 | dark_noise 0.0128 | chroma 0.0783 | decomp 0.0889 | smooth_enh 0.0211 | lambda_mean 1.7464 | lambda_min 1.1066 | lambda_max 1.9938

Epoch 062/120 train start
Epoch 062/120 validation start
Epoch 062 | train_loss 0.2986 | val_loss 0.2892 | val_psnr 20.70 | val_lpips 0.1256 | val_lpips_full 0.1799 | edge 0.0308 | dark_noise 0.0127 | chroma 0.0783 | decomp 0.0822 | smooth_enh 0.0203 | lambda_mean 1.7567 | lambda_min 1.1290 | lambda_max 1.9931

Epoch 063/120 train start
Epoch 063/120 validation start
Epoch 063 | train_loss 0.2959 | val_loss 0.2837 | val_psnr 21.38 | val_lpips 0.1259 | val_lpips_full 0.1790 | edge 0.0309 | dark_noise 0.0128 | chroma 0.0781 | decomp 0.0878 | smooth_enh 0.0207 | lambda_mean 1.7435 | lambda_min 1.1122 | lambda_max 1.9948

Epoch 064/120 train start
Epoch 064/120 validation start
Epoch 064 | train_loss 0.2977 | val_loss 0.2810 | val_psnr 21.19 | val_lpips 0.1223 | val_lpips_full 0.1763 | edge 0.0306 | dark_noise 0.0127 | chroma 0.0781 | decomp 0.0834 | smooth_enh 0.0200 | lambda_mean 1.7504 | lambda_min 1.1476 | lambda_max 1.9944

Epoch 065/120 train start
Epoch 065/120 validation start
Epoch 065 | train_loss 0.2948 | val_loss 0.2844 | val_psnr 21.12 | val_lpips 0.1255 | val_lpips_full 0.1798 | edge 0.0307 | dark_noise 0.0128 | chroma 0.0778 | decomp 0.0834 | smooth_enh 0.0203 | lambda_mean 1.7611 | lambda_min 1.1259 | lambda_max 1.9955

Epoch 066/120 train start
Epoch 066/120 validation start
Epoch 066 | train_loss 0.2956 | val_loss 0.2828 | val_psnr 20.73 | val_lpips 0.1267 | val_lpips_full 0.1803 | edge 0.0304 | dark_noise 0.0126 | chroma 0.0769 | decomp 0.0766 | smooth_enh 0.0188 | lambda_mean 1.7659 | lambda_min 1.1400 | lambda_max 1.9949

Epoch 067/120 train start
Epoch 067/120 validation start
Epoch 067 | train_loss 0.2922 | val_loss 0.2882 | val_psnr 21.34 | val_lpips 0.1245 | val_lpips_full 0.1781 | edge 0.0311 | dark_noise 0.0128 | chroma 0.0784 | decomp 0.0908 | smooth_enh 0.0217 | lambda_mean 1.7385 | lambda_min 1.1078 | lambda_max 1.9936

Epoch 068/120 train start
Epoch 068/120 validation start
Epoch 068 | train_loss 0.2937 | val_loss 0.2862 | val_psnr 21.00 | val_lpips 0.1221 | val_lpips_full 0.1765 | edge 0.0307 | dark_noise 0.0127 | chroma 0.0773 | decomp 0.0855 | smooth_enh 0.0204 | lambda_mean 1.7468 | lambda_min 1.1211 | lambda_max 1.9926

Epoch 069/120 train start
Epoch 069/120 validation start
Epoch 069 | train_loss 0.2947 | val_loss 0.2851 | val_psnr 21.28 | val_lpips 0.1194 | val_lpips_full 0.1716 | edge 0.0307 | dark_noise 0.0127 | chroma 0.0767 | decomp 0.0891 | smooth_enh 0.0204 | lambda_mean 1.7423 | lambda_min 1.1346 | lambda_max 1.9924

Epoch 070/120 train start
Epoch 070/120 validation start
Epoch 070 | train_loss 0.2930 | val_loss 0.2812 | val_psnr 21.27 | val_lpips 0.1210 | val_lpips_full 0.1755 | edge 0.0309 | dark_noise 0.0129 | chroma 0.0773 | decomp 0.0849 | smooth_enh 0.0210 | lambda_mean 1.7465 | lambda_min 1.1398 | lambda_max 1.9949

Epoch 071/120 train start
Epoch 071/120 validation start
Epoch 071 | train_loss 0.2929 | val_loss 0.2844 | val_psnr 21.13 | val_lpips 0.1273 | val_lpips_full 0.1791 | edge 0.0304 | dark_noise 0.0126 | chroma 0.0793 | decomp 0.0866 | smooth_enh 0.0193 | lambda_mean 1.7434 | lambda_min 1.1436 | lambda_max 1.9949

Epoch 072/120 train start
Epoch 072/120 validation start
Epoch 072 | train_loss 0.2908 | val_loss 0.2853 | val_psnr 20.99 | val_lpips 0.1239 | val_lpips_full 0.1760 | edge 0.0307 | dark_noise 0.0127 | chroma 0.0782 | decomp 0.0843 | smooth_enh 0.0203 | lambda_mean 1.7527 | lambda_min 1.1270 | lambda_max 1.9936

Epoch 073/120 train start
Epoch 073/120 validation start
Epoch 073 | train_loss 0.2884 | val_loss 0.2835 | val_psnr 21.03 | val_lpips 0.1206 | val_lpips_full 0.1732 | edge 0.0306 | dark_noise 0.0127 | chroma 0.0758 | decomp 0.0838 | smooth_enh 0.0207 | lambda_mean 1.7505 | lambda_min 1.1285 | lambda_max 1.9943

Epoch 074/120 train start
Epoch 074/120 validation start
Epoch 074 | train_loss 0.2912 | val_loss 0.2811 | val_psnr 20.92 | val_lpips 0.1212 | val_lpips_full 0.1739 | edge 0.0305 | dark_noise 0.0126 | chroma 0.0768 | decomp 0.0801 | smooth_enh 0.0194 | lambda_mean 1.7590 | lambda_min 1.1595 | lambda_max 1.9949

Epoch 075/120 train start
Epoch 075/120 validation start
Epoch 075 | train_loss 0.2856 | val_loss 0.2850 | val_psnr 21.18 | val_lpips 0.1209 | val_lpips_full 0.1722 | edge 0.0306 | dark_noise 0.0126 | chroma 0.0760 | decomp 0.0889 | smooth_enh 0.0207 | lambda_mean 1.7398 | lambda_min 1.1105 | lambda_max 1.9927

Epoch 076/120 train start
Epoch 076/120 validation start
Epoch 076 | train_loss 0.2877 | val_loss 0.2855 | val_psnr 21.11 | val_lpips 0.1225 | val_lpips_full 0.1741 | edge 0.0304 | dark_noise 0.0126 | chroma 0.0777 | decomp 0.0869 | smooth_enh 0.0201 | lambda_mean 1.7443 | lambda_min 1.1178 | lambda_max 1.9926

Epoch 077/120 train start
Epoch 077/120 validation start
Epoch 077 | train_loss 0.2920 | val_loss 0.2819 | val_psnr 21.14 | val_lpips 0.1196 | val_lpips_full 0.1718 | edge 0.0308 | dark_noise 0.0127 | chroma 0.0758 | decomp 0.0848 | smooth_enh 0.0212 | lambda_mean 1.7479 | lambda_min 1.1110 | lambda_max 1.9938

Epoch 078/120 train start
Epoch 078/120 validation start
Epoch 078 | train_loss 0.2891 | val_loss 0.2794 | val_psnr 20.93 | val_lpips 0.1210 | val_lpips_full 0.1737 | edge 0.0304 | dark_noise 0.0127 | chroma 0.0748 | decomp 0.0794 | smooth_enh 0.0196 | lambda_mean 1.7587 | lambda_min 1.1417 | lambda_max 1.9949

Epoch 079/120 train start
Epoch 079/120 validation start
Epoch 079 | train_loss 0.2889 | val_loss 0.2800 | val_psnr 21.41 | val_lpips 0.1171 | val_lpips_full 0.1704 | edge 0.0309 | dark_noise 0.0128 | chroma 0.0748 | decomp 0.0866 | smooth_enh 0.0210 | lambda_mean 1.7453 | lambda_min 1.1304 | lambda_max 1.9935

Epoch 080/120 train start
Epoch 080/120 validation start
Epoch 080 | train_loss 0.2886 | val_loss 0.2841 | val_psnr 21.34 | val_lpips 0.1181 | val_lpips_full 0.1700 | edge 0.0306 | dark_noise 0.0127 | chroma 0.0771 | decomp 0.0892 | smooth_enh 0.0207 | lambda_mean 1.7378 | lambda_min 1.1180 | lambda_max 1.9919

Epoch 081/120 train start
Epoch 081/120 validation start
Epoch 081 | train_loss 0.2874 | val_loss 0.2840 | val_psnr 21.14 | val_lpips 0.1192 | val_lpips_full 0.1723 | edge 0.0305 | dark_noise 0.0126 | chroma 0.0771 | decomp 0.0860 | smooth_enh 0.0203 | lambda_mean 1.7444 | lambda_min 1.1365 | lambda_max 1.9923

Epoch 082/120 train start
Epoch 082/120 validation start
Epoch 082 | train_loss 0.2894 | val_loss 0.2798 | val_psnr 21.14 | val_lpips 0.1195 | val_lpips_full 0.1744 | edge 0.0311 | dark_noise 0.0129 | chroma 0.0772 | decomp 0.0815 | smooth_enh 0.0218 | lambda_mean 1.7550 | lambda_min 1.1284 | lambda_max 1.9962

Epoch 083/120 train start
Epoch 083/120 validation start
Epoch 083 | train_loss 0.2876 | val_loss 0.2793 | val_psnr 21.37 | val_lpips 0.1197 | val_lpips_full 0.1708 | edge 0.0303 | dark_noise 0.0126 | chroma 0.0744 | decomp 0.0872 | smooth_enh 0.0197 | lambda_mean 1.7424 | lambda_min 1.1333 | lambda_max 1.9923

Epoch 084/120 train start
Epoch 084/120 validation start
Epoch 084 | train_loss 0.2863 | val_loss 0.2817 | val_psnr 21.15 | val_lpips 0.1189 | val_lpips_full 0.1710 | edge 0.0308 | dark_noise 0.0127 | chroma 0.0761 | decomp 0.0836 | smooth_enh 0.0212 | lambda_mean 1.7523 | lambda_min 1.1266 | lambda_max 1.9946

Epoch 085/120 train start
Epoch 085/120 validation start
Epoch 085 | train_loss 0.2874 | val_loss 0.2847 | val_psnr 21.16 | val_lpips 0.1238 | val_lpips_full 0.1758 | edge 0.0303 | dark_noise 0.0126 | chroma 0.0774 | decomp 0.0863 | smooth_enh 0.0198 | lambda_mean 1.7460 | lambda_min 1.1285 | lambda_max 1.9928

Epoch 086/120 train start
Epoch 086/120 validation start
Epoch 086 | train_loss 0.2871 | val_loss 0.2776 | val_psnr 21.34 | val_lpips 0.1173 | val_lpips_full 0.1693 | edge 0.0306 | dark_noise 0.0127 | chroma 0.0743 | decomp 0.0843 | smooth_enh 0.0206 | lambda_mean 1.7480 | lambda_min 1.1321 | lambda_max 1.9946

Epoch 087/120 train start
Epoch 087/120 validation start
Epoch 087 | train_loss 0.2847 | val_loss 0.2809 | val_psnr 21.25 | val_lpips 0.1186 | val_lpips_full 0.1699 | edge 0.0304 | dark_noise 0.0127 | chroma 0.0745 | decomp 0.0858 | smooth_enh 0.0201 | lambda_mean 1.7473 | lambda_min 1.1268 | lambda_max 1.9931

Epoch 088/120 train start
Epoch 088/120 validation start
Epoch 088 | train_loss 0.2854 | val_loss 0.2782 | val_psnr 21.21 | val_lpips 0.1195 | val_lpips_full 0.1728 | edge 0.0303 | dark_noise 0.0126 | chroma 0.0744 | decomp 0.0834 | smooth_enh 0.0196 | lambda_mean 1.7495 | lambda_min 1.1375 | lambda_max 1.9926

Epoch 089/120 train start
Epoch 089/120 validation start
Epoch 089 | train_loss 0.2877 | val_loss 0.2777 | val_psnr 21.34 | val_lpips 0.1174 | val_lpips_full 0.1696 | edge 0.0303 | dark_noise 0.0126 | chroma 0.0743 | decomp 0.0845 | smooth_enh 0.0199 | lambda_mean 1.7484 | lambda_min 1.1335 | lambda_max 1.9924

Epoch 090/120 train start
Epoch 090/120 validation start
Epoch 090 | train_loss 0.2857 | val_loss 0.2772 | val_psnr 21.44 | val_lpips 0.1163 | val_lpips_full 0.1687 | edge 0.0307 | dark_noise 0.0128 | chroma 0.0746 | decomp 0.0862 | smooth_enh 0.0210 | lambda_mean 1.7457 | lambda_min 1.1174 | lambda_max 1.9945

Epoch 091/120 train start
Epoch 091/120 validation start
Epoch 091 | train_loss 0.2827 | val_loss 0.2779 | val_psnr 21.42 | val_lpips 0.1161 | val_lpips_full 0.1686 | edge 0.0305 | dark_noise 0.0127 | chroma 0.0741 | decomp 0.0863 | smooth_enh 0.0204 | lambda_mean 1.7443 | lambda_min 1.1277 | lambda_max 1.9939

Epoch 092/120 train start
Epoch 092/120 validation start
Epoch 092 | train_loss 0.2816 | val_loss 0.2776 | val_psnr 21.32 | val_lpips 0.1184 | val_lpips_full 0.1700 | edge 0.0303 | dark_noise 0.0126 | chroma 0.0745 | decomp 0.0840 | smooth_enh 0.0198 | lambda_mean 1.7487 | lambda_min 1.1357 | lambda_max 1.9930

Epoch 093/120 train start
Epoch 093/120 validation start
Epoch 093 | train_loss 0.2875 | val_loss 0.2783 | val_psnr 21.39 | val_lpips 0.1176 | val_lpips_full 0.1703 | edge 0.0303 | dark_noise 0.0126 | chroma 0.0740 | decomp 0.0861 | smooth_enh 0.0196 | lambda_mean 1.7456 | lambda_min 1.1399 | lambda_max 1.9930

Epoch 094/120 train start
Epoch 094/120 validation start
Epoch 094 | train_loss 0.2846 | val_loss 0.2772 | val_psnr 21.37 | val_lpips 0.1157 | val_lpips_full 0.1680 | edge 0.0307 | dark_noise 0.0127 | chroma 0.0733 | decomp 0.0850 | smooth_enh 0.0209 | lambda_mean 1.7460 | lambda_min 1.1239 | lambda_max 1.9944

Epoch 095/120 train start
Epoch 095/120 validation start
Epoch 095 | train_loss 0.2835 | val_loss 0.2780 | val_psnr 20.87 | val_lpips 0.1213 | val_lpips_full 0.1746 | edge 0.0304 | dark_noise 0.0127 | chroma 0.0751 | decomp 0.0760 | smooth_enh 0.0198 | lambda_mean 1.7640 | lambda_min 1.1459 | lambda_max 1.9947

Epoch 096/120 train start
Epoch 096/120 validation start
Epoch 096 | train_loss 0.2857 | val_loss 0.2772 | val_psnr 21.31 | val_lpips 0.1165 | val_lpips_full 0.1684 | edge 0.0306 | dark_noise 0.0127 | chroma 0.0735 | decomp 0.0835 | smooth_enh 0.0205 | lambda_mean 1.7486 | lambda_min 1.1321 | lambda_max 1.9937

Epoch 097/120 train start
Epoch 097/120 validation start
Epoch 097 | train_loss 0.2812 | val_loss 0.2790 | val_psnr 21.40 | val_lpips 0.1154 | val_lpips_full 0.1668 | edge 0.0307 | dark_noise 0.0127 | chroma 0.0731 | decomp 0.0871 | smooth_enh 0.0212 | lambda_mean 1.7426 | lambda_min 1.1210 | lambda_max 1.9932

Epoch 098/120 train start
Epoch 098/120 validation start
Epoch 098 | train_loss 0.2847 | val_loss 0.2785 | val_psnr 21.24 | val_lpips 0.1180 | val_lpips_full 0.1697 | edge 0.0303 | dark_noise 0.0126 | chroma 0.0738 | decomp 0.0826 | smooth_enh 0.0196 | lambda_mean 1.7522 | lambda_min 1.1376 | lambda_max 1.9929

Epoch 099/120 train start
Epoch 099/120 validation start
Epoch 099 | train_loss 0.2856 | val_loss 0.2776 | val_psnr 21.40 | val_lpips 0.1140 | val_lpips_full 0.1663 | edge 0.0306 | dark_noise 0.0127 | chroma 0.0733 | decomp 0.0860 | smooth_enh 0.0210 | lambda_mean 1.7432 | lambda_min 1.1244 | lambda_max 1.9933

Epoch 100/120 train start
Epoch 100/120 validation start
Epoch 100 | train_loss 0.2843 | val_loss 0.2763 | val_psnr 21.15 | val_lpips 0.1167 | val_lpips_full 0.1687 | edge 0.0304 | dark_noise 0.0126 | chroma 0.0727 | decomp 0.0804 | smooth_enh 0.0202 | lambda_mean 1.7566 | lambda_min 1.1321 | lambda_max 1.9947

Epoch 101/120 train start
Epoch 101/120 validation start
Epoch 101 | train_loss 0.2829 | val_loss 0.2780 | val_psnr 21.44 | val_lpips 0.1150 | val_lpips_full 0.1667 | edge 0.0305 | dark_noise 0.0126 | chroma 0.0733 | decomp 0.0867 | smooth_enh 0.0207 | lambda_mean 1.7438 | lambda_min 1.1214 | lambda_max 1.9933
Early stopping at epoch 101
Best epoch: 56 | Best psnr: 21.5567 | Best PSNR: 21.5567 | Best LPIPS@loss: 0.1251 | Best LPIPS full: 0.1793
===== TRAIN FINISHED =====
Best epoch: 56
Best psnr: 21.556654118393418
Best PSNR: 21.556654118393418
Best LPIPS@loss: 0.1250998109471107
Best LPIPS full: 0.17934860667024832
Best checkpoint: /content/retinextapetum_hpo/projects/lol_v2_real/final/hpo_candidate_01_trial_0003_4225fc3909_seed_42/run/checkpoints/best.pth
Last checkpoint: /content/retinextapetum_hpo/projects/lol_v2_real/final/hpo_candidate_01_trial_0003_4225fc3909_seed_42/run/checkpoints/last.pth
